******************************************************************************
             TMS320C2000 Linker PC v6.2.5                      
******************************************************************************
>> Linked Mon Sep 11 10:49:46 2017

OUTPUT FILE NAME:   <proj_lab05c.out>
ENTRY POINT SYMBOL: "_c_int00"  address: 0000b075


MEMORY CONFIGURATION

         name            origin    length      used     unused   attr    fill
----------------------  --------  ---------  --------  --------  ----  --------
PAGE 0:
  BEGIN                 00000000   00000002  00000002  00000000  RWIX
  RAMM0                 00000050   000003b0  00000101  000002af  RWIX
  RAML0_L8              00008000   0000b800  00003a02  00007dfe  RWIX
  FPUTABLES             003fd590   000006a0  00000000  000006a0  RWIX
  IQTABLES              003fdc30   00000b50  00000b50  00000000  RWIX
  IQTABLES2             003fe780   0000008c  00000000  0000008c  RWIX
  IQTABLES3             003fe80c   000000aa  00000000  000000aa  RWIX
  BOOTROM               003ff3b0   00000c10  00000000  00000c10  RWIX
  RESET                 003fffc0   00000002  00000000  00000002  RWIX

PAGE 1:
  BOOT_RSVD             00000002   0000004e  00000000  0000004e  RWIX
  RAMM1                 00000400   00000400  000003b0  00000050  RWIX
  USB_RAM               00040000   00000800  00000000  00000800  RWIX


SECTION ALLOCATION MAP

 output                                  attributes/
section   page    origin      length       input sections
--------  ----  ----------  ----------   ----------------
codestart 
*          0    00000000    00000002     
                  00000000    00000002     CodeStartBranch.obj (codestart)

.pinit     0    00000050    00000000     UNINITIALIZED

.cinit     0    00000050    000000cb     
                  00000050    000000b1     proj_lab05c.obj (.cinit)
                  00000101    0000000a     rts2800_ml.lib : _lock.obj (.cinit)
                  0000010b    0000000a                    : exit.obj (.cinit)
                  00000115    00000004                    : errno.obj (.cinit)
                  00000119    00000002     --HOLE-- [fill = 0]

ramfuncs   0    0000011b    00000036     
                  0000011b    00000032     flash.obj (ramfuncs)
                  0000014d    00000004     usDelay.obj (ramfuncs)

.text      0    00008000    000034de     
                  00008000    00000a18     hal.obj (.text)
                  00008a18    00000961     ctrl.obj (.text)
                  00009379    0000061c     proj_lab05c.obj (.text)
                  00009995    00000463     user.obj (.text)
                  00009df8    00000327     SpinTAC.lib : spintac_vel_id.obj (.text:_STVELID_run)
                  0000a11f    000002f1     pwm.obj (.text)
                  0000a410    000001fb     adc.obj (.text)
                  0000a60b    00000194     gpio.obj (.text)
                  0000a79f    0000018a     clk.obj (.text)
                  0000a929    0000010e     pie.obj (.text)
                  0000aa37    000000de     proj_lab05c.obj (.text:retain)
                  0000ab15    000000aa     rts2800_ml.lib : log.obj (.text)
                  0000abbf    0000009d                    : exp.obj (.text)
                  0000ac5c    0000008d                    : _log.obj (.text)
                  0000ace9    00000087                    : pow.obj (.text)
                  0000ad70    00000083                    : fd_mpy.obj (.text)
                  0000adf3    00000083                    : fs_div.obj (.text)
                  0000ae76    00000078                    : fs_add.obj (.text)
                  0000aeee    0000005b     pll.obj (.text)
                  0000af49    0000005a     rts2800_ml.lib : fs_mpy.obj (.text)
                  0000afa3    00000047     pwr.obj (.text)
                  0000afea    00000046     wdog.obj (.text)
                  0000b030    00000045     offset.obj (.text)
                  0000b075    00000044     rts2800_ml.lib : boot.obj (.text)
                  0000b0b9    0000003f                    : ldexp.obj (.text)
                  0000b0f8    00000035     SpinTAC.lib : spintac_pos_conv.obj (.text:_STPOSCONV_init)
                  0000b12d    00000032     timer.obj (.text)
                  0000b15f    00000031     SpinTAC.lib : spintac_version.obj (.text:_ST_initVersion)
                  0000b190    00000031     rts2800_ml.lib : modf.obj (.text)
                  0000b1c1    0000002d     osc.obj (.text)
                  0000b1ee    0000002b     SpinTAC.lib : spintac_vel_id.obj (.text:_STVELID_init)
                  0000b219    0000002b                 : spintac_vel_move.obj (.text:_STVELMOVE_init)
                  0000b244    0000002a                 : spintac_vel_ctl.obj (.text:_STVELCTL_init)
                  0000b26e    0000002a     rts2800_ml.lib : l_div.obj (.text)
                  0000b298    00000029                    : fs_tol.obj (.text)
                  0000b2c1    00000027     cpu.obj (.text)
                  0000b2e8    00000026     SpinTAC.lib : spintac_vel_plan.obj (.text:_STVELPLAN_init)
                  0000b30e    00000025     rts2800_ml.lib : fs_toi.obj (.text)
                  0000b333    00000022                    : i_div.obj (.text)
                  0000b355    00000021     filter_fo.obj (.text)
                  0000b376    00000021     rts2800_ml.lib : fs_toul.obj (.text)
                  0000b397    00000020     flash.obj (.text)
                  0000b3b7    0000001f     rts2800_ml.lib : fd_tol.obj (.text)
                  0000b3d6    0000001d                    : fs_tou.obj (.text)
                  0000b3f3    0000001c                    : fs_tofd.obj (.text)
                  0000b40f    0000001a                    : i_tofs.obj (.text)
                  0000b429    0000001a                    : l_tofs.obj (.text)
                  0000b443    00000019                    : args_main.obj (.text)
                  0000b45c    00000019                    : exit.obj (.text)
                  0000b475    00000017                    : fs_cmp.obj (.text)
                  0000b48c    00000014                    : frexp.obj (.text)
                  0000b4a0    00000013                    : ul_tofs.obj (.text)
                  0000b4b3    00000010                    : u_tofs.obj (.text)
                  0000b4c3    00000009                    : _lock.obj (.text)
                  0000b4cc    00000008     CodeStartBranch.obj (.text)
                  0000b4d4    00000005     pie.obj (.text:retain)
                  0000b4d9    00000005     rts2800_ml.lib : fs_neg.obj (.text)

.ebss      0    0000b4de    000003c4     UNINITIALIZED
                  0000b4de    00000004     rts2800_ml.lib : _lock.obj (.ebss)
                  0000b4e2    00000004                    : exit.obj (.ebss)
                  0000b4e6    00000001     cpu.obj (.ebss)
                  0000b4e7    00000001     rts2800_ml.lib : errno.obj (.ebss)
                  0000b4e8    00000018     --HOLE--
                  0000b500    000002da     proj_lab05c.obj (.ebss)
                  0000b7da    00000026     --HOLE--
                  0000b800    000000a2     hal.obj (.ebss)

IQmath     0    0000b8a2    00000134     
                  0000b8a2    00000047     IQmath.lib : IQ20div.obj (IQmath)
                  0000b8e9    00000047                : IQ24div.obj (IQmath)
                  0000b930    00000042                : IQ24sqrt.obj (IQmath)
                  0000b972    00000029                : IQ24sinPU.obj (IQmath)
                  0000b99b    00000027                : IQ24cosPU.obj (IQmath)
                  0000b9c2    00000014                : IQ30toF.obj (IQmath)

.econst    0    0000b9d6    0000002c     
                  0000b9d6    0000001c     ctrl.obj (.econst)
                  0000b9f2    00000008     user.obj (.econst)
                  0000b9fa    00000004     hal.obj (.econst)
                  0000b9fe    00000004     proj_lab05c.obj (.econst)

IQmathTables 
*          0    003fdc30    00000b50     NOLOAD SECTION
                  003fdc30    00000b50     IQmath.lib : IQmathTables.obj (IQmathTables)

.reset     0    003fffc0    00000002     DSECT
                  003fffc0    00000002     rts2800_ml.lib : boot.obj (.reset)

.stack     1    00000400    000003b0     UNINITIALIZED
                  00000400    000003b0     --HOLE--


GLOBAL DATA SYMBOLS: SORTED BY DATA PAGE

address     data page           name
--------    ----------------    ----
00000400      10 (00000400)     __stack

0000b4de     2d3 (0000b4c0)     __unlock
0000b4e0     2d3 (0000b4c0)     __lock
0000b4e2     2d3 (0000b4c0)     ___TI_cleanup_ptr
0000b4e4     2d3 (0000b4c0)     ___TI_dtors_ptr
0000b4e6     2d3 (0000b4c0)     _cpu
0000b4e7     2d3 (0000b4c0)     _errno

0000b501     2d4 (0000b500)     _Flag_Latch_softwareUpdate
0000b502     2d4 (0000b500)     _gLs_qFmt
0000b503     2d4 (0000b500)     _gLEDcnt
0000b505     2d4 (0000b500)     _gMax_Ls_qFmt
0000b506     2d4 (0000b500)     _gCounter_updateGlobals
0000b508     2d4 (0000b500)     _gFlux_pu_to_Wb_sf
0000b50a     2d4 (0000b500)     _gFlux_pu_to_VpHz_sf
0000b50c     2d4 (0000b500)     _gTorque_Ls_Id_Iq_pu_to_Nm_sf
0000b50e     2d4 (0000b500)     _gTorque_Flux_Iq_pu_to_Nm_sf
0000b510     2d4 (0000b500)     _gLs_pu
0000b512     2d4 (0000b500)     _ctrlHandle
0000b514     2d4 (0000b500)     _halHandle
0000b516     2d4 (0000b500)     _stHandle
0000b518     2d4 (0000b500)     _gMaxCurrentSlope
0000b51a     2d4 (0000b500)     _controller_obj
0000b51c     2d4 (0000b500)     _gPwmData
0000b522     2d4 (0000b500)     _gAdcData

0000b540     2d5 (0000b540)     _gMotorVars

0000b5c0     2d7 (0000b5c0)     _gUserParams

0000b680     2da (0000b680)     _st_obj

0000b800     2e0 (0000b800)     _hal

0000b8a2     2e2 (0000b880)     __IQ20div

0000b8e9     2e3 (0000b8c0)     __IQ24div

0000b930     2e4 (0000b900)     __IQ24sqrt

0000b972     2e5 (0000b940)     __IQ24sinPU

0000b99b     2e6 (0000b980)     __IQ24cosPU

0000b9c2     2e7 (0000b9c0)     __IQ30toF

003fdc30    ff70 (003fdc00)     _IQsinTable

003fdd30    ff74 (003fdd00)     _IQcosTable

003fe030    ff80 (003fe000)     _IQsinTableEnd

003fe132    ff84 (003fe100)     _IQcosTableEnd
003fe132    ff84 (003fe100)     _IQdivRoundSatTable

003fe140    ff85 (003fe140)     _IQdivTable

003fe342    ff8d (003fe340)     _IQdivTableEnd
003fe342    ff8d (003fe340)     _IQisqrtRoundSatTable
003fe342    ff8d (003fe340)     _IQsqrtRoundSatTable
003fe352    ff8d (003fe340)     _IQisqrtTable
003fe352    ff8d (003fe340)     _IQsqrtTable

003fe454    ff91 (003fe440)     _IQatan2HalfPITable
003fe454    ff91 (003fe440)     _IQisqrtTableEnd
003fe454    ff91 (003fe440)     _IQsqrtTableEnd

003fe492    ff92 (003fe480)     _IQatan2Table

003fe618    ff98 (003fe600)     _IQ30mpyRndSatTable
003fe618    ff98 (003fe600)     _IQatan2TableEnd
003fe618    ff98 (003fe600)     _IQmpyRndSatTable
003fe624    ff98 (003fe600)     _IQ29mpyRndSatTable
003fe630    ff98 (003fe600)     _IQ28mpyRndSatTable
003fe63c    ff98 (003fe600)     _IQ27mpyRndSatTable

003fe648    ff99 (003fe640)     _IQ26mpyRndSatTable
003fe654    ff99 (003fe640)     _IQ25mpyRndSatTable
003fe660    ff99 (003fe640)     _IQ24mpyRndSatTable
003fe66c    ff99 (003fe640)     _IQ23mpyRndSatTable
003fe678    ff99 (003fe640)     _IQ22mpyRndSatTable

003fe684    ff9a (003fe680)     _IQ21mpyRndSatTable
003fe690    ff9a (003fe680)     _IQ20mpyRndSatTable
003fe69c    ff9a (003fe680)     _IQ19mpyRndSatTable
003fe6a8    ff9a (003fe680)     _IQ18mpyRndSatTable
003fe6b4    ff9a (003fe680)     _IQ17mpyRndSatTable

003fe6c0    ff9b (003fe6c0)     _IQ16mpyRndSatTable
003fe6cc    ff9b (003fe6c0)     _IQ15mpyRndSatTable
003fe6d8    ff9b (003fe6c0)     _IQ14mpyRndSatTable
003fe6e4    ff9b (003fe6c0)     _IQ13mpyRndSatTable
003fe6f0    ff9b (003fe6c0)     _IQ12mpyRndSatTable
003fe6fc    ff9b (003fe6c0)     _IQ11mpyRndSatTable

003fe708    ff9c (003fe700)     _IQ10mpyRndSatTable
003fe714    ff9c (003fe700)     _IQ9mpyRndSatTable
003fe720    ff9c (003fe700)     _IQ8mpyRndSatTable
003fe72c    ff9c (003fe700)     _IQ7mpyRndSatTable
003fe738    ff9c (003fe700)     _IQ6mpyRndSatTable

003fe744    ff9d (003fe740)     _IQ5mpyRndSatTable
003fe750    ff9d (003fe740)     _IQ4mpyRndSatTable
003fe75c    ff9d (003fe740)     _IQ3mpyRndSatTable
003fe768    ff9d (003fe740)     _IQ2mpyRndSatTable
003fe774    ff9d (003fe740)     _IQ1mpyRndSatTable

003fe780    ff9e (003fe780)     _IQmpyRndSatTableEnd


GLOBAL SYMBOLS: SORTED ALPHABETICALLY BY Name 

address    name
--------   ----
00008000   .text
0000b45c   C$$EXIT
0000ad70   FD$$MPY
0000b3b7   FD$$TOL
0000ae7b   FS$$ADD
0000b475   FS$$CMP
0000adf3   FS$$DIV
0000af49   FS$$MPY
0000b4d9   FS$$NEG
0000ae76   FS$$SUB
0000b3f3   FS$$TOFD
0000b30e   FS$$TOI
0000b298   FS$$TOL
0000b3d6   FS$$TOU
0000b376   FS$$TOUL
0000b333   I$$DIV
0000b344   I$$MOD
0000b40f   I$$TOFS
0000b26e   L$$DIV
0000b27d   L$$MOD
0000b429   L$$TOFS
0000b4b3   U$$TOFS
0000b28b   UL$$DIV
0000b292   UL$$MOD
0000b4a0   UL$$TOFS
0000a600   _ADC_disable
0000a5f5   _ADC_disableBandGap
0000a5da   _ADC_disableInt
0000a5cf   _ADC_disableNoOverlapMode
0000a5c4   _ADC_disableRefBuffers
0000a5b9   _ADC_disableVoltRefLoConv
0000a5ae   _ADC_enable
0000a5a3   _ADC_enableBandGap
0000a58c   _ADC_enableInt
0000a581   _ADC_enableNoOverlapMode
0000a576   _ADC_enableRefBuffers
0000a56b   _ADC_enableVoltRefLoConv
0000a563   _ADC_getDivideSelect
0000a55c   _ADC_init
0000a551   _ADC_powerDown
0000a546   _ADC_powerUp
0000a53b   _ADC_reset
0000a529   _ADC_setDivideSelect
0000a50c   _ADC_setIntMode
0000a4fa   _ADC_setIntPulseGenMode
0000a4dd   _ADC_setIntSrc
0000a4d6   _ADC_setOffTrim
0000a4be   _ADC_setSampleMode
0000a4a9   _ADC_setSampleOverlapMode
0000a496   _ADC_setSocChanNumber
0000a48c   _ADC_setSocFrc
0000a485   _ADC_setSocFrcWord
0000a472   _ADC_setSocSampleDelay
0000a45f   _ADC_setSocTrigSrc
0000a44d   _ADC_setTempSensorSrc
0000a43b   _ADC_setVoltRefSrc
0000a410   _ADC_setupSocTrigSrc
0000a922   _CLK_disableAdcClock
0000a91b   _CLK_disableClaClock
0000a915   _CLK_disableClkIn
0000a911   _CLK_disableCompClock
0000a90a   _CLK_disableCpuTimerClock
0000a904   _CLK_disableCrystalOsc
0000a8fd   _CLK_disableEcanaClock
0000a8f6   _CLK_disableEcap1Clock
0000a8ef   _CLK_disableEqep1Clock
0000a8e8   _CLK_disableEqep2Clock
0000a8e1   _CLK_disableGpioInputClock
0000a8da   _CLK_disableHrPwmClock
0000a8d3   _CLK_disableI2cClock
0000a8cc   _CLK_disableLinAClock
0000a8c6   _CLK_disableOsc1
0000a8c0   _CLK_disableOsc1HaltMode
0000a8ba   _CLK_disableOsc2
0000a8b4   _CLK_disableOsc2HaltMode
0000a8aa   _CLK_disablePwmClock
0000a8a3   _CLK_disableSciaClock
0000a89c   _CLK_disableScibClock
0000a895   _CLK_disableSpiaClock
0000a891   _CLK_disableSpibClock
0000a88a   _CLK_disableTbClockSync
0000a884   _CLK_disableWatchDogHaltMode
0000a87d   _CLK_enableAdcClock
0000a876   _CLK_enableClaClock
0000a870   _CLK_enableClkIn
0000a86a   _CLK_enableCompClock
0000a864   _CLK_enableCpuTimerClock
0000a85e   _CLK_enableCrystalOsc
0000a857   _CLK_enableEcanaClock
0000a850   _CLK_enableEcap1Clock
0000a849   _CLK_enableEqep1Clock
0000a842   _CLK_enableEqep2Clock
0000a83b   _CLK_enableGpioInputClock
0000a834   _CLK_enableHrPwmClock
0000a82d   _CLK_enableI2cClock
0000a826   _CLK_enableLinAClock
0000a820   _CLK_enableOsc1
0000a81a   _CLK_enableOsc1HaltMode
0000a814   _CLK_enableOsc2
0000a80e   _CLK_enableOsc2HaltMode
0000a805   _CLK_enablePwmClock
0000a7fe   _CLK_enableSciaClock
0000a7f7   _CLK_enableScibClock
0000a7f0   _CLK_enableSpiaClock
0000a7e9   _CLK_enableSpibClock
0000a7e2   _CLK_enableTbClockSync
0000a7dc   _CLK_enableWatchDogHaltMode
0000a7d6   _CLK_init
0000a7cf   _CLK_setClkOutPreScaler
0000a7c9   _CLK_setLowSpdPreScaler
0000a7c2   _CLK_setOsc2Src
0000a7bb   _CLK_setOscSrc
0000a7b4   _CLK_setTimer2PreScale
0000a7ad   _CLK_setTimer2Src
0000a7a6   _CLK_setWatchDogSrc
0000a79f   _CLK_setXClkInSrc
0000b2e5   _CPU_clearIntFlags
0000b2e2   _CPU_disableDebugInt
0000b2df   _CPU_disableGlobalInts
0000b2da   _CPU_disableInt
0000b2d7   _CPU_disableInts
0000b2d4   _CPU_disableProtectedRegisterWrite
0000b2d1   _CPU_enableDebugInt
0000b2ce   _CPU_enableGlobalInts
0000b2ca   _CPU_enableInt
0000b2c7   _CPU_enableProtectedRegisterWrite
0000b2c1   _CPU_init
00009627   _CTRL_calcMax_Ls_qFmt
0000933d   _CTRL_getGains
00009335   _CTRL_getIab_filt_pu
0000932d   _CTRL_getIab_in_pu
00009325   _CTRL_getIdq_in_pu
0000931d   _CTRL_getIdq_ref_pu
00009376   _CTRL_getMagCurrent_pu
00009373   _CTRL_getMaximumSpeed_pu
00009315   _CTRL_getVab_in_pu
0000930d   _CTRL_getVab_out_pu
00009305   _CTRL_getVdq_out_pu
003fa721   _CTRL_getVersion
000092fc   _CTRL_getWaitTimes
003fa6fb   _CTRL_initCtrl
00009603   _CTRL_resetLs_qFmt
00008dea   _CTRL_run
003fa5d1   _CTRL_runTraj
003f9e64   _CTRL_setEstParams
00008b82   _CTRL_setGains
0000936d   _CTRL_setMagCurrent_pu
00009370   _CTRL_setMaximumSpeed_pu
00008baa   _CTRL_setParams
00008b6f   _CTRL_setSpd_ref_krpm
00008b6c   _CTRL_setSpd_ref_pu
003f9d31   _CTRL_setUserMotorParams
00008b63   _CTRL_setWaitTimes
00008b59   _CTRL_setup
00008b3d   _CTRL_setupClarke_I
00008b27   _CTRL_setupClarke_V
003f9b43   _CTRL_setupCtrl
003f99a5   _CTRL_setupEstIdleState
003f996a   _CTRL_setupEstOnLineState
003f9806   _CTRL_setupTraj
00008aca   _CTRL_setup_user
00008a18   _CTRL_updateState
003f86ad   _EST_computeDirection_qFmt
003f9760   _EST_doCurrentCtrl
003f9758   _EST_doSpeedCtrl
003f8c0d   _EST_getAngle_pu
003f96be   _EST_getFlux_VpHz
003f96ab   _EST_getFlux_pu
003f968e   _EST_getFm_pu
003f9632   _EST_getIdRated
003f95ff   _EST_getLs_coarse_max_pu
003f95f5   _EST_getLs_d_H
003f95f0   _EST_getLs_d_pu
003f95d3   _EST_getLs_qFmt
003f95ce   _EST_getLs_q_H
003f95c9   _EST_getLs_q_pu
003f95bd   _EST_getMaxCurrentSlope_pu
003f95b3   _EST_getOneOverDcBus_pu
003f95ad   _EST_getRr_Ohm
003f9513   _EST_getRs_Ohm
003f94c6   _EST_getSpeed_krpm
003f861b   _EST_getState
003f9458   _EST_get_krpm_to_pu_sf
003f9453   _EST_get_pu_to_krpm_sf
003f938d   _EST_isError
003f9386   _EST_isIdle
003f937f   _EST_isLockRotor
003f8679   _EST_isMotorIdentified
003f9378   _EST_isOnLine
003f927b   _EST_run
003f8bf5   _EST_setDir_qFmt
003f8be8   _EST_setFe_neg_max_pu
003f8be4   _EST_setFe_pos_min_pu
003f8bdb   _EST_setFlag_enableForceAngle
003f8bd3   _EST_setFlag_enableRsRecalc
003f8b80   _EST_setId_ref_pu
003f8b7a   _EST_setIdle
003f8b67   _EST_setIdle_all
003f8b63   _EST_setIq_ref_pu
003f8b45   _EST_setLs_d_pu
003f8af1   _EST_setLs_qFmt
003f8ae7   _EST_setLs_q_pu
003f8adb   _EST_setMaxCurrentSlope_pu
003f8a18   _EST_setRs_pu
003f89f5   _EST_updateId_ref_pu
003f8713   _EST_updateState
003f861d   _EST_useZeroIq_ref
0000b373   _FILTER_FO_getDenCoeffs
0000b36c   _FILTER_FO_getInitialConditions
0000b366   _FILTER_FO_getNumCoeffs
0000b360   _FILTER_FO_init
0000b35e   _FILTER_FO_setDenCoeffs
0000b359   _FILTER_FO_setInitialConditions
0000b355   _FILTER_FO_setNumCoeffs
0000b3b1   _FLASH_clear3VStatus
00000147   _FLASH_disablePipelineMode
00000141   _FLASH_enablePipelineMode
0000b3ae   _FLASH_get3VStatus
0000b3ab   _FLASH_getActiveWaitCount
0000b3a7   _FLASH_getActiveWaitStatus
0000b3a4   _FLASH_getPowerMode
0000b3a1   _FLASH_getStandbyWaitCount
0000b39d   _FLASH_getStandbyWaitStatus
0000b397   _FLASH_init
0000013c   _FLASH_setActiveWaitCount
00000135   _FLASH_setNumPagedReadWaitStates
0000012e   _FLASH_setNumRandomReadWaitStates
00000127   _FLASH_setOtpWaitStates
00000120   _FLASH_setPowerMode
0000011b   _FLASH_setStandbyWaitCount
0000b501   _Flag_Latch_softwareUpdate
0000a78f   _GPIO_getData
0000a788   _GPIO_getPortData
0000a782   _GPIO_init
0000a778   _GPIO_lpmSelect
0000a752   _GPIO_read
0000a737   _GPIO_setDirection
0000a72c   _GPIO_setExtInt
0000a719   _GPIO_setHigh
0000a706   _GPIO_setLow
0000a6cc   _GPIO_setMode
0000a6c0   _GPIO_setPortData
0000a6a5   _GPIO_setPullup
0000a665   _GPIO_setQualification
0000a61e   _GPIO_setQualificationPeriod
0000a60b   _GPIO_toggle
0000853f   _HAL_AdcCalChanSelect
00008596   _HAL_AdcCalConversion
000086ee   _HAL_AdcOffsetSelfCal
000087b3   _HAL_OscTempComp
00008806   _HAL_cal
00008a14   _HAL_disableGlobalInts
0000892f   _HAL_disableWdog
00008a02   _HAL_enableAdcInts
000089fe   _HAL_enableDebugInt
000089fa   _HAL_enableGlobalInts
000089e9   _HAL_enablePwmInt
00008721   _HAL_getOscTrimValue
00008934   _HAL_init
00008735   _HAL_osc1Comp
00008774   _HAL_osc2Comp
0000891a   _HAL_setDacParameters
0000881d   _HAL_setParams
00008444   _HAL_setupAdcs
00008428   _HAL_setupClks
000083ff   _HAL_setupFaults
000083e1   _HAL_setupFlash
0000824a   _HAL_setupGpios
000081fd   _HAL_setupPeripheralClks
000081e1   _HAL_setupPie
000081a3   _HAL_setupPll
00008118   _HAL_setupPwmDacs
00008050   _HAL_setupPwms
00008000   _HAL_setupTimers
003fe708   _IQ10mpyRndSatTable
003fe6fc   _IQ11mpyRndSatTable
003fe6f0   _IQ12mpyRndSatTable
003fe6e4   _IQ13mpyRndSatTable
003fe6d8   _IQ14mpyRndSatTable
003fe6cc   _IQ15mpyRndSatTable
003fe6c0   _IQ16mpyRndSatTable
003fe6b4   _IQ17mpyRndSatTable
003fe6a8   _IQ18mpyRndSatTable
003fe69c   _IQ19mpyRndSatTable
003fe774   _IQ1mpyRndSatTable
003fe690   _IQ20mpyRndSatTable
003fe684   _IQ21mpyRndSatTable
003fe678   _IQ22mpyRndSatTable
003fe66c   _IQ23mpyRndSatTable
003fe660   _IQ24mpyRndSatTable
003fe654   _IQ25mpyRndSatTable
003fe648   _IQ26mpyRndSatTable
003fe63c   _IQ27mpyRndSatTable
003fe630   _IQ28mpyRndSatTable
003fe624   _IQ29mpyRndSatTable
003fe768   _IQ2mpyRndSatTable
003fe618   _IQ30mpyRndSatTable
003fe75c   _IQ3mpyRndSatTable
003fe750   _IQ4mpyRndSatTable
003fe744   _IQ5mpyRndSatTable
003fe738   _IQ6mpyRndSatTable
003fe72c   _IQ7mpyRndSatTable
003fe720   _IQ8mpyRndSatTable
003fe714   _IQ9mpyRndSatTable
003fe454   _IQatan2HalfPITable
003fe492   _IQatan2Table
003fe618   _IQatan2TableEnd
003fdd30   _IQcosTable
003fe132   _IQcosTableEnd
003fe132   _IQdivRoundSatTable
003fe140   _IQdivTable
003fe342   _IQdivTableEnd
003fe342   _IQisqrtRoundSatTable
003fe352   _IQisqrtTable
003fe454   _IQisqrtTableEnd
003fe618   _IQmpyRndSatTable
003fe780   _IQmpyRndSatTableEnd
003fdc30   _IQsinTable
003fe030   _IQsinTableEnd
003fe342   _IQsqrtRoundSatTable
003fe352   _IQsqrtTable
003fe454   _IQsqrtTableEnd
0000b068   _OFFSET_getBeta
0000b057   _OFFSET_init
0000b041   _OFFSET_setBeta
0000b032   _OFFSET_setInitCond
0000b030   _OFFSET_setOffset
0000b1e8   _OSC_init
0000b1db   _OSC_setCoarseTrim
0000b1ca   _OSC_setFineTrim
0000b1c1   _OSC_setTrim
0000aa2d   _PIE_clearAllFlags
0000aa2a   _PIE_clearAllInts
0000aa27   _PIE_disable
0000aa1d   _PIE_disableAllInts
0000aa19   _PIE_disableCaptureInt
0000aa0c   _PIE_disableExtInt
0000aa01   _PIE_disableInt
0000a9fe   _PIE_enable
0000a9e2   _PIE_enableAdcInt
0000a9de   _PIE_enableCaptureInt
0000a9bb   _PIE_enableExtInt
0000a9b1   _PIE_enableInt
0000a9ac   _PIE_enablePwmInt
0000a9a7   _PIE_enablePwmTzInt
0000a9a4   _PIE_enableTimer0Int
0000a99a   _PIE_forceInt
0000a992   _PIE_getExtIntCount
0000a98b   _PIE_getIntEnables
0000a984   _PIE_getIntFlags
0000b4d4   _PIE_illegalIsr
0000a97d   _PIE_init
0000a96e   _PIE_registerPieIntHandler
0000a963   _PIE_registerSystemIntHandler
0000a957   _PIE_setDefaultIntVectorTable
0000a947   _PIE_setExtIntPolarity
0000a936   _PIE_unregisterPieIntHandler
0000a929   _PIE_unregisterSystemIntHandler
0000af43   _PLL_disable
0000af3d   _PLL_disableClkDetect
0000af37   _PLL_disableNormRdy
0000af31   _PLL_disableOsc
0000af2b   _PLL_enable
0000af25   _PLL_enableClkDetect
0000af1f   _PLL_enableNormRdy
0000af19   _PLL_enableOsc
0000af15   _PLL_getClkFreq
0000af12   _PLL_getClkStatus
0000af0f   _PLL_getDivideSelect
0000af0c   _PLL_getLockStatus
0000af06   _PLL_init
0000af00   _PLL_resetClkDetect
0000aefa   _PLL_setClkFreq
0000aef3   _PLL_setDivideSelect
0000aeee   _PLL_setLockPeriod
0000a40a   _PWM_clearTripZone
0000a407   _PWM_decrementDeadBandFallingEdgeDelay
0000a404   _PWM_decrementDeadBandRisingEdgeDelay
0000a3fd   _PWM_disableAutoConvert
0000a3f9   _PWM_disableChopping
0000a3f6   _PWM_disableCounterLoad
0000a3f3   _PWM_disableDeadBand
0000a3ef   _PWM_disableDeadBandHalfCycle
0000a3e8   _PWM_disableDigitalCompareBlankingWindow
0000a3e1   _PWM_disableDigitalCompareBlankingWindowInversion
0000a3da   _PWM_disableHrPeriod
0000a3d3   _PWM_disableHrPhaseSync
0000a3cf   _PWM_disableInt
0000a3cb   _PWM_disableSocAPulse
0000a3c7   _PWM_disableSocBPulse
0000a3c0   _PWM_disableTripZoneInt
0000a3b9   _PWM_disableTripZoneSrc
0000a3b3   _PWM_disableTripZones
0000a3ac   _PWM_enableAutoConvert
0000a3a8   _PWM_enableChopping
0000a3a5   _PWM_enableCounterLoad
0000a3a1   _PWM_enableDeadBandHalfCycle
0000a39a   _PWM_enableDigitalCompareBlankingWindow
0000a393   _PWM_enableDigitalCompareBlankingWindowInversion
0000a38c   _PWM_enableHrPeriod
0000a385   _PWM_enableHrPhaseSync
0000a381   _PWM_enableInt
0000a37d   _PWM_enableSocAPulse
0000a379   _PWM_enableSocBPulse
0000a373   _PWM_enableTripZoneInt
0000a36d   _PWM_enableTripZoneSrc
0000a36a   _PWM_getDeadBandFallingEdgeDelay
0000a367   _PWM_getDeadBandRisingEdgeDelay
0000a363   _PWM_getIntCount
0000a35f   _PWM_getShadowStatus_CmpA
0000a35b   _PWM_getShadowStatus_CmpB
0000a356   _PWM_getSocACount
0000a351   _PWM_getSocBCount
0000a34e   _PWM_incrementDeadBandFallingEdgeDelay
0000a34b   _PWM_incrementDeadBandRisingEdgeDelay
0000a345   _PWM_init
0000a33e   _PWM_setActionQualContSWForce_PwmA
0000a335   _PWM_setActionQualContSWForce_PwmB
0000a32c   _PWM_setActionQual_CntDown_CmpA_PwmA
0000a323   _PWM_setActionQual_CntDown_CmpA_PwmB
0000a31a   _PWM_setActionQual_CntDown_CmpB_PwmA
0000a311   _PWM_setActionQual_CntDown_CmpB_PwmB
0000a308   _PWM_setActionQual_CntUp_CmpA_PwmA
0000a2ff   _PWM_setActionQual_CntUp_CmpA_PwmB
0000a2f6   _PWM_setActionQual_CntUp_CmpB_PwmA
0000a2ed   _PWM_setActionQual_CntUp_CmpB_PwmB
0000a2e4   _PWM_setActionQual_Period_PwmA
0000a2db   _PWM_setActionQual_Period_PwmB
0000a2d4   _PWM_setActionQual_Zero_PwmA
0000a2cd   _PWM_setActionQual_Zero_PwmB
0000a2c6   _PWM_setChoppingClkFreq
0000a2bf   _PWM_setChoppingDutyCycle
0000a2b8   _PWM_setChoppingPulseWidth
0000a2b4   _PWM_setClkDiv
0000a2b2   _PWM_setCount
0000a2ae   _PWM_setCounterMode
0000a2ab   _PWM_setDeadBandFallingEdgeDelay
0000a2a4   _PWM_setDeadBandInputMode
0000a29d   _PWM_setDeadBandOutputMode
0000a296   _PWM_setDeadBandPolarity
0000a293   _PWM_setDeadBandRisingEdgeDelay
0000a27c   _PWM_setDigitalCompareAEvent1
0000a26c   _PWM_setDigitalCompareAEvent2
0000a255   _PWM_setDigitalCompareBEvent1
0000a245   _PWM_setDigitalCompareBEvent2
0000a239   _PWM_setDigitalCompareBlankingPulse
0000a236   _PWM_setDigitalCompareFilterOffset
0000a22c   _PWM_setDigitalCompareFilterSource
0000a229   _PWM_setDigitalCompareFilterWindow
0000a21a   _PWM_setDigitalCompareInput
0000a216   _PWM_setHighSpeedClkDiv
0000a20c   _PWM_setHrControlMode
0000a202   _PWM_setHrEdgeMode
0000a1f8   _PWM_setHrShadowMode
0000a1f1   _PWM_setIntMode
0000a1ea   _PWM_setIntPeriod
0000a1e6   _PWM_setLoadMode_CmpA
0000a1e0   _PWM_setLoadMode_CmpB
0000a1de   _PWM_setPeriod
0000a1d9   _PWM_setPeriodHr
0000a1d5   _PWM_setPeriodLoad
0000a1d3   _PWM_setPhase
0000a1cf   _PWM_setPhaseDir
0000a1cb   _PWM_setRunMode
0000a1c5   _PWM_setShadowMode_CmpA
0000a1bf   _PWM_setShadowMode_CmpB
0000a1b6   _PWM_setSocAPeriod
0000a1ac   _PWM_setSocAPulseSrc
0000a1a3   _PWM_setSocBPeriod
0000a19a   _PWM_setSocBPulseSrc
0000a197   _PWM_setSwSync
0000a193   _PWM_setSyncMode
0000a189   _PWM_setTripZoneDCEventSelect_DCAEVT1
0000a17d   _PWM_setTripZoneDCEventSelect_DCAEVT2
0000a171   _PWM_setTripZoneDCEventSelect_DCBEVT1
0000a165   _PWM_setTripZoneDCEventSelect_DCBEVT2
0000a159   _PWM_setTripZoneState_DCAEVT1
0000a14d   _PWM_setTripZoneState_DCAEVT2
0000a141   _PWM_setTripZoneState_DCBEVT1
0000a135   _PWM_setTripZoneState_DCBEVT2
0000a12b   _PWM_setTripZoneState_TZA
0000a11f   _PWM_setTripZoneState_TZB
0000afe7   _PWR_disableBrownOutReset
0000afdc   _PWR_disableWatchDogInt
0000afd9   _PWR_enableBrownOutReset
0000afce   _PWR_enableWatchDogInt
0000afc7   _PWR_init
0000afb5   _PWR_setLowPowerMode
0000afa3   _PWR_setNumStandByClocks
00000151   _RamfuncsLoadEnd
00000036   _RamfuncsLoadSize
0000011b   _RamfuncsLoadStart
0000011b   _RamfuncsRunStart
0000b0f8   _STPOSCONV_init
0000b244   _STVELCTL_init
0000b1ee   _STVELID_init
00009df8   _STVELID_run
0000b219   _STVELMOVE_init
0000b2e8   _STVELPLAN_init
0000b15f   _ST_initVersion
0000957a   _ST_runVelId
0000b15c   _TIMER_clearFlag
0000b159   _TIMER_disableInt
0000b156   _TIMER_enableInt
0000b153   _TIMER_getStatus
0000b14d   _TIMER_init
0000b13f   _TIMER_setDecimationFactor
0000b13b   _TIMER_setEmulationMode
0000b12d   _TIMER_setPreScaler
00009d47   _USER_calcPIgains
00009d43   _USER_checkForErrors
00009d35   _USER_computeFlux
00009cea   _USER_computeFlux_pu_to_VpHz_sf
00009c9f   _USER_computeFlux_pu_to_Wb_sf
00009c54   _USER_computeTorque_Flux_Iq_pu_to_Nm_sf
00009c0b   _USER_computeTorque_Ls_Id_Iq_pu_to_Nm_sf
00009bbf   _USER_computeTorque_Nm
00009b68   _USER_computeTorque_lbin
00009b65   _USER_getErrorCode
00009b62   _USER_setErrorCode
00009a23   _USER_setParams
00009995   _USER_softwareUpdate1p6
0000b028   _WDOG_clearCounter
0000b020   _WDOG_disable
0000b01a   _WDOG_disableInt
0000b014   _WDOG_disableOverRide
0000b00b   _WDOG_enable
0000b005   _WDOG_enableInt
0000afff   _WDOG_enableOverRide
0000affc   _WDOG_getIntStatus
0000aff6   _WDOG_init
0000aff4   _WDOG_setCount
0000afea   _WDOG_setPreScaler
0000b8a2   __IQ20div
0000b99b   __IQ24cosPU
0000b8e9   __IQ24div
0000b972   __IQ24sinPU
0000b930   __IQ24sqrt
0000b9c2   __IQ30toF
000007b0   __STACK_END
000003b0   __STACK_SIZE
00000001   __TI_args_main
0000b4e2   ___TI_cleanup_ptr
0000b4e4   ___TI_dtors_ptr
ffffffff   ___binit__
ffffffff   ___c_args__
00000050   ___cinit__
0000b4de   ___etext__
ffffffff   ___pinit__
00008000   ___text__
0000b443   __args_main
0000b4e0   __lock
0000ac5c   __log
0000b4cb   __nop
0000b4c7   __register_lock
0000b4c3   __register_unlock
00000400   __stack
0000b4de   __unlock
0000b45c   _abort
00009681   _acim_Dir_qFmtCalc
0000b075   _c_int00
0000b51a   _controller_obj
0000b4e6   _cpu
0000b512   _ctrlHandle
0000b4e7   _errno
0000b45e   _exit
0000abbf   _exp
0000b48c   _frexp
0000b522   _gAdcData
0000b506   _gCounter_updateGlobals
0000b50a   _gFlux_pu_to_VpHz_sf
0000b508   _gFlux_pu_to_Wb_sf
0000b503   _gLEDcnt
0000b510   _gLs_pu
0000b502   _gLs_qFmt
0000b518   _gMaxCurrentSlope
0000b505   _gMax_Ls_qFmt
0000b540   _gMotorVars
0000b51c   _gPwmData
0000b50e   _gTorque_Flux_Iq_pu_to_Nm_sf
0000b50c   _gTorque_Ls_Id_Iq_pu_to_Nm_sf
0000b5c0   _gUserParams
0000b800   _hal
0000b514   _halHandle
0000b0b9   _ldexp
0000ab15   _log
00009697   _main
0000aa37   _mainISR
0000b190   _modf
0000ace9   _pow
0000950a   _recalcKpKi
00009474   _recalcKpKiPmsm
003fb9dd   _s0_calc
003fb9ad   _s0_conf
003fbae7   _s2_calc
003fbb85   _s4_calc
003fbc34   _s4_conf
003fbc58   _s4_reset
003fbc9b   _s8_calc
003fbc7d   _s8_cfg
003fbd37   _s8_get
003fbc72   _s8_reset
0000944e   _setFeLimitZero
003fbc6d   _spintac_rom_ver
0000b516   _stHandle
0000b680   _st_obj
000093a0   _updateGlobalVariables_motor
00009379   _updateKpKiGains
0000014d   _usDelay
ffffffff   binit
00000050   cinit
00000000   code_start
0000b4de   etext
ffffffff   pinit


GLOBAL SYMBOLS: SORTED BY Symbol Address 

address    name
--------   ----
00000000   code_start
00000001   __TI_args_main
00000036   _RamfuncsLoadSize
00000050   ___cinit__
00000050   cinit
0000011b   _FLASH_setStandbyWaitCount
0000011b   _RamfuncsLoadStart
0000011b   _RamfuncsRunStart
00000120   _FLASH_setPowerMode
00000127   _FLASH_setOtpWaitStates
0000012e   _FLASH_setNumRandomReadWaitStates
00000135   _FLASH_setNumPagedReadWaitStates
0000013c   _FLASH_setActiveWaitCount
00000141   _FLASH_enablePipelineMode
00000147   _FLASH_disablePipelineMode
0000014d   _usDelay
00000151   _RamfuncsLoadEnd
000003b0   __STACK_SIZE
00000400   __stack
000007b0   __STACK_END
00008000   .text
00008000   _HAL_setupTimers
00008000   ___text__
00008050   _HAL_setupPwms
00008118   _HAL_setupPwmDacs
000081a3   _HAL_setupPll
000081e1   _HAL_setupPie
000081fd   _HAL_setupPeripheralClks
0000824a   _HAL_setupGpios
000083e1   _HAL_setupFlash
000083ff   _HAL_setupFaults
00008428   _HAL_setupClks
00008444   _HAL_setupAdcs
0000853f   _HAL_AdcCalChanSelect
00008596   _HAL_AdcCalConversion
000086ee   _HAL_AdcOffsetSelfCal
00008721   _HAL_getOscTrimValue
00008735   _HAL_osc1Comp
00008774   _HAL_osc2Comp
000087b3   _HAL_OscTempComp
00008806   _HAL_cal
0000881d   _HAL_setParams
0000891a   _HAL_setDacParameters
0000892f   _HAL_disableWdog
00008934   _HAL_init
000089e9   _HAL_enablePwmInt
000089fa   _HAL_enableGlobalInts
000089fe   _HAL_enableDebugInt
00008a02   _HAL_enableAdcInts
00008a14   _HAL_disableGlobalInts
00008a18   _CTRL_updateState
00008aca   _CTRL_setup_user
00008b27   _CTRL_setupClarke_V
00008b3d   _CTRL_setupClarke_I
00008b59   _CTRL_setup
00008b63   _CTRL_setWaitTimes
00008b6c   _CTRL_setSpd_ref_pu
00008b6f   _CTRL_setSpd_ref_krpm
00008b82   _CTRL_setGains
00008baa   _CTRL_setParams
00008dea   _CTRL_run
000092fc   _CTRL_getWaitTimes
00009305   _CTRL_getVdq_out_pu
0000930d   _CTRL_getVab_out_pu
00009315   _CTRL_getVab_in_pu
0000931d   _CTRL_getIdq_ref_pu
00009325   _CTRL_getIdq_in_pu
0000932d   _CTRL_getIab_in_pu
00009335   _CTRL_getIab_filt_pu
0000933d   _CTRL_getGains
0000936d   _CTRL_setMagCurrent_pu
00009370   _CTRL_setMaximumSpeed_pu
00009373   _CTRL_getMaximumSpeed_pu
00009376   _CTRL_getMagCurrent_pu
00009379   _updateKpKiGains
000093a0   _updateGlobalVariables_motor
0000944e   _setFeLimitZero
00009474   _recalcKpKiPmsm
0000950a   _recalcKpKi
0000957a   _ST_runVelId
00009603   _CTRL_resetLs_qFmt
00009627   _CTRL_calcMax_Ls_qFmt
00009681   _acim_Dir_qFmtCalc
00009697   _main
00009995   _USER_softwareUpdate1p6
00009a23   _USER_setParams
00009b62   _USER_setErrorCode
00009b65   _USER_getErrorCode
00009b68   _USER_computeTorque_lbin
00009bbf   _USER_computeTorque_Nm
00009c0b   _USER_computeTorque_Ls_Id_Iq_pu_to_Nm_sf
00009c54   _USER_computeTorque_Flux_Iq_pu_to_Nm_sf
00009c9f   _USER_computeFlux_pu_to_Wb_sf
00009cea   _USER_computeFlux_pu_to_VpHz_sf
00009d35   _USER_computeFlux
00009d43   _USER_checkForErrors
00009d47   _USER_calcPIgains
00009df8   _STVELID_run
0000a11f   _PWM_setTripZoneState_TZB
0000a12b   _PWM_setTripZoneState_TZA
0000a135   _PWM_setTripZoneState_DCBEVT2
0000a141   _PWM_setTripZoneState_DCBEVT1
0000a14d   _PWM_setTripZoneState_DCAEVT2
0000a159   _PWM_setTripZoneState_DCAEVT1
0000a165   _PWM_setTripZoneDCEventSelect_DCBEVT2
0000a171   _PWM_setTripZoneDCEventSelect_DCBEVT1
0000a17d   _PWM_setTripZoneDCEventSelect_DCAEVT2
0000a189   _PWM_setTripZoneDCEventSelect_DCAEVT1
0000a193   _PWM_setSyncMode
0000a197   _PWM_setSwSync
0000a19a   _PWM_setSocBPulseSrc
0000a1a3   _PWM_setSocBPeriod
0000a1ac   _PWM_setSocAPulseSrc
0000a1b6   _PWM_setSocAPeriod
0000a1bf   _PWM_setShadowMode_CmpB
0000a1c5   _PWM_setShadowMode_CmpA
0000a1cb   _PWM_setRunMode
0000a1cf   _PWM_setPhaseDir
0000a1d3   _PWM_setPhase
0000a1d5   _PWM_setPeriodLoad
0000a1d9   _PWM_setPeriodHr
0000a1de   _PWM_setPeriod
0000a1e0   _PWM_setLoadMode_CmpB
0000a1e6   _PWM_setLoadMode_CmpA
0000a1ea   _PWM_setIntPeriod
0000a1f1   _PWM_setIntMode
0000a1f8   _PWM_setHrShadowMode
0000a202   _PWM_setHrEdgeMode
0000a20c   _PWM_setHrControlMode
0000a216   _PWM_setHighSpeedClkDiv
0000a21a   _PWM_setDigitalCompareInput
0000a229   _PWM_setDigitalCompareFilterWindow
0000a22c   _PWM_setDigitalCompareFilterSource
0000a236   _PWM_setDigitalCompareFilterOffset
0000a239   _PWM_setDigitalCompareBlankingPulse
0000a245   _PWM_setDigitalCompareBEvent2
0000a255   _PWM_setDigitalCompareBEvent1
0000a26c   _PWM_setDigitalCompareAEvent2
0000a27c   _PWM_setDigitalCompareAEvent1
0000a293   _PWM_setDeadBandRisingEdgeDelay
0000a296   _PWM_setDeadBandPolarity
0000a29d   _PWM_setDeadBandOutputMode
0000a2a4   _PWM_setDeadBandInputMode
0000a2ab   _PWM_setDeadBandFallingEdgeDelay
0000a2ae   _PWM_setCounterMode
0000a2b2   _PWM_setCount
0000a2b4   _PWM_setClkDiv
0000a2b8   _PWM_setChoppingPulseWidth
0000a2bf   _PWM_setChoppingDutyCycle
0000a2c6   _PWM_setChoppingClkFreq
0000a2cd   _PWM_setActionQual_Zero_PwmB
0000a2d4   _PWM_setActionQual_Zero_PwmA
0000a2db   _PWM_setActionQual_Period_PwmB
0000a2e4   _PWM_setActionQual_Period_PwmA
0000a2ed   _PWM_setActionQual_CntUp_CmpB_PwmB
0000a2f6   _PWM_setActionQual_CntUp_CmpB_PwmA
0000a2ff   _PWM_setActionQual_CntUp_CmpA_PwmB
0000a308   _PWM_setActionQual_CntUp_CmpA_PwmA
0000a311   _PWM_setActionQual_CntDown_CmpB_PwmB
0000a31a   _PWM_setActionQual_CntDown_CmpB_PwmA
0000a323   _PWM_setActionQual_CntDown_CmpA_PwmB
0000a32c   _PWM_setActionQual_CntDown_CmpA_PwmA
0000a335   _PWM_setActionQualContSWForce_PwmB
0000a33e   _PWM_setActionQualContSWForce_PwmA
0000a345   _PWM_init
0000a34b   _PWM_incrementDeadBandRisingEdgeDelay
0000a34e   _PWM_incrementDeadBandFallingEdgeDelay
0000a351   _PWM_getSocBCount
0000a356   _PWM_getSocACount
0000a35b   _PWM_getShadowStatus_CmpB
0000a35f   _PWM_getShadowStatus_CmpA
0000a363   _PWM_getIntCount
0000a367   _PWM_getDeadBandRisingEdgeDelay
0000a36a   _PWM_getDeadBandFallingEdgeDelay
0000a36d   _PWM_enableTripZoneSrc
0000a373   _PWM_enableTripZoneInt
0000a379   _PWM_enableSocBPulse
0000a37d   _PWM_enableSocAPulse
0000a381   _PWM_enableInt
0000a385   _PWM_enableHrPhaseSync
0000a38c   _PWM_enableHrPeriod
0000a393   _PWM_enableDigitalCompareBlankingWindowInversion
0000a39a   _PWM_enableDigitalCompareBlankingWindow
0000a3a1   _PWM_enableDeadBandHalfCycle
0000a3a5   _PWM_enableCounterLoad
0000a3a8   _PWM_enableChopping
0000a3ac   _PWM_enableAutoConvert
0000a3b3   _PWM_disableTripZones
0000a3b9   _PWM_disableTripZoneSrc
0000a3c0   _PWM_disableTripZoneInt
0000a3c7   _PWM_disableSocBPulse
0000a3cb   _PWM_disableSocAPulse
0000a3cf   _PWM_disableInt
0000a3d3   _PWM_disableHrPhaseSync
0000a3da   _PWM_disableHrPeriod
0000a3e1   _PWM_disableDigitalCompareBlankingWindowInversion
0000a3e8   _PWM_disableDigitalCompareBlankingWindow
0000a3ef   _PWM_disableDeadBandHalfCycle
0000a3f3   _PWM_disableDeadBand
0000a3f6   _PWM_disableCounterLoad
0000a3f9   _PWM_disableChopping
0000a3fd   _PWM_disableAutoConvert
0000a404   _PWM_decrementDeadBandRisingEdgeDelay
0000a407   _PWM_decrementDeadBandFallingEdgeDelay
0000a40a   _PWM_clearTripZone
0000a410   _ADC_setupSocTrigSrc
0000a43b   _ADC_setVoltRefSrc
0000a44d   _ADC_setTempSensorSrc
0000a45f   _ADC_setSocTrigSrc
0000a472   _ADC_setSocSampleDelay
0000a485   _ADC_setSocFrcWord
0000a48c   _ADC_setSocFrc
0000a496   _ADC_setSocChanNumber
0000a4a9   _ADC_setSampleOverlapMode
0000a4be   _ADC_setSampleMode
0000a4d6   _ADC_setOffTrim
0000a4dd   _ADC_setIntSrc
0000a4fa   _ADC_setIntPulseGenMode
0000a50c   _ADC_setIntMode
0000a529   _ADC_setDivideSelect
0000a53b   _ADC_reset
0000a546   _ADC_powerUp
0000a551   _ADC_powerDown
0000a55c   _ADC_init
0000a563   _ADC_getDivideSelect
0000a56b   _ADC_enableVoltRefLoConv
0000a576   _ADC_enableRefBuffers
0000a581   _ADC_enableNoOverlapMode
0000a58c   _ADC_enableInt
0000a5a3   _ADC_enableBandGap
0000a5ae   _ADC_enable
0000a5b9   _ADC_disableVoltRefLoConv
0000a5c4   _ADC_disableRefBuffers
0000a5cf   _ADC_disableNoOverlapMode
0000a5da   _ADC_disableInt
0000a5f5   _ADC_disableBandGap
0000a600   _ADC_disable
0000a60b   _GPIO_toggle
0000a61e   _GPIO_setQualificationPeriod
0000a665   _GPIO_setQualification
0000a6a5   _GPIO_setPullup
0000a6c0   _GPIO_setPortData
0000a6cc   _GPIO_setMode
0000a706   _GPIO_setLow
0000a719   _GPIO_setHigh
0000a72c   _GPIO_setExtInt
0000a737   _GPIO_setDirection
0000a752   _GPIO_read
0000a778   _GPIO_lpmSelect
0000a782   _GPIO_init
0000a788   _GPIO_getPortData
0000a78f   _GPIO_getData
0000a79f   _CLK_setXClkInSrc
0000a7a6   _CLK_setWatchDogSrc
0000a7ad   _CLK_setTimer2Src
0000a7b4   _CLK_setTimer2PreScale
0000a7bb   _CLK_setOscSrc
0000a7c2   _CLK_setOsc2Src
0000a7c9   _CLK_setLowSpdPreScaler
0000a7cf   _CLK_setClkOutPreScaler
0000a7d6   _CLK_init
0000a7dc   _CLK_enableWatchDogHaltMode
0000a7e2   _CLK_enableTbClockSync
0000a7e9   _CLK_enableSpibClock
0000a7f0   _CLK_enableSpiaClock
0000a7f7   _CLK_enableScibClock
0000a7fe   _CLK_enableSciaClock
0000a805   _CLK_enablePwmClock
0000a80e   _CLK_enableOsc2HaltMode
0000a814   _CLK_enableOsc2
0000a81a   _CLK_enableOsc1HaltMode
0000a820   _CLK_enableOsc1
0000a826   _CLK_enableLinAClock
0000a82d   _CLK_enableI2cClock
0000a834   _CLK_enableHrPwmClock
0000a83b   _CLK_enableGpioInputClock
0000a842   _CLK_enableEqep2Clock
0000a849   _CLK_enableEqep1Clock
0000a850   _CLK_enableEcap1Clock
0000a857   _CLK_enableEcanaClock
0000a85e   _CLK_enableCrystalOsc
0000a864   _CLK_enableCpuTimerClock
0000a86a   _CLK_enableCompClock
0000a870   _CLK_enableClkIn
0000a876   _CLK_enableClaClock
0000a87d   _CLK_enableAdcClock
0000a884   _CLK_disableWatchDogHaltMode
0000a88a   _CLK_disableTbClockSync
0000a891   _CLK_disableSpibClock
0000a895   _CLK_disableSpiaClock
0000a89c   _CLK_disableScibClock
0000a8a3   _CLK_disableSciaClock
0000a8aa   _CLK_disablePwmClock
0000a8b4   _CLK_disableOsc2HaltMode
0000a8ba   _CLK_disableOsc2
0000a8c0   _CLK_disableOsc1HaltMode
0000a8c6   _CLK_disableOsc1
0000a8cc   _CLK_disableLinAClock
0000a8d3   _CLK_disableI2cClock
0000a8da   _CLK_disableHrPwmClock
0000a8e1   _CLK_disableGpioInputClock
0000a8e8   _CLK_disableEqep2Clock
0000a8ef   _CLK_disableEqep1Clock
0000a8f6   _CLK_disableEcap1Clock
0000a8fd   _CLK_disableEcanaClock
0000a904   _CLK_disableCrystalOsc
0000a90a   _CLK_disableCpuTimerClock
0000a911   _CLK_disableCompClock
0000a915   _CLK_disableClkIn
0000a91b   _CLK_disableClaClock
0000a922   _CLK_disableAdcClock
0000a929   _PIE_unregisterSystemIntHandler
0000a936   _PIE_unregisterPieIntHandler
0000a947   _PIE_setExtIntPolarity
0000a957   _PIE_setDefaultIntVectorTable
0000a963   _PIE_registerSystemIntHandler
0000a96e   _PIE_registerPieIntHandler
0000a97d   _PIE_init
0000a984   _PIE_getIntFlags
0000a98b   _PIE_getIntEnables
0000a992   _PIE_getExtIntCount
0000a99a   _PIE_forceInt
0000a9a4   _PIE_enableTimer0Int
0000a9a7   _PIE_enablePwmTzInt
0000a9ac   _PIE_enablePwmInt
0000a9b1   _PIE_enableInt
0000a9bb   _PIE_enableExtInt
0000a9de   _PIE_enableCaptureInt
0000a9e2   _PIE_enableAdcInt
0000a9fe   _PIE_enable
0000aa01   _PIE_disableInt
0000aa0c   _PIE_disableExtInt
0000aa19   _PIE_disableCaptureInt
0000aa1d   _PIE_disableAllInts
0000aa27   _PIE_disable
0000aa2a   _PIE_clearAllInts
0000aa2d   _PIE_clearAllFlags
0000aa37   _mainISR
0000ab15   _log
0000abbf   _exp
0000ac5c   __log
0000ace9   _pow
0000ad70   FD$$MPY
0000adf3   FS$$DIV
0000ae76   FS$$SUB
0000ae7b   FS$$ADD
0000aeee   _PLL_setLockPeriod
0000aef3   _PLL_setDivideSelect
0000aefa   _PLL_setClkFreq
0000af00   _PLL_resetClkDetect
0000af06   _PLL_init
0000af0c   _PLL_getLockStatus
0000af0f   _PLL_getDivideSelect
0000af12   _PLL_getClkStatus
0000af15   _PLL_getClkFreq
0000af19   _PLL_enableOsc
0000af1f   _PLL_enableNormRdy
0000af25   _PLL_enableClkDetect
0000af2b   _PLL_enable
0000af31   _PLL_disableOsc
0000af37   _PLL_disableNormRdy
0000af3d   _PLL_disableClkDetect
0000af43   _PLL_disable
0000af49   FS$$MPY
0000afa3   _PWR_setNumStandByClocks
0000afb5   _PWR_setLowPowerMode
0000afc7   _PWR_init
0000afce   _PWR_enableWatchDogInt
0000afd9   _PWR_enableBrownOutReset
0000afdc   _PWR_disableWatchDogInt
0000afe7   _PWR_disableBrownOutReset
0000afea   _WDOG_setPreScaler
0000aff4   _WDOG_setCount
0000aff6   _WDOG_init
0000affc   _WDOG_getIntStatus
0000afff   _WDOG_enableOverRide
0000b005   _WDOG_enableInt
0000b00b   _WDOG_enable
0000b014   _WDOG_disableOverRide
0000b01a   _WDOG_disableInt
0000b020   _WDOG_disable
0000b028   _WDOG_clearCounter
0000b030   _OFFSET_setOffset
0000b032   _OFFSET_setInitCond
0000b041   _OFFSET_setBeta
0000b057   _OFFSET_init
0000b068   _OFFSET_getBeta
0000b075   _c_int00
0000b0b9   _ldexp
0000b0f8   _STPOSCONV_init
0000b12d   _TIMER_setPreScaler
0000b13b   _TIMER_setEmulationMode
0000b13f   _TIMER_setDecimationFactor
0000b14d   _TIMER_init
0000b153   _TIMER_getStatus
0000b156   _TIMER_enableInt
0000b159   _TIMER_disableInt
0000b15c   _TIMER_clearFlag
0000b15f   _ST_initVersion
0000b190   _modf
0000b1c1   _OSC_setTrim
0000b1ca   _OSC_setFineTrim
0000b1db   _OSC_setCoarseTrim
0000b1e8   _OSC_init
0000b1ee   _STVELID_init
0000b219   _STVELMOVE_init
0000b244   _STVELCTL_init
0000b26e   L$$DIV
0000b27d   L$$MOD
0000b28b   UL$$DIV
0000b292   UL$$MOD
0000b298   FS$$TOL
0000b2c1   _CPU_init
0000b2c7   _CPU_enableProtectedRegisterWrite
0000b2ca   _CPU_enableInt
0000b2ce   _CPU_enableGlobalInts
0000b2d1   _CPU_enableDebugInt
0000b2d4   _CPU_disableProtectedRegisterWrite
0000b2d7   _CPU_disableInts
0000b2da   _CPU_disableInt
0000b2df   _CPU_disableGlobalInts
0000b2e2   _CPU_disableDebugInt
0000b2e5   _CPU_clearIntFlags
0000b2e8   _STVELPLAN_init
0000b30e   FS$$TOI
0000b333   I$$DIV
0000b344   I$$MOD
0000b355   _FILTER_FO_setNumCoeffs
0000b359   _FILTER_FO_setInitialConditions
0000b35e   _FILTER_FO_setDenCoeffs
0000b360   _FILTER_FO_init
0000b366   _FILTER_FO_getNumCoeffs
0000b36c   _FILTER_FO_getInitialConditions
0000b373   _FILTER_FO_getDenCoeffs
0000b376   FS$$TOUL
0000b397   _FLASH_init
0000b39d   _FLASH_getStandbyWaitStatus
0000b3a1   _FLASH_getStandbyWaitCount
0000b3a4   _FLASH_getPowerMode
0000b3a7   _FLASH_getActiveWaitStatus
0000b3ab   _FLASH_getActiveWaitCount
0000b3ae   _FLASH_get3VStatus
0000b3b1   _FLASH_clear3VStatus
0000b3b7   FD$$TOL
0000b3d6   FS$$TOU
0000b3f3   FS$$TOFD
0000b40f   I$$TOFS
0000b429   L$$TOFS
0000b443   __args_main
0000b45c   C$$EXIT
0000b45c   _abort
0000b45e   _exit
0000b475   FS$$CMP
0000b48c   _frexp
0000b4a0   UL$$TOFS
0000b4b3   U$$TOFS
0000b4c3   __register_unlock
0000b4c7   __register_lock
0000b4cb   __nop
0000b4d4   _PIE_illegalIsr
0000b4d9   FS$$NEG
0000b4de   ___etext__
0000b4de   __unlock
0000b4de   etext
0000b4e0   __lock
0000b4e2   ___TI_cleanup_ptr
0000b4e4   ___TI_dtors_ptr
0000b4e6   _cpu
0000b4e7   _errno
0000b501   _Flag_Latch_softwareUpdate
0000b502   _gLs_qFmt
0000b503   _gLEDcnt
0000b505   _gMax_Ls_qFmt
0000b506   _gCounter_updateGlobals
0000b508   _gFlux_pu_to_Wb_sf
0000b50a   _gFlux_pu_to_VpHz_sf
0000b50c   _gTorque_Ls_Id_Iq_pu_to_Nm_sf
0000b50e   _gTorque_Flux_Iq_pu_to_Nm_sf
0000b510   _gLs_pu
0000b512   _ctrlHandle
0000b514   _halHandle
0000b516   _stHandle
0000b518   _gMaxCurrentSlope
0000b51a   _controller_obj
0000b51c   _gPwmData
0000b522   _gAdcData
0000b540   _gMotorVars
0000b5c0   _gUserParams
0000b680   _st_obj
0000b800   _hal
0000b8a2   __IQ20div
0000b8e9   __IQ24div
0000b930   __IQ24sqrt
0000b972   __IQ24sinPU
0000b99b   __IQ24cosPU
0000b9c2   __IQ30toF
003f861b   _EST_getState
003f861d   _EST_useZeroIq_ref
003f8679   _EST_isMotorIdentified
003f86ad   _EST_computeDirection_qFmt
003f8713   _EST_updateState
003f89f5   _EST_updateId_ref_pu
003f8a18   _EST_setRs_pu
003f8adb   _EST_setMaxCurrentSlope_pu
003f8ae7   _EST_setLs_q_pu
003f8af1   _EST_setLs_qFmt
003f8b45   _EST_setLs_d_pu
003f8b63   _EST_setIq_ref_pu
003f8b67   _EST_setIdle_all
003f8b7a   _EST_setIdle
003f8b80   _EST_setId_ref_pu
003f8bd3   _EST_setFlag_enableRsRecalc
003f8bdb   _EST_setFlag_enableForceAngle
003f8be4   _EST_setFe_pos_min_pu
003f8be8   _EST_setFe_neg_max_pu
003f8bf5   _EST_setDir_qFmt
003f8c0d   _EST_getAngle_pu
003f927b   _EST_run
003f9378   _EST_isOnLine
003f937f   _EST_isLockRotor
003f9386   _EST_isIdle
003f938d   _EST_isError
003f9453   _EST_get_pu_to_krpm_sf
003f9458   _EST_get_krpm_to_pu_sf
003f94c6   _EST_getSpeed_krpm
003f9513   _EST_getRs_Ohm
003f95ad   _EST_getRr_Ohm
003f95b3   _EST_getOneOverDcBus_pu
003f95bd   _EST_getMaxCurrentSlope_pu
003f95c9   _EST_getLs_q_pu
003f95ce   _EST_getLs_q_H
003f95d3   _EST_getLs_qFmt
003f95f0   _EST_getLs_d_pu
003f95f5   _EST_getLs_d_H
003f95ff   _EST_getLs_coarse_max_pu
003f9632   _EST_getIdRated
003f968e   _EST_getFm_pu
003f96ab   _EST_getFlux_pu
003f96be   _EST_getFlux_VpHz
003f9758   _EST_doSpeedCtrl
003f9760   _EST_doCurrentCtrl
003f9806   _CTRL_setupTraj
003f996a   _CTRL_setupEstOnLineState
003f99a5   _CTRL_setupEstIdleState
003f9b43   _CTRL_setupCtrl
003f9d31   _CTRL_setUserMotorParams
003f9e64   _CTRL_setEstParams
003fa5d1   _CTRL_runTraj
003fa6fb   _CTRL_initCtrl
003fa721   _CTRL_getVersion
003fb9ad   _s0_conf
003fb9dd   _s0_calc
003fbae7   _s2_calc
003fbb85   _s4_calc
003fbc34   _s4_conf
003fbc58   _s4_reset
003fbc6d   _spintac_rom_ver
003fbc72   _s8_reset
003fbc7d   _s8_cfg
003fbc9b   _s8_calc
003fbd37   _s8_get
003fdc30   _IQsinTable
003fdd30   _IQcosTable
003fe030   _IQsinTableEnd
003fe132   _IQcosTableEnd
003fe132   _IQdivRoundSatTable
003fe140   _IQdivTable
003fe342   _IQdivTableEnd
003fe342   _IQisqrtRoundSatTable
003fe342   _IQsqrtRoundSatTable
003fe352   _IQisqrtTable
003fe352   _IQsqrtTable
003fe454   _IQatan2HalfPITable
003fe454   _IQisqrtTableEnd
003fe454   _IQsqrtTableEnd
003fe492   _IQatan2Table
003fe618   _IQ30mpyRndSatTable
003fe618   _IQatan2TableEnd
003fe618   _IQmpyRndSatTable
003fe624   _IQ29mpyRndSatTable
003fe630   _IQ28mpyRndSatTable
003fe63c   _IQ27mpyRndSatTable
003fe648   _IQ26mpyRndSatTable
003fe654   _IQ25mpyRndSatTable
003fe660   _IQ24mpyRndSatTable
003fe66c   _IQ23mpyRndSatTable
003fe678   _IQ22mpyRndSatTable
003fe684   _IQ21mpyRndSatTable
003fe690   _IQ20mpyRndSatTable
003fe69c   _IQ19mpyRndSatTable
003fe6a8   _IQ18mpyRndSatTable
003fe6b4   _IQ17mpyRndSatTable
003fe6c0   _IQ16mpyRndSatTable
003fe6cc   _IQ15mpyRndSatTable
003fe6d8   _IQ14mpyRndSatTable
003fe6e4   _IQ13mpyRndSatTable
003fe6f0   _IQ12mpyRndSatTable
003fe6fc   _IQ11mpyRndSatTable
003fe708   _IQ10mpyRndSatTable
003fe714   _IQ9mpyRndSatTable
003fe720   _IQ8mpyRndSatTable
003fe72c   _IQ7mpyRndSatTable
003fe738   _IQ6mpyRndSatTable
003fe744   _IQ5mpyRndSatTable
003fe750   _IQ4mpyRndSatTable
003fe75c   _IQ3mpyRndSatTable
003fe768   _IQ2mpyRndSatTable
003fe774   _IQ1mpyRndSatTable
003fe780   _IQmpyRndSatTableEnd
ffffffff   ___binit__
ffffffff   ___c_args__
ffffffff   ___pinit__
ffffffff   binit
ffffffff   pinit

[614 symbols]
