******************************************************************************
             TMS320C2000 Linker PC v6.2.5                      
******************************************************************************
>> Linked Sat Sep 16 14:47:35 2017

OUTPUT FILE NAME:   <proj27_lab01.out>
ENTRY POINT SYMBOL: "_c_int00"  address: 003f393e


MEMORY CONFIGURATION

         name            origin    length      used     unused   attr    fill
----------------------  --------  ---------  --------  --------  ----  --------
PAGE 0:
  P_RAML0               00008000   00000980  00000054  0000092c  RWIX
  OTP                   003d7800   00000400  00000000  00000400  RWIX
  FLASHB_D              003f0000   00006000  00003c52  000023ae  RWIX
  D_FLASHA              003f6000   00001f80  00000284  00001cfc  RWIX
  CSM_RSVD              003f7f80   00000076  00000000  00000076  RWIX
  BEGIN                 003f7ff6   00000002  00000002  00000000  RWIX
  CSM_PWL_P0            003f7ff8   00000008  00000000  00000008  RWIX
  IQTABLES              003fe000   00000b50  00000000  00000b50  RWIX
  IQTABLES2             003feb50   0000008c  00000000  0000008c  RWIX
  IQTABLES3             003febdc   000000aa  00000000  000000aa  RWIX
  ROM                   003ff27c   00000d44  00000000  00000d44  RWIX
  RESET                 003fffc0   00000002  00000000  00000002  RWIX
  VECTORS               003fffc2   0000003e  00000000  0000003e  RWIX

PAGE 1:
  RAMM0_M1              00000000   00000600  000002ce  00000332  RWIX
  D_RAML0               00008980   00000680  00000200  00000480  RWIX


SECTION ALLOCATION MAP

 output                                  attributes/
section   page    origin      length       input sections
--------  ----  ----------  ----------   ----------------
.pinit     0    003f0000    00000000     UNINITIALIZED

.text      0    003f0000    00003aeb     
                  003f0000    00000e94     fast_public.lib : ctrl_priv.obj (.text)
                  003f0e94    00000af5     user.obj (.text)
                  003f1989    00000976     hal.obj (.text)
                  003f22ff    000006f3     fast_public.lib : ctrl.obj (.text)
                  003f29f2    000002f1     pwm.obj (.text)
                  003f2ce3    000001f8     adc.obj (.text)
                  003f2edb    00000196     mb.obj (.text)
                  003f3071    00000168     gpio.obj (.text)
                  003f31d9    0000012b     clk.obj (.text)
                  003f3304    00000124     proj_lab01.obj (.text:retain)
                  003f3428    0000010e     pie.obj (.text)
                  003f3536    000000ef     sci.obj (.text)
                  003f3625    000000d7     i2c.obj (.text)
                  003f36fc    000000b1     proj_lab01.obj (.text)
                  003f37ad    000000a9     spi.obj (.text)
                  003f3856    0000005b     pll.obj (.text)
                  003f38b1    00000047     pwr.obj (.text)
                  003f38f8    00000046     wdog.obj (.text)
                  003f393e    00000044     rts2800_ml.lib : boot.obj (.text)
                  003f3982    00000035     timer.obj (.text)
                  003f39b7    0000002d     osc.obj (.text)
                  003f39e4    0000002a     rts2800_ml.lib : l_div.obj (.text)
                  003f3a0e    00000027     cpu.obj (.text)
                  003f3a35    00000021     rts2800_ml.lib : fs_toul.obj (.text)
                  003f3a56    00000020     flash.obj (.text)
                  003f3a76    0000001d     rts2800_ml.lib : fs_tou.obj (.text)
                  003f3a93    00000019                    : args_main.obj (.text)
                  003f3aac    00000019                    : exit.obj (.text)
                  003f3ac5    00000010     memCopy.obj (.text)
                  003f3ad5    00000009     rts2800_ml.lib : _lock.obj (.text)
                  003f3ade    00000008     CodeStartBranch.obj (.text)
                  003f3ae6    00000005     pie.obj (.text:retain)

ramfuncs   0    003f3aeb    00000054     RUN ADDR = 00008000
                  003f3aeb    00000032     flash.obj (ramfuncs)
                  003f3b1d    0000001e     hal.obj (ramfuncs)
                  003f3b3b    00000004     usDelay.obj (ramfuncs)

.cinit     0    003f3b3f    00000113     
                  003f3b3f    000000a2     proj_lab01.obj (.cinit)
                  003f3be1    0000005b     user.obj (.cinit)
                  003f3c3c    0000000a     rts2800_ml.lib : _lock.obj (.cinit)
                  003f3c46    0000000a                    : exit.obj (.cinit)
                  003f3c50    00000002     --HOLE-- [fill = 0]

.econst    0    003f6000    00000284     
                  003f6000    00000100     mb.obj (.econst:.string:_aucCRCHi)
                  003f6100    00000100     mb.obj (.econst:.string:_aucCRCLo)
                  003f6200    0000005c     fast_public.lib : ctrl_priv.obj (.econst)
                  003f625c    0000001c                     : ctrl.obj (.econst)
                  003f6278    00000008     user.obj (.econst)
                  003f6280    00000004     hal.obj (.econst)

codestart 
*          0    003f7ff6    00000002     
                  003f7ff6    00000002     CodeStartBranch.obj (codestart)

.reset     0    003fffc0    00000002     DSECT
                  003fffc0    00000002     rts2800_ml.lib : boot.obj (.reset)

vectors    0    003fffc2    00000000     DSECT

.ebss      1    00000000    00000218     UNINITIALIZED
                  00000000    000001ac     proj_lab01.obj (.ebss)
                  000001ac    00000004     mb.obj (.ebss)
                  000001b0    00000004     rts2800_ml.lib : _lock.obj (.ebss)
                  000001b4    00000004                    : exit.obj (.ebss)
                  000001b8    00000001     cpu.obj (.ebss)
                  000001b9    00000007     --HOLE--
                  000001c0    00000058     user.obj (.ebss)

rom_accessed_data 
*          1    00000240    000000b6     UNINITIALIZED
                  00000240    000000b6     hal.obj (rom_accessed_data)

.stack     1    00008980    00000200     UNINITIALIZED
                  00008980    00000200     --HOLE--


GLOBAL DATA SYMBOLS: SORTED BY DATA PAGE

address     data page           name
--------    ----------------    ----
00000000       0 (00000000)     _asdf
00000001       0 (00000000)     _rdataA
00000004       0 (00000000)     _gLEDcnt
00000006       0 (00000000)     _halHandle
00000008       0 (00000000)     _sdataA
0000000a       0 (00000000)     _MyMBhandle
0000000c       0 (00000000)     _gPwmData
00000012       0 (00000000)     _gAdcData

00000040       1 (00000040)     _My_ModBus

00000080       2 (00000080)     _gMotorVars

00000100       4 (00000100)     _gUserParams

000001b0       6 (00000180)     __unlock
000001b2       6 (00000180)     __lock
000001b4       6 (00000180)     ___TI_cleanup_ptr
000001b6       6 (00000180)     ___TI_dtors_ptr
000001b8       6 (00000180)     _cpu

000001c0       7 (000001c0)     _MOTOR_DATA

00000240       9 (00000240)     _hal

00008980     226 (00008980)     __stack

003f6000    fd80 (003f6000)     _aucCRCHi

003f6100    fd84 (003f6100)     _aucCRCLo


GLOBAL SYMBOLS: SORTED ALPHABETICALLY BY Name 

address    name
--------   ----
003f0000   .text
003f3aac   C$$EXIT
003fdc5e   FD$$MPY
003fdf7b   FD$$TOL
003fdeb8   FS$$ADD
003fdf2b   FS$$CMP
003fdce1   FS$$DIV
003fdde7   FS$$MPY
003fff4d   FS$$NEG
003fdfb7   FS$$TOFD
003fff0e   FS$$TOI
003f3a76   FS$$TOU
003f3a35   FS$$TOUL
003fff33   I$$TOFS
003f39e4   L$$DIV
003f39f3   L$$MOD
003ff8bd   U$$TOFS
003f3a01   UL$$DIV
003f3a08   UL$$MOD
003ff8aa   UL$$TOFS
003f2ed0   _ADC_disable
003f2ec5   _ADC_disableBandGap
003f2eaa   _ADC_disableInt
003f2e9f   _ADC_disableNoOverlapMode
003f2e94   _ADC_disableRefBuffers
003f2e89   _ADC_disableVoltRefLoConv
003f2e7e   _ADC_enable
003f2e73   _ADC_enableBandGap
003f2e5c   _ADC_enableInt
003f2e51   _ADC_enableNoOverlapMode
003f2e46   _ADC_enableRefBuffers
003f2e3b   _ADC_enableVoltRefLoConv
003f2e36   _ADC_getDivideSelect
003f2e2f   _ADC_init
003f2e24   _ADC_powerDown
003f2e19   _ADC_powerUp
003f2e0e   _ADC_reset
003f2dfc   _ADC_setDivideSelect
003f2ddf   _ADC_setIntMode
003f2dcd   _ADC_setIntPulseGenMode
003f2db0   _ADC_setIntSrc
003f2da9   _ADC_setOffTrim
003f2d91   _ADC_setSampleMode
003f2d7c   _ADC_setSampleOverlapMode
003f2d69   _ADC_setSocChanNumber
003f2d5f   _ADC_setSocFrc
003f2d58   _ADC_setSocFrcWord
003f2d45   _ADC_setSocSampleDelay
003f2d32   _ADC_setSocTrigSrc
003f2d20   _ADC_setTempSensorSrc
003f2d0e   _ADC_setVoltRefSrc
003f2ce3   _ADC_setupSocTrigSrc
003f32fd   _CLK_disableAdcClock
003f32f7   _CLK_disableClkIn
003f32f3   _CLK_disableCompClock
003f32ec   _CLK_disableCpuTimerClock
003f32e6   _CLK_disableCrystalOsc
003f32df   _CLK_disableEcap1Clock
003f32d8   _CLK_disableGpioInputClock
003f32d1   _CLK_disableHrPwmClock
003f32ca   _CLK_disableI2cClock
003f32c4   _CLK_disableOsc1
003f32be   _CLK_disableOsc1HaltMode
003f32b8   _CLK_disableOsc2
003f32b2   _CLK_disableOsc2HaltMode
003f32a8   _CLK_disablePwmClock
003f32a1   _CLK_disableSciaClock
003f329a   _CLK_disableSpiaClock
003f3293   _CLK_disableTbClockSync
003f328d   _CLK_disableWatchDogHaltMode
003f3286   _CLK_enableAdcClock
003f3280   _CLK_enableClkIn
003f327a   _CLK_enableCompClock
003f3274   _CLK_enableCpuTimerClock
003f326e   _CLK_enableCrystalOsc
003f3267   _CLK_enableEcap1Clock
003f3260   _CLK_enableGpioInputClock
003f3259   _CLK_enableHrPwmClock
003f3252   _CLK_enableI2cClock
003f324c   _CLK_enableOsc1
003f3246   _CLK_enableOsc1HaltMode
003f3240   _CLK_enableOsc2
003f323a   _CLK_enableOsc2HaltMode
003f3231   _CLK_enablePwmClock
003f322a   _CLK_enableSciaClock
003f3223   _CLK_enableSpiaClock
003f321c   _CLK_enableTbClockSync
003f3216   _CLK_enableWatchDogHaltMode
003f3210   _CLK_init
003f3209   _CLK_setClkOutPreScaler
003f3203   _CLK_setLowSpdPreScaler
003f31fc   _CLK_setOsc2Src
003f31f5   _CLK_setOscSrc
003f31ee   _CLK_setTimer2PreScale
003f31e7   _CLK_setTimer2Src
003f31e0   _CLK_setWatchDogSrc
003f31d9   _CLK_setXClkInSrc
003f3a32   _CPU_clearIntFlags
003f3a2f   _CPU_disableDebugInt
003f3a2c   _CPU_disableGlobalInts
003f3a27   _CPU_disableInt
003f3a24   _CPU_disableInts
003f3a21   _CPU_disableProtectedRegisterWrite
003f3a1e   _CPU_enableDebugInt
003f3a1b   _CPU_enableGlobalInts
003f3a17   _CPU_enableInt
003f3a14   _CPU_enableProtectedRegisterWrite
003f3a0e   _CPU_init
003f29c2   _CTRL_getGains
003f29bb   _CTRL_getIab_filt_pu
003f29b4   _CTRL_getIab_in_pu
003f29ad   _CTRL_getIdq_in_pu
003f29a6   _CTRL_getIdq_ref_pu
003f29a3   _CTRL_getMagCurrent_pu
003f29a0   _CTRL_getMaximumSpeed_pu
003f2999   _CTRL_getVab_in_pu
003f2992   _CTRL_getVab_out_pu
003f298b   _CTRL_getVdq_out_pu
003f0e8a   _CTRL_getVersion
003f2978   _CTRL_getWaitTimes
003f268a   _CTRL_run
003f0dbe   _CTRL_runTraj
003f0658   _CTRL_setEstParams
003f2412   _CTRL_setGains
003f2687   _CTRL_setMagCurrent_pu
003f2684   _CTRL_setMaximumSpeed_pu
003f243a   _CTRL_setParams
003f23ff   _CTRL_setSpd_ref_krpm
003f23fc   _CTRL_setSpd_ref_pu
003f0525   _CTRL_setUserMotorParams
003f23e9   _CTRL_setWaitTimes
003f23e0   _CTRL_setup
003f23c5   _CTRL_setupClarke_I
003f23b0   _CTRL_setupClarke_V
003f033d   _CTRL_setupCtrl
003f019f   _CTRL_setupEstIdleState
003f0164   _CTRL_setupEstOnLineState
003f0000   _CTRL_setupTraj
003f22ff   _CTRL_updateState
003fd9e5   _EST_Angle_setParams
003fd922   _EST_Dir_setParams
003fd1e8   _EST_EPL_setParams
003fd9b0   _EST_Flux_ab_setParams
003fd514   _EST_Flux_computeOneOverFlux_qFmt
003fda3b   _EST_Flux_dq_setParams
003fd49c   _EST_Flux_getRatedFlux_pu
003fd42e   _EST_Flux_setParams
003fd41e   _EST_Flux_setWaitTimes
003fd95c   _EST_Freq_setParams
003fd1be   _EST_I_setParams
003fd9cc   _EST_Iab_setParams
003fda1e   _EST_Idq_setParams
003fd3a8   _EST_Ls_getLs_d
003fd2b6   _EST_Ls_setLs_d
003fd284   _EST_Ls_setLs_q
003fd247   _EST_Ls_setParams
003fd237   _EST_Ls_setWaitTimes
003fda0d   _EST_OneOverDcBus_setParams
003fd7e9   _EST_Rr_setParams
003fd788   _EST_Rr_setRr
003fd57d   _EST_RsOnLine_setFilterParams
003fd54d   _EST_RsOnLine_setParams
003fd767   _EST_Rs_getRs
003fd725   _EST_Rs_setParams
003fd6c3   _EST_Rs_setRs
003fd6b3   _EST_Rs_setWaitTimes
003fd1af   _EST_TRAJ_setParams
003fda53   _EST_Vab_setParams
003fda47   _EST_Vback_ab_setParams
003fda5e   _EST_Vback_dq_setParams
003fd9fb   _EST_Vdq_setParams
003fc092   _EST_computeDirection_qFmt
003fd16d   _EST_computeL
003fd14d   _EST_computeR
003fd145   _EST_doCurrentCtrl
003fd13d   _EST_doSpeedCtrl
003fd129   _EST_genOutputLimits_Pid_Id
003fd0ff   _EST_genOutputLimits_Pid_Iq
003fc5f2   _EST_getAngle_pu
003fd090   _EST_getFlux_pu
003fd073   _EST_getFm_pu
003fc062   _EST_getFullScaleCurrent
003fd043   _EST_getFullScaleFlux
003fcc5c   _EST_getFullScaleFreq
003fc4d1   _EST_getFullScaleInductance
003fc08e   _EST_getFullScaleVoltage
003fd034   _EST_getIab_pu
003fcfe4   _EST_getLs_coarse_max_pu
003fcfda   _EST_getLs_d_H
003fcfd5   _EST_getLs_d_pu
003fcfb3   _EST_getLs_q_H
003fcfae   _EST_getLs_q_pu
003fcf98   _EST_getOneOverDcBus_pu
003fcef8   _EST_getRs_Ohm
003fc000   _EST_getState
003fce3d   _EST_get_krpm_to_pu_sf
003fcd72   _EST_isError
003fcd6b   _EST_isIdle
003fcd64   _EST_isLockRotor
003fc05e   _EST_isMotorIdentified
003fcd5d   _EST_isOnLine
003fc5ed   _EST_resetCounter_ctrl
003fc05a   _EST_resetCounter_state
003fcc60   _EST_run
003fc5c5   _EST_setFlag_enableFluxControl
003fc5bc   _EST_setFlag_enableRsOnLine
003fc5b8   _EST_setFlag_enableRsRecalc
003fc5b4   _EST_setFlag_estComplete
003fc5b0   _EST_setFlag_updateRs
003fc594   _EST_setFullScaleCurrent
003fc58b   _EST_setFullScaleFreq
003fc573   _EST_setFullScaleResistance
003fc56f   _EST_setFullScaleVoltage
003fc569   _EST_setIdRated_pu
003fc565   _EST_setId_ref_pu
003fc55f   _EST_setIdle
003fc54c   _EST_setIdle_all
003fc548   _EST_setIq_ref_pu
003fc52a   _EST_setLs_d_pu
003fc4d6   _EST_setLs_qFmt
003fc4cc   _EST_setLs_q_pu
003fc4bb   _EST_setMotorParams
003fc3fd   _EST_setRs_pu
003fc3e2   _EST_setWaitTimes
003fc3da   _EST_updateId_ref_pu
003fc0f8   _EST_updateState
003fc002   _EST_useZeroIq_ref
003f3a70   _FLASH_clear3VStatus
0000802c   _FLASH_disablePipelineMode
00008026   _FLASH_enablePipelineMode
003f3a6d   _FLASH_get3VStatus
003f3a6a   _FLASH_getActiveWaitCount
003f3a66   _FLASH_getActiveWaitStatus
003f3a63   _FLASH_getPowerMode
003f3a60   _FLASH_getStandbyWaitCount
003f3a5c   _FLASH_getStandbyWaitStatus
003f3a56   _FLASH_init
00008021   _FLASH_setActiveWaitCount
0000801a   _FLASH_setNumPagedReadWaitStates
00008013   _FLASH_setNumRandomReadWaitStates
0000800c   _FLASH_setOtpWaitStates
00008005   _FLASH_setPowerMode
00008000   _FLASH_setStandbyWaitCount
003f31c9   _GPIO_getData
003f31c2   _GPIO_getPortData
003f31bc   _GPIO_init
003f31b2   _GPIO_lpmSelect
003f318c   _GPIO_read
003f3171   _GPIO_setDirection
003f3166   _GPIO_setExtInt
003f3153   _GPIO_setHigh
003f3140   _GPIO_setLow
003f310f   _GPIO_setMode
003f3103   _GPIO_setPortData
003f30e8   _GPIO_setPullUp
003f30af   _GPIO_setQualification
003f3084   _GPIO_setQualificationPeriod
003f3071   _GPIO_toggle
003f1d91   _HAL_AdcCalChanSelect
003f1de8   _HAL_AdcCalConversion
003f1f40   _HAL_AdcOffsetSelfCal
003f1f6f   _HAL_GetBoardNum
003f2069   _HAL_OscTempComp
003f20bc   _HAL_cal
003f22fb   _HAL_disableGlobalInts
003f21ec   _HAL_disableWdog
003f22ea   _HAL_enableAdcInts
003f22e6   _HAL_enableDebugInt
003f22e2   _HAL_enableGlobalInts
003f22d1   _HAL_enablePwmInt
003f22b4   _HAL_enableSciaInt
003f22a2   _HAL_enableTimer1Int
003f1fd7   _HAL_getOscTrimValue
003f21f1   _HAL_init
003f1feb   _HAL_osc1Comp
003f202a   _HAL_osc2Comp
003f21d7   _HAL_setDacParameters
003f20d6   _HAL_setParams
003f1c9b   _HAL_setupAdcs
003f1c7f   _HAL_setupClks
003f1c63   _HAL_setupFaults
00008032   _HAL_setupFlash
003f1bc5   _HAL_setupGpios
003f1ba9   _HAL_setupI2cs
003f1b74   _HAL_setupPeripheralClks
003f1b58   _HAL_setupPie
003f1b1a   _HAL_setupPll
003f1a52   _HAL_setupPwms
003f1a10   _HAL_setupScia
003f19da   _HAL_setupSpiA
003f1989   _HAL_setupTimers
003f3674   _I2C_MasterControl
003f36b6   _I2C_RdData
003f36a8   _I2C_SendData
003f3679   _I2C_WrData
003f3670   _I2C_clearRxFifoInt
003f366c   _I2C_clearTxFifoInt
003f3668   _I2C_disable
003f3664   _I2C_disableFifo
003f3661   _I2C_disableInt
003f365d   _I2C_enable
003f3659   _I2C_enableFifo
003f3657   _I2C_enableInt
003f3655   _I2C_getData
003f3652   _I2C_getIntSource
003f3650   _I2C_getStatus
003f364a   _I2C_init
003f3646   _I2C_isMasterBusy
003f3643   _I2C_putData
003f363f   _I2C_resetRxFifo
003f363b   _I2C_resetTxFifo
003f3637   _I2C_setMaster
003f3635   _I2C_setMasterSlaveAddr
003f362c   _I2C_setSlave
003f3630   _I2C_setSlaveAddress
003f3625   _I2C_setupClock
003f2f47   _MB_CRC16
003f301b   _MB_FuncReadHoldingRegister
003f301a   _MB_FuncWriteHoldingRegister
003f3030   _MB_Poll
003f300d   _MB_PortEventGet
003f300a   _MB_PortEventInit
003f2ee7   _MB_PortEventPost
003f2eed   _MB_PortSerialEnable
003f2faf   _MB_PortSerialGetByte
003f2f06   _MB_PortSerialPutByte
003f2f32   _MB_PortTimersDisable
003f2fb8   _MB_PortTimersEnable
003f2ff8   _MB_RTUReceive
003f2fc5   _MB_RTUReceiveFSM
003f2f69   _MB_RTUSend
003f2f36   _MB_RTUTimerFSM
003f2f0b   _MB_RTUTransmitFSM
003f2ee1   _MB_init
003f2edf   _MB_setGpioHandle
003f2edd   _MB_setSciHandle
003f2edb   _MB_setTimHandle
000001c0   _MOTOR_DATA
0000000a   _MyMBhandle
00000040   _My_ModBus
003fd8c3   _OFFSET_init
003fd8ad   _OFFSET_setBeta
003fd89c   _OFFSET_setInitCond
003fd89a   _OFFSET_setOffset
003f39de   _OSC_init
003f39d1   _OSC_setCoarseTrim
003f39c0   _OSC_setFineTrim
003f39b7   _OSC_setTrim
003f352c   _PIE_clearAllFlags
003f3529   _PIE_clearAllInts
003f3526   _PIE_disable
003f351c   _PIE_disableAllInts
003f3518   _PIE_disableCaptureInt
003f350b   _PIE_disableExtInt
003f3500   _PIE_disableInt
003f34fd   _PIE_enable
003f34e1   _PIE_enableAdcInt
003f34dd   _PIE_enableCaptureInt
003f34ba   _PIE_enableExtInt
003f34b0   _PIE_enableInt
003f34ab   _PIE_enablePwmInt
003f34a6   _PIE_enablePwmTzInt
003f34a3   _PIE_enableTimer0Int
003f3499   _PIE_forceInt
003f3491   _PIE_getExtIntCount
003f348a   _PIE_getIntEnables
003f3483   _PIE_getIntFlags
003f3ae6   _PIE_illegalIsr
003f347c   _PIE_init
003f346d   _PIE_registerPieIntHandler
003f3462   _PIE_registerSystemIntHandler
003f3456   _PIE_setDefaultIntVectorTable
003f3446   _PIE_setExtIntPolarity
003f3435   _PIE_unregisterPieIntHandler
003f3428   _PIE_unregisterSystemIntHandler
003f38ab   _PLL_disable
003f38a5   _PLL_disableClkDetect
003f389f   _PLL_disableNormRdy
003f3899   _PLL_disableOsc
003f3893   _PLL_enable
003f388d   _PLL_enableClkDetect
003f3887   _PLL_enableNormRdy
003f3881   _PLL_enableOsc
003f387d   _PLL_getClkFreq
003f387a   _PLL_getClkStatus
003f3877   _PLL_getDivideSelect
003f3874   _PLL_getLockStatus
003f386e   _PLL_init
003f3868   _PLL_resetClkDetect
003f3862   _PLL_setClkFreq
003f385b   _PLL_setDivideSelect
003f3856   _PLL_setLockPeriod
003f2cdd   _PWM_clearTripZone
003f2cda   _PWM_decrementDeadBandFallingEdgeDelay
003f2cd7   _PWM_decrementDeadBandRisingEdgeDelay
003f2cd0   _PWM_disableAutoConvert
003f2ccc   _PWM_disableChopping
003f2cc9   _PWM_disableCounterLoad
003f2cc6   _PWM_disableDeadBand
003f2cc2   _PWM_disableDeadBandHalfCycle
003f2cbb   _PWM_disableDigitalCompareBlankingWindow
003f2cb4   _PWM_disableDigitalCompareBlankingWindowInversion
003f2cad   _PWM_disableHrPeriod
003f2ca6   _PWM_disableHrPhaseSync
003f2ca2   _PWM_disableInt
003f2c9e   _PWM_disableSocAPulse
003f2c9a   _PWM_disableSocBPulse
003f2c93   _PWM_disableTripZoneInt
003f2c8c   _PWM_disableTripZoneSrc
003f2c86   _PWM_disableTripZones
003f2c7f   _PWM_enableAutoConvert
003f2c7b   _PWM_enableChopping
003f2c78   _PWM_enableCounterLoad
003f2c74   _PWM_enableDeadBandHalfCycle
003f2c6d   _PWM_enableDigitalCompareBlankingWindow
003f2c66   _PWM_enableDigitalCompareBlankingWindowInversion
003f2c5f   _PWM_enableHrPeriod
003f2c58   _PWM_enableHrPhaseSync
003f2c54   _PWM_enableInt
003f2c50   _PWM_enableSocAPulse
003f2c4c   _PWM_enableSocBPulse
003f2c46   _PWM_enableTripZoneInt
003f2c40   _PWM_enableTripZoneSrc
003f2c3d   _PWM_getDeadBandFallingEdgeDelay
003f2c3a   _PWM_getDeadBandRisingEdgeDelay
003f2c36   _PWM_getIntCount
003f2c32   _PWM_getShadowStatus_CmpA
003f2c2e   _PWM_getShadowStatus_CmpB
003f2c29   _PWM_getSocACount
003f2c24   _PWM_getSocBCount
003f2c21   _PWM_incrementDeadBandFallingEdgeDelay
003f2c1e   _PWM_incrementDeadBandRisingEdgeDelay
003f2c18   _PWM_init
003f2c11   _PWM_setActionQualContSWForce_PwmA
003f2c08   _PWM_setActionQualContSWForce_PwmB
003f2bff   _PWM_setActionQual_CntDown_CmpA_PwmA
003f2bf6   _PWM_setActionQual_CntDown_CmpA_PwmB
003f2bed   _PWM_setActionQual_CntDown_CmpB_PwmA
003f2be4   _PWM_setActionQual_CntDown_CmpB_PwmB
003f2bdb   _PWM_setActionQual_CntUp_CmpA_PwmA
003f2bd2   _PWM_setActionQual_CntUp_CmpA_PwmB
003f2bc9   _PWM_setActionQual_CntUp_CmpB_PwmA
003f2bc0   _PWM_setActionQual_CntUp_CmpB_PwmB
003f2bb7   _PWM_setActionQual_Period_PwmA
003f2bae   _PWM_setActionQual_Period_PwmB
003f2ba7   _PWM_setActionQual_Zero_PwmA
003f2ba0   _PWM_setActionQual_Zero_PwmB
003f2b99   _PWM_setChoppingClkFreq
003f2b92   _PWM_setChoppingDutyCycle
003f2b8b   _PWM_setChoppingPulseWidth
003f2b87   _PWM_setClkDiv
003f2b85   _PWM_setCount
003f2b81   _PWM_setCounterMode
003f2b7e   _PWM_setDeadBandFallingEdgeDelay
003f2b77   _PWM_setDeadBandInputMode
003f2b70   _PWM_setDeadBandOutputMode
003f2b69   _PWM_setDeadBandPolarity
003f2b66   _PWM_setDeadBandRisingEdgeDelay
003f2b4f   _PWM_setDigitalCompareAEvent1
003f2b3f   _PWM_setDigitalCompareAEvent2
003f2b28   _PWM_setDigitalCompareBEvent1
003f2b18   _PWM_setDigitalCompareBEvent2
003f2b0c   _PWM_setDigitalCompareBlankingPulse
003f2b09   _PWM_setDigitalCompareFilterOffset
003f2aff   _PWM_setDigitalCompareFilterSource
003f2afc   _PWM_setDigitalCompareFilterWindow
003f2aed   _PWM_setDigitalCompareInput
003f2ae9   _PWM_setHighSpeedClkDiv
003f2adf   _PWM_setHrControlMode
003f2ad5   _PWM_setHrEdgeMode
003f2acb   _PWM_setHrShadowMode
003f2ac4   _PWM_setIntMode
003f2abd   _PWM_setIntPeriod
003f2ab9   _PWM_setLoadMode_CmpA
003f2ab3   _PWM_setLoadMode_CmpB
003f2ab1   _PWM_setPeriod
003f2aac   _PWM_setPeriodHr
003f2aa8   _PWM_setPeriodLoad
003f2aa6   _PWM_setPhase
003f2aa2   _PWM_setPhaseDir
003f2a9e   _PWM_setRunMode
003f2a98   _PWM_setShadowMode_CmpA
003f2a92   _PWM_setShadowMode_CmpB
003f2a89   _PWM_setSocAPeriod
003f2a7f   _PWM_setSocAPulseSrc
003f2a76   _PWM_setSocBPeriod
003f2a6d   _PWM_setSocBPulseSrc
003f2a6a   _PWM_setSwSync
003f2a66   _PWM_setSyncMode
003f2a5c   _PWM_setTripZoneDCEventSelect_DCAEVT1
003f2a50   _PWM_setTripZoneDCEventSelect_DCAEVT2
003f2a44   _PWM_setTripZoneDCEventSelect_DCBEVT1
003f2a38   _PWM_setTripZoneDCEventSelect_DCBEVT2
003f2a2c   _PWM_setTripZoneState_DCAEVT1
003f2a20   _PWM_setTripZoneState_DCAEVT2
003f2a14   _PWM_setTripZoneState_DCBEVT1
003f2a08   _PWM_setTripZoneState_DCBEVT2
003f29fe   _PWM_setTripZoneState_TZA
003f29f2   _PWM_setTripZoneState_TZB
003f38f5   _PWR_disableBrownOutReset
003f38ea   _PWR_disableWatchDogInt
003f38e7   _PWR_enableBrownOutReset
003f38dc   _PWR_enableWatchDogInt
003f38d5   _PWR_init
003f38c3   _PWR_setLowPowerMode
003f38b1   _PWR_setNumStandByClocks
003f3b3f   _RamfuncsLoadEnd
003f3aeb   _RamfuncsLoadStart
00008000   _RamfuncsRunStart
003f3621   _SCI_clearAutoBaudDetect
003f361d   _SCI_clearRxFifoInt
003f3619   _SCI_clearRxFifoOvf
003f3615   _SCI_clearTxFifoInt
003f3612   _SCI_disable
003f360e   _SCI_disableAutoBaudAlign
003f360b   _SCI_disableLoopBack
003f3608   _SCI_disableParity
003f3605   _SCI_disableRx
003f3602   _SCI_disableRxErrorInt
003f35fe   _SCI_disableRxFifoInt
003f35fb   _SCI_disableRxInt
003f35f8   _SCI_disableSleep
003f35f5   _SCI_disableTx
003f35f1   _SCI_disableTxFifoEnh
003f35ed   _SCI_disableTxFifoInt
003f35ea   _SCI_disableTxInt
003f35e7   _SCI_disableTxWake
003f35e4   _SCI_enable
003f35e0   _SCI_enableAutoBaudAlign
003f35dc   _SCI_enableChannels
003f35d9   _SCI_enableLoopBack
003f35d6   _SCI_enableParity
003f35d3   _SCI_enableRx
003f35d0   _SCI_enableRxErrorInt
003f35cc   _SCI_enableRxFifo
003f35c8   _SCI_enableRxFifoInt
003f35c5   _SCI_enableRxInt
003f35c2   _SCI_enableSleep
003f35bf   _SCI_enableTx
003f35bb   _SCI_enableTxFifo
003f35b7   _SCI_enableTxFifoEnh
003f35b3   _SCI_enableTxFifoInt
003f35b0   _SCI_enableTxInt
003f35ad   _SCI_enableTxWake
003f35a9   _SCI_getDataBlocking
003f35a0   _SCI_getDataNonBlocking
003f359c   _SCI_getRxFifoStatus
003f3598   _SCI_getTxFifoStatus
003f3592   _SCI_init
003f358d   _SCI_putDataBlocking
003f3585   _SCI_putDataNonBlocking
003f3582   _SCI_reset
003f3578   _SCI_resetChannels
003f356e   _SCI_resetRxFifo
003f3564   _SCI_resetTxFifo
003f355e   _SCI_setBaudRate
003f355a   _SCI_setCharLength
003f3556   _SCI_setMode
003f3552   _SCI_setNumStopBits
003f354e   _SCI_setParity
003f354b   _SCI_setPriority
003f3544   _SCI_setRxFifoIntLevel
003f353d   _SCI_setTxDelay
003f3536   _SCI_setTxFifoIntLevel
003f3852   _SPI_clearRxFifoInt
003f384e   _SPI_clearRxFifoOvf
003f384a   _SPI_clearTxFifoInt
003f3847   _SPI_disableInt
003f3844   _SPI_disableLoopBack
003f3841   _SPI_disableOverRunInt
003f383d   _SPI_disableRxFifoInt
003f383a   _SPI_disableTx
003f3836   _SPI_disableTxFifoEnh
003f3832   _SPI_disableTxFifoInt
003f382f   _SPI_enable
003f382b   _SPI_enableChannels
003f3828   _SPI_enableInt
003f3825   _SPI_enableLoopBack
003f3822   _SPI_enableOverRunInt
003f381e   _SPI_enableRxFifo
003f381a   _SPI_enableRxFifoInt
003f3817   _SPI_enableTx
003f3813   _SPI_enableTxFifo
003f380f   _SPI_enableTxFifoEnh
003f380b   _SPI_enableTxFifoInt
003f3808   _SPI_getIntFlagStatus
003f3804   _SPI_getRxFifoStatus
003f3801   _SPI_getTxBufferStatus
003f37fd   _SPI_getTxFifoStatus
003f37f7   _SPI_init
003f37f4   _SPI_reset
003f37f0   _SPI_resetChannels
003f37ec   _SPI_resetRxFifo
003f37e8   _SPI_resetTxFifo
003f37e6   _SPI_setBaudRate
003f37e2   _SPI_setCharLength
003f37e0   _SPI_setClkPhase
003f37dc   _SPI_setClkPolarity
003f37da   _SPI_setMode
003f37d3   _SPI_setPriority
003f37cc   _SPI_setRxFifoIntLevel
003f37c5   _SPI_setSteInv
003f37be   _SPI_setSuspend
003f37b7   _SPI_setTriWire
003f37b4   _SPI_setTxDelay
003f37ad   _SPI_setTxFifoIntLevel
003f39b4   _TIMER_clearFlag
003f39b1   _TIMER_disableInt
003f39ae   _TIMER_enableInt
003f39ab   _TIMER_getStatus
003f39a5   _TIMER_init
003f3997   _TIMER_setDecimationFactor
003f3993   _TIMER_setEmulationMode
003f3985   _TIMER_setPreScaler
003f3982   _TIMER_setReloadBit
003f340a   _Timer1ISR
003f33de   _UART_RxISR
003f33b9   _UART_TxReadyISR
003f18d8   _USER_calcPIgains
003f18d7   _USER_checkDefErrors
003f132a   _USER_checkForErrors
003f131c   _USER_computeFlux
003f12bd   _USER_computeFlux_pu_to_VpHz_sf
003f125e   _USER_computeFlux_pu_to_Wb_sf
003f11ea   _USER_computeTorque_Flux_Iq_pu_to_Nm_sf
003f1188   _USER_computeTorque_Ls_Id_Iq_pu_to_Nm_sf
003f113c   _USER_computeTorque_Nm
003f10e5   _USER_computeTorque_lbin
003f10e2   _USER_getErrorCode
003f10df   _USER_setErrorCode
003f10dc   _USER_setMotorIDs
003f1033   _USER_setMotorParams
003f0fa7   _USER_setParams
003f0f22   _USER_setWaitTimeParams
003f0e94   _USER_softwareUpdate1p6
003f3936   _WDOG_clearCounter
003f392e   _WDOG_disable
003f3928   _WDOG_disableInt
003f3922   _WDOG_disableOverRide
003f3919   _WDOG_enable
003f3913   _WDOG_enableInt
003f390d   _WDOG_enableOverRide
003f390a   _WDOG_getIntStatus
003f3904   _WDOG_init
003f3902   _WDOG_setCount
003f38f8   _WDOG_setPreScaler
003ff854   __IQ24cosPU
003fff8f   __IQ24rmpy
003ff82b   __IQ24sinPU
003ff87b   __IQ29rsmpy
003fff52   __IQ30rsmpy
003fff7b   __IQ30toF
00008b80   __STACK_END
00000200   __STACK_SIZE
00000001   __TI_args_main
000001b4   ___TI_cleanup_ptr
000001b6   ___TI_dtors_ptr
ffffffff   ___binit__
ffffffff   ___c_args__
003f3b3f   ___cinit__
003f3aeb   ___etext__
ffffffff   ___pinit__
003f0000   ___text__
003f3a93   __args_main
000001b2   __lock
003f3add   __nop
003f3ad9   __register_lock
003f3ad5   __register_unlock
00008980   __stack
000001b0   __unlock
003f3aac   _abort
00000000   _asdf
003f6000   _aucCRCHi
003f6100   _aucCRCLo
003f393e   _c_int00
000001b8   _cpu
003f3aae   _exit
00000012   _gAdcData
00000004   _gLEDcnt
00000080   _gMotorVars
0000000c   _gPwmData
00000100   _gUserParams
00000240   _hal
00000006   _halHandle
003fda88   _log
003f370b   _main
003f3304   _mainISR
003f3ac5   _memCopy
003fde82   _modf
003fdd64   _pow
00000001   _rdataA
003f36fc   _scia_msg
00000008   _sdataA
00008050   _usDelay
ffffffff   binit
003f3b3f   cinit
003f7ff6   code_start
003f3aeb   etext
ffffffff   pinit


GLOBAL SYMBOLS: SORTED BY Symbol Address 

address    name
--------   ----
00000000   _asdf
00000001   __TI_args_main
00000001   _rdataA
00000004   _gLEDcnt
00000006   _halHandle
00000008   _sdataA
0000000a   _MyMBhandle
0000000c   _gPwmData
00000012   _gAdcData
00000040   _My_ModBus
00000080   _gMotorVars
00000100   _gUserParams
000001b0   __unlock
000001b2   __lock
000001b4   ___TI_cleanup_ptr
000001b6   ___TI_dtors_ptr
000001b8   _cpu
000001c0   _MOTOR_DATA
00000200   __STACK_SIZE
00000240   _hal
00008000   _FLASH_setStandbyWaitCount
00008000   _RamfuncsRunStart
00008005   _FLASH_setPowerMode
0000800c   _FLASH_setOtpWaitStates
00008013   _FLASH_setNumRandomReadWaitStates
0000801a   _FLASH_setNumPagedReadWaitStates
00008021   _FLASH_setActiveWaitCount
00008026   _FLASH_enablePipelineMode
0000802c   _FLASH_disablePipelineMode
00008032   _HAL_setupFlash
00008050   _usDelay
00008980   __stack
00008b80   __STACK_END
003f0000   .text
003f0000   _CTRL_setupTraj
003f0000   ___text__
003f0164   _CTRL_setupEstOnLineState
003f019f   _CTRL_setupEstIdleState
003f033d   _CTRL_setupCtrl
003f0525   _CTRL_setUserMotorParams
003f0658   _CTRL_setEstParams
003f0dbe   _CTRL_runTraj
003f0e8a   _CTRL_getVersion
003f0e94   _USER_softwareUpdate1p6
003f0f22   _USER_setWaitTimeParams
003f0fa7   _USER_setParams
003f1033   _USER_setMotorParams
003f10dc   _USER_setMotorIDs
003f10df   _USER_setErrorCode
003f10e2   _USER_getErrorCode
003f10e5   _USER_computeTorque_lbin
003f113c   _USER_computeTorque_Nm
003f1188   _USER_computeTorque_Ls_Id_Iq_pu_to_Nm_sf
003f11ea   _USER_computeTorque_Flux_Iq_pu_to_Nm_sf
003f125e   _USER_computeFlux_pu_to_Wb_sf
003f12bd   _USER_computeFlux_pu_to_VpHz_sf
003f131c   _USER_computeFlux
003f132a   _USER_checkForErrors
003f18d7   _USER_checkDefErrors
003f18d8   _USER_calcPIgains
003f1989   _HAL_setupTimers
003f19da   _HAL_setupSpiA
003f1a10   _HAL_setupScia
003f1a52   _HAL_setupPwms
003f1b1a   _HAL_setupPll
003f1b58   _HAL_setupPie
003f1b74   _HAL_setupPeripheralClks
003f1ba9   _HAL_setupI2cs
003f1bc5   _HAL_setupGpios
003f1c63   _HAL_setupFaults
003f1c7f   _HAL_setupClks
003f1c9b   _HAL_setupAdcs
003f1d91   _HAL_AdcCalChanSelect
003f1de8   _HAL_AdcCalConversion
003f1f40   _HAL_AdcOffsetSelfCal
003f1f6f   _HAL_GetBoardNum
003f1fd7   _HAL_getOscTrimValue
003f1feb   _HAL_osc1Comp
003f202a   _HAL_osc2Comp
003f2069   _HAL_OscTempComp
003f20bc   _HAL_cal
003f20d6   _HAL_setParams
003f21d7   _HAL_setDacParameters
003f21ec   _HAL_disableWdog
003f21f1   _HAL_init
003f22a2   _HAL_enableTimer1Int
003f22b4   _HAL_enableSciaInt
003f22d1   _HAL_enablePwmInt
003f22e2   _HAL_enableGlobalInts
003f22e6   _HAL_enableDebugInt
003f22ea   _HAL_enableAdcInts
003f22fb   _HAL_disableGlobalInts
003f22ff   _CTRL_updateState
003f23b0   _CTRL_setupClarke_V
003f23c5   _CTRL_setupClarke_I
003f23e0   _CTRL_setup
003f23e9   _CTRL_setWaitTimes
003f23fc   _CTRL_setSpd_ref_pu
003f23ff   _CTRL_setSpd_ref_krpm
003f2412   _CTRL_setGains
003f243a   _CTRL_setParams
003f2684   _CTRL_setMaximumSpeed_pu
003f2687   _CTRL_setMagCurrent_pu
003f268a   _CTRL_run
003f2978   _CTRL_getWaitTimes
003f298b   _CTRL_getVdq_out_pu
003f2992   _CTRL_getVab_out_pu
003f2999   _CTRL_getVab_in_pu
003f29a0   _CTRL_getMaximumSpeed_pu
003f29a3   _CTRL_getMagCurrent_pu
003f29a6   _CTRL_getIdq_ref_pu
003f29ad   _CTRL_getIdq_in_pu
003f29b4   _CTRL_getIab_in_pu
003f29bb   _CTRL_getIab_filt_pu
003f29c2   _CTRL_getGains
003f29f2   _PWM_setTripZoneState_TZB
003f29fe   _PWM_setTripZoneState_TZA
003f2a08   _PWM_setTripZoneState_DCBEVT2
003f2a14   _PWM_setTripZoneState_DCBEVT1
003f2a20   _PWM_setTripZoneState_DCAEVT2
003f2a2c   _PWM_setTripZoneState_DCAEVT1
003f2a38   _PWM_setTripZoneDCEventSelect_DCBEVT2
003f2a44   _PWM_setTripZoneDCEventSelect_DCBEVT1
003f2a50   _PWM_setTripZoneDCEventSelect_DCAEVT2
003f2a5c   _PWM_setTripZoneDCEventSelect_DCAEVT1
003f2a66   _PWM_setSyncMode
003f2a6a   _PWM_setSwSync
003f2a6d   _PWM_setSocBPulseSrc
003f2a76   _PWM_setSocBPeriod
003f2a7f   _PWM_setSocAPulseSrc
003f2a89   _PWM_setSocAPeriod
003f2a92   _PWM_setShadowMode_CmpB
003f2a98   _PWM_setShadowMode_CmpA
003f2a9e   _PWM_setRunMode
003f2aa2   _PWM_setPhaseDir
003f2aa6   _PWM_setPhase
003f2aa8   _PWM_setPeriodLoad
003f2aac   _PWM_setPeriodHr
003f2ab1   _PWM_setPeriod
003f2ab3   _PWM_setLoadMode_CmpB
003f2ab9   _PWM_setLoadMode_CmpA
003f2abd   _PWM_setIntPeriod
003f2ac4   _PWM_setIntMode
003f2acb   _PWM_setHrShadowMode
003f2ad5   _PWM_setHrEdgeMode
003f2adf   _PWM_setHrControlMode
003f2ae9   _PWM_setHighSpeedClkDiv
003f2aed   _PWM_setDigitalCompareInput
003f2afc   _PWM_setDigitalCompareFilterWindow
003f2aff   _PWM_setDigitalCompareFilterSource
003f2b09   _PWM_setDigitalCompareFilterOffset
003f2b0c   _PWM_setDigitalCompareBlankingPulse
003f2b18   _PWM_setDigitalCompareBEvent2
003f2b28   _PWM_setDigitalCompareBEvent1
003f2b3f   _PWM_setDigitalCompareAEvent2
003f2b4f   _PWM_setDigitalCompareAEvent1
003f2b66   _PWM_setDeadBandRisingEdgeDelay
003f2b69   _PWM_setDeadBandPolarity
003f2b70   _PWM_setDeadBandOutputMode
003f2b77   _PWM_setDeadBandInputMode
003f2b7e   _PWM_setDeadBandFallingEdgeDelay
003f2b81   _PWM_setCounterMode
003f2b85   _PWM_setCount
003f2b87   _PWM_setClkDiv
003f2b8b   _PWM_setChoppingPulseWidth
003f2b92   _PWM_setChoppingDutyCycle
003f2b99   _PWM_setChoppingClkFreq
003f2ba0   _PWM_setActionQual_Zero_PwmB
003f2ba7   _PWM_setActionQual_Zero_PwmA
003f2bae   _PWM_setActionQual_Period_PwmB
003f2bb7   _PWM_setActionQual_Period_PwmA
003f2bc0   _PWM_setActionQual_CntUp_CmpB_PwmB
003f2bc9   _PWM_setActionQual_CntUp_CmpB_PwmA
003f2bd2   _PWM_setActionQual_CntUp_CmpA_PwmB
003f2bdb   _PWM_setActionQual_CntUp_CmpA_PwmA
003f2be4   _PWM_setActionQual_CntDown_CmpB_PwmB
003f2bed   _PWM_setActionQual_CntDown_CmpB_PwmA
003f2bf6   _PWM_setActionQual_CntDown_CmpA_PwmB
003f2bff   _PWM_setActionQual_CntDown_CmpA_PwmA
003f2c08   _PWM_setActionQualContSWForce_PwmB
003f2c11   _PWM_setActionQualContSWForce_PwmA
003f2c18   _PWM_init
003f2c1e   _PWM_incrementDeadBandRisingEdgeDelay
003f2c21   _PWM_incrementDeadBandFallingEdgeDelay
003f2c24   _PWM_getSocBCount
003f2c29   _PWM_getSocACount
003f2c2e   _PWM_getShadowStatus_CmpB
003f2c32   _PWM_getShadowStatus_CmpA
003f2c36   _PWM_getIntCount
003f2c3a   _PWM_getDeadBandRisingEdgeDelay
003f2c3d   _PWM_getDeadBandFallingEdgeDelay
003f2c40   _PWM_enableTripZoneSrc
003f2c46   _PWM_enableTripZoneInt
003f2c4c   _PWM_enableSocBPulse
003f2c50   _PWM_enableSocAPulse
003f2c54   _PWM_enableInt
003f2c58   _PWM_enableHrPhaseSync
003f2c5f   _PWM_enableHrPeriod
003f2c66   _PWM_enableDigitalCompareBlankingWindowInversion
003f2c6d   _PWM_enableDigitalCompareBlankingWindow
003f2c74   _PWM_enableDeadBandHalfCycle
003f2c78   _PWM_enableCounterLoad
003f2c7b   _PWM_enableChopping
003f2c7f   _PWM_enableAutoConvert
003f2c86   _PWM_disableTripZones
003f2c8c   _PWM_disableTripZoneSrc
003f2c93   _PWM_disableTripZoneInt
003f2c9a   _PWM_disableSocBPulse
003f2c9e   _PWM_disableSocAPulse
003f2ca2   _PWM_disableInt
003f2ca6   _PWM_disableHrPhaseSync
003f2cad   _PWM_disableHrPeriod
003f2cb4   _PWM_disableDigitalCompareBlankingWindowInversion
003f2cbb   _PWM_disableDigitalCompareBlankingWindow
003f2cc2   _PWM_disableDeadBandHalfCycle
003f2cc6   _PWM_disableDeadBand
003f2cc9   _PWM_disableCounterLoad
003f2ccc   _PWM_disableChopping
003f2cd0   _PWM_disableAutoConvert
003f2cd7   _PWM_decrementDeadBandRisingEdgeDelay
003f2cda   _PWM_decrementDeadBandFallingEdgeDelay
003f2cdd   _PWM_clearTripZone
003f2ce3   _ADC_setupSocTrigSrc
003f2d0e   _ADC_setVoltRefSrc
003f2d20   _ADC_setTempSensorSrc
003f2d32   _ADC_setSocTrigSrc
003f2d45   _ADC_setSocSampleDelay
003f2d58   _ADC_setSocFrcWord
003f2d5f   _ADC_setSocFrc
003f2d69   _ADC_setSocChanNumber
003f2d7c   _ADC_setSampleOverlapMode
003f2d91   _ADC_setSampleMode
003f2da9   _ADC_setOffTrim
003f2db0   _ADC_setIntSrc
003f2dcd   _ADC_setIntPulseGenMode
003f2ddf   _ADC_setIntMode
003f2dfc   _ADC_setDivideSelect
003f2e0e   _ADC_reset
003f2e19   _ADC_powerUp
003f2e24   _ADC_powerDown
003f2e2f   _ADC_init
003f2e36   _ADC_getDivideSelect
003f2e3b   _ADC_enableVoltRefLoConv
003f2e46   _ADC_enableRefBuffers
003f2e51   _ADC_enableNoOverlapMode
003f2e5c   _ADC_enableInt
003f2e73   _ADC_enableBandGap
003f2e7e   _ADC_enable
003f2e89   _ADC_disableVoltRefLoConv
003f2e94   _ADC_disableRefBuffers
003f2e9f   _ADC_disableNoOverlapMode
003f2eaa   _ADC_disableInt
003f2ec5   _ADC_disableBandGap
003f2ed0   _ADC_disable
003f2edb   _MB_setTimHandle
003f2edd   _MB_setSciHandle
003f2edf   _MB_setGpioHandle
003f2ee1   _MB_init
003f2ee7   _MB_PortEventPost
003f2eed   _MB_PortSerialEnable
003f2f06   _MB_PortSerialPutByte
003f2f0b   _MB_RTUTransmitFSM
003f2f32   _MB_PortTimersDisable
003f2f36   _MB_RTUTimerFSM
003f2f47   _MB_CRC16
003f2f69   _MB_RTUSend
003f2faf   _MB_PortSerialGetByte
003f2fb8   _MB_PortTimersEnable
003f2fc5   _MB_RTUReceiveFSM
003f2ff8   _MB_RTUReceive
003f300a   _MB_PortEventInit
003f300d   _MB_PortEventGet
003f301a   _MB_FuncWriteHoldingRegister
003f301b   _MB_FuncReadHoldingRegister
003f3030   _MB_Poll
003f3071   _GPIO_toggle
003f3084   _GPIO_setQualificationPeriod
003f30af   _GPIO_setQualification
003f30e8   _GPIO_setPullUp
003f3103   _GPIO_setPortData
003f310f   _GPIO_setMode
003f3140   _GPIO_setLow
003f3153   _GPIO_setHigh
003f3166   _GPIO_setExtInt
003f3171   _GPIO_setDirection
003f318c   _GPIO_read
003f31b2   _GPIO_lpmSelect
003f31bc   _GPIO_init
003f31c2   _GPIO_getPortData
003f31c9   _GPIO_getData
003f31d9   _CLK_setXClkInSrc
003f31e0   _CLK_setWatchDogSrc
003f31e7   _CLK_setTimer2Src
003f31ee   _CLK_setTimer2PreScale
003f31f5   _CLK_setOscSrc
003f31fc   _CLK_setOsc2Src
003f3203   _CLK_setLowSpdPreScaler
003f3209   _CLK_setClkOutPreScaler
003f3210   _CLK_init
003f3216   _CLK_enableWatchDogHaltMode
003f321c   _CLK_enableTbClockSync
003f3223   _CLK_enableSpiaClock
003f322a   _CLK_enableSciaClock
003f3231   _CLK_enablePwmClock
003f323a   _CLK_enableOsc2HaltMode
003f3240   _CLK_enableOsc2
003f3246   _CLK_enableOsc1HaltMode
003f324c   _CLK_enableOsc1
003f3252   _CLK_enableI2cClock
003f3259   _CLK_enableHrPwmClock
003f3260   _CLK_enableGpioInputClock
003f3267   _CLK_enableEcap1Clock
003f326e   _CLK_enableCrystalOsc
003f3274   _CLK_enableCpuTimerClock
003f327a   _CLK_enableCompClock
003f3280   _CLK_enableClkIn
003f3286   _CLK_enableAdcClock
003f328d   _CLK_disableWatchDogHaltMode
003f3293   _CLK_disableTbClockSync
003f329a   _CLK_disableSpiaClock
003f32a1   _CLK_disableSciaClock
003f32a8   _CLK_disablePwmClock
003f32b2   _CLK_disableOsc2HaltMode
003f32b8   _CLK_disableOsc2
003f32be   _CLK_disableOsc1HaltMode
003f32c4   _CLK_disableOsc1
003f32ca   _CLK_disableI2cClock
003f32d1   _CLK_disableHrPwmClock
003f32d8   _CLK_disableGpioInputClock
003f32df   _CLK_disableEcap1Clock
003f32e6   _CLK_disableCrystalOsc
003f32ec   _CLK_disableCpuTimerClock
003f32f3   _CLK_disableCompClock
003f32f7   _CLK_disableClkIn
003f32fd   _CLK_disableAdcClock
003f3304   _mainISR
003f33b9   _UART_TxReadyISR
003f33de   _UART_RxISR
003f340a   _Timer1ISR
003f3428   _PIE_unregisterSystemIntHandler
003f3435   _PIE_unregisterPieIntHandler
003f3446   _PIE_setExtIntPolarity
003f3456   _PIE_setDefaultIntVectorTable
003f3462   _PIE_registerSystemIntHandler
003f346d   _PIE_registerPieIntHandler
003f347c   _PIE_init
003f3483   _PIE_getIntFlags
003f348a   _PIE_getIntEnables
003f3491   _PIE_getExtIntCount
003f3499   _PIE_forceInt
003f34a3   _PIE_enableTimer0Int
003f34a6   _PIE_enablePwmTzInt
003f34ab   _PIE_enablePwmInt
003f34b0   _PIE_enableInt
003f34ba   _PIE_enableExtInt
003f34dd   _PIE_enableCaptureInt
003f34e1   _PIE_enableAdcInt
003f34fd   _PIE_enable
003f3500   _PIE_disableInt
003f350b   _PIE_disableExtInt
003f3518   _PIE_disableCaptureInt
003f351c   _PIE_disableAllInts
003f3526   _PIE_disable
003f3529   _PIE_clearAllInts
003f352c   _PIE_clearAllFlags
003f3536   _SCI_setTxFifoIntLevel
003f353d   _SCI_setTxDelay
003f3544   _SCI_setRxFifoIntLevel
003f354b   _SCI_setPriority
003f354e   _SCI_setParity
003f3552   _SCI_setNumStopBits
003f3556   _SCI_setMode
003f355a   _SCI_setCharLength
003f355e   _SCI_setBaudRate
003f3564   _SCI_resetTxFifo
003f356e   _SCI_resetRxFifo
003f3578   _SCI_resetChannels
003f3582   _SCI_reset
003f3585   _SCI_putDataNonBlocking
003f358d   _SCI_putDataBlocking
003f3592   _SCI_init
003f3598   _SCI_getTxFifoStatus
003f359c   _SCI_getRxFifoStatus
003f35a0   _SCI_getDataNonBlocking
003f35a9   _SCI_getDataBlocking
003f35ad   _SCI_enableTxWake
003f35b0   _SCI_enableTxInt
003f35b3   _SCI_enableTxFifoInt
003f35b7   _SCI_enableTxFifoEnh
003f35bb   _SCI_enableTxFifo
003f35bf   _SCI_enableTx
003f35c2   _SCI_enableSleep
003f35c5   _SCI_enableRxInt
003f35c8   _SCI_enableRxFifoInt
003f35cc   _SCI_enableRxFifo
003f35d0   _SCI_enableRxErrorInt
003f35d3   _SCI_enableRx
003f35d6   _SCI_enableParity
003f35d9   _SCI_enableLoopBack
003f35dc   _SCI_enableChannels
003f35e0   _SCI_enableAutoBaudAlign
003f35e4   _SCI_enable
003f35e7   _SCI_disableTxWake
003f35ea   _SCI_disableTxInt
003f35ed   _SCI_disableTxFifoInt
003f35f1   _SCI_disableTxFifoEnh
003f35f5   _SCI_disableTx
003f35f8   _SCI_disableSleep
003f35fb   _SCI_disableRxInt
003f35fe   _SCI_disableRxFifoInt
003f3602   _SCI_disableRxErrorInt
003f3605   _SCI_disableRx
003f3608   _SCI_disableParity
003f360b   _SCI_disableLoopBack
003f360e   _SCI_disableAutoBaudAlign
003f3612   _SCI_disable
003f3615   _SCI_clearTxFifoInt
003f3619   _SCI_clearRxFifoOvf
003f361d   _SCI_clearRxFifoInt
003f3621   _SCI_clearAutoBaudDetect
003f3625   _I2C_setupClock
003f362c   _I2C_setSlave
003f3630   _I2C_setSlaveAddress
003f3635   _I2C_setMasterSlaveAddr
003f3637   _I2C_setMaster
003f363b   _I2C_resetTxFifo
003f363f   _I2C_resetRxFifo
003f3643   _I2C_putData
003f3646   _I2C_isMasterBusy
003f364a   _I2C_init
003f3650   _I2C_getStatus
003f3652   _I2C_getIntSource
003f3655   _I2C_getData
003f3657   _I2C_enableInt
003f3659   _I2C_enableFifo
003f365d   _I2C_enable
003f3661   _I2C_disableInt
003f3664   _I2C_disableFifo
003f3668   _I2C_disable
003f366c   _I2C_clearTxFifoInt
003f3670   _I2C_clearRxFifoInt
003f3674   _I2C_MasterControl
003f3679   _I2C_WrData
003f36a8   _I2C_SendData
003f36b6   _I2C_RdData
003f36fc   _scia_msg
003f370b   _main
003f37ad   _SPI_setTxFifoIntLevel
003f37b4   _SPI_setTxDelay
003f37b7   _SPI_setTriWire
003f37be   _SPI_setSuspend
003f37c5   _SPI_setSteInv
003f37cc   _SPI_setRxFifoIntLevel
003f37d3   _SPI_setPriority
003f37da   _SPI_setMode
003f37dc   _SPI_setClkPolarity
003f37e0   _SPI_setClkPhase
003f37e2   _SPI_setCharLength
003f37e6   _SPI_setBaudRate
003f37e8   _SPI_resetTxFifo
003f37ec   _SPI_resetRxFifo
003f37f0   _SPI_resetChannels
003f37f4   _SPI_reset
003f37f7   _SPI_init
003f37fd   _SPI_getTxFifoStatus
003f3801   _SPI_getTxBufferStatus
003f3804   _SPI_getRxFifoStatus
003f3808   _SPI_getIntFlagStatus
003f380b   _SPI_enableTxFifoInt
003f380f   _SPI_enableTxFifoEnh
003f3813   _SPI_enableTxFifo
003f3817   _SPI_enableTx
003f381a   _SPI_enableRxFifoInt
003f381e   _SPI_enableRxFifo
003f3822   _SPI_enableOverRunInt
003f3825   _SPI_enableLoopBack
003f3828   _SPI_enableInt
003f382b   _SPI_enableChannels
003f382f   _SPI_enable
003f3832   _SPI_disableTxFifoInt
003f3836   _SPI_disableTxFifoEnh
003f383a   _SPI_disableTx
003f383d   _SPI_disableRxFifoInt
003f3841   _SPI_disableOverRunInt
003f3844   _SPI_disableLoopBack
003f3847   _SPI_disableInt
003f384a   _SPI_clearTxFifoInt
003f384e   _SPI_clearRxFifoOvf
003f3852   _SPI_clearRxFifoInt
003f3856   _PLL_setLockPeriod
003f385b   _PLL_setDivideSelect
003f3862   _PLL_setClkFreq
003f3868   _PLL_resetClkDetect
003f386e   _PLL_init
003f3874   _PLL_getLockStatus
003f3877   _PLL_getDivideSelect
003f387a   _PLL_getClkStatus
003f387d   _PLL_getClkFreq
003f3881   _PLL_enableOsc
003f3887   _PLL_enableNormRdy
003f388d   _PLL_enableClkDetect
003f3893   _PLL_enable
003f3899   _PLL_disableOsc
003f389f   _PLL_disableNormRdy
003f38a5   _PLL_disableClkDetect
003f38ab   _PLL_disable
003f38b1   _PWR_setNumStandByClocks
003f38c3   _PWR_setLowPowerMode
003f38d5   _PWR_init
003f38dc   _PWR_enableWatchDogInt
003f38e7   _PWR_enableBrownOutReset
003f38ea   _PWR_disableWatchDogInt
003f38f5   _PWR_disableBrownOutReset
003f38f8   _WDOG_setPreScaler
003f3902   _WDOG_setCount
003f3904   _WDOG_init
003f390a   _WDOG_getIntStatus
003f390d   _WDOG_enableOverRide
003f3913   _WDOG_enableInt
003f3919   _WDOG_enable
003f3922   _WDOG_disableOverRide
003f3928   _WDOG_disableInt
003f392e   _WDOG_disable
003f3936   _WDOG_clearCounter
003f393e   _c_int00
003f3982   _TIMER_setReloadBit
003f3985   _TIMER_setPreScaler
003f3993   _TIMER_setEmulationMode
003f3997   _TIMER_setDecimationFactor
003f39a5   _TIMER_init
003f39ab   _TIMER_getStatus
003f39ae   _TIMER_enableInt
003f39b1   _TIMER_disableInt
003f39b4   _TIMER_clearFlag
003f39b7   _OSC_setTrim
003f39c0   _OSC_setFineTrim
003f39d1   _OSC_setCoarseTrim
003f39de   _OSC_init
003f39e4   L$$DIV
003f39f3   L$$MOD
003f3a01   UL$$DIV
003f3a08   UL$$MOD
003f3a0e   _CPU_init
003f3a14   _CPU_enableProtectedRegisterWrite
003f3a17   _CPU_enableInt
003f3a1b   _CPU_enableGlobalInts
003f3a1e   _CPU_enableDebugInt
003f3a21   _CPU_disableProtectedRegisterWrite
003f3a24   _CPU_disableInts
003f3a27   _CPU_disableInt
003f3a2c   _CPU_disableGlobalInts
003f3a2f   _CPU_disableDebugInt
003f3a32   _CPU_clearIntFlags
003f3a35   FS$$TOUL
003f3a56   _FLASH_init
003f3a5c   _FLASH_getStandbyWaitStatus
003f3a60   _FLASH_getStandbyWaitCount
003f3a63   _FLASH_getPowerMode
003f3a66   _FLASH_getActiveWaitStatus
003f3a6a   _FLASH_getActiveWaitCount
003f3a6d   _FLASH_get3VStatus
003f3a70   _FLASH_clear3VStatus
003f3a76   FS$$TOU
003f3a93   __args_main
003f3aac   C$$EXIT
003f3aac   _abort
003f3aae   _exit
003f3ac5   _memCopy
003f3ad5   __register_unlock
003f3ad9   __register_lock
003f3add   __nop
003f3ae6   _PIE_illegalIsr
003f3aeb   _RamfuncsLoadStart
003f3aeb   ___etext__
003f3aeb   etext
003f3b3f   _RamfuncsLoadEnd
003f3b3f   ___cinit__
003f3b3f   cinit
003f6000   _aucCRCHi
003f6100   _aucCRCLo
003f7ff6   code_start
003fc000   _EST_getState
003fc002   _EST_useZeroIq_ref
003fc05a   _EST_resetCounter_state
003fc05e   _EST_isMotorIdentified
003fc062   _EST_getFullScaleCurrent
003fc08e   _EST_getFullScaleVoltage
003fc092   _EST_computeDirection_qFmt
003fc0f8   _EST_updateState
003fc3da   _EST_updateId_ref_pu
003fc3e2   _EST_setWaitTimes
003fc3fd   _EST_setRs_pu
003fc4bb   _EST_setMotorParams
003fc4cc   _EST_setLs_q_pu
003fc4d1   _EST_getFullScaleInductance
003fc4d6   _EST_setLs_qFmt
003fc52a   _EST_setLs_d_pu
003fc548   _EST_setIq_ref_pu
003fc54c   _EST_setIdle_all
003fc55f   _EST_setIdle
003fc565   _EST_setId_ref_pu
003fc569   _EST_setIdRated_pu
003fc56f   _EST_setFullScaleVoltage
003fc573   _EST_setFullScaleResistance
003fc58b   _EST_setFullScaleFreq
003fc594   _EST_setFullScaleCurrent
003fc5b0   _EST_setFlag_updateRs
003fc5b4   _EST_setFlag_estComplete
003fc5b8   _EST_setFlag_enableRsRecalc
003fc5bc   _EST_setFlag_enableRsOnLine
003fc5c5   _EST_setFlag_enableFluxControl
003fc5ed   _EST_resetCounter_ctrl
003fc5f2   _EST_getAngle_pu
003fcc5c   _EST_getFullScaleFreq
003fcc60   _EST_run
003fcd5d   _EST_isOnLine
003fcd64   _EST_isLockRotor
003fcd6b   _EST_isIdle
003fcd72   _EST_isError
003fce3d   _EST_get_krpm_to_pu_sf
003fcef8   _EST_getRs_Ohm
003fcf98   _EST_getOneOverDcBus_pu
003fcfae   _EST_getLs_q_pu
003fcfb3   _EST_getLs_q_H
003fcfd5   _EST_getLs_d_pu
003fcfda   _EST_getLs_d_H
003fcfe4   _EST_getLs_coarse_max_pu
003fd034   _EST_getIab_pu
003fd043   _EST_getFullScaleFlux
003fd073   _EST_getFm_pu
003fd090   _EST_getFlux_pu
003fd0ff   _EST_genOutputLimits_Pid_Iq
003fd129   _EST_genOutputLimits_Pid_Id
003fd13d   _EST_doSpeedCtrl
003fd145   _EST_doCurrentCtrl
003fd14d   _EST_computeR
003fd16d   _EST_computeL
003fd1af   _EST_TRAJ_setParams
003fd1be   _EST_I_setParams
003fd1e8   _EST_EPL_setParams
003fd237   _EST_Ls_setWaitTimes
003fd247   _EST_Ls_setParams
003fd284   _EST_Ls_setLs_q
003fd2b6   _EST_Ls_setLs_d
003fd3a8   _EST_Ls_getLs_d
003fd41e   _EST_Flux_setWaitTimes
003fd42e   _EST_Flux_setParams
003fd49c   _EST_Flux_getRatedFlux_pu
003fd514   _EST_Flux_computeOneOverFlux_qFmt
003fd54d   _EST_RsOnLine_setParams
003fd57d   _EST_RsOnLine_setFilterParams
003fd6b3   _EST_Rs_setWaitTimes
003fd6c3   _EST_Rs_setRs
003fd725   _EST_Rs_setParams
003fd767   _EST_Rs_getRs
003fd788   _EST_Rr_setRr
003fd7e9   _EST_Rr_setParams
003fd89a   _OFFSET_setOffset
003fd89c   _OFFSET_setInitCond
003fd8ad   _OFFSET_setBeta
003fd8c3   _OFFSET_init
003fd922   _EST_Dir_setParams
003fd95c   _EST_Freq_setParams
003fd9b0   _EST_Flux_ab_setParams
003fd9cc   _EST_Iab_setParams
003fd9e5   _EST_Angle_setParams
003fd9fb   _EST_Vdq_setParams
003fda0d   _EST_OneOverDcBus_setParams
003fda1e   _EST_Idq_setParams
003fda3b   _EST_Flux_dq_setParams
003fda47   _EST_Vback_ab_setParams
003fda53   _EST_Vab_setParams
003fda5e   _EST_Vback_dq_setParams
003fda88   _log
003fdc5e   FD$$MPY
003fdce1   FS$$DIV
003fdd64   _pow
003fdde7   FS$$MPY
003fde82   _modf
003fdeb8   FS$$ADD
003fdf2b   FS$$CMP
003fdf7b   FD$$TOL
003fdfb7   FS$$TOFD
003ff82b   __IQ24sinPU
003ff854   __IQ24cosPU
003ff87b   __IQ29rsmpy
003ff8aa   UL$$TOFS
003ff8bd   U$$TOFS
003fff0e   FS$$TOI
003fff33   I$$TOFS
003fff4d   FS$$NEG
003fff52   __IQ30rsmpy
003fff7b   __IQ30toF
003fff8f   __IQ24rmpy
ffffffff   ___binit__
ffffffff   ___c_args__
ffffffff   ___pinit__
ffffffff   binit
ffffffff   pinit

[699 symbols]
