******************************************************************************
             TMS320C2000 Linker PC v6.2.5                      
******************************************************************************
>> Linked Mon Oct 16 16:46:09 2017

OUTPUT FILE NAME:   <proj_lab06a.out>
ENTRY POINT SYMBOL: "_c_int00"  address: 0000b23b


MEMORY CONFIGURATION

         name            origin    length      used     unused   attr    fill
----------------------  --------  ---------  --------  --------  ----  --------
PAGE 0:
  BEGIN                 00000000   00000002  00000002  00000000  RWIX
  RAMM0                 00000050   000003b0  000000ec  000002c4  RWIX
  RAML0_L8              00008000   0000b800  00003c40  00007bc0  RWIX
  FPUTABLES             003fd590   000006a0  00000000  000006a0  RWIX
  IQTABLES              003fdc30   00000b50  00000b50  00000000  RWIX
  IQTABLES2             003fe780   0000008c  00000000  0000008c  RWIX
  IQTABLES3             003fe80c   000000aa  00000000  000000aa  RWIX
  BOOTROM               003ff3b0   00000c10  00000000  00000c10  RWIX
  RESET                 003fffc0   00000002  00000000  00000002  RWIX

PAGE 1:
  BOOT_RSVD             00000002   0000004e  00000000  0000004e  RWIX
  RAMM1                 00000400   00000400  000003b0  00000050  RWIX
  USB_RAM               00040000   00000800  00000000  00000800  RWIX


SECTION ALLOCATION MAP

 output                                  attributes/
section   page    origin      length       input sections
--------  ----  ----------  ----------   ----------------
codestart 
*          0    00000000    00000002     
                  00000000    00000002     CodeStartBranch.obj (codestart)

.pinit     0    00000050    00000000     UNINITIALIZED

.cinit     0    00000050    000000b6     
                  00000050    000000a0     proj_lab06a.obj (.cinit)
                  000000f0    0000000a     rts2800_ml.lib : _lock.obj (.cinit)
                  000000fa    0000000a                    : exit.obj (.cinit)
                  00000104    00000002     --HOLE-- [fill = 0]

ramfuncs   0    00000106    00000036     
                  00000106    00000032     flash.obj (ramfuncs)
                  00000138    00000004     usDelay.obj (ramfuncs)

.text      0    00008000    000034d8     
                  00008000    00000aa9     hal.obj (.text)
                  00008aa9    00000961     ctrl.obj (.text)
                  0000940a    00000530     proj_lab06a.obj (.text)
                  0000993a    00000463     user.obj (.text)
                  00009d9d    00000452     SpinTAC.lib : spintac_vel_move.obj (.text:_STVELMOVE_run)
                  0000a1ef    000002f1     pwm.obj (.text)
                  0000a4e0    00000238     SpinTAC.lib : spintac_vel_ctl.obj (.text:_STVELCTL_run)
                  0000a718    000001fb     adc.obj (.text)
                  0000a913    00000196     mb.obj (.text)
                  0000aaa9    00000194     gpio.obj (.text)
                  0000ac3d    0000018a     clk.obj (.text)
                  0000adc7    0000014a     proj_lab06a.obj (.text:retain)
                  0000af11    0000010e     pie.obj (.text)
                  0000b01f    000000ef     sci.obj (.text)
                  0000b10e    0000005b     pll.obj (.text)
                  0000b169    00000047     pwr.obj (.text)
                  0000b1b0    00000046     wdog.obj (.text)
                  0000b1f6    00000045     offset.obj (.text)
                  0000b23b    00000044     rts2800_ml.lib : boot.obj (.text)
                  0000b27f    00000035     SpinTAC.lib : spintac_pos_conv.obj (.text:_STPOSCONV_init)
                  0000b2b4    00000032     timer.obj (.text)
                  0000b2e6    00000031     SpinTAC.lib : spintac_version.obj (.text:_ST_initVersion)
                  0000b317    0000002d     osc.obj (.text)
                  0000b344    0000002b     SpinTAC.lib : spintac_vel_id.obj (.text:_STVELID_init)
                  0000b36f    0000002b                 : spintac_vel_move.obj (.text:_STVELMOVE_init)
                  0000b39a    0000002a                 : spintac_vel_ctl.obj (.text:_STVELCTL_init)
                  0000b3c4    00000027     cpu.obj (.text)
                  0000b3eb    00000026     SpinTAC.lib : spintac_vel_plan.obj (.text:_STVELPLAN_init)
                  0000b411    00000021     filter_fo.obj (.text)
                  0000b432    00000021     rts2800_ml.lib : fs_toul.obj (.text)
                  0000b453    00000020     flash.obj (.text)
                  0000b473    0000001d     rts2800_ml.lib : fs_tou.obj (.text)
                  0000b490    00000019                    : args_main.obj (.text)
                  0000b4a9    00000019                    : exit.obj (.text)
                  0000b4c2    00000009                    : _lock.obj (.text)
                  0000b4cb    00000008     CodeStartBranch.obj (.text)
                  0000b4d3    00000005     pie.obj (.text:retain)

.ebss      0    0000b4d8    0000040c     UNINITIALIZED
                  0000b4d8    00000004     mb.obj (.ebss)
                  0000b4dc    00000004     rts2800_ml.lib : _lock.obj (.ebss)
                  0000b4e0    00000004                    : exit.obj (.ebss)
                  0000b4e4    00000001     cpu.obj (.ebss)
                  0000b4e5    0000001b     --HOLE--
                  0000b500    0000031a     proj_lab06a.obj (.ebss)
                  0000b81a    00000026     --HOLE--
                  0000b840    000000a4     hal.obj (.ebss)

.econst    0    0000b8e4    00000228     
                  0000b8e4    00000100     mb.obj (.econst:.string:_aucCRCHi)
                  0000b9e4    00000100     mb.obj (.econst:.string:_aucCRCLo)
                  0000bae4    0000001c     ctrl.obj (.econst)
                  0000bb00    00000008     user.obj (.econst)
                  0000bb08    00000004     hal.obj (.econst)

IQmath     0    0000bb0c    00000134     
                  0000bb0c    00000047     IQmath.lib : IQ20div.obj (IQmath)
                  0000bb53    00000047                : IQ24div.obj (IQmath)
                  0000bb9a    00000042                : IQ24sqrt.obj (IQmath)
                  0000bbdc    00000029                : IQ24sinPU.obj (IQmath)
                  0000bc05    00000027                : IQ24cosPU.obj (IQmath)
                  0000bc2c    00000014                : IQ30toF.obj (IQmath)

IQmathTables 
*          0    003fdc30    00000b50     NOLOAD SECTION
                  003fdc30    00000b50     IQmath.lib : IQmathTables.obj (IQmathTables)

.reset     0    003fffc0    00000002     DSECT
                  003fffc0    00000002     rts2800_ml.lib : boot.obj (.reset)

.stack     1    00000400    000003b0     UNINITIALIZED
                  00000400    000003b0     --HOLE--


GLOBAL DATA SYMBOLS: SORTED BY DATA PAGE

address     data page           name
--------    ----------------    ----
00000400      10 (00000400)     __stack

0000b4dc     2d3 (0000b4c0)     __unlock
0000b4de     2d3 (0000b4c0)     __lock
0000b4e0     2d3 (0000b4c0)     ___TI_cleanup_ptr
0000b4e2     2d3 (0000b4c0)     ___TI_dtors_ptr
0000b4e4     2d3 (0000b4c0)     _cpu

0000b501     2d4 (0000b500)     _gLEDcnt
0000b502     2d4 (0000b500)     _gCounter_updateGlobals
0000b503     2d4 (0000b500)     _Flag_Latch_softwareUpdate
0000b504     2d4 (0000b500)     _gTorque_Flux_Iq_pu_to_Nm_sf
0000b506     2d4 (0000b500)     _MyMBhandle
0000b508     2d4 (0000b500)     _gMaxCurrentSlope
0000b50a     2d4 (0000b500)     _ctrlHandle
0000b50c     2d4 (0000b500)     _stHandle
0000b50e     2d4 (0000b500)     _gFlux_pu_to_Wb_sf
0000b510     2d4 (0000b500)     _halHandle
0000b512     2d4 (0000b500)     _controller_obj
0000b514     2d4 (0000b500)     _gTorque_Ls_Id_Iq_pu_to_Nm_sf
0000b516     2d4 (0000b500)     _gFlux_pu_to_VpHz_sf
0000b518     2d4 (0000b500)     _gPwmData
0000b51e     2d4 (0000b500)     _gAdcData

0000b540     2d5 (0000b540)     _My_ModBus

0000b580     2d6 (0000b580)     _gMotorVars

0000b600     2d8 (0000b600)     _gUserParams

0000b6c0     2db (0000b6c0)     _st_obj

0000b840     2e1 (0000b840)     _hal

0000b8e4     2e3 (0000b8c0)     _aucCRCHi

0000b9e4     2e7 (0000b9c0)     _aucCRCLo

0000bb0c     2ec (0000bb00)     __IQ20div

0000bb53     2ed (0000bb40)     __IQ24div

0000bb9a     2ee (0000bb80)     __IQ24sqrt

0000bbdc     2ef (0000bbc0)     __IQ24sinPU

0000bc05     2f0 (0000bc00)     __IQ24cosPU
0000bc2c     2f0 (0000bc00)     __IQ30toF

003fdc30    ff70 (003fdc00)     _IQsinTable

003fdd30    ff74 (003fdd00)     _IQcosTable

003fe030    ff80 (003fe000)     _IQsinTableEnd

003fe132    ff84 (003fe100)     _IQcosTableEnd
003fe132    ff84 (003fe100)     _IQdivRoundSatTable

003fe140    ff85 (003fe140)     _IQdivTable

003fe342    ff8d (003fe340)     _IQdivTableEnd
003fe342    ff8d (003fe340)     _IQisqrtRoundSatTable
003fe342    ff8d (003fe340)     _IQsqrtRoundSatTable
003fe352    ff8d (003fe340)     _IQisqrtTable
003fe352    ff8d (003fe340)     _IQsqrtTable

003fe454    ff91 (003fe440)     _IQatan2HalfPITable
003fe454    ff91 (003fe440)     _IQisqrtTableEnd
003fe454    ff91 (003fe440)     _IQsqrtTableEnd

003fe492    ff92 (003fe480)     _IQatan2Table

003fe618    ff98 (003fe600)     _IQ30mpyRndSatTable
003fe618    ff98 (003fe600)     _IQatan2TableEnd
003fe618    ff98 (003fe600)     _IQmpyRndSatTable
003fe624    ff98 (003fe600)     _IQ29mpyRndSatTable
003fe630    ff98 (003fe600)     _IQ28mpyRndSatTable
003fe63c    ff98 (003fe600)     _IQ27mpyRndSatTable

003fe648    ff99 (003fe640)     _IQ26mpyRndSatTable
003fe654    ff99 (003fe640)     _IQ25mpyRndSatTable
003fe660    ff99 (003fe640)     _IQ24mpyRndSatTable
003fe66c    ff99 (003fe640)     _IQ23mpyRndSatTable
003fe678    ff99 (003fe640)     _IQ22mpyRndSatTable

003fe684    ff9a (003fe680)     _IQ21mpyRndSatTable
003fe690    ff9a (003fe680)     _IQ20mpyRndSatTable
003fe69c    ff9a (003fe680)     _IQ19mpyRndSatTable
003fe6a8    ff9a (003fe680)     _IQ18mpyRndSatTable
003fe6b4    ff9a (003fe680)     _IQ17mpyRndSatTable

003fe6c0    ff9b (003fe6c0)     _IQ16mpyRndSatTable
003fe6cc    ff9b (003fe6c0)     _IQ15mpyRndSatTable
003fe6d8    ff9b (003fe6c0)     _IQ14mpyRndSatTable
003fe6e4    ff9b (003fe6c0)     _IQ13mpyRndSatTable
003fe6f0    ff9b (003fe6c0)     _IQ12mpyRndSatTable
003fe6fc    ff9b (003fe6c0)     _IQ11mpyRndSatTable

003fe708    ff9c (003fe700)     _IQ10mpyRndSatTable
003fe714    ff9c (003fe700)     _IQ9mpyRndSatTable
003fe720    ff9c (003fe700)     _IQ8mpyRndSatTable
003fe72c    ff9c (003fe700)     _IQ7mpyRndSatTable
003fe738    ff9c (003fe700)     _IQ6mpyRndSatTable

003fe744    ff9d (003fe740)     _IQ5mpyRndSatTable
003fe750    ff9d (003fe740)     _IQ4mpyRndSatTable
003fe75c    ff9d (003fe740)     _IQ3mpyRndSatTable
003fe768    ff9d (003fe740)     _IQ2mpyRndSatTable
003fe774    ff9d (003fe740)     _IQ1mpyRndSatTable

003fe780    ff9e (003fe780)     _IQmpyRndSatTableEnd


GLOBAL SYMBOLS: SORTED ALPHABETICALLY BY Name 

address    name
--------   ----
00008000   .text
0000b4a9   C$$EXIT
003f81d6   FD$$MPY
003f853d   FD$$TOL
003f8364   FS$$ADD
003f85c9   FS$$CMP
003f8259   FS$$DIV
003f83d7   FS$$MPY
003f8616   FS$$NEG
003f8579   FS$$TOFD
003f84f6   FS$$TOI
0000b473   FS$$TOU
0000b432   FS$$TOUL
003f8595   I$$TOFS
003f84a3   L$$DIV
003f8606   U$$TOFS
003f85f3   UL$$TOFS
0000a908   _ADC_disable
0000a8fd   _ADC_disableBandGap
0000a8e2   _ADC_disableInt
0000a8d7   _ADC_disableNoOverlapMode
0000a8cc   _ADC_disableRefBuffers
0000a8c1   _ADC_disableVoltRefLoConv
0000a8b6   _ADC_enable
0000a8ab   _ADC_enableBandGap
0000a894   _ADC_enableInt
0000a889   _ADC_enableNoOverlapMode
0000a87e   _ADC_enableRefBuffers
0000a873   _ADC_enableVoltRefLoConv
0000a86b   _ADC_getDivideSelect
0000a864   _ADC_init
0000a859   _ADC_powerDown
0000a84e   _ADC_powerUp
0000a843   _ADC_reset
0000a831   _ADC_setDivideSelect
0000a814   _ADC_setIntMode
0000a802   _ADC_setIntPulseGenMode
0000a7e5   _ADC_setIntSrc
0000a7de   _ADC_setOffTrim
0000a7c6   _ADC_setSampleMode
0000a7b1   _ADC_setSampleOverlapMode
0000a79e   _ADC_setSocChanNumber
0000a794   _ADC_setSocFrc
0000a78d   _ADC_setSocFrcWord
0000a77a   _ADC_setSocSampleDelay
0000a767   _ADC_setSocTrigSrc
0000a755   _ADC_setTempSensorSrc
0000a743   _ADC_setVoltRefSrc
0000a718   _ADC_setupSocTrigSrc
0000adc0   _CLK_disableAdcClock
0000adb9   _CLK_disableClaClock
0000adb3   _CLK_disableClkIn
0000adaf   _CLK_disableCompClock
0000ada8   _CLK_disableCpuTimerClock
0000ada2   _CLK_disableCrystalOsc
0000ad9b   _CLK_disableEcanaClock
0000ad94   _CLK_disableEcap1Clock
0000ad8d   _CLK_disableEqep1Clock
0000ad86   _CLK_disableEqep2Clock
0000ad7f   _CLK_disableGpioInputClock
0000ad78   _CLK_disableHrPwmClock
0000ad71   _CLK_disableI2cClock
0000ad6a   _CLK_disableLinAClock
0000ad64   _CLK_disableOsc1
0000ad5e   _CLK_disableOsc1HaltMode
0000ad58   _CLK_disableOsc2
0000ad52   _CLK_disableOsc2HaltMode
0000ad48   _CLK_disablePwmClock
0000ad41   _CLK_disableSciaClock
0000ad3a   _CLK_disableScibClock
0000ad33   _CLK_disableSpiaClock
0000ad2f   _CLK_disableSpibClock
0000ad28   _CLK_disableTbClockSync
0000ad22   _CLK_disableWatchDogHaltMode
0000ad1b   _CLK_enableAdcClock
0000ad14   _CLK_enableClaClock
0000ad0e   _CLK_enableClkIn
0000ad08   _CLK_enableCompClock
0000ad02   _CLK_enableCpuTimerClock
0000acfc   _CLK_enableCrystalOsc
0000acf5   _CLK_enableEcanaClock
0000acee   _CLK_enableEcap1Clock
0000ace7   _CLK_enableEqep1Clock
0000ace0   _CLK_enableEqep2Clock
0000acd9   _CLK_enableGpioInputClock
0000acd2   _CLK_enableHrPwmClock
0000accb   _CLK_enableI2cClock
0000acc4   _CLK_enableLinAClock
0000acbe   _CLK_enableOsc1
0000acb8   _CLK_enableOsc1HaltMode
0000acb2   _CLK_enableOsc2
0000acac   _CLK_enableOsc2HaltMode
0000aca3   _CLK_enablePwmClock
0000ac9c   _CLK_enableSciaClock
0000ac95   _CLK_enableScibClock
0000ac8e   _CLK_enableSpiaClock
0000ac87   _CLK_enableSpibClock
0000ac80   _CLK_enableTbClockSync
0000ac7a   _CLK_enableWatchDogHaltMode
0000ac74   _CLK_init
0000ac6d   _CLK_setClkOutPreScaler
0000ac67   _CLK_setLowSpdPreScaler
0000ac60   _CLK_setOsc2Src
0000ac59   _CLK_setOscSrc
0000ac52   _CLK_setTimer2PreScale
0000ac4b   _CLK_setTimer2Src
0000ac44   _CLK_setWatchDogSrc
0000ac3d   _CLK_setXClkInSrc
0000b3e8   _CPU_clearIntFlags
0000b3e5   _CPU_disableDebugInt
0000b3e2   _CPU_disableGlobalInts
0000b3dd   _CPU_disableInt
0000b3da   _CPU_disableInts
0000b3d7   _CPU_disableProtectedRegisterWrite
0000b3d4   _CPU_enableDebugInt
0000b3d1   _CPU_enableGlobalInts
0000b3cd   _CPU_enableInt
0000b3ca   _CPU_enableProtectedRegisterWrite
0000b3c4   _CPU_init
000093ce   _CTRL_getGains
000093c6   _CTRL_getIab_filt_pu
000093be   _CTRL_getIab_in_pu
000093b6   _CTRL_getIdq_in_pu
000093ae   _CTRL_getIdq_ref_pu
00009407   _CTRL_getMagCurrent_pu
00009404   _CTRL_getMaximumSpeed_pu
000093a6   _CTRL_getVab_in_pu
0000939e   _CTRL_getVab_out_pu
00009396   _CTRL_getVdq_out_pu
003fa721   _CTRL_getVersion
0000938d   _CTRL_getWaitTimes
003fa6fb   _CTRL_initCtrl
00008e7b   _CTRL_run
003fa5d1   _CTRL_runTraj
003f9e64   _CTRL_setEstParams
00008c13   _CTRL_setGains
000093fe   _CTRL_setMagCurrent_pu
00009401   _CTRL_setMaximumSpeed_pu
00008c3b   _CTRL_setParams
00008c00   _CTRL_setSpd_ref_krpm
00008bfd   _CTRL_setSpd_ref_pu
003f9d31   _CTRL_setUserMotorParams
00008bf4   _CTRL_setWaitTimes
00008bea   _CTRL_setup
00008bce   _CTRL_setupClarke_I
00008bb8   _CTRL_setupClarke_V
003f9b43   _CTRL_setupCtrl
003f99a5   _CTRL_setupEstIdleState
003f996a   _CTRL_setupEstOnLineState
003f9806   _CTRL_setupTraj
00008b5b   _CTRL_setup_user
00008aa9   _CTRL_updateState
003f9760   _EST_doCurrentCtrl
003f9758   _EST_doSpeedCtrl
003f8c0d   _EST_getAngle_pu
003f96be   _EST_getFlux_VpHz
003f96ab   _EST_getFlux_pu
003f968e   _EST_getFm_pu
003f9632   _EST_getIdRated
003f95ff   _EST_getLs_coarse_max_pu
003f95f5   _EST_getLs_d_H
003f95f0   _EST_getLs_d_pu
003f95ce   _EST_getLs_q_H
003f95c9   _EST_getLs_q_pu
003f95bd   _EST_getMaxCurrentSlope_pu
003f95b3   _EST_getOneOverDcBus_pu
003f95ad   _EST_getRr_Ohm
003f9513   _EST_getRs_Ohm
003f94c6   _EST_getSpeed_krpm
003f861b   _EST_getState
003f9458   _EST_get_krpm_to_pu_sf
003f9453   _EST_get_pu_to_krpm_sf
003f938d   _EST_isError
003f9386   _EST_isIdle
003f937f   _EST_isLockRotor
003f8679   _EST_isMotorIdentified
003f9378   _EST_isOnLine
003f927b   _EST_run
003f8bdb   _EST_setFlag_enableForceAngle
003f8bd3   _EST_setFlag_enableRsRecalc
003f8b80   _EST_setId_ref_pu
003f8b7a   _EST_setIdle
003f8b67   _EST_setIdle_all
003f8b63   _EST_setIq_ref_pu
003f8b45   _EST_setLs_d_pu
003f8af1   _EST_setLs_qFmt
003f8ae7   _EST_setLs_q_pu
003f8adb   _EST_setMaxCurrentSlope_pu
003f8a18   _EST_setRs_pu
003f89f5   _EST_updateId_ref_pu
003f8713   _EST_updateState
003f861d   _EST_useZeroIq_ref
0000b42f   _FILTER_FO_getDenCoeffs
0000b428   _FILTER_FO_getInitialConditions
0000b422   _FILTER_FO_getNumCoeffs
0000b41c   _FILTER_FO_init
0000b41a   _FILTER_FO_setDenCoeffs
0000b415   _FILTER_FO_setInitialConditions
0000b411   _FILTER_FO_setNumCoeffs
0000b46d   _FLASH_clear3VStatus
00000132   _FLASH_disablePipelineMode
0000012c   _FLASH_enablePipelineMode
0000b46a   _FLASH_get3VStatus
0000b467   _FLASH_getActiveWaitCount
0000b463   _FLASH_getActiveWaitStatus
0000b460   _FLASH_getPowerMode
0000b45d   _FLASH_getStandbyWaitCount
0000b459   _FLASH_getStandbyWaitStatus
0000b453   _FLASH_init
00000127   _FLASH_setActiveWaitCount
00000120   _FLASH_setNumPagedReadWaitStates
00000119   _FLASH_setNumRandomReadWaitStates
00000112   _FLASH_setOtpWaitStates
0000010b   _FLASH_setPowerMode
00000106   _FLASH_setStandbyWaitCount
0000b503   _Flag_Latch_softwareUpdate
0000ac2d   _GPIO_getData
0000ac26   _GPIO_getPortData
0000ac20   _GPIO_init
0000ac16   _GPIO_lpmSelect
0000abf0   _GPIO_read
0000abd5   _GPIO_setDirection
0000abca   _GPIO_setExtInt
0000abb7   _GPIO_setHigh
0000aba4   _GPIO_setLow
0000ab6a   _GPIO_setMode
0000ab5e   _GPIO_setPortData
0000ab43   _GPIO_setPullup
0000ab03   _GPIO_setQualification
0000aabc   _GPIO_setQualificationPeriod
0000aaa9   _GPIO_toggle
00008597   _HAL_AdcCalChanSelect
000085ee   _HAL_AdcCalConversion
00008746   _HAL_AdcOffsetSelfCal
0000880b   _HAL_OscTempComp
0000885e   _HAL_cal
00008aa5   _HAL_disableGlobalInts
0000898a   _HAL_disableWdog
00008a94   _HAL_enableAdcInts
00008a90   _HAL_enableDebugInt
00008a8c   _HAL_enableGlobalInts
00008a7b   _HAL_enablePwmInt
00008a5e   _HAL_enableSciaInt
00008a4c   _HAL_enableTimer1Int
00008779   _HAL_getOscTrimValue
0000898f   _HAL_init
0000878d   _HAL_osc1Comp
000087cc   _HAL_osc2Comp
00008975   _HAL_setDacParameters
00008875   _HAL_setParams
0000849c   _HAL_setupAdcs
00008480   _HAL_setupClks
00008457   _HAL_setupFaults
00008439   _HAL_setupFlash
0000828c   _HAL_setupGpios
0000823f   _HAL_setupPeripheralClks
00008223   _HAL_setupPie
000081e5   _HAL_setupPll
0000815a   _HAL_setupPwmDacs
00008092   _HAL_setupPwms
00008050   _HAL_setupScia
00008000   _HAL_setupTimers
003fe708   _IQ10mpyRndSatTable
003fe6fc   _IQ11mpyRndSatTable
003fe6f0   _IQ12mpyRndSatTable
003fe6e4   _IQ13mpyRndSatTable
003fe6d8   _IQ14mpyRndSatTable
003fe6cc   _IQ15mpyRndSatTable
003fe6c0   _IQ16mpyRndSatTable
003fe6b4   _IQ17mpyRndSatTable
003fe6a8   _IQ18mpyRndSatTable
003fe69c   _IQ19mpyRndSatTable
003fe774   _IQ1mpyRndSatTable
003fe690   _IQ20mpyRndSatTable
003fe684   _IQ21mpyRndSatTable
003fe678   _IQ22mpyRndSatTable
003fe66c   _IQ23mpyRndSatTable
003fe660   _IQ24mpyRndSatTable
003fe654   _IQ25mpyRndSatTable
003fe648   _IQ26mpyRndSatTable
003fe63c   _IQ27mpyRndSatTable
003fe630   _IQ28mpyRndSatTable
003fe624   _IQ29mpyRndSatTable
003fe768   _IQ2mpyRndSatTable
003fe618   _IQ30mpyRndSatTable
003fe75c   _IQ3mpyRndSatTable
003fe750   _IQ4mpyRndSatTable
003fe744   _IQ5mpyRndSatTable
003fe738   _IQ6mpyRndSatTable
003fe72c   _IQ7mpyRndSatTable
003fe720   _IQ8mpyRndSatTable
003fe714   _IQ9mpyRndSatTable
003fe454   _IQatan2HalfPITable
003fe492   _IQatan2Table
003fe618   _IQatan2TableEnd
003fdd30   _IQcosTable
003fe132   _IQcosTableEnd
003fe132   _IQdivRoundSatTable
003fe140   _IQdivTable
003fe342   _IQdivTableEnd
003fe342   _IQisqrtRoundSatTable
003fe352   _IQisqrtTable
003fe454   _IQisqrtTableEnd
003fe618   _IQmpyRndSatTable
003fe780   _IQmpyRndSatTableEnd
003fdc30   _IQsinTable
003fe030   _IQsinTableEnd
003fe342   _IQsqrtRoundSatTable
003fe352   _IQsqrtTable
003fe454   _IQsqrtTableEnd
0000a97f   _MB_CRC16
0000aa53   _MB_FuncReadHoldingRegister
0000aa52   _MB_FuncWriteRegister
0000aa68   _MB_Poll
0000aa45   _MB_PortEventGet
0000aa42   _MB_PortEventInit
0000a91f   _MB_PortEventPost
0000a925   _MB_PortSerialEnable
0000a9e7   _MB_PortSerialGetByte
0000a93e   _MB_PortSerialPutByte
0000a96a   _MB_PortTimersDisable
0000a9f0   _MB_PortTimersEnable
0000aa30   _MB_RTUReceive
0000a9fd   _MB_RTUReceiveFSM
0000a9a1   _MB_RTUSend
0000a96e   _MB_RTUTimerFSM
0000a943   _MB_RTUTransmitFSM
0000a919   _MB_init
0000a917   _MB_setGpioHandle
0000a915   _MB_setSciHandle
0000a913   _MB_setTimHandle
0000b506   _MyMBhandle
0000b540   _My_ModBus
0000b22e   _OFFSET_getBeta
0000b21d   _OFFSET_init
0000b207   _OFFSET_setBeta
0000b1f8   _OFFSET_setInitCond
0000b1f6   _OFFSET_setOffset
0000b33e   _OSC_init
0000b331   _OSC_setCoarseTrim
0000b320   _OSC_setFineTrim
0000b317   _OSC_setTrim
0000b015   _PIE_clearAllFlags
0000b012   _PIE_clearAllInts
0000b00f   _PIE_disable
0000b005   _PIE_disableAllInts
0000b001   _PIE_disableCaptureInt
0000aff4   _PIE_disableExtInt
0000afe9   _PIE_disableInt
0000afe6   _PIE_enable
0000afca   _PIE_enableAdcInt
0000afc6   _PIE_enableCaptureInt
0000afa3   _PIE_enableExtInt
0000af99   _PIE_enableInt
0000af94   _PIE_enablePwmInt
0000af8f   _PIE_enablePwmTzInt
0000af8c   _PIE_enableTimer0Int
0000af82   _PIE_forceInt
0000af7a   _PIE_getExtIntCount
0000af73   _PIE_getIntEnables
0000af6c   _PIE_getIntFlags
0000b4d3   _PIE_illegalIsr
0000af65   _PIE_init
0000af56   _PIE_registerPieIntHandler
0000af4b   _PIE_registerSystemIntHandler
0000af3f   _PIE_setDefaultIntVectorTable
0000af2f   _PIE_setExtIntPolarity
0000af1e   _PIE_unregisterPieIntHandler
0000af11   _PIE_unregisterSystemIntHandler
0000b163   _PLL_disable
0000b15d   _PLL_disableClkDetect
0000b157   _PLL_disableNormRdy
0000b151   _PLL_disableOsc
0000b14b   _PLL_enable
0000b145   _PLL_enableClkDetect
0000b13f   _PLL_enableNormRdy
0000b139   _PLL_enableOsc
0000b135   _PLL_getClkFreq
0000b132   _PLL_getClkStatus
0000b12f   _PLL_getDivideSelect
0000b12c   _PLL_getLockStatus
0000b126   _PLL_init
0000b120   _PLL_resetClkDetect
0000b11a   _PLL_setClkFreq
0000b113   _PLL_setDivideSelect
0000b10e   _PLL_setLockPeriod
0000a4da   _PWM_clearTripZone
0000a4d7   _PWM_decrementDeadBandFallingEdgeDelay
0000a4d4   _PWM_decrementDeadBandRisingEdgeDelay
0000a4cd   _PWM_disableAutoConvert
0000a4c9   _PWM_disableChopping
0000a4c6   _PWM_disableCounterLoad
0000a4c3   _PWM_disableDeadBand
0000a4bf   _PWM_disableDeadBandHalfCycle
0000a4b8   _PWM_disableDigitalCompareBlankingWindow
0000a4b1   _PWM_disableDigitalCompareBlankingWindowInversion
0000a4aa   _PWM_disableHrPeriod
0000a4a3   _PWM_disableHrPhaseSync
0000a49f   _PWM_disableInt
0000a49b   _PWM_disableSocAPulse
0000a497   _PWM_disableSocBPulse
0000a490   _PWM_disableTripZoneInt
0000a489   _PWM_disableTripZoneSrc
0000a483   _PWM_disableTripZones
0000a47c   _PWM_enableAutoConvert
0000a478   _PWM_enableChopping
0000a475   _PWM_enableCounterLoad
0000a471   _PWM_enableDeadBandHalfCycle
0000a46a   _PWM_enableDigitalCompareBlankingWindow
0000a463   _PWM_enableDigitalCompareBlankingWindowInversion
0000a45c   _PWM_enableHrPeriod
0000a455   _PWM_enableHrPhaseSync
0000a451   _PWM_enableInt
0000a44d   _PWM_enableSocAPulse
0000a449   _PWM_enableSocBPulse
0000a443   _PWM_enableTripZoneInt
0000a43d   _PWM_enableTripZoneSrc
0000a43a   _PWM_getDeadBandFallingEdgeDelay
0000a437   _PWM_getDeadBandRisingEdgeDelay
0000a433   _PWM_getIntCount
0000a42f   _PWM_getShadowStatus_CmpA
0000a42b   _PWM_getShadowStatus_CmpB
0000a426   _PWM_getSocACount
0000a421   _PWM_getSocBCount
0000a41e   _PWM_incrementDeadBandFallingEdgeDelay
0000a41b   _PWM_incrementDeadBandRisingEdgeDelay
0000a415   _PWM_init
0000a40e   _PWM_setActionQualContSWForce_PwmA
0000a405   _PWM_setActionQualContSWForce_PwmB
0000a3fc   _PWM_setActionQual_CntDown_CmpA_PwmA
0000a3f3   _PWM_setActionQual_CntDown_CmpA_PwmB
0000a3ea   _PWM_setActionQual_CntDown_CmpB_PwmA
0000a3e1   _PWM_setActionQual_CntDown_CmpB_PwmB
0000a3d8   _PWM_setActionQual_CntUp_CmpA_PwmA
0000a3cf   _PWM_setActionQual_CntUp_CmpA_PwmB
0000a3c6   _PWM_setActionQual_CntUp_CmpB_PwmA
0000a3bd   _PWM_setActionQual_CntUp_CmpB_PwmB
0000a3b4   _PWM_setActionQual_Period_PwmA
0000a3ab   _PWM_setActionQual_Period_PwmB
0000a3a4   _PWM_setActionQual_Zero_PwmA
0000a39d   _PWM_setActionQual_Zero_PwmB
0000a396   _PWM_setChoppingClkFreq
0000a38f   _PWM_setChoppingDutyCycle
0000a388   _PWM_setChoppingPulseWidth
0000a384   _PWM_setClkDiv
0000a382   _PWM_setCount
0000a37e   _PWM_setCounterMode
0000a37b   _PWM_setDeadBandFallingEdgeDelay
0000a374   _PWM_setDeadBandInputMode
0000a36d   _PWM_setDeadBandOutputMode
0000a366   _PWM_setDeadBandPolarity
0000a363   _PWM_setDeadBandRisingEdgeDelay
0000a34c   _PWM_setDigitalCompareAEvent1
0000a33c   _PWM_setDigitalCompareAEvent2
0000a325   _PWM_setDigitalCompareBEvent1
0000a315   _PWM_setDigitalCompareBEvent2
0000a309   _PWM_setDigitalCompareBlankingPulse
0000a306   _PWM_setDigitalCompareFilterOffset
0000a2fc   _PWM_setDigitalCompareFilterSource
0000a2f9   _PWM_setDigitalCompareFilterWindow
0000a2ea   _PWM_setDigitalCompareInput
0000a2e6   _PWM_setHighSpeedClkDiv
0000a2dc   _PWM_setHrControlMode
0000a2d2   _PWM_setHrEdgeMode
0000a2c8   _PWM_setHrShadowMode
0000a2c1   _PWM_setIntMode
0000a2ba   _PWM_setIntPeriod
0000a2b6   _PWM_setLoadMode_CmpA
0000a2b0   _PWM_setLoadMode_CmpB
0000a2ae   _PWM_setPeriod
0000a2a9   _PWM_setPeriodHr
0000a2a5   _PWM_setPeriodLoad
0000a2a3   _PWM_setPhase
0000a29f   _PWM_setPhaseDir
0000a29b   _PWM_setRunMode
0000a295   _PWM_setShadowMode_CmpA
0000a28f   _PWM_setShadowMode_CmpB
0000a286   _PWM_setSocAPeriod
0000a27c   _PWM_setSocAPulseSrc
0000a273   _PWM_setSocBPeriod
0000a26a   _PWM_setSocBPulseSrc
0000a267   _PWM_setSwSync
0000a263   _PWM_setSyncMode
0000a259   _PWM_setTripZoneDCEventSelect_DCAEVT1
0000a24d   _PWM_setTripZoneDCEventSelect_DCAEVT2
0000a241   _PWM_setTripZoneDCEventSelect_DCBEVT1
0000a235   _PWM_setTripZoneDCEventSelect_DCBEVT2
0000a229   _PWM_setTripZoneState_DCAEVT1
0000a21d   _PWM_setTripZoneState_DCAEVT2
0000a211   _PWM_setTripZoneState_DCBEVT1
0000a205   _PWM_setTripZoneState_DCBEVT2
0000a1fb   _PWM_setTripZoneState_TZA
0000a1ef   _PWM_setTripZoneState_TZB
0000b1ad   _PWR_disableBrownOutReset
0000b1a2   _PWR_disableWatchDogInt
0000b19f   _PWR_enableBrownOutReset
0000b194   _PWR_enableWatchDogInt
0000b18d   _PWR_init
0000b17b   _PWR_setLowPowerMode
0000b169   _PWR_setNumStandByClocks
0000013c   _RamfuncsLoadEnd
00000036   _RamfuncsLoadSize
00000106   _RamfuncsLoadStart
00000106   _RamfuncsRunStart
0000b10a   _SCI_clearAutoBaudDetect
0000b106   _SCI_clearRxFifoInt
0000b102   _SCI_clearRxFifoOvf
0000b0fe   _SCI_clearTxFifoInt
0000b0fb   _SCI_disable
0000b0f7   _SCI_disableAutoBaudAlign
0000b0f4   _SCI_disableLoopBack
0000b0f1   _SCI_disableParity
0000b0ee   _SCI_disableRx
0000b0eb   _SCI_disableRxErrorInt
0000b0e7   _SCI_disableRxFifoInt
0000b0e4   _SCI_disableRxInt
0000b0e1   _SCI_disableSleep
0000b0de   _SCI_disableTx
0000b0da   _SCI_disableTxFifoEnh
0000b0d6   _SCI_disableTxFifoInt
0000b0d3   _SCI_disableTxInt
0000b0d0   _SCI_disableTxWake
0000b0cd   _SCI_enable
0000b0c9   _SCI_enableAutoBaudAlign
0000b0c5   _SCI_enableChannels
0000b0c2   _SCI_enableLoopBack
0000b0bf   _SCI_enableParity
0000b0bc   _SCI_enableRx
0000b0b9   _SCI_enableRxErrorInt
0000b0b5   _SCI_enableRxFifo
0000b0b1   _SCI_enableRxFifoInt
0000b0ae   _SCI_enableRxInt
0000b0ab   _SCI_enableSleep
0000b0a8   _SCI_enableTx
0000b0a4   _SCI_enableTxFifo
0000b0a0   _SCI_enableTxFifoEnh
0000b09c   _SCI_enableTxFifoInt
0000b099   _SCI_enableTxInt
0000b096   _SCI_enableTxWake
0000b092   _SCI_getDataBlocking
0000b089   _SCI_getDataNonBlocking
0000b085   _SCI_getRxFifoStatus
0000b081   _SCI_getTxFifoStatus
0000b07b   _SCI_init
0000b076   _SCI_putDataBlocking
0000b06e   _SCI_putDataNonBlocking
0000b06b   _SCI_reset
0000b061   _SCI_resetChannels
0000b057   _SCI_resetRxFifo
0000b04d   _SCI_resetTxFifo
0000b047   _SCI_setBaudRate
0000b043   _SCI_setCharLength
0000b03f   _SCI_setMode
0000b03b   _SCI_setNumStopBits
0000b037   _SCI_setParity
0000b034   _SCI_setPriority
0000b02d   _SCI_setRxFifoIntLevel
0000b026   _SCI_setTxDelay
0000b01f   _SCI_setTxFifoIntLevel
0000b27f   _STPOSCONV_init
0000b39a   _STVELCTL_init
0000a4e0   _STVELCTL_run
0000b344   _STVELID_init
0000b36f   _STVELMOVE_init
00009d9d   _STVELMOVE_run
0000b3eb   _STVELPLAN_init
0000b2e6   _ST_initVersion
00009558   _ST_runVelCtl
000094e7   _ST_runVelMove
0000b2e3   _TIMER_clearFlag
0000b2e0   _TIMER_disableInt
0000b2dd   _TIMER_enableInt
0000b2da   _TIMER_getStatus
0000b2d4   _TIMER_init
0000b2c6   _TIMER_setDecimationFactor
0000b2c2   _TIMER_setEmulationMode
0000b2b4   _TIMER_setPreScaler
0000aef3   _Timer1ISR
0000aec7   _UART_RxISR
0000aea2   _UART_TxReadyISR
00009cec   _USER_calcPIgains
00009ce8   _USER_checkForErrors
00009cda   _USER_computeFlux
00009c8f   _USER_computeFlux_pu_to_VpHz_sf
00009c44   _USER_computeFlux_pu_to_Wb_sf
00009bf9   _USER_computeTorque_Flux_Iq_pu_to_Nm_sf
00009bb0   _USER_computeTorque_Ls_Id_Iq_pu_to_Nm_sf
00009b64   _USER_computeTorque_Nm
00009b0d   _USER_computeTorque_lbin
00009b0a   _USER_getErrorCode
00009b07   _USER_setErrorCode
000099c8   _USER_setParams
0000993a   _USER_softwareUpdate1p6
0000b1ee   _WDOG_clearCounter
0000b1e6   _WDOG_disable
0000b1e0   _WDOG_disableInt
0000b1da   _WDOG_disableOverRide
0000b1d1   _WDOG_enable
0000b1cb   _WDOG_enableInt
0000b1c5   _WDOG_enableOverRide
0000b1c2   _WDOG_getIntStatus
0000b1bc   _WDOG_init
0000b1ba   _WDOG_setCount
0000b1b0   _WDOG_setPreScaler
0000bb0c   __IQ20div
0000bc05   __IQ24cosPU
0000bb53   __IQ24div
0000bbdc   __IQ24sinPU
0000bb9a   __IQ24sqrt
0000bc2c   __IQ30toF
000007b0   __STACK_END
000003b0   __STACK_SIZE
00000001   __TI_args_main
0000b4e0   ___TI_cleanup_ptr
0000b4e2   ___TI_dtors_ptr
ffffffff   ___binit__
ffffffff   ___c_args__
00000050   ___cinit__
0000b4d8   ___etext__
ffffffff   ___pinit__
00008000   ___text__
0000b490   __args_main
0000b4de   __lock
0000b4ca   __nop
0000b4c6   __register_lock
0000b4c2   __register_unlock
00000400   __stack
0000b4dc   __unlock
0000b4a9   _abort
0000b8e4   _aucCRCHi
0000b9e4   _aucCRCLo
0000b23b   _c_int00
0000b512   _controller_obj
0000b4e4   _cpu
0000b50a   _ctrlHandle
0000b4ab   _exit
0000b51e   _gAdcData
0000b502   _gCounter_updateGlobals
0000b516   _gFlux_pu_to_VpHz_sf
0000b50e   _gFlux_pu_to_Wb_sf
0000b501   _gLEDcnt
0000b508   _gMaxCurrentSlope
0000b580   _gMotorVars
0000b518   _gPwmData
0000b504   _gTorque_Flux_Iq_pu_to_Nm_sf
0000b514   _gTorque_Ls_Id_Iq_pu_to_Nm_sf
0000b600   _gUserParams
0000b840   _hal
0000b510   _halHandle
003f8000   _log
00009588   _main
0000adc7   _mainISR
003f8472   _modf
003f82dc   _pow
003fb9dd   _s0_calc
003fb9ad   _s0_conf
003fbae7   _s2_calc
003fbb85   _s4_calc
003fbc34   _s4_conf
003fbc58   _s4_reset
003fbc9b   _s8_calc
003fbc7d   _s8_cfg
003fbd37   _s8_get
003fbc72   _s8_reset
003fbc6d   _spintac_rom_ver
0000b50c   _stHandle
0000b6c0   _st_obj
00009431   _updateGlobalVariables_motor
0000940a   _updateKpKiGains
00000138   _usDelay
ffffffff   binit
00000050   cinit
00000000   code_start
0000b4d8   etext
ffffffff   pinit


GLOBAL SYMBOLS: SORTED BY Symbol Address 

address    name
--------   ----
00000000   code_start
00000001   __TI_args_main
00000036   _RamfuncsLoadSize
00000050   ___cinit__
00000050   cinit
00000106   _FLASH_setStandbyWaitCount
00000106   _RamfuncsLoadStart
00000106   _RamfuncsRunStart
0000010b   _FLASH_setPowerMode
00000112   _FLASH_setOtpWaitStates
00000119   _FLASH_setNumRandomReadWaitStates
00000120   _FLASH_setNumPagedReadWaitStates
00000127   _FLASH_setActiveWaitCount
0000012c   _FLASH_enablePipelineMode
00000132   _FLASH_disablePipelineMode
00000138   _usDelay
0000013c   _RamfuncsLoadEnd
000003b0   __STACK_SIZE
00000400   __stack
000007b0   __STACK_END
00008000   .text
00008000   _HAL_setupTimers
00008000   ___text__
00008050   _HAL_setupScia
00008092   _HAL_setupPwms
0000815a   _HAL_setupPwmDacs
000081e5   _HAL_setupPll
00008223   _HAL_setupPie
0000823f   _HAL_setupPeripheralClks
0000828c   _HAL_setupGpios
00008439   _HAL_setupFlash
00008457   _HAL_setupFaults
00008480   _HAL_setupClks
0000849c   _HAL_setupAdcs
00008597   _HAL_AdcCalChanSelect
000085ee   _HAL_AdcCalConversion
00008746   _HAL_AdcOffsetSelfCal
00008779   _HAL_getOscTrimValue
0000878d   _HAL_osc1Comp
000087cc   _HAL_osc2Comp
0000880b   _HAL_OscTempComp
0000885e   _HAL_cal
00008875   _HAL_setParams
00008975   _HAL_setDacParameters
0000898a   _HAL_disableWdog
0000898f   _HAL_init
00008a4c   _HAL_enableTimer1Int
00008a5e   _HAL_enableSciaInt
00008a7b   _HAL_enablePwmInt
00008a8c   _HAL_enableGlobalInts
00008a90   _HAL_enableDebugInt
00008a94   _HAL_enableAdcInts
00008aa5   _HAL_disableGlobalInts
00008aa9   _CTRL_updateState
00008b5b   _CTRL_setup_user
00008bb8   _CTRL_setupClarke_V
00008bce   _CTRL_setupClarke_I
00008bea   _CTRL_setup
00008bf4   _CTRL_setWaitTimes
00008bfd   _CTRL_setSpd_ref_pu
00008c00   _CTRL_setSpd_ref_krpm
00008c13   _CTRL_setGains
00008c3b   _CTRL_setParams
00008e7b   _CTRL_run
0000938d   _CTRL_getWaitTimes
00009396   _CTRL_getVdq_out_pu
0000939e   _CTRL_getVab_out_pu
000093a6   _CTRL_getVab_in_pu
000093ae   _CTRL_getIdq_ref_pu
000093b6   _CTRL_getIdq_in_pu
000093be   _CTRL_getIab_in_pu
000093c6   _CTRL_getIab_filt_pu
000093ce   _CTRL_getGains
000093fe   _CTRL_setMagCurrent_pu
00009401   _CTRL_setMaximumSpeed_pu
00009404   _CTRL_getMaximumSpeed_pu
00009407   _CTRL_getMagCurrent_pu
0000940a   _updateKpKiGains
00009431   _updateGlobalVariables_motor
000094e7   _ST_runVelMove
00009558   _ST_runVelCtl
00009588   _main
0000993a   _USER_softwareUpdate1p6
000099c8   _USER_setParams
00009b07   _USER_setErrorCode
00009b0a   _USER_getErrorCode
00009b0d   _USER_computeTorque_lbin
00009b64   _USER_computeTorque_Nm
00009bb0   _USER_computeTorque_Ls_Id_Iq_pu_to_Nm_sf
00009bf9   _USER_computeTorque_Flux_Iq_pu_to_Nm_sf
00009c44   _USER_computeFlux_pu_to_Wb_sf
00009c8f   _USER_computeFlux_pu_to_VpHz_sf
00009cda   _USER_computeFlux
00009ce8   _USER_checkForErrors
00009cec   _USER_calcPIgains
00009d9d   _STVELMOVE_run
0000a1ef   _PWM_setTripZoneState_TZB
0000a1fb   _PWM_setTripZoneState_TZA
0000a205   _PWM_setTripZoneState_DCBEVT2
0000a211   _PWM_setTripZoneState_DCBEVT1
0000a21d   _PWM_setTripZoneState_DCAEVT2
0000a229   _PWM_setTripZoneState_DCAEVT1
0000a235   _PWM_setTripZoneDCEventSelect_DCBEVT2
0000a241   _PWM_setTripZoneDCEventSelect_DCBEVT1
0000a24d   _PWM_setTripZoneDCEventSelect_DCAEVT2
0000a259   _PWM_setTripZoneDCEventSelect_DCAEVT1
0000a263   _PWM_setSyncMode
0000a267   _PWM_setSwSync
0000a26a   _PWM_setSocBPulseSrc
0000a273   _PWM_setSocBPeriod
0000a27c   _PWM_setSocAPulseSrc
0000a286   _PWM_setSocAPeriod
0000a28f   _PWM_setShadowMode_CmpB
0000a295   _PWM_setShadowMode_CmpA
0000a29b   _PWM_setRunMode
0000a29f   _PWM_setPhaseDir
0000a2a3   _PWM_setPhase
0000a2a5   _PWM_setPeriodLoad
0000a2a9   _PWM_setPeriodHr
0000a2ae   _PWM_setPeriod
0000a2b0   _PWM_setLoadMode_CmpB
0000a2b6   _PWM_setLoadMode_CmpA
0000a2ba   _PWM_setIntPeriod
0000a2c1   _PWM_setIntMode
0000a2c8   _PWM_setHrShadowMode
0000a2d2   _PWM_setHrEdgeMode
0000a2dc   _PWM_setHrControlMode
0000a2e6   _PWM_setHighSpeedClkDiv
0000a2ea   _PWM_setDigitalCompareInput
0000a2f9   _PWM_setDigitalCompareFilterWindow
0000a2fc   _PWM_setDigitalCompareFilterSource
0000a306   _PWM_setDigitalCompareFilterOffset
0000a309   _PWM_setDigitalCompareBlankingPulse
0000a315   _PWM_setDigitalCompareBEvent2
0000a325   _PWM_setDigitalCompareBEvent1
0000a33c   _PWM_setDigitalCompareAEvent2
0000a34c   _PWM_setDigitalCompareAEvent1
0000a363   _PWM_setDeadBandRisingEdgeDelay
0000a366   _PWM_setDeadBandPolarity
0000a36d   _PWM_setDeadBandOutputMode
0000a374   _PWM_setDeadBandInputMode
0000a37b   _PWM_setDeadBandFallingEdgeDelay
0000a37e   _PWM_setCounterMode
0000a382   _PWM_setCount
0000a384   _PWM_setClkDiv
0000a388   _PWM_setChoppingPulseWidth
0000a38f   _PWM_setChoppingDutyCycle
0000a396   _PWM_setChoppingClkFreq
0000a39d   _PWM_setActionQual_Zero_PwmB
0000a3a4   _PWM_setActionQual_Zero_PwmA
0000a3ab   _PWM_setActionQual_Period_PwmB
0000a3b4   _PWM_setActionQual_Period_PwmA
0000a3bd   _PWM_setActionQual_CntUp_CmpB_PwmB
0000a3c6   _PWM_setActionQual_CntUp_CmpB_PwmA
0000a3cf   _PWM_setActionQual_CntUp_CmpA_PwmB
0000a3d8   _PWM_setActionQual_CntUp_CmpA_PwmA
0000a3e1   _PWM_setActionQual_CntDown_CmpB_PwmB
0000a3ea   _PWM_setActionQual_CntDown_CmpB_PwmA
0000a3f3   _PWM_setActionQual_CntDown_CmpA_PwmB
0000a3fc   _PWM_setActionQual_CntDown_CmpA_PwmA
0000a405   _PWM_setActionQualContSWForce_PwmB
0000a40e   _PWM_setActionQualContSWForce_PwmA
0000a415   _PWM_init
0000a41b   _PWM_incrementDeadBandRisingEdgeDelay
0000a41e   _PWM_incrementDeadBandFallingEdgeDelay
0000a421   _PWM_getSocBCount
0000a426   _PWM_getSocACount
0000a42b   _PWM_getShadowStatus_CmpB
0000a42f   _PWM_getShadowStatus_CmpA
0000a433   _PWM_getIntCount
0000a437   _PWM_getDeadBandRisingEdgeDelay
0000a43a   _PWM_getDeadBandFallingEdgeDelay
0000a43d   _PWM_enableTripZoneSrc
0000a443   _PWM_enableTripZoneInt
0000a449   _PWM_enableSocBPulse
0000a44d   _PWM_enableSocAPulse
0000a451   _PWM_enableInt
0000a455   _PWM_enableHrPhaseSync
0000a45c   _PWM_enableHrPeriod
0000a463   _PWM_enableDigitalCompareBlankingWindowInversion
0000a46a   _PWM_enableDigitalCompareBlankingWindow
0000a471   _PWM_enableDeadBandHalfCycle
0000a475   _PWM_enableCounterLoad
0000a478   _PWM_enableChopping
0000a47c   _PWM_enableAutoConvert
0000a483   _PWM_disableTripZones
0000a489   _PWM_disableTripZoneSrc
0000a490   _PWM_disableTripZoneInt
0000a497   _PWM_disableSocBPulse
0000a49b   _PWM_disableSocAPulse
0000a49f   _PWM_disableInt
0000a4a3   _PWM_disableHrPhaseSync
0000a4aa   _PWM_disableHrPeriod
0000a4b1   _PWM_disableDigitalCompareBlankingWindowInversion
0000a4b8   _PWM_disableDigitalCompareBlankingWindow
0000a4bf   _PWM_disableDeadBandHalfCycle
0000a4c3   _PWM_disableDeadBand
0000a4c6   _PWM_disableCounterLoad
0000a4c9   _PWM_disableChopping
0000a4cd   _PWM_disableAutoConvert
0000a4d4   _PWM_decrementDeadBandRisingEdgeDelay
0000a4d7   _PWM_decrementDeadBandFallingEdgeDelay
0000a4da   _PWM_clearTripZone
0000a4e0   _STVELCTL_run
0000a718   _ADC_setupSocTrigSrc
0000a743   _ADC_setVoltRefSrc
0000a755   _ADC_setTempSensorSrc
0000a767   _ADC_setSocTrigSrc
0000a77a   _ADC_setSocSampleDelay
0000a78d   _ADC_setSocFrcWord
0000a794   _ADC_setSocFrc
0000a79e   _ADC_setSocChanNumber
0000a7b1   _ADC_setSampleOverlapMode
0000a7c6   _ADC_setSampleMode
0000a7de   _ADC_setOffTrim
0000a7e5   _ADC_setIntSrc
0000a802   _ADC_setIntPulseGenMode
0000a814   _ADC_setIntMode
0000a831   _ADC_setDivideSelect
0000a843   _ADC_reset
0000a84e   _ADC_powerUp
0000a859   _ADC_powerDown
0000a864   _ADC_init
0000a86b   _ADC_getDivideSelect
0000a873   _ADC_enableVoltRefLoConv
0000a87e   _ADC_enableRefBuffers
0000a889   _ADC_enableNoOverlapMode
0000a894   _ADC_enableInt
0000a8ab   _ADC_enableBandGap
0000a8b6   _ADC_enable
0000a8c1   _ADC_disableVoltRefLoConv
0000a8cc   _ADC_disableRefBuffers
0000a8d7   _ADC_disableNoOverlapMode
0000a8e2   _ADC_disableInt
0000a8fd   _ADC_disableBandGap
0000a908   _ADC_disable
0000a913   _MB_setTimHandle
0000a915   _MB_setSciHandle
0000a917   _MB_setGpioHandle
0000a919   _MB_init
0000a91f   _MB_PortEventPost
0000a925   _MB_PortSerialEnable
0000a93e   _MB_PortSerialPutByte
0000a943   _MB_RTUTransmitFSM
0000a96a   _MB_PortTimersDisable
0000a96e   _MB_RTUTimerFSM
0000a97f   _MB_CRC16
0000a9a1   _MB_RTUSend
0000a9e7   _MB_PortSerialGetByte
0000a9f0   _MB_PortTimersEnable
0000a9fd   _MB_RTUReceiveFSM
0000aa30   _MB_RTUReceive
0000aa42   _MB_PortEventInit
0000aa45   _MB_PortEventGet
0000aa52   _MB_FuncWriteRegister
0000aa53   _MB_FuncReadHoldingRegister
0000aa68   _MB_Poll
0000aaa9   _GPIO_toggle
0000aabc   _GPIO_setQualificationPeriod
0000ab03   _GPIO_setQualification
0000ab43   _GPIO_setPullup
0000ab5e   _GPIO_setPortData
0000ab6a   _GPIO_setMode
0000aba4   _GPIO_setLow
0000abb7   _GPIO_setHigh
0000abca   _GPIO_setExtInt
0000abd5   _GPIO_setDirection
0000abf0   _GPIO_read
0000ac16   _GPIO_lpmSelect
0000ac20   _GPIO_init
0000ac26   _GPIO_getPortData
0000ac2d   _GPIO_getData
0000ac3d   _CLK_setXClkInSrc
0000ac44   _CLK_setWatchDogSrc
0000ac4b   _CLK_setTimer2Src
0000ac52   _CLK_setTimer2PreScale
0000ac59   _CLK_setOscSrc
0000ac60   _CLK_setOsc2Src
0000ac67   _CLK_setLowSpdPreScaler
0000ac6d   _CLK_setClkOutPreScaler
0000ac74   _CLK_init
0000ac7a   _CLK_enableWatchDogHaltMode
0000ac80   _CLK_enableTbClockSync
0000ac87   _CLK_enableSpibClock
0000ac8e   _CLK_enableSpiaClock
0000ac95   _CLK_enableScibClock
0000ac9c   _CLK_enableSciaClock
0000aca3   _CLK_enablePwmClock
0000acac   _CLK_enableOsc2HaltMode
0000acb2   _CLK_enableOsc2
0000acb8   _CLK_enableOsc1HaltMode
0000acbe   _CLK_enableOsc1
0000acc4   _CLK_enableLinAClock
0000accb   _CLK_enableI2cClock
0000acd2   _CLK_enableHrPwmClock
0000acd9   _CLK_enableGpioInputClock
0000ace0   _CLK_enableEqep2Clock
0000ace7   _CLK_enableEqep1Clock
0000acee   _CLK_enableEcap1Clock
0000acf5   _CLK_enableEcanaClock
0000acfc   _CLK_enableCrystalOsc
0000ad02   _CLK_enableCpuTimerClock
0000ad08   _CLK_enableCompClock
0000ad0e   _CLK_enableClkIn
0000ad14   _CLK_enableClaClock
0000ad1b   _CLK_enableAdcClock
0000ad22   _CLK_disableWatchDogHaltMode
0000ad28   _CLK_disableTbClockSync
0000ad2f   _CLK_disableSpibClock
0000ad33   _CLK_disableSpiaClock
0000ad3a   _CLK_disableScibClock
0000ad41   _CLK_disableSciaClock
0000ad48   _CLK_disablePwmClock
0000ad52   _CLK_disableOsc2HaltMode
0000ad58   _CLK_disableOsc2
0000ad5e   _CLK_disableOsc1HaltMode
0000ad64   _CLK_disableOsc1
0000ad6a   _CLK_disableLinAClock
0000ad71   _CLK_disableI2cClock
0000ad78   _CLK_disableHrPwmClock
0000ad7f   _CLK_disableGpioInputClock
0000ad86   _CLK_disableEqep2Clock
0000ad8d   _CLK_disableEqep1Clock
0000ad94   _CLK_disableEcap1Clock
0000ad9b   _CLK_disableEcanaClock
0000ada2   _CLK_disableCrystalOsc
0000ada8   _CLK_disableCpuTimerClock
0000adaf   _CLK_disableCompClock
0000adb3   _CLK_disableClkIn
0000adb9   _CLK_disableClaClock
0000adc0   _CLK_disableAdcClock
0000adc7   _mainISR
0000aea2   _UART_TxReadyISR
0000aec7   _UART_RxISR
0000aef3   _Timer1ISR
0000af11   _PIE_unregisterSystemIntHandler
0000af1e   _PIE_unregisterPieIntHandler
0000af2f   _PIE_setExtIntPolarity
0000af3f   _PIE_setDefaultIntVectorTable
0000af4b   _PIE_registerSystemIntHandler
0000af56   _PIE_registerPieIntHandler
0000af65   _PIE_init
0000af6c   _PIE_getIntFlags
0000af73   _PIE_getIntEnables
0000af7a   _PIE_getExtIntCount
0000af82   _PIE_forceInt
0000af8c   _PIE_enableTimer0Int
0000af8f   _PIE_enablePwmTzInt
0000af94   _PIE_enablePwmInt
0000af99   _PIE_enableInt
0000afa3   _PIE_enableExtInt
0000afc6   _PIE_enableCaptureInt
0000afca   _PIE_enableAdcInt
0000afe6   _PIE_enable
0000afe9   _PIE_disableInt
0000aff4   _PIE_disableExtInt
0000b001   _PIE_disableCaptureInt
0000b005   _PIE_disableAllInts
0000b00f   _PIE_disable
0000b012   _PIE_clearAllInts
0000b015   _PIE_clearAllFlags
0000b01f   _SCI_setTxFifoIntLevel
0000b026   _SCI_setTxDelay
0000b02d   _SCI_setRxFifoIntLevel
0000b034   _SCI_setPriority
0000b037   _SCI_setParity
0000b03b   _SCI_setNumStopBits
0000b03f   _SCI_setMode
0000b043   _SCI_setCharLength
0000b047   _SCI_setBaudRate
0000b04d   _SCI_resetTxFifo
0000b057   _SCI_resetRxFifo
0000b061   _SCI_resetChannels
0000b06b   _SCI_reset
0000b06e   _SCI_putDataNonBlocking
0000b076   _SCI_putDataBlocking
0000b07b   _SCI_init
0000b081   _SCI_getTxFifoStatus
0000b085   _SCI_getRxFifoStatus
0000b089   _SCI_getDataNonBlocking
0000b092   _SCI_getDataBlocking
0000b096   _SCI_enableTxWake
0000b099   _SCI_enableTxInt
0000b09c   _SCI_enableTxFifoInt
0000b0a0   _SCI_enableTxFifoEnh
0000b0a4   _SCI_enableTxFifo
0000b0a8   _SCI_enableTx
0000b0ab   _SCI_enableSleep
0000b0ae   _SCI_enableRxInt
0000b0b1   _SCI_enableRxFifoInt
0000b0b5   _SCI_enableRxFifo
0000b0b9   _SCI_enableRxErrorInt
0000b0bc   _SCI_enableRx
0000b0bf   _SCI_enableParity
0000b0c2   _SCI_enableLoopBack
0000b0c5   _SCI_enableChannels
0000b0c9   _SCI_enableAutoBaudAlign
0000b0cd   _SCI_enable
0000b0d0   _SCI_disableTxWake
0000b0d3   _SCI_disableTxInt
0000b0d6   _SCI_disableTxFifoInt
0000b0da   _SCI_disableTxFifoEnh
0000b0de   _SCI_disableTx
0000b0e1   _SCI_disableSleep
0000b0e4   _SCI_disableRxInt
0000b0e7   _SCI_disableRxFifoInt
0000b0eb   _SCI_disableRxErrorInt
0000b0ee   _SCI_disableRx
0000b0f1   _SCI_disableParity
0000b0f4   _SCI_disableLoopBack
0000b0f7   _SCI_disableAutoBaudAlign
0000b0fb   _SCI_disable
0000b0fe   _SCI_clearTxFifoInt
0000b102   _SCI_clearRxFifoOvf
0000b106   _SCI_clearRxFifoInt
0000b10a   _SCI_clearAutoBaudDetect
0000b10e   _PLL_setLockPeriod
0000b113   _PLL_setDivideSelect
0000b11a   _PLL_setClkFreq
0000b120   _PLL_resetClkDetect
0000b126   _PLL_init
0000b12c   _PLL_getLockStatus
0000b12f   _PLL_getDivideSelect
0000b132   _PLL_getClkStatus
0000b135   _PLL_getClkFreq
0000b139   _PLL_enableOsc
0000b13f   _PLL_enableNormRdy
0000b145   _PLL_enableClkDetect
0000b14b   _PLL_enable
0000b151   _PLL_disableOsc
0000b157   _PLL_disableNormRdy
0000b15d   _PLL_disableClkDetect
0000b163   _PLL_disable
0000b169   _PWR_setNumStandByClocks
0000b17b   _PWR_setLowPowerMode
0000b18d   _PWR_init
0000b194   _PWR_enableWatchDogInt
0000b19f   _PWR_enableBrownOutReset
0000b1a2   _PWR_disableWatchDogInt
0000b1ad   _PWR_disableBrownOutReset
0000b1b0   _WDOG_setPreScaler
0000b1ba   _WDOG_setCount
0000b1bc   _WDOG_init
0000b1c2   _WDOG_getIntStatus
0000b1c5   _WDOG_enableOverRide
0000b1cb   _WDOG_enableInt
0000b1d1   _WDOG_enable
0000b1da   _WDOG_disableOverRide
0000b1e0   _WDOG_disableInt
0000b1e6   _WDOG_disable
0000b1ee   _WDOG_clearCounter
0000b1f6   _OFFSET_setOffset
0000b1f8   _OFFSET_setInitCond
0000b207   _OFFSET_setBeta
0000b21d   _OFFSET_init
0000b22e   _OFFSET_getBeta
0000b23b   _c_int00
0000b27f   _STPOSCONV_init
0000b2b4   _TIMER_setPreScaler
0000b2c2   _TIMER_setEmulationMode
0000b2c6   _TIMER_setDecimationFactor
0000b2d4   _TIMER_init
0000b2da   _TIMER_getStatus
0000b2dd   _TIMER_enableInt
0000b2e0   _TIMER_disableInt
0000b2e3   _TIMER_clearFlag
0000b2e6   _ST_initVersion
0000b317   _OSC_setTrim
0000b320   _OSC_setFineTrim
0000b331   _OSC_setCoarseTrim
0000b33e   _OSC_init
0000b344   _STVELID_init
0000b36f   _STVELMOVE_init
0000b39a   _STVELCTL_init
0000b3c4   _CPU_init
0000b3ca   _CPU_enableProtectedRegisterWrite
0000b3cd   _CPU_enableInt
0000b3d1   _CPU_enableGlobalInts
0000b3d4   _CPU_enableDebugInt
0000b3d7   _CPU_disableProtectedRegisterWrite
0000b3da   _CPU_disableInts
0000b3dd   _CPU_disableInt
0000b3e2   _CPU_disableGlobalInts
0000b3e5   _CPU_disableDebugInt
0000b3e8   _CPU_clearIntFlags
0000b3eb   _STVELPLAN_init
0000b411   _FILTER_FO_setNumCoeffs
0000b415   _FILTER_FO_setInitialConditions
0000b41a   _FILTER_FO_setDenCoeffs
0000b41c   _FILTER_FO_init
0000b422   _FILTER_FO_getNumCoeffs
0000b428   _FILTER_FO_getInitialConditions
0000b42f   _FILTER_FO_getDenCoeffs
0000b432   FS$$TOUL
0000b453   _FLASH_init
0000b459   _FLASH_getStandbyWaitStatus
0000b45d   _FLASH_getStandbyWaitCount
0000b460   _FLASH_getPowerMode
0000b463   _FLASH_getActiveWaitStatus
0000b467   _FLASH_getActiveWaitCount
0000b46a   _FLASH_get3VStatus
0000b46d   _FLASH_clear3VStatus
0000b473   FS$$TOU
0000b490   __args_main
0000b4a9   C$$EXIT
0000b4a9   _abort
0000b4ab   _exit
0000b4c2   __register_unlock
0000b4c6   __register_lock
0000b4ca   __nop
0000b4d3   _PIE_illegalIsr
0000b4d8   ___etext__
0000b4d8   etext
0000b4dc   __unlock
0000b4de   __lock
0000b4e0   ___TI_cleanup_ptr
0000b4e2   ___TI_dtors_ptr
0000b4e4   _cpu
0000b501   _gLEDcnt
0000b502   _gCounter_updateGlobals
0000b503   _Flag_Latch_softwareUpdate
0000b504   _gTorque_Flux_Iq_pu_to_Nm_sf
0000b506   _MyMBhandle
0000b508   _gMaxCurrentSlope
0000b50a   _ctrlHandle
0000b50c   _stHandle
0000b50e   _gFlux_pu_to_Wb_sf
0000b510   _halHandle
0000b512   _controller_obj
0000b514   _gTorque_Ls_Id_Iq_pu_to_Nm_sf
0000b516   _gFlux_pu_to_VpHz_sf
0000b518   _gPwmData
0000b51e   _gAdcData
0000b540   _My_ModBus
0000b580   _gMotorVars
0000b600   _gUserParams
0000b6c0   _st_obj
0000b840   _hal
0000b8e4   _aucCRCHi
0000b9e4   _aucCRCLo
0000bb0c   __IQ20div
0000bb53   __IQ24div
0000bb9a   __IQ24sqrt
0000bbdc   __IQ24sinPU
0000bc05   __IQ24cosPU
0000bc2c   __IQ30toF
003f8000   _log
003f81d6   FD$$MPY
003f8259   FS$$DIV
003f82dc   _pow
003f8364   FS$$ADD
003f83d7   FS$$MPY
003f8472   _modf
003f84a3   L$$DIV
003f84f6   FS$$TOI
003f853d   FD$$TOL
003f8579   FS$$TOFD
003f8595   I$$TOFS
003f85c9   FS$$CMP
003f85f3   UL$$TOFS
003f8606   U$$TOFS
003f8616   FS$$NEG
003f861b   _EST_getState
003f861d   _EST_useZeroIq_ref
003f8679   _EST_isMotorIdentified
003f8713   _EST_updateState
003f89f5   _EST_updateId_ref_pu
003f8a18   _EST_setRs_pu
003f8adb   _EST_setMaxCurrentSlope_pu
003f8ae7   _EST_setLs_q_pu
003f8af1   _EST_setLs_qFmt
003f8b45   _EST_setLs_d_pu
003f8b63   _EST_setIq_ref_pu
003f8b67   _EST_setIdle_all
003f8b7a   _EST_setIdle
003f8b80   _EST_setId_ref_pu
003f8bd3   _EST_setFlag_enableRsRecalc
003f8bdb   _EST_setFlag_enableForceAngle
003f8c0d   _EST_getAngle_pu
003f927b   _EST_run
003f9378   _EST_isOnLine
003f937f   _EST_isLockRotor
003f9386   _EST_isIdle
003f938d   _EST_isError
003f9453   _EST_get_pu_to_krpm_sf
003f9458   _EST_get_krpm_to_pu_sf
003f94c6   _EST_getSpeed_krpm
003f9513   _EST_getRs_Ohm
003f95ad   _EST_getRr_Ohm
003f95b3   _EST_getOneOverDcBus_pu
003f95bd   _EST_getMaxCurrentSlope_pu
003f95c9   _EST_getLs_q_pu
003f95ce   _EST_getLs_q_H
003f95f0   _EST_getLs_d_pu
003f95f5   _EST_getLs_d_H
003f95ff   _EST_getLs_coarse_max_pu
003f9632   _EST_getIdRated
003f968e   _EST_getFm_pu
003f96ab   _EST_getFlux_pu
003f96be   _EST_getFlux_VpHz
003f9758   _EST_doSpeedCtrl
003f9760   _EST_doCurrentCtrl
003f9806   _CTRL_setupTraj
003f996a   _CTRL_setupEstOnLineState
003f99a5   _CTRL_setupEstIdleState
003f9b43   _CTRL_setupCtrl
003f9d31   _CTRL_setUserMotorParams
003f9e64   _CTRL_setEstParams
003fa5d1   _CTRL_runTraj
003fa6fb   _CTRL_initCtrl
003fa721   _CTRL_getVersion
003fb9ad   _s0_conf
003fb9dd   _s0_calc
003fbae7   _s2_calc
003fbb85   _s4_calc
003fbc34   _s4_conf
003fbc58   _s4_reset
003fbc6d   _spintac_rom_ver
003fbc72   _s8_reset
003fbc7d   _s8_cfg
003fbc9b   _s8_calc
003fbd37   _s8_get
003fdc30   _IQsinTable
003fdd30   _IQcosTable
003fe030   _IQsinTableEnd
003fe132   _IQcosTableEnd
003fe132   _IQdivRoundSatTable
003fe140   _IQdivTable
003fe342   _IQdivTableEnd
003fe342   _IQisqrtRoundSatTable
003fe342   _IQsqrtRoundSatTable
003fe352   _IQisqrtTable
003fe352   _IQsqrtTable
003fe454   _IQatan2HalfPITable
003fe454   _IQisqrtTableEnd
003fe454   _IQsqrtTableEnd
003fe492   _IQatan2Table
003fe618   _IQ30mpyRndSatTable
003fe618   _IQatan2TableEnd
003fe618   _IQmpyRndSatTable
003fe624   _IQ29mpyRndSatTable
003fe630   _IQ28mpyRndSatTable
003fe63c   _IQ27mpyRndSatTable
003fe648   _IQ26mpyRndSatTable
003fe654   _IQ25mpyRndSatTable
003fe660   _IQ24mpyRndSatTable
003fe66c   _IQ23mpyRndSatTable
003fe678   _IQ22mpyRndSatTable
003fe684   _IQ21mpyRndSatTable
003fe690   _IQ20mpyRndSatTable
003fe69c   _IQ19mpyRndSatTable
003fe6a8   _IQ18mpyRndSatTable
003fe6b4   _IQ17mpyRndSatTable
003fe6c0   _IQ16mpyRndSatTable
003fe6cc   _IQ15mpyRndSatTable
003fe6d8   _IQ14mpyRndSatTable
003fe6e4   _IQ13mpyRndSatTable
003fe6f0   _IQ12mpyRndSatTable
003fe6fc   _IQ11mpyRndSatTable
003fe708   _IQ10mpyRndSatTable
003fe714   _IQ9mpyRndSatTable
003fe720   _IQ8mpyRndSatTable
003fe72c   _IQ7mpyRndSatTable
003fe738   _IQ6mpyRndSatTable
003fe744   _IQ5mpyRndSatTable
003fe750   _IQ4mpyRndSatTable
003fe75c   _IQ3mpyRndSatTable
003fe768   _IQ2mpyRndSatTable
003fe774   _IQ1mpyRndSatTable
003fe780   _IQmpyRndSatTableEnd
ffffffff   ___binit__
ffffffff   ___c_args__
ffffffff   ___pinit__
ffffffff   binit
ffffffff   pinit

[675 symbols]
