******************************************************************************
             TMS320C2000 Linker PC v6.2.5                      
******************************************************************************
>> Linked Fri Jul 28 16:19:34 2017

OUTPUT FILE NAME:   <proj_lab06a.out>
ENTRY POINT SYMBOL: "_c_int00"  address: 0000ae2f


MEMORY CONFIGURATION

         name            origin    length      used     unused   attr    fill
----------------------  --------  ---------  --------  --------  ----  --------
PAGE 0:
  BEGIN                 00000000   00000002  00000002  00000000  RWIX
  RAMM0                 00000050   000003b0  000000ec  000002c4  RWIX
  RAML0_L8              00008000   0000b800  000035f6  0000820a  RWIX
  FPUTABLES             003fd590   000006a0  00000000  000006a0  RWIX
  IQTABLES              003fdc30   00000b50  00000b50  00000000  RWIX
  IQTABLES2             003fe780   0000008c  00000000  0000008c  RWIX
  IQTABLES3             003fe80c   000000aa  00000000  000000aa  RWIX
  BOOTROM               003ff3b0   00000c10  00000000  00000c10  RWIX
  RESET                 003fffc0   00000002  00000000  00000002  RWIX

PAGE 1:
  BOOT_RSVD             00000002   0000004e  00000000  0000004e  RWIX
  RAMM1                 00000400   00000400  000003b0  00000050  RWIX
  USB_RAM               00040000   00000800  00000000  00000800  RWIX


SECTION ALLOCATION MAP

 output                                  attributes/
section   page    origin      length       input sections
--------  ----  ----------  ----------   ----------------
codestart 
*          0    00000000    00000002     
                  00000000    00000002     CodeStartBranch.obj (codestart)

.pinit     0    00000050    00000000     UNINITIALIZED

.cinit     0    00000050    000000b6     
                  00000050    000000a0     proj_lab06a.obj (.cinit)
                  000000f0    0000000a     rts2800_ml.lib : _lock.obj (.cinit)
                  000000fa    0000000a                    : exit.obj (.cinit)
                  00000104    00000002     --HOLE-- [fill = 0]

ramfuncs   0    00000106    00000036     
                  00000106    00000032     flash.obj (ramfuncs)
                  00000138    00000004     usDelay.obj (ramfuncs)

.text      0    00008000    000030cc     
                  00008000    000009d4     hal.obj (.text)
                  000089d4    00000961     ctrl.obj (.text)
                  00009335    000004ff     proj_lab06a.obj (.text)
                  00009834    00000461     user.obj (.text)
                  00009c95    00000452     SpinTAC.lib : spintac_vel_move.obj (.text:_STVELMOVE_run)
                  0000a0e7    000002f1     pwm.obj (.text)
                  0000a3d8    00000238     SpinTAC.lib : spintac_vel_ctl.obj (.text:_STVELCTL_run)
                  0000a610    000001fb     adc.obj (.text)
                  0000a80b    00000194     gpio.obj (.text)
                  0000a99f    0000018a     clk.obj (.text)
                  0000ab29    0000010e     pie.obj (.text)
                  0000ac37    000000cb     proj_lab06a.obj (.text:retain)
                  0000ad02    0000005b     pll.obj (.text)
                  0000ad5d    00000047     pwr.obj (.text)
                  0000ada4    00000046     wdog.obj (.text)
                  0000adea    00000045     offset.obj (.text)
                  0000ae2f    00000044     rts2800_ml.lib : boot.obj (.text)
                  0000ae73    00000035     SpinTAC.lib : spintac_pos_conv.obj (.text:_STPOSCONV_init)
                  0000aea8    00000032     timer.obj (.text)
                  0000aeda    00000031     SpinTAC.lib : spintac_version.obj (.text:_ST_initVersion)
                  0000af0b    0000002d     osc.obj (.text)
                  0000af38    0000002b     SpinTAC.lib : spintac_vel_id.obj (.text:_STVELID_init)
                  0000af63    0000002b                 : spintac_vel_move.obj (.text:_STVELMOVE_init)
                  0000af8e    0000002a                 : spintac_vel_ctl.obj (.text:_STVELCTL_init)
                  0000afb8    00000027     cpu.obj (.text)
                  0000afdf    00000026     SpinTAC.lib : spintac_vel_plan.obj (.text:_STVELPLAN_init)
                  0000b005    00000021     filter_fo.obj (.text)
                  0000b026    00000021     rts2800_ml.lib : fs_toul.obj (.text)
                  0000b047    00000020     flash.obj (.text)
                  0000b067    0000001d     rts2800_ml.lib : fs_tou.obj (.text)
                  0000b084    00000019                    : args_main.obj (.text)
                  0000b09d    00000019                    : exit.obj (.text)
                  0000b0b6    00000009                    : _lock.obj (.text)
                  0000b0bf    00000008     CodeStartBranch.obj (.text)
                  0000b0c7    00000005     pie.obj (.text:retain)

.ebss      0    0000b0cc    000003ce     UNINITIALIZED
                  0000b0cc    00000004     rts2800_ml.lib : _lock.obj (.ebss)
                  0000b0d0    00000004                    : exit.obj (.ebss)
                  0000b0d4    00000001     cpu.obj (.ebss)
                  0000b0d5    0000002b     --HOLE--
                  0000b100    000002da     proj_lab06a.obj (.ebss)
                  0000b3da    00000026     --HOLE--
                  0000b400    0000009a     hal.obj (.ebss)

IQmath     0    0000b49a    00000134     
                  0000b49a    00000047     IQmath.lib : IQ20div.obj (IQmath)
                  0000b4e1    00000047                : IQ24div.obj (IQmath)
                  0000b528    00000042                : IQ24sqrt.obj (IQmath)
                  0000b56a    00000029                : IQ24sinPU.obj (IQmath)
                  0000b593    00000027                : IQ24cosPU.obj (IQmath)
                  0000b5ba    00000014                : IQ30toF.obj (IQmath)

.econst    0    0000b5ce    00000028     
                  0000b5ce    0000001c     ctrl.obj (.econst)
                  0000b5ea    00000008     user.obj (.econst)
                  0000b5f2    00000004     hal.obj (.econst)

IQmathTables 
*          0    003fdc30    00000b50     NOLOAD SECTION
                  003fdc30    00000b50     IQmath.lib : IQmathTables.obj (IQmathTables)

.reset     0    003fffc0    00000002     DSECT
                  003fffc0    00000002     rts2800_ml.lib : boot.obj (.reset)

.stack     1    00000400    000003b0     UNINITIALIZED
                  00000400    000003b0     --HOLE--


GLOBAL DATA SYMBOLS: SORTED BY DATA PAGE

address     data page           name
--------    ----------------    ----
00000400      10 (00000400)     __stack

0000b0cc     2c3 (0000b0c0)     __unlock
0000b0ce     2c3 (0000b0c0)     __lock
0000b0d0     2c3 (0000b0c0)     ___TI_cleanup_ptr
0000b0d2     2c3 (0000b0c0)     ___TI_dtors_ptr
0000b0d4     2c3 (0000b0c0)     _cpu

0000b100     2c4 (0000b100)     _gLEDcnt
0000b102     2c4 (0000b100)     _Flag_Latch_softwareUpdate
0000b103     2c4 (0000b100)     _gCounter_updateGlobals
0000b104     2c4 (0000b100)     _ctrlHandle
0000b106     2c4 (0000b100)     _gTorque_Ls_Id_Iq_pu_to_Nm_sf
0000b108     2c4 (0000b100)     _gMaxCurrentSlope
0000b10a     2c4 (0000b100)     _halHandle
0000b10c     2c4 (0000b100)     _gFlux_pu_to_VpHz_sf
0000b10e     2c4 (0000b100)     _gTorque_Flux_Iq_pu_to_Nm_sf
0000b110     2c4 (0000b100)     _controller_obj
0000b112     2c4 (0000b100)     _gFlux_pu_to_Wb_sf
0000b114     2c4 (0000b100)     _stHandle
0000b116     2c4 (0000b100)     _gPwmData
0000b11c     2c4 (0000b100)     _gAdcData

0000b140     2c5 (0000b140)     _gMotorVars

0000b1c0     2c7 (0000b1c0)     _gUserParams

0000b280     2ca (0000b280)     _st_obj

0000b400     2d0 (0000b400)     _hal

0000b49a     2d2 (0000b480)     __IQ20div

0000b4e1     2d3 (0000b4c0)     __IQ24div

0000b528     2d4 (0000b500)     __IQ24sqrt

0000b56a     2d5 (0000b540)     __IQ24sinPU

0000b593     2d6 (0000b580)     __IQ24cosPU
0000b5ba     2d6 (0000b580)     __IQ30toF

003fdc30    ff70 (003fdc00)     _IQsinTable

003fdd30    ff74 (003fdd00)     _IQcosTable

003fe030    ff80 (003fe000)     _IQsinTableEnd

003fe132    ff84 (003fe100)     _IQcosTableEnd
003fe132    ff84 (003fe100)     _IQdivRoundSatTable

003fe140    ff85 (003fe140)     _IQdivTable

003fe342    ff8d (003fe340)     _IQdivTableEnd
003fe342    ff8d (003fe340)     _IQisqrtRoundSatTable
003fe342    ff8d (003fe340)     _IQsqrtRoundSatTable
003fe352    ff8d (003fe340)     _IQisqrtTable
003fe352    ff8d (003fe340)     _IQsqrtTable

003fe454    ff91 (003fe440)     _IQatan2HalfPITable
003fe454    ff91 (003fe440)     _IQisqrtTableEnd
003fe454    ff91 (003fe440)     _IQsqrtTableEnd

003fe492    ff92 (003fe480)     _IQatan2Table

003fe618    ff98 (003fe600)     _IQ30mpyRndSatTable
003fe618    ff98 (003fe600)     _IQatan2TableEnd
003fe618    ff98 (003fe600)     _IQmpyRndSatTable
003fe624    ff98 (003fe600)     _IQ29mpyRndSatTable
003fe630    ff98 (003fe600)     _IQ28mpyRndSatTable
003fe63c    ff98 (003fe600)     _IQ27mpyRndSatTable

003fe648    ff99 (003fe640)     _IQ26mpyRndSatTable
003fe654    ff99 (003fe640)     _IQ25mpyRndSatTable
003fe660    ff99 (003fe640)     _IQ24mpyRndSatTable
003fe66c    ff99 (003fe640)     _IQ23mpyRndSatTable
003fe678    ff99 (003fe640)     _IQ22mpyRndSatTable

003fe684    ff9a (003fe680)     _IQ21mpyRndSatTable
003fe690    ff9a (003fe680)     _IQ20mpyRndSatTable
003fe69c    ff9a (003fe680)     _IQ19mpyRndSatTable
003fe6a8    ff9a (003fe680)     _IQ18mpyRndSatTable
003fe6b4    ff9a (003fe680)     _IQ17mpyRndSatTable

003fe6c0    ff9b (003fe6c0)     _IQ16mpyRndSatTable
003fe6cc    ff9b (003fe6c0)     _IQ15mpyRndSatTable
003fe6d8    ff9b (003fe6c0)     _IQ14mpyRndSatTable
003fe6e4    ff9b (003fe6c0)     _IQ13mpyRndSatTable
003fe6f0    ff9b (003fe6c0)     _IQ12mpyRndSatTable
003fe6fc    ff9b (003fe6c0)     _IQ11mpyRndSatTable

003fe708    ff9c (003fe700)     _IQ10mpyRndSatTable
003fe714    ff9c (003fe700)     _IQ9mpyRndSatTable
003fe720    ff9c (003fe700)     _IQ8mpyRndSatTable
003fe72c    ff9c (003fe700)     _IQ7mpyRndSatTable
003fe738    ff9c (003fe700)     _IQ6mpyRndSatTable

003fe744    ff9d (003fe740)     _IQ5mpyRndSatTable
003fe750    ff9d (003fe740)     _IQ4mpyRndSatTable
003fe75c    ff9d (003fe740)     _IQ3mpyRndSatTable
003fe768    ff9d (003fe740)     _IQ2mpyRndSatTable
003fe774    ff9d (003fe740)     _IQ1mpyRndSatTable

003fe780    ff9e (003fe780)     _IQmpyRndSatTableEnd


GLOBAL SYMBOLS: SORTED ALPHABETICALLY BY Name 

address    name
--------   ----
00008000   .text
0000b09d   C$$EXIT
003f81d6   FD$$MPY
003f853d   FD$$TOL
003f8364   FS$$ADD
003f85c9   FS$$CMP
003f8259   FS$$DIV
003f83d7   FS$$MPY
003f8616   FS$$NEG
003f8579   FS$$TOFD
003f84f6   FS$$TOI
0000b067   FS$$TOU
0000b026   FS$$TOUL
003f8595   I$$TOFS
003f84a3   L$$DIV
003f8606   U$$TOFS
003f85f3   UL$$TOFS
0000a800   _ADC_disable
0000a7f5   _ADC_disableBandGap
0000a7da   _ADC_disableInt
0000a7cf   _ADC_disableNoOverlapMode
0000a7c4   _ADC_disableRefBuffers
0000a7b9   _ADC_disableVoltRefLoConv
0000a7ae   _ADC_enable
0000a7a3   _ADC_enableBandGap
0000a78c   _ADC_enableInt
0000a781   _ADC_enableNoOverlapMode
0000a776   _ADC_enableRefBuffers
0000a76b   _ADC_enableVoltRefLoConv
0000a763   _ADC_getDivideSelect
0000a75c   _ADC_init
0000a751   _ADC_powerDown
0000a746   _ADC_powerUp
0000a73b   _ADC_reset
0000a729   _ADC_setDivideSelect
0000a70c   _ADC_setIntMode
0000a6fa   _ADC_setIntPulseGenMode
0000a6dd   _ADC_setIntSrc
0000a6d6   _ADC_setOffTrim
0000a6be   _ADC_setSampleMode
0000a6a9   _ADC_setSampleOverlapMode
0000a696   _ADC_setSocChanNumber
0000a68c   _ADC_setSocFrc
0000a685   _ADC_setSocFrcWord
0000a672   _ADC_setSocSampleDelay
0000a65f   _ADC_setSocTrigSrc
0000a64d   _ADC_setTempSensorSrc
0000a63b   _ADC_setVoltRefSrc
0000a610   _ADC_setupSocTrigSrc
0000ab22   _CLK_disableAdcClock
0000ab1b   _CLK_disableClaClock
0000ab15   _CLK_disableClkIn
0000ab11   _CLK_disableCompClock
0000ab0a   _CLK_disableCpuTimerClock
0000ab04   _CLK_disableCrystalOsc
0000aafd   _CLK_disableEcanaClock
0000aaf6   _CLK_disableEcap1Clock
0000aaef   _CLK_disableEqep1Clock
0000aae8   _CLK_disableEqep2Clock
0000aae1   _CLK_disableGpioInputClock
0000aada   _CLK_disableHrPwmClock
0000aad3   _CLK_disableI2cClock
0000aacc   _CLK_disableLinAClock
0000aac6   _CLK_disableOsc1
0000aac0   _CLK_disableOsc1HaltMode
0000aaba   _CLK_disableOsc2
0000aab4   _CLK_disableOsc2HaltMode
0000aaaa   _CLK_disablePwmClock
0000aaa3   _CLK_disableSciaClock
0000aa9c   _CLK_disableScibClock
0000aa95   _CLK_disableSpiaClock
0000aa91   _CLK_disableSpibClock
0000aa8a   _CLK_disableTbClockSync
0000aa84   _CLK_disableWatchDogHaltMode
0000aa7d   _CLK_enableAdcClock
0000aa76   _CLK_enableClaClock
0000aa70   _CLK_enableClkIn
0000aa6a   _CLK_enableCompClock
0000aa64   _CLK_enableCpuTimerClock
0000aa5e   _CLK_enableCrystalOsc
0000aa57   _CLK_enableEcanaClock
0000aa50   _CLK_enableEcap1Clock
0000aa49   _CLK_enableEqep1Clock
0000aa42   _CLK_enableEqep2Clock
0000aa3b   _CLK_enableGpioInputClock
0000aa34   _CLK_enableHrPwmClock
0000aa2d   _CLK_enableI2cClock
0000aa26   _CLK_enableLinAClock
0000aa20   _CLK_enableOsc1
0000aa1a   _CLK_enableOsc1HaltMode
0000aa14   _CLK_enableOsc2
0000aa0e   _CLK_enableOsc2HaltMode
0000aa05   _CLK_enablePwmClock
0000a9fe   _CLK_enableSciaClock
0000a9f7   _CLK_enableScibClock
0000a9f0   _CLK_enableSpiaClock
0000a9e9   _CLK_enableSpibClock
0000a9e2   _CLK_enableTbClockSync
0000a9dc   _CLK_enableWatchDogHaltMode
0000a9d6   _CLK_init
0000a9cf   _CLK_setClkOutPreScaler
0000a9c9   _CLK_setLowSpdPreScaler
0000a9c2   _CLK_setOsc2Src
0000a9bb   _CLK_setOscSrc
0000a9b4   _CLK_setTimer2PreScale
0000a9ad   _CLK_setTimer2Src
0000a9a6   _CLK_setWatchDogSrc
0000a99f   _CLK_setXClkInSrc
0000afdc   _CPU_clearIntFlags
0000afd9   _CPU_disableDebugInt
0000afd6   _CPU_disableGlobalInts
0000afd1   _CPU_disableInt
0000afce   _CPU_disableInts
0000afcb   _CPU_disableProtectedRegisterWrite
0000afc8   _CPU_enableDebugInt
0000afc5   _CPU_enableGlobalInts
0000afc1   _CPU_enableInt
0000afbe   _CPU_enableProtectedRegisterWrite
0000afb8   _CPU_init
000092f9   _CTRL_getGains
000092f1   _CTRL_getIab_filt_pu
000092e9   _CTRL_getIab_in_pu
000092e1   _CTRL_getIdq_in_pu
000092d9   _CTRL_getIdq_ref_pu
00009332   _CTRL_getMagCurrent_pu
0000932f   _CTRL_getMaximumSpeed_pu
000092d1   _CTRL_getVab_in_pu
000092c9   _CTRL_getVab_out_pu
000092c1   _CTRL_getVdq_out_pu
003fa721   _CTRL_getVersion
000092b8   _CTRL_getWaitTimes
003fa6fb   _CTRL_initCtrl
00008da6   _CTRL_run
003fa5d1   _CTRL_runTraj
003f9e64   _CTRL_setEstParams
00008b3e   _CTRL_setGains
00009329   _CTRL_setMagCurrent_pu
0000932c   _CTRL_setMaximumSpeed_pu
00008b66   _CTRL_setParams
00008b2b   _CTRL_setSpd_ref_krpm
00008b28   _CTRL_setSpd_ref_pu
003f9d31   _CTRL_setUserMotorParams
00008b1f   _CTRL_setWaitTimes
00008b15   _CTRL_setup
00008af9   _CTRL_setupClarke_I
00008ae3   _CTRL_setupClarke_V
003f9b43   _CTRL_setupCtrl
003f99a5   _CTRL_setupEstIdleState
003f996a   _CTRL_setupEstOnLineState
003f9806   _CTRL_setupTraj
00008a86   _CTRL_setup_user
000089d4   _CTRL_updateState
003f9760   _EST_doCurrentCtrl
003f9758   _EST_doSpeedCtrl
003f8c0d   _EST_getAngle_pu
003f96be   _EST_getFlux_VpHz
003f96ab   _EST_getFlux_pu
003f968e   _EST_getFm_pu
003f9632   _EST_getIdRated
003f95ff   _EST_getLs_coarse_max_pu
003f95f5   _EST_getLs_d_H
003f95f0   _EST_getLs_d_pu
003f95ce   _EST_getLs_q_H
003f95c9   _EST_getLs_q_pu
003f95bd   _EST_getMaxCurrentSlope_pu
003f95b3   _EST_getOneOverDcBus_pu
003f95ad   _EST_getRr_Ohm
003f9513   _EST_getRs_Ohm
003f94c6   _EST_getSpeed_krpm
003f861b   _EST_getState
003f9458   _EST_get_krpm_to_pu_sf
003f9453   _EST_get_pu_to_krpm_sf
003f938d   _EST_isError
003f9386   _EST_isIdle
003f937f   _EST_isLockRotor
003f8679   _EST_isMotorIdentified
003f9378   _EST_isOnLine
003f927b   _EST_run
003f8bdb   _EST_setFlag_enableForceAngle
003f8bd3   _EST_setFlag_enableRsRecalc
003f8b80   _EST_setId_ref_pu
003f8b7a   _EST_setIdle
003f8b67   _EST_setIdle_all
003f8b63   _EST_setIq_ref_pu
003f8b45   _EST_setLs_d_pu
003f8af1   _EST_setLs_qFmt
003f8ae7   _EST_setLs_q_pu
003f8adb   _EST_setMaxCurrentSlope_pu
003f8a18   _EST_setRs_pu
003f89f5   _EST_updateId_ref_pu
003f8713   _EST_updateState
003f861d   _EST_useZeroIq_ref
0000b023   _FILTER_FO_getDenCoeffs
0000b01c   _FILTER_FO_getInitialConditions
0000b016   _FILTER_FO_getNumCoeffs
0000b010   _FILTER_FO_init
0000b00e   _FILTER_FO_setDenCoeffs
0000b009   _FILTER_FO_setInitialConditions
0000b005   _FILTER_FO_setNumCoeffs
0000b061   _FLASH_clear3VStatus
00000132   _FLASH_disablePipelineMode
0000012c   _FLASH_enablePipelineMode
0000b05e   _FLASH_get3VStatus
0000b05b   _FLASH_getActiveWaitCount
0000b057   _FLASH_getActiveWaitStatus
0000b054   _FLASH_getPowerMode
0000b051   _FLASH_getStandbyWaitCount
0000b04d   _FLASH_getStandbyWaitStatus
0000b047   _FLASH_init
00000127   _FLASH_setActiveWaitCount
00000120   _FLASH_setNumPagedReadWaitStates
00000119   _FLASH_setNumRandomReadWaitStates
00000112   _FLASH_setOtpWaitStates
0000010b   _FLASH_setPowerMode
00000106   _FLASH_setStandbyWaitCount
0000b102   _Flag_Latch_softwareUpdate
0000a98f   _GPIO_getData
0000a988   _GPIO_getPortData
0000a982   _GPIO_init
0000a978   _GPIO_lpmSelect
0000a952   _GPIO_read
0000a937   _GPIO_setDirection
0000a92c   _GPIO_setExtInt
0000a919   _GPIO_setHigh
0000a906   _GPIO_setLow
0000a8cc   _GPIO_setMode
0000a8c0   _GPIO_setPortData
0000a8a5   _GPIO_setPullup
0000a865   _GPIO_setQualification
0000a81e   _GPIO_setQualificationPeriod
0000a80b   _GPIO_toggle
000084fb   _HAL_AdcCalChanSelect
00008552   _HAL_AdcCalConversion
000086aa   _HAL_AdcOffsetSelfCal
0000876f   _HAL_OscTempComp
000087c2   _HAL_cal
000089d0   _HAL_disableGlobalInts
000088eb   _HAL_disableWdog
000089be   _HAL_enableAdcInts
000089ba   _HAL_enableDebugInt
000089b6   _HAL_enableGlobalInts
000089a5   _HAL_enablePwmInt
000086dd   _HAL_getOscTrimValue
000088f0   _HAL_init
000086f1   _HAL_osc1Comp
00008730   _HAL_osc2Comp
000088d6   _HAL_setDacParameters
000087d9   _HAL_setParams
00008444   _HAL_setupAdcs
00008428   _HAL_setupClks
000083ff   _HAL_setupFaults
000083e1   _HAL_setupFlash
0000824a   _HAL_setupGpios
000081fd   _HAL_setupPeripheralClks
000081e1   _HAL_setupPie
000081a3   _HAL_setupPll
00008118   _HAL_setupPwmDacs
00008050   _HAL_setupPwms
00008000   _HAL_setupTimers
003fe708   _IQ10mpyRndSatTable
003fe6fc   _IQ11mpyRndSatTable
003fe6f0   _IQ12mpyRndSatTable
003fe6e4   _IQ13mpyRndSatTable
003fe6d8   _IQ14mpyRndSatTable
003fe6cc   _IQ15mpyRndSatTable
003fe6c0   _IQ16mpyRndSatTable
003fe6b4   _IQ17mpyRndSatTable
003fe6a8   _IQ18mpyRndSatTable
003fe69c   _IQ19mpyRndSatTable
003fe774   _IQ1mpyRndSatTable
003fe690   _IQ20mpyRndSatTable
003fe684   _IQ21mpyRndSatTable
003fe678   _IQ22mpyRndSatTable
003fe66c   _IQ23mpyRndSatTable
003fe660   _IQ24mpyRndSatTable
003fe654   _IQ25mpyRndSatTable
003fe648   _IQ26mpyRndSatTable
003fe63c   _IQ27mpyRndSatTable
003fe630   _IQ28mpyRndSatTable
003fe624   _IQ29mpyRndSatTable
003fe768   _IQ2mpyRndSatTable
003fe618   _IQ30mpyRndSatTable
003fe75c   _IQ3mpyRndSatTable
003fe750   _IQ4mpyRndSatTable
003fe744   _IQ5mpyRndSatTable
003fe738   _IQ6mpyRndSatTable
003fe72c   _IQ7mpyRndSatTable
003fe720   _IQ8mpyRndSatTable
003fe714   _IQ9mpyRndSatTable
003fe454   _IQatan2HalfPITable
003fe492   _IQatan2Table
003fe618   _IQatan2TableEnd
003fdd30   _IQcosTable
003fe132   _IQcosTableEnd
003fe132   _IQdivRoundSatTable
003fe140   _IQdivTable
003fe342   _IQdivTableEnd
003fe342   _IQisqrtRoundSatTable
003fe352   _IQisqrtTable
003fe454   _IQisqrtTableEnd
003fe618   _IQmpyRndSatTable
003fe780   _IQmpyRndSatTableEnd
003fdc30   _IQsinTable
003fe030   _IQsinTableEnd
003fe342   _IQsqrtRoundSatTable
003fe352   _IQsqrtTable
003fe454   _IQsqrtTableEnd
0000ae22   _OFFSET_getBeta
0000ae11   _OFFSET_init
0000adfb   _OFFSET_setBeta
0000adec   _OFFSET_setInitCond
0000adea   _OFFSET_setOffset
0000af32   _OSC_init
0000af25   _OSC_setCoarseTrim
0000af14   _OSC_setFineTrim
0000af0b   _OSC_setTrim
0000ac2d   _PIE_clearAllFlags
0000ac2a   _PIE_clearAllInts
0000ac27   _PIE_disable
0000ac1d   _PIE_disableAllInts
0000ac19   _PIE_disableCaptureInt
0000ac0c   _PIE_disableExtInt
0000ac01   _PIE_disableInt
0000abfe   _PIE_enable
0000abe2   _PIE_enableAdcInt
0000abde   _PIE_enableCaptureInt
0000abbb   _PIE_enableExtInt
0000abb1   _PIE_enableInt
0000abac   _PIE_enablePwmInt
0000aba7   _PIE_enablePwmTzInt
0000aba4   _PIE_enableTimer0Int
0000ab9a   _PIE_forceInt
0000ab92   _PIE_getExtIntCount
0000ab8b   _PIE_getIntEnables
0000ab84   _PIE_getIntFlags
0000b0c7   _PIE_illegalIsr
0000ab7d   _PIE_init
0000ab6e   _PIE_registerPieIntHandler
0000ab63   _PIE_registerSystemIntHandler
0000ab57   _PIE_setDefaultIntVectorTable
0000ab47   _PIE_setExtIntPolarity
0000ab36   _PIE_unregisterPieIntHandler
0000ab29   _PIE_unregisterSystemIntHandler
0000ad57   _PLL_disable
0000ad51   _PLL_disableClkDetect
0000ad4b   _PLL_disableNormRdy
0000ad45   _PLL_disableOsc
0000ad3f   _PLL_enable
0000ad39   _PLL_enableClkDetect
0000ad33   _PLL_enableNormRdy
0000ad2d   _PLL_enableOsc
0000ad29   _PLL_getClkFreq
0000ad26   _PLL_getClkStatus
0000ad23   _PLL_getDivideSelect
0000ad20   _PLL_getLockStatus
0000ad1a   _PLL_init
0000ad14   _PLL_resetClkDetect
0000ad0e   _PLL_setClkFreq
0000ad07   _PLL_setDivideSelect
0000ad02   _PLL_setLockPeriod
0000a3d2   _PWM_clearTripZone
0000a3cf   _PWM_decrementDeadBandFallingEdgeDelay
0000a3cc   _PWM_decrementDeadBandRisingEdgeDelay
0000a3c5   _PWM_disableAutoConvert
0000a3c1   _PWM_disableChopping
0000a3be   _PWM_disableCounterLoad
0000a3bb   _PWM_disableDeadBand
0000a3b7   _PWM_disableDeadBandHalfCycle
0000a3b0   _PWM_disableDigitalCompareBlankingWindow
0000a3a9   _PWM_disableDigitalCompareBlankingWindowInversion
0000a3a2   _PWM_disableHrPeriod
0000a39b   _PWM_disableHrPhaseSync
0000a397   _PWM_disableInt
0000a393   _PWM_disableSocAPulse
0000a38f   _PWM_disableSocBPulse
0000a388   _PWM_disableTripZoneInt
0000a381   _PWM_disableTripZoneSrc
0000a37b   _PWM_disableTripZones
0000a374   _PWM_enableAutoConvert
0000a370   _PWM_enableChopping
0000a36d   _PWM_enableCounterLoad
0000a369   _PWM_enableDeadBandHalfCycle
0000a362   _PWM_enableDigitalCompareBlankingWindow
0000a35b   _PWM_enableDigitalCompareBlankingWindowInversion
0000a354   _PWM_enableHrPeriod
0000a34d   _PWM_enableHrPhaseSync
0000a349   _PWM_enableInt
0000a345   _PWM_enableSocAPulse
0000a341   _PWM_enableSocBPulse
0000a33b   _PWM_enableTripZoneInt
0000a335   _PWM_enableTripZoneSrc
0000a332   _PWM_getDeadBandFallingEdgeDelay
0000a32f   _PWM_getDeadBandRisingEdgeDelay
0000a32b   _PWM_getIntCount
0000a327   _PWM_getShadowStatus_CmpA
0000a323   _PWM_getShadowStatus_CmpB
0000a31e   _PWM_getSocACount
0000a319   _PWM_getSocBCount
0000a316   _PWM_incrementDeadBandFallingEdgeDelay
0000a313   _PWM_incrementDeadBandRisingEdgeDelay
0000a30d   _PWM_init
0000a306   _PWM_setActionQualContSWForce_PwmA
0000a2fd   _PWM_setActionQualContSWForce_PwmB
0000a2f4   _PWM_setActionQual_CntDown_CmpA_PwmA
0000a2eb   _PWM_setActionQual_CntDown_CmpA_PwmB
0000a2e2   _PWM_setActionQual_CntDown_CmpB_PwmA
0000a2d9   _PWM_setActionQual_CntDown_CmpB_PwmB
0000a2d0   _PWM_setActionQual_CntUp_CmpA_PwmA
0000a2c7   _PWM_setActionQual_CntUp_CmpA_PwmB
0000a2be   _PWM_setActionQual_CntUp_CmpB_PwmA
0000a2b5   _PWM_setActionQual_CntUp_CmpB_PwmB
0000a2ac   _PWM_setActionQual_Period_PwmA
0000a2a3   _PWM_setActionQual_Period_PwmB
0000a29c   _PWM_setActionQual_Zero_PwmA
0000a295   _PWM_setActionQual_Zero_PwmB
0000a28e   _PWM_setChoppingClkFreq
0000a287   _PWM_setChoppingDutyCycle
0000a280   _PWM_setChoppingPulseWidth
0000a27c   _PWM_setClkDiv
0000a27a   _PWM_setCount
0000a276   _PWM_setCounterMode
0000a273   _PWM_setDeadBandFallingEdgeDelay
0000a26c   _PWM_setDeadBandInputMode
0000a265   _PWM_setDeadBandOutputMode
0000a25e   _PWM_setDeadBandPolarity
0000a25b   _PWM_setDeadBandRisingEdgeDelay
0000a244   _PWM_setDigitalCompareAEvent1
0000a234   _PWM_setDigitalCompareAEvent2
0000a21d   _PWM_setDigitalCompareBEvent1
0000a20d   _PWM_setDigitalCompareBEvent2
0000a201   _PWM_setDigitalCompareBlankingPulse
0000a1fe   _PWM_setDigitalCompareFilterOffset
0000a1f4   _PWM_setDigitalCompareFilterSource
0000a1f1   _PWM_setDigitalCompareFilterWindow
0000a1e2   _PWM_setDigitalCompareInput
0000a1de   _PWM_setHighSpeedClkDiv
0000a1d4   _PWM_setHrControlMode
0000a1ca   _PWM_setHrEdgeMode
0000a1c0   _PWM_setHrShadowMode
0000a1b9   _PWM_setIntMode
0000a1b2   _PWM_setIntPeriod
0000a1ae   _PWM_setLoadMode_CmpA
0000a1a8   _PWM_setLoadMode_CmpB
0000a1a6   _PWM_setPeriod
0000a1a1   _PWM_setPeriodHr
0000a19d   _PWM_setPeriodLoad
0000a19b   _PWM_setPhase
0000a197   _PWM_setPhaseDir
0000a193   _PWM_setRunMode
0000a18d   _PWM_setShadowMode_CmpA
0000a187   _PWM_setShadowMode_CmpB
0000a17e   _PWM_setSocAPeriod
0000a174   _PWM_setSocAPulseSrc
0000a16b   _PWM_setSocBPeriod
0000a162   _PWM_setSocBPulseSrc
0000a15f   _PWM_setSwSync
0000a15b   _PWM_setSyncMode
0000a151   _PWM_setTripZoneDCEventSelect_DCAEVT1
0000a145   _PWM_setTripZoneDCEventSelect_DCAEVT2
0000a139   _PWM_setTripZoneDCEventSelect_DCBEVT1
0000a12d   _PWM_setTripZoneDCEventSelect_DCBEVT2
0000a121   _PWM_setTripZoneState_DCAEVT1
0000a115   _PWM_setTripZoneState_DCAEVT2
0000a109   _PWM_setTripZoneState_DCBEVT1
0000a0fd   _PWM_setTripZoneState_DCBEVT2
0000a0f3   _PWM_setTripZoneState_TZA
0000a0e7   _PWM_setTripZoneState_TZB
0000ada1   _PWR_disableBrownOutReset
0000ad96   _PWR_disableWatchDogInt
0000ad93   _PWR_enableBrownOutReset
0000ad88   _PWR_enableWatchDogInt
0000ad81   _PWR_init
0000ad6f   _PWR_setLowPowerMode
0000ad5d   _PWR_setNumStandByClocks
0000013c   _RamfuncsLoadEnd
00000036   _RamfuncsLoadSize
00000106   _RamfuncsLoadStart
00000106   _RamfuncsRunStart
0000ae73   _STPOSCONV_init
0000af8e   _STVELCTL_init
0000a3d8   _STVELCTL_run
0000af38   _STVELID_init
0000af63   _STVELMOVE_init
00009c95   _STVELMOVE_run
0000afdf   _STVELPLAN_init
0000aeda   _ST_initVersion
00009483   _ST_runVelCtl
00009412   _ST_runVelMove
0000aed7   _TIMER_clearFlag
0000aed4   _TIMER_disableInt
0000aed1   _TIMER_enableInt
0000aece   _TIMER_getStatus
0000aec8   _TIMER_init
0000aeba   _TIMER_setDecimationFactor
0000aeb6   _TIMER_setEmulationMode
0000aea8   _TIMER_setPreScaler
00009be4   _USER_calcPIgains
00009be0   _USER_checkForErrors
00009bd2   _USER_computeFlux
00009b87   _USER_computeFlux_pu_to_VpHz_sf
00009b3c   _USER_computeFlux_pu_to_Wb_sf
00009af1   _USER_computeTorque_Flux_Iq_pu_to_Nm_sf
00009aa8   _USER_computeTorque_Ls_Id_Iq_pu_to_Nm_sf
00009a5c   _USER_computeTorque_Nm
00009a05   _USER_computeTorque_lbin
00009a02   _USER_getErrorCode
000099ff   _USER_setErrorCode
000098c2   _USER_setParams
00009834   _USER_softwareUpdate1p6
0000ade2   _WDOG_clearCounter
0000adda   _WDOG_disable
0000add4   _WDOG_disableInt
0000adce   _WDOG_disableOverRide
0000adc5   _WDOG_enable
0000adbf   _WDOG_enableInt
0000adb9   _WDOG_enableOverRide
0000adb6   _WDOG_getIntStatus
0000adb0   _WDOG_init
0000adae   _WDOG_setCount
0000ada4   _WDOG_setPreScaler
0000b49a   __IQ20div
0000b593   __IQ24cosPU
0000b4e1   __IQ24div
0000b56a   __IQ24sinPU
0000b528   __IQ24sqrt
0000b5ba   __IQ30toF
000007b0   __STACK_END
000003b0   __STACK_SIZE
00000001   __TI_args_main
0000b0d0   ___TI_cleanup_ptr
0000b0d2   ___TI_dtors_ptr
ffffffff   ___binit__
ffffffff   ___c_args__
00000050   ___cinit__
0000b0cc   ___etext__
ffffffff   ___pinit__
00008000   ___text__
0000b084   __args_main
0000b0ce   __lock
0000b0be   __nop
0000b0ba   __register_lock
0000b0b6   __register_unlock
00000400   __stack
0000b0cc   __unlock
0000b09d   _abort
0000ae2f   _c_int00
0000b110   _controller_obj
0000b0d4   _cpu
0000b104   _ctrlHandle
0000b09f   _exit
0000b11c   _gAdcData
0000b103   _gCounter_updateGlobals
0000b10c   _gFlux_pu_to_VpHz_sf
0000b112   _gFlux_pu_to_Wb_sf
0000b100   _gLEDcnt
0000b108   _gMaxCurrentSlope
0000b140   _gMotorVars
0000b116   _gPwmData
0000b10e   _gTorque_Flux_Iq_pu_to_Nm_sf
0000b106   _gTorque_Ls_Id_Iq_pu_to_Nm_sf
0000b1c0   _gUserParams
0000b400   _hal
0000b10a   _halHandle
003f8000   _log
000094b3   _main
0000ac37   _mainISR
003f8472   _modf
003f82dc   _pow
003fb9dd   _s0_calc
003fb9ad   _s0_conf
003fbae7   _s2_calc
003fbb85   _s4_calc
003fbc34   _s4_conf
003fbc58   _s4_reset
003fbc9b   _s8_calc
003fbc7d   _s8_cfg
003fbd37   _s8_get
003fbc72   _s8_reset
003fbc6d   _spintac_rom_ver
0000b114   _stHandle
0000b280   _st_obj
0000935c   _updateGlobalVariables_motor
00009335   _updateKpKiGains
00000138   _usDelay
ffffffff   binit
00000050   cinit
00000000   code_start
0000b0cc   etext
ffffffff   pinit


GLOBAL SYMBOLS: SORTED BY Symbol Address 

address    name
--------   ----
00000000   code_start
00000001   __TI_args_main
00000036   _RamfuncsLoadSize
00000050   ___cinit__
00000050   cinit
00000106   _FLASH_setStandbyWaitCount
00000106   _RamfuncsLoadStart
00000106   _RamfuncsRunStart
0000010b   _FLASH_setPowerMode
00000112   _FLASH_setOtpWaitStates
00000119   _FLASH_setNumRandomReadWaitStates
00000120   _FLASH_setNumPagedReadWaitStates
00000127   _FLASH_setActiveWaitCount
0000012c   _FLASH_enablePipelineMode
00000132   _FLASH_disablePipelineMode
00000138   _usDelay
0000013c   _RamfuncsLoadEnd
000003b0   __STACK_SIZE
00000400   __stack
000007b0   __STACK_END
00008000   .text
00008000   _HAL_setupTimers
00008000   ___text__
00008050   _HAL_setupPwms
00008118   _HAL_setupPwmDacs
000081a3   _HAL_setupPll
000081e1   _HAL_setupPie
000081fd   _HAL_setupPeripheralClks
0000824a   _HAL_setupGpios
000083e1   _HAL_setupFlash
000083ff   _HAL_setupFaults
00008428   _HAL_setupClks
00008444   _HAL_setupAdcs
000084fb   _HAL_AdcCalChanSelect
00008552   _HAL_AdcCalConversion
000086aa   _HAL_AdcOffsetSelfCal
000086dd   _HAL_getOscTrimValue
000086f1   _HAL_osc1Comp
00008730   _HAL_osc2Comp
0000876f   _HAL_OscTempComp
000087c2   _HAL_cal
000087d9   _HAL_setParams
000088d6   _HAL_setDacParameters
000088eb   _HAL_disableWdog
000088f0   _HAL_init
000089a5   _HAL_enablePwmInt
000089b6   _HAL_enableGlobalInts
000089ba   _HAL_enableDebugInt
000089be   _HAL_enableAdcInts
000089d0   _HAL_disableGlobalInts
000089d4   _CTRL_updateState
00008a86   _CTRL_setup_user
00008ae3   _CTRL_setupClarke_V
00008af9   _CTRL_setupClarke_I
00008b15   _CTRL_setup
00008b1f   _CTRL_setWaitTimes
00008b28   _CTRL_setSpd_ref_pu
00008b2b   _CTRL_setSpd_ref_krpm
00008b3e   _CTRL_setGains
00008b66   _CTRL_setParams
00008da6   _CTRL_run
000092b8   _CTRL_getWaitTimes
000092c1   _CTRL_getVdq_out_pu
000092c9   _CTRL_getVab_out_pu
000092d1   _CTRL_getVab_in_pu
000092d9   _CTRL_getIdq_ref_pu
000092e1   _CTRL_getIdq_in_pu
000092e9   _CTRL_getIab_in_pu
000092f1   _CTRL_getIab_filt_pu
000092f9   _CTRL_getGains
00009329   _CTRL_setMagCurrent_pu
0000932c   _CTRL_setMaximumSpeed_pu
0000932f   _CTRL_getMaximumSpeed_pu
00009332   _CTRL_getMagCurrent_pu
00009335   _updateKpKiGains
0000935c   _updateGlobalVariables_motor
00009412   _ST_runVelMove
00009483   _ST_runVelCtl
000094b3   _main
00009834   _USER_softwareUpdate1p6
000098c2   _USER_setParams
000099ff   _USER_setErrorCode
00009a02   _USER_getErrorCode
00009a05   _USER_computeTorque_lbin
00009a5c   _USER_computeTorque_Nm
00009aa8   _USER_computeTorque_Ls_Id_Iq_pu_to_Nm_sf
00009af1   _USER_computeTorque_Flux_Iq_pu_to_Nm_sf
00009b3c   _USER_computeFlux_pu_to_Wb_sf
00009b87   _USER_computeFlux_pu_to_VpHz_sf
00009bd2   _USER_computeFlux
00009be0   _USER_checkForErrors
00009be4   _USER_calcPIgains
00009c95   _STVELMOVE_run
0000a0e7   _PWM_setTripZoneState_TZB
0000a0f3   _PWM_setTripZoneState_TZA
0000a0fd   _PWM_setTripZoneState_DCBEVT2
0000a109   _PWM_setTripZoneState_DCBEVT1
0000a115   _PWM_setTripZoneState_DCAEVT2
0000a121   _PWM_setTripZoneState_DCAEVT1
0000a12d   _PWM_setTripZoneDCEventSelect_DCBEVT2
0000a139   _PWM_setTripZoneDCEventSelect_DCBEVT1
0000a145   _PWM_setTripZoneDCEventSelect_DCAEVT2
0000a151   _PWM_setTripZoneDCEventSelect_DCAEVT1
0000a15b   _PWM_setSyncMode
0000a15f   _PWM_setSwSync
0000a162   _PWM_setSocBPulseSrc
0000a16b   _PWM_setSocBPeriod
0000a174   _PWM_setSocAPulseSrc
0000a17e   _PWM_setSocAPeriod
0000a187   _PWM_setShadowMode_CmpB
0000a18d   _PWM_setShadowMode_CmpA
0000a193   _PWM_setRunMode
0000a197   _PWM_setPhaseDir
0000a19b   _PWM_setPhase
0000a19d   _PWM_setPeriodLoad
0000a1a1   _PWM_setPeriodHr
0000a1a6   _PWM_setPeriod
0000a1a8   _PWM_setLoadMode_CmpB
0000a1ae   _PWM_setLoadMode_CmpA
0000a1b2   _PWM_setIntPeriod
0000a1b9   _PWM_setIntMode
0000a1c0   _PWM_setHrShadowMode
0000a1ca   _PWM_setHrEdgeMode
0000a1d4   _PWM_setHrControlMode
0000a1de   _PWM_setHighSpeedClkDiv
0000a1e2   _PWM_setDigitalCompareInput
0000a1f1   _PWM_setDigitalCompareFilterWindow
0000a1f4   _PWM_setDigitalCompareFilterSource
0000a1fe   _PWM_setDigitalCompareFilterOffset
0000a201   _PWM_setDigitalCompareBlankingPulse
0000a20d   _PWM_setDigitalCompareBEvent2
0000a21d   _PWM_setDigitalCompareBEvent1
0000a234   _PWM_setDigitalCompareAEvent2
0000a244   _PWM_setDigitalCompareAEvent1
0000a25b   _PWM_setDeadBandRisingEdgeDelay
0000a25e   _PWM_setDeadBandPolarity
0000a265   _PWM_setDeadBandOutputMode
0000a26c   _PWM_setDeadBandInputMode
0000a273   _PWM_setDeadBandFallingEdgeDelay
0000a276   _PWM_setCounterMode
0000a27a   _PWM_setCount
0000a27c   _PWM_setClkDiv
0000a280   _PWM_setChoppingPulseWidth
0000a287   _PWM_setChoppingDutyCycle
0000a28e   _PWM_setChoppingClkFreq
0000a295   _PWM_setActionQual_Zero_PwmB
0000a29c   _PWM_setActionQual_Zero_PwmA
0000a2a3   _PWM_setActionQual_Period_PwmB
0000a2ac   _PWM_setActionQual_Period_PwmA
0000a2b5   _PWM_setActionQual_CntUp_CmpB_PwmB
0000a2be   _PWM_setActionQual_CntUp_CmpB_PwmA
0000a2c7   _PWM_setActionQual_CntUp_CmpA_PwmB
0000a2d0   _PWM_setActionQual_CntUp_CmpA_PwmA
0000a2d9   _PWM_setActionQual_CntDown_CmpB_PwmB
0000a2e2   _PWM_setActionQual_CntDown_CmpB_PwmA
0000a2eb   _PWM_setActionQual_CntDown_CmpA_PwmB
0000a2f4   _PWM_setActionQual_CntDown_CmpA_PwmA
0000a2fd   _PWM_setActionQualContSWForce_PwmB
0000a306   _PWM_setActionQualContSWForce_PwmA
0000a30d   _PWM_init
0000a313   _PWM_incrementDeadBandRisingEdgeDelay
0000a316   _PWM_incrementDeadBandFallingEdgeDelay
0000a319   _PWM_getSocBCount
0000a31e   _PWM_getSocACount
0000a323   _PWM_getShadowStatus_CmpB
0000a327   _PWM_getShadowStatus_CmpA
0000a32b   _PWM_getIntCount
0000a32f   _PWM_getDeadBandRisingEdgeDelay
0000a332   _PWM_getDeadBandFallingEdgeDelay
0000a335   _PWM_enableTripZoneSrc
0000a33b   _PWM_enableTripZoneInt
0000a341   _PWM_enableSocBPulse
0000a345   _PWM_enableSocAPulse
0000a349   _PWM_enableInt
0000a34d   _PWM_enableHrPhaseSync
0000a354   _PWM_enableHrPeriod
0000a35b   _PWM_enableDigitalCompareBlankingWindowInversion
0000a362   _PWM_enableDigitalCompareBlankingWindow
0000a369   _PWM_enableDeadBandHalfCycle
0000a36d   _PWM_enableCounterLoad
0000a370   _PWM_enableChopping
0000a374   _PWM_enableAutoConvert
0000a37b   _PWM_disableTripZones
0000a381   _PWM_disableTripZoneSrc
0000a388   _PWM_disableTripZoneInt
0000a38f   _PWM_disableSocBPulse
0000a393   _PWM_disableSocAPulse
0000a397   _PWM_disableInt
0000a39b   _PWM_disableHrPhaseSync
0000a3a2   _PWM_disableHrPeriod
0000a3a9   _PWM_disableDigitalCompareBlankingWindowInversion
0000a3b0   _PWM_disableDigitalCompareBlankingWindow
0000a3b7   _PWM_disableDeadBandHalfCycle
0000a3bb   _PWM_disableDeadBand
0000a3be   _PWM_disableCounterLoad
0000a3c1   _PWM_disableChopping
0000a3c5   _PWM_disableAutoConvert
0000a3cc   _PWM_decrementDeadBandRisingEdgeDelay
0000a3cf   _PWM_decrementDeadBandFallingEdgeDelay
0000a3d2   _PWM_clearTripZone
0000a3d8   _STVELCTL_run
0000a610   _ADC_setupSocTrigSrc
0000a63b   _ADC_setVoltRefSrc
0000a64d   _ADC_setTempSensorSrc
0000a65f   _ADC_setSocTrigSrc
0000a672   _ADC_setSocSampleDelay
0000a685   _ADC_setSocFrcWord
0000a68c   _ADC_setSocFrc
0000a696   _ADC_setSocChanNumber
0000a6a9   _ADC_setSampleOverlapMode
0000a6be   _ADC_setSampleMode
0000a6d6   _ADC_setOffTrim
0000a6dd   _ADC_setIntSrc
0000a6fa   _ADC_setIntPulseGenMode
0000a70c   _ADC_setIntMode
0000a729   _ADC_setDivideSelect
0000a73b   _ADC_reset
0000a746   _ADC_powerUp
0000a751   _ADC_powerDown
0000a75c   _ADC_init
0000a763   _ADC_getDivideSelect
0000a76b   _ADC_enableVoltRefLoConv
0000a776   _ADC_enableRefBuffers
0000a781   _ADC_enableNoOverlapMode
0000a78c   _ADC_enableInt
0000a7a3   _ADC_enableBandGap
0000a7ae   _ADC_enable
0000a7b9   _ADC_disableVoltRefLoConv
0000a7c4   _ADC_disableRefBuffers
0000a7cf   _ADC_disableNoOverlapMode
0000a7da   _ADC_disableInt
0000a7f5   _ADC_disableBandGap
0000a800   _ADC_disable
0000a80b   _GPIO_toggle
0000a81e   _GPIO_setQualificationPeriod
0000a865   _GPIO_setQualification
0000a8a5   _GPIO_setPullup
0000a8c0   _GPIO_setPortData
0000a8cc   _GPIO_setMode
0000a906   _GPIO_setLow
0000a919   _GPIO_setHigh
0000a92c   _GPIO_setExtInt
0000a937   _GPIO_setDirection
0000a952   _GPIO_read
0000a978   _GPIO_lpmSelect
0000a982   _GPIO_init
0000a988   _GPIO_getPortData
0000a98f   _GPIO_getData
0000a99f   _CLK_setXClkInSrc
0000a9a6   _CLK_setWatchDogSrc
0000a9ad   _CLK_setTimer2Src
0000a9b4   _CLK_setTimer2PreScale
0000a9bb   _CLK_setOscSrc
0000a9c2   _CLK_setOsc2Src
0000a9c9   _CLK_setLowSpdPreScaler
0000a9cf   _CLK_setClkOutPreScaler
0000a9d6   _CLK_init
0000a9dc   _CLK_enableWatchDogHaltMode
0000a9e2   _CLK_enableTbClockSync
0000a9e9   _CLK_enableSpibClock
0000a9f0   _CLK_enableSpiaClock
0000a9f7   _CLK_enableScibClock
0000a9fe   _CLK_enableSciaClock
0000aa05   _CLK_enablePwmClock
0000aa0e   _CLK_enableOsc2HaltMode
0000aa14   _CLK_enableOsc2
0000aa1a   _CLK_enableOsc1HaltMode
0000aa20   _CLK_enableOsc1
0000aa26   _CLK_enableLinAClock
0000aa2d   _CLK_enableI2cClock
0000aa34   _CLK_enableHrPwmClock
0000aa3b   _CLK_enableGpioInputClock
0000aa42   _CLK_enableEqep2Clock
0000aa49   _CLK_enableEqep1Clock
0000aa50   _CLK_enableEcap1Clock
0000aa57   _CLK_enableEcanaClock
0000aa5e   _CLK_enableCrystalOsc
0000aa64   _CLK_enableCpuTimerClock
0000aa6a   _CLK_enableCompClock
0000aa70   _CLK_enableClkIn
0000aa76   _CLK_enableClaClock
0000aa7d   _CLK_enableAdcClock
0000aa84   _CLK_disableWatchDogHaltMode
0000aa8a   _CLK_disableTbClockSync
0000aa91   _CLK_disableSpibClock
0000aa95   _CLK_disableSpiaClock
0000aa9c   _CLK_disableScibClock
0000aaa3   _CLK_disableSciaClock
0000aaaa   _CLK_disablePwmClock
0000aab4   _CLK_disableOsc2HaltMode
0000aaba   _CLK_disableOsc2
0000aac0   _CLK_disableOsc1HaltMode
0000aac6   _CLK_disableOsc1
0000aacc   _CLK_disableLinAClock
0000aad3   _CLK_disableI2cClock
0000aada   _CLK_disableHrPwmClock
0000aae1   _CLK_disableGpioInputClock
0000aae8   _CLK_disableEqep2Clock
0000aaef   _CLK_disableEqep1Clock
0000aaf6   _CLK_disableEcap1Clock
0000aafd   _CLK_disableEcanaClock
0000ab04   _CLK_disableCrystalOsc
0000ab0a   _CLK_disableCpuTimerClock
0000ab11   _CLK_disableCompClock
0000ab15   _CLK_disableClkIn
0000ab1b   _CLK_disableClaClock
0000ab22   _CLK_disableAdcClock
0000ab29   _PIE_unregisterSystemIntHandler
0000ab36   _PIE_unregisterPieIntHandler
0000ab47   _PIE_setExtIntPolarity
0000ab57   _PIE_setDefaultIntVectorTable
0000ab63   _PIE_registerSystemIntHandler
0000ab6e   _PIE_registerPieIntHandler
0000ab7d   _PIE_init
0000ab84   _PIE_getIntFlags
0000ab8b   _PIE_getIntEnables
0000ab92   _PIE_getExtIntCount
0000ab9a   _PIE_forceInt
0000aba4   _PIE_enableTimer0Int
0000aba7   _PIE_enablePwmTzInt
0000abac   _PIE_enablePwmInt
0000abb1   _PIE_enableInt
0000abbb   _PIE_enableExtInt
0000abde   _PIE_enableCaptureInt
0000abe2   _PIE_enableAdcInt
0000abfe   _PIE_enable
0000ac01   _PIE_disableInt
0000ac0c   _PIE_disableExtInt
0000ac19   _PIE_disableCaptureInt
0000ac1d   _PIE_disableAllInts
0000ac27   _PIE_disable
0000ac2a   _PIE_clearAllInts
0000ac2d   _PIE_clearAllFlags
0000ac37   _mainISR
0000ad02   _PLL_setLockPeriod
0000ad07   _PLL_setDivideSelect
0000ad0e   _PLL_setClkFreq
0000ad14   _PLL_resetClkDetect
0000ad1a   _PLL_init
0000ad20   _PLL_getLockStatus
0000ad23   _PLL_getDivideSelect
0000ad26   _PLL_getClkStatus
0000ad29   _PLL_getClkFreq
0000ad2d   _PLL_enableOsc
0000ad33   _PLL_enableNormRdy
0000ad39   _PLL_enableClkDetect
0000ad3f   _PLL_enable
0000ad45   _PLL_disableOsc
0000ad4b   _PLL_disableNormRdy
0000ad51   _PLL_disableClkDetect
0000ad57   _PLL_disable
0000ad5d   _PWR_setNumStandByClocks
0000ad6f   _PWR_setLowPowerMode
0000ad81   _PWR_init
0000ad88   _PWR_enableWatchDogInt
0000ad93   _PWR_enableBrownOutReset
0000ad96   _PWR_disableWatchDogInt
0000ada1   _PWR_disableBrownOutReset
0000ada4   _WDOG_setPreScaler
0000adae   _WDOG_setCount
0000adb0   _WDOG_init
0000adb6   _WDOG_getIntStatus
0000adb9   _WDOG_enableOverRide
0000adbf   _WDOG_enableInt
0000adc5   _WDOG_enable
0000adce   _WDOG_disableOverRide
0000add4   _WDOG_disableInt
0000adda   _WDOG_disable
0000ade2   _WDOG_clearCounter
0000adea   _OFFSET_setOffset
0000adec   _OFFSET_setInitCond
0000adfb   _OFFSET_setBeta
0000ae11   _OFFSET_init
0000ae22   _OFFSET_getBeta
0000ae2f   _c_int00
0000ae73   _STPOSCONV_init
0000aea8   _TIMER_setPreScaler
0000aeb6   _TIMER_setEmulationMode
0000aeba   _TIMER_setDecimationFactor
0000aec8   _TIMER_init
0000aece   _TIMER_getStatus
0000aed1   _TIMER_enableInt
0000aed4   _TIMER_disableInt
0000aed7   _TIMER_clearFlag
0000aeda   _ST_initVersion
0000af0b   _OSC_setTrim
0000af14   _OSC_setFineTrim
0000af25   _OSC_setCoarseTrim
0000af32   _OSC_init
0000af38   _STVELID_init
0000af63   _STVELMOVE_init
0000af8e   _STVELCTL_init
0000afb8   _CPU_init
0000afbe   _CPU_enableProtectedRegisterWrite
0000afc1   _CPU_enableInt
0000afc5   _CPU_enableGlobalInts
0000afc8   _CPU_enableDebugInt
0000afcb   _CPU_disableProtectedRegisterWrite
0000afce   _CPU_disableInts
0000afd1   _CPU_disableInt
0000afd6   _CPU_disableGlobalInts
0000afd9   _CPU_disableDebugInt
0000afdc   _CPU_clearIntFlags
0000afdf   _STVELPLAN_init
0000b005   _FILTER_FO_setNumCoeffs
0000b009   _FILTER_FO_setInitialConditions
0000b00e   _FILTER_FO_setDenCoeffs
0000b010   _FILTER_FO_init
0000b016   _FILTER_FO_getNumCoeffs
0000b01c   _FILTER_FO_getInitialConditions
0000b023   _FILTER_FO_getDenCoeffs
0000b026   FS$$TOUL
0000b047   _FLASH_init
0000b04d   _FLASH_getStandbyWaitStatus
0000b051   _FLASH_getStandbyWaitCount
0000b054   _FLASH_getPowerMode
0000b057   _FLASH_getActiveWaitStatus
0000b05b   _FLASH_getActiveWaitCount
0000b05e   _FLASH_get3VStatus
0000b061   _FLASH_clear3VStatus
0000b067   FS$$TOU
0000b084   __args_main
0000b09d   C$$EXIT
0000b09d   _abort
0000b09f   _exit
0000b0b6   __register_unlock
0000b0ba   __register_lock
0000b0be   __nop
0000b0c7   _PIE_illegalIsr
0000b0cc   ___etext__
0000b0cc   __unlock
0000b0cc   etext
0000b0ce   __lock
0000b0d0   ___TI_cleanup_ptr
0000b0d2   ___TI_dtors_ptr
0000b0d4   _cpu
0000b100   _gLEDcnt
0000b102   _Flag_Latch_softwareUpdate
0000b103   _gCounter_updateGlobals
0000b104   _ctrlHandle
0000b106   _gTorque_Ls_Id_Iq_pu_to_Nm_sf
0000b108   _gMaxCurrentSlope
0000b10a   _halHandle
0000b10c   _gFlux_pu_to_VpHz_sf
0000b10e   _gTorque_Flux_Iq_pu_to_Nm_sf
0000b110   _controller_obj
0000b112   _gFlux_pu_to_Wb_sf
0000b114   _stHandle
0000b116   _gPwmData
0000b11c   _gAdcData
0000b140   _gMotorVars
0000b1c0   _gUserParams
0000b280   _st_obj
0000b400   _hal
0000b49a   __IQ20div
0000b4e1   __IQ24div
0000b528   __IQ24sqrt
0000b56a   __IQ24sinPU
0000b593   __IQ24cosPU
0000b5ba   __IQ30toF
003f8000   _log
003f81d6   FD$$MPY
003f8259   FS$$DIV
003f82dc   _pow
003f8364   FS$$ADD
003f83d7   FS$$MPY
003f8472   _modf
003f84a3   L$$DIV
003f84f6   FS$$TOI
003f853d   FD$$TOL
003f8579   FS$$TOFD
003f8595   I$$TOFS
003f85c9   FS$$CMP
003f85f3   UL$$TOFS
003f8606   U$$TOFS
003f8616   FS$$NEG
003f861b   _EST_getState
003f861d   _EST_useZeroIq_ref
003f8679   _EST_isMotorIdentified
003f8713   _EST_updateState
003f89f5   _EST_updateId_ref_pu
003f8a18   _EST_setRs_pu
003f8adb   _EST_setMaxCurrentSlope_pu
003f8ae7   _EST_setLs_q_pu
003f8af1   _EST_setLs_qFmt
003f8b45   _EST_setLs_d_pu
003f8b63   _EST_setIq_ref_pu
003f8b67   _EST_setIdle_all
003f8b7a   _EST_setIdle
003f8b80   _EST_setId_ref_pu
003f8bd3   _EST_setFlag_enableRsRecalc
003f8bdb   _EST_setFlag_enableForceAngle
003f8c0d   _EST_getAngle_pu
003f927b   _EST_run
003f9378   _EST_isOnLine
003f937f   _EST_isLockRotor
003f9386   _EST_isIdle
003f938d   _EST_isError
003f9453   _EST_get_pu_to_krpm_sf
003f9458   _EST_get_krpm_to_pu_sf
003f94c6   _EST_getSpeed_krpm
003f9513   _EST_getRs_Ohm
003f95ad   _EST_getRr_Ohm
003f95b3   _EST_getOneOverDcBus_pu
003f95bd   _EST_getMaxCurrentSlope_pu
003f95c9   _EST_getLs_q_pu
003f95ce   _EST_getLs_q_H
003f95f0   _EST_getLs_d_pu
003f95f5   _EST_getLs_d_H
003f95ff   _EST_getLs_coarse_max_pu
003f9632   _EST_getIdRated
003f968e   _EST_getFm_pu
003f96ab   _EST_getFlux_pu
003f96be   _EST_getFlux_VpHz
003f9758   _EST_doSpeedCtrl
003f9760   _EST_doCurrentCtrl
003f9806   _CTRL_setupTraj
003f996a   _CTRL_setupEstOnLineState
003f99a5   _CTRL_setupEstIdleState
003f9b43   _CTRL_setupCtrl
003f9d31   _CTRL_setUserMotorParams
003f9e64   _CTRL_setEstParams
003fa5d1   _CTRL_runTraj
003fa6fb   _CTRL_initCtrl
003fa721   _CTRL_getVersion
003fb9ad   _s0_conf
003fb9dd   _s0_calc
003fbae7   _s2_calc
003fbb85   _s4_calc
003fbc34   _s4_conf
003fbc58   _s4_reset
003fbc6d   _spintac_rom_ver
003fbc72   _s8_reset
003fbc7d   _s8_cfg
003fbc9b   _s8_calc
003fbd37   _s8_get
003fdc30   _IQsinTable
003fdd30   _IQcosTable
003fe030   _IQsinTableEnd
003fe132   _IQcosTableEnd
003fe132   _IQdivRoundSatTable
003fe140   _IQdivTable
003fe342   _IQdivTableEnd
003fe342   _IQisqrtRoundSatTable
003fe342   _IQsqrtRoundSatTable
003fe352   _IQisqrtTable
003fe352   _IQsqrtTable
003fe454   _IQatan2HalfPITable
003fe454   _IQisqrtTableEnd
003fe454   _IQsqrtTableEnd
003fe492   _IQatan2Table
003fe618   _IQ30mpyRndSatTable
003fe618   _IQatan2TableEnd
003fe618   _IQmpyRndSatTable
003fe624   _IQ29mpyRndSatTable
003fe630   _IQ28mpyRndSatTable
003fe63c   _IQ27mpyRndSatTable
003fe648   _IQ26mpyRndSatTable
003fe654   _IQ25mpyRndSatTable
003fe660   _IQ24mpyRndSatTable
003fe66c   _IQ23mpyRndSatTable
003fe678   _IQ22mpyRndSatTable
003fe684   _IQ21mpyRndSatTable
003fe690   _IQ20mpyRndSatTable
003fe69c   _IQ19mpyRndSatTable
003fe6a8   _IQ18mpyRndSatTable
003fe6b4   _IQ17mpyRndSatTable
003fe6c0   _IQ16mpyRndSatTable
003fe6cc   _IQ15mpyRndSatTable
003fe6d8   _IQ14mpyRndSatTable
003fe6e4   _IQ13mpyRndSatTable
003fe6f0   _IQ12mpyRndSatTable
003fe6fc   _IQ11mpyRndSatTable
003fe708   _IQ10mpyRndSatTable
003fe714   _IQ9mpyRndSatTable
003fe720   _IQ8mpyRndSatTable
003fe72c   _IQ7mpyRndSatTable
003fe738   _IQ6mpyRndSatTable
003fe744   _IQ5mpyRndSatTable
003fe750   _IQ4mpyRndSatTable
003fe75c   _IQ3mpyRndSatTable
003fe768   _IQ2mpyRndSatTable
003fe774   _IQ1mpyRndSatTable
003fe780   _IQmpyRndSatTableEnd
ffffffff   ___binit__
ffffffff   ___c_args__
ffffffff   ___pinit__
ffffffff   binit
ffffffff   pinit

[589 symbols]
