******************************************************************************
             TMS320C2000 Linker PC v6.2.5                      
******************************************************************************
>> Linked Tue Oct 17 19:59:04 2017

OUTPUT FILE NAME:   <proj_lab05b.out>
ENTRY POINT SYMBOL: "_c_int00"  address: 0000c413


MEMORY CONFIGURATION

         name            origin    length      used     unused   attr    fill
----------------------  --------  ---------  --------  --------  ----  --------
PAGE 0:
  BEGIN                 00000000   00000002  00000002  00000000  RWIX
  RAMM0                 00000050   000003b0  000000a9  00000307  RWIX
  RAML0_L8              00008000   0000b800  00004f75  0000688b  RWIX
  FPUTABLES             003fd590   000006a0  00000000  000006a0  RWIX
  IQTABLES              003fdc30   00000b50  00000b50  00000000  RWIX
  IQTABLES2             003fe780   0000008c  00000000  0000008c  RWIX
  IQTABLES3             003fe80c   000000aa  00000000  000000aa  RWIX
  BOOTROM               003ff3b0   00000c10  00000000  00000c10  RWIX
  RESET                 003fffc0   00000002  00000000  00000002  RWIX

PAGE 1:
  BOOT_RSVD             00000002   0000004e  00000000  0000004e  RWIX
  RAMM1                 00000400   00000400  000003b0  00000050  RWIX
  USB_RAM               00040000   00000800  00000000  00000800  RWIX


SECTION ALLOCATION MAP

 output                                  attributes/
section   page    origin      length       input sections
--------  ----  ----------  ----------   ----------------
codestart 
*          0    00000000    00000002     
                  00000000    00000002     CodeStartBranch.obj (codestart)

.pinit     0    00000050    00000000     UNINITIALIZED

.cinit     0    00000050    00000073     
                  00000050    00000023     fsm.obj (.cinit)
                  00000073    0000001e     proj_lab05b.obj (.cinit)
                  00000091    00000018     process_ctrl.obj (.cinit)
                  000000a9    0000000a     rts2800_ml.lib : _lock.obj (.cinit)
                  000000b3    0000000a                    : exit.obj (.cinit)
                  000000bd    00000004                    : errno.obj (.cinit)
                  000000c1    00000002     --HOLE-- [fill = 0]

ramfuncs   0    000000c3    00000036     
                  000000c3    00000032     flash.obj (ramfuncs)
                  000000f5    00000004     usDelay.obj (ramfuncs)

.text      0    00008000    00004752     
                  00008000    00000b7a     hal.obj (.text)
                  00008b7a    00000b39     user.obj (.text)
                  000096b3    00000990     ctrl.obj (.text)
                  0000a043    0000070d     process_ctrl.obj (.text)
                  0000a750    00000483     fsm.obj (.text)
                  0000abd3    000002f1     pwm.obj (.text)
                  0000aec4    0000028f     mb.obj (.text)
                  0000b153    000001fb     adc.obj (.text)
                  0000b34e    000001d6     proj_lab05b.obj (.text:retain)
                  0000b524    00000194     gpio.obj (.text)
                  0000b6b8    0000018b     motor.obj (.text)
                  0000b843    0000018a     clk.obj (.text)
                  0000b9cd    00000169     proj_lab05b.obj (.text)
                  0000bb36    0000010e     pie.obj (.text)
                  0000bc44    000000ef     sci.obj (.text)
                  0000bd33    000000d7     i2c.obj (.text)
                  0000be0a    000000aa     rts2800_ml.lib : log.obj (.text)
                  0000beb4    000000a9     spi.obj (.text)
                  0000bf5d    0000009d     rts2800_ml.lib : exp.obj (.text)
                  0000bffa    0000008d                    : _log.obj (.text)
                  0000c087    00000087                    : pow.obj (.text)
                  0000c10e    00000083                    : fd_mpy.obj (.text)
                  0000c191    00000083                    : fs_div.obj (.text)
                  0000c214    00000078                    : fs_add.obj (.text)
                  0000c28c    0000005b     pll.obj (.text)
                  0000c2e7    0000005a     rts2800_ml.lib : fs_mpy.obj (.text)
                  0000c341    00000047     pwr.obj (.text)
                  0000c388    00000046     wdog.obj (.text)
                  0000c3ce    00000045     offset.obj (.text)
                  0000c413    00000044     rts2800_ml.lib : boot.obj (.text)
                  0000c457    0000003f                    : ldexp.obj (.text)
                  0000c496    00000032     timer.obj (.text)
                  0000c4c8    00000031     rts2800_ml.lib : modf.obj (.text)
                  0000c4f9    0000002d     osc.obj (.text)
                  0000c526    00000029     rts2800_ml.lib : fs_tol.obj (.text)
                  0000c54f    00000027     cpu.obj (.text)
                  0000c576    00000025     rts2800_ml.lib : fs_toi.obj (.text)
                  0000c59b    00000022                    : i_div.obj (.text)
                  0000c5bd    00000021     filter_fo.obj (.text)
                  0000c5de    00000021     rts2800_ml.lib : fs_toul.obj (.text)
                  0000c5ff    00000020     flash.obj (.text)
                  0000c61f    0000001f     rts2800_ml.lib : fd_tol.obj (.text)
                  0000c63e    0000001d                    : fs_tou.obj (.text)
                  0000c65b    0000001c                    : fs_tofd.obj (.text)
                  0000c677    0000001a                    : i_tofs.obj (.text)
                  0000c691    0000001a                    : l_tofs.obj (.text)
                  0000c6ab    00000019                    : args_main.obj (.text)
                  0000c6c4    00000019                    : exit.obj (.text)
                  0000c6dd    00000017                    : fs_cmp.obj (.text)
                  0000c6f4    00000014                    : frexp.obj (.text)
                  0000c708    00000013                    : ul_tofs.obj (.text)
                  0000c71b    00000010                    : u_tofs.obj (.text)
                  0000c72b    00000009                    : _lock.obj (.text)
                  0000c734    00000008     CodeStartBranch.obj (.text)
                  0000c73c    00000006     brake.obj (.text)
                  0000c742    00000006     flyingStart.obj (.text)
                  0000c748    00000005     pie.obj (.text:retain)
                  0000c74d    00000005     rts2800_ml.lib : fs_neg.obj (.text)

.econst    0    0000c752    000003f7     
                  0000c752    00000100     mb.obj (.econst:.string:_aucCRCHi)
                  0000c852    00000100     mb.obj (.econst:.string:_aucCRCLo)
                  0000c952    000000c8     fsm.obj (.econst:_JM_FSM_Vars)
                  0000ca1a    0000009a     user.obj (.econst:_MOTOR_DATA)
                  0000cab4    00000038     user.obj (.econst:_BOARD_Params)
                  0000caec    00000020     fsm.obj (.econst:_JM_StallMode)
                  0000cb0c    0000001c     ctrl.obj (.econst)
                  0000cb28    0000000c     process_ctrl.obj (.econst:_DE5_Board_Bias)
                  0000cb34    00000008     user.obj (.econst)
                  0000cb3c    00000004     fsm.obj (.econst)
                  0000cb40    00000004     hal.obj (.econst)
                  0000cb44    00000004     process_ctrl.obj (.econst)
                  0000cb48    00000001     pca9555.obj (.econst)

.ebss      0    0000cb4a    00000386     UNINITIALIZED
                  0000cb4a    0000000a     process_ctrl.obj (.ebss)
                  0000cb54    00000004     mb.obj (.ebss)
                  0000cb58    00000004     rts2800_ml.lib : _lock.obj (.ebss)
                  0000cb5c    00000004                    : exit.obj (.ebss)
                  0000cb60    00000002     pca9555.obj (.ebss)
                  0000cb62    00000001     cpu.obj (.ebss)
                  0000cb63    00000001     rts2800_ml.lib : errno.obj (.ebss)
                  0000cb64    0000001c     --HOLE--
                  0000cb80    000001d6     proj_lab05b.obj (.ebss)
                  0000cd56    0000002a     --HOLE--
                  0000cd80    000000b2     hal.obj (.ebss)
                  0000ce32    0000000e     --HOLE--
                  0000ce40    00000090     fsm.obj (.ebss)

IQmath     0    0000ced0    000000a6     
                  0000ced0    00000042     IQmath.lib : IQ24sqrt.obj (IQmath)
                  0000cf12    00000029                : IQ24sinPU.obj (IQmath)
                  0000cf3b    00000027                : IQ24cosPU.obj (IQmath)
                  0000cf62    00000014                : IQ30toF.obj (IQmath)

IQmathTables 
*          0    003fdc30    00000b50     NOLOAD SECTION
                  003fdc30    00000b50     IQmath.lib : IQmathTables.obj (IQmathTables)

.reset     0    003fffc0    00000002     DSECT
                  003fffc0    00000002     rts2800_ml.lib : boot.obj (.reset)

.stack     1    00000400    000003b0     UNINITIALIZED
                  00000400    000003b0     --HOLE--


GLOBAL DATA SYMBOLS: SORTED BY DATA PAGE

address     data page           name
--------    ----------------    ----
00000400      10 (00000400)     __stack

0000c752     31d (0000c740)     _aucCRCHi

0000c852     321 (0000c840)     _aucCRCLo

0000c952     325 (0000c940)     _JM_FSM_Vars

0000ca1a     328 (0000ca00)     _MOTOR_DATA

0000cab4     32a (0000ca80)     _BOARD_Params

0000caec     32b (0000cac0)     _JM_StallMode

0000cb28     32c (0000cb00)     _DE5_Board_Bias

0000cb58     32d (0000cb40)     __unlock
0000cb5a     32d (0000cb40)     __lock
0000cb5c     32d (0000cb40)     ___TI_cleanup_ptr
0000cb5e     32d (0000cb40)     ___TI_dtors_ptr
0000cb62     32d (0000cb40)     _cpu
0000cb63     32d (0000cb40)     _errno

0000cb80     32e (0000cb80)     _Flag_Latch_softwareUpdate
0000cb81     32e (0000cb80)     _gCounter_updateGlobals
0000cb83     32e (0000cb80)     _gLEDcnt
0000cb84     32e (0000cb80)     _gMaxCurrentSlope
0000cb86     32e (0000cb80)     _DispData
0000cb88     32e (0000cb80)     _ctrlHandle
0000cb8a     32e (0000cb80)     _controller_obj
0000cb8c     32e (0000cb80)     _halHandle
0000cb8e     32e (0000cb80)     _proctrlHandle
0000cb90     32e (0000cb80)     _gPwmData
0000cb96     32e (0000cb80)     _gAdcData

0000cbc0     32f (0000cbc0)     _gUserParams

0000cc80     332 (0000cc80)     _MyProcessCtrl

0000cd80     336 (0000cd80)     _hal

0000ce80     33a (0000ce80)     _FSM_FreeRunState

0000ced0     33b (0000cec0)     __IQ24sqrt

0000cf12     33c (0000cf00)     __IQ24sinPU
0000cf3b     33c (0000cf00)     __IQ24cosPU

0000cf62     33d (0000cf40)     __IQ30toF

003fdc30    ff70 (003fdc00)     _IQsinTable

003fdd30    ff74 (003fdd00)     _IQcosTable

003fe030    ff80 (003fe000)     _IQsinTableEnd

003fe132    ff84 (003fe100)     _IQcosTableEnd
003fe132    ff84 (003fe100)     _IQdivRoundSatTable

003fe140    ff85 (003fe140)     _IQdivTable

003fe342    ff8d (003fe340)     _IQdivTableEnd
003fe342    ff8d (003fe340)     _IQisqrtRoundSatTable
003fe342    ff8d (003fe340)     _IQsqrtRoundSatTable
003fe352    ff8d (003fe340)     _IQisqrtTable
003fe352    ff8d (003fe340)     _IQsqrtTable

003fe454    ff91 (003fe440)     _IQatan2HalfPITable
003fe454    ff91 (003fe440)     _IQisqrtTableEnd
003fe454    ff91 (003fe440)     _IQsqrtTableEnd

003fe492    ff92 (003fe480)     _IQatan2Table

003fe618    ff98 (003fe600)     _IQ30mpyRndSatTable
003fe618    ff98 (003fe600)     _IQatan2TableEnd
003fe618    ff98 (003fe600)     _IQmpyRndSatTable
003fe624    ff98 (003fe600)     _IQ29mpyRndSatTable
003fe630    ff98 (003fe600)     _IQ28mpyRndSatTable
003fe63c    ff98 (003fe600)     _IQ27mpyRndSatTable

003fe648    ff99 (003fe640)     _IQ26mpyRndSatTable
003fe654    ff99 (003fe640)     _IQ25mpyRndSatTable
003fe660    ff99 (003fe640)     _IQ24mpyRndSatTable
003fe66c    ff99 (003fe640)     _IQ23mpyRndSatTable
003fe678    ff99 (003fe640)     _IQ22mpyRndSatTable

003fe684    ff9a (003fe680)     _IQ21mpyRndSatTable
003fe690    ff9a (003fe680)     _IQ20mpyRndSatTable
003fe69c    ff9a (003fe680)     _IQ19mpyRndSatTable
003fe6a8    ff9a (003fe680)     _IQ18mpyRndSatTable
003fe6b4    ff9a (003fe680)     _IQ17mpyRndSatTable

003fe6c0    ff9b (003fe6c0)     _IQ16mpyRndSatTable
003fe6cc    ff9b (003fe6c0)     _IQ15mpyRndSatTable
003fe6d8    ff9b (003fe6c0)     _IQ14mpyRndSatTable
003fe6e4    ff9b (003fe6c0)     _IQ13mpyRndSatTable
003fe6f0    ff9b (003fe6c0)     _IQ12mpyRndSatTable
003fe6fc    ff9b (003fe6c0)     _IQ11mpyRndSatTable

003fe708    ff9c (003fe700)     _IQ10mpyRndSatTable
003fe714    ff9c (003fe700)     _IQ9mpyRndSatTable
003fe720    ff9c (003fe700)     _IQ8mpyRndSatTable
003fe72c    ff9c (003fe700)     _IQ7mpyRndSatTable
003fe738    ff9c (003fe700)     _IQ6mpyRndSatTable

003fe744    ff9d (003fe740)     _IQ5mpyRndSatTable
003fe750    ff9d (003fe740)     _IQ4mpyRndSatTable
003fe75c    ff9d (003fe740)     _IQ3mpyRndSatTable
003fe768    ff9d (003fe740)     _IQ2mpyRndSatTable
003fe774    ff9d (003fe740)     _IQ1mpyRndSatTable

003fe780    ff9e (003fe780)     _IQmpyRndSatTableEnd


GLOBAL SYMBOLS: SORTED ALPHABETICALLY BY Name 

address    name
--------   ----
00008000   .text
0000c6c4   C$$EXIT
0000c10e   FD$$MPY
0000c61f   FD$$TOL
0000c219   FS$$ADD
0000c6dd   FS$$CMP
0000c191   FS$$DIV
0000c2e7   FS$$MPY
0000c74d   FS$$NEG
0000c214   FS$$SUB
0000c65b   FS$$TOFD
0000c576   FS$$TOI
0000c526   FS$$TOL
0000c63e   FS$$TOU
0000c5de   FS$$TOUL
0000c59b   I$$DIV
0000c5ac   I$$MOD
0000c677   I$$TOFS
0000c691   L$$TOFS
0000c71b   U$$TOFS
0000c708   UL$$TOFS
0000b343   _ADC_disable
0000b338   _ADC_disableBandGap
0000b31d   _ADC_disableInt
0000b312   _ADC_disableNoOverlapMode
0000b307   _ADC_disableRefBuffers
0000b2fc   _ADC_disableVoltRefLoConv
0000b2f1   _ADC_enable
0000b2e6   _ADC_enableBandGap
0000b2cf   _ADC_enableInt
0000b2c4   _ADC_enableNoOverlapMode
0000b2b9   _ADC_enableRefBuffers
0000b2ae   _ADC_enableVoltRefLoConv
0000b2a6   _ADC_getDivideSelect
0000b29f   _ADC_init
0000b294   _ADC_powerDown
0000b289   _ADC_powerUp
0000b27e   _ADC_reset
0000b26c   _ADC_setDivideSelect
0000b24f   _ADC_setIntMode
0000b23d   _ADC_setIntPulseGenMode
0000b220   _ADC_setIntSrc
0000b219   _ADC_setOffTrim
0000b201   _ADC_setSampleMode
0000b1ec   _ADC_setSampleOverlapMode
0000b1d9   _ADC_setSocChanNumber
0000b1cf   _ADC_setSocFrc
0000b1c8   _ADC_setSocFrcWord
0000b1b5   _ADC_setSocSampleDelay
0000b1a2   _ADC_setSocTrigSrc
0000b190   _ADC_setTempSensorSrc
0000b17e   _ADC_setVoltRefSrc
0000b153   _ADC_setupSocTrigSrc
0000cab4   _BOARD_Params
0000c73c   _Brake_init
0000b9c6   _CLK_disableAdcClock
0000b9bf   _CLK_disableClaClock
0000b9b9   _CLK_disableClkIn
0000b9b5   _CLK_disableCompClock
0000b9ae   _CLK_disableCpuTimerClock
0000b9a8   _CLK_disableCrystalOsc
0000b9a1   _CLK_disableEcanaClock
0000b99a   _CLK_disableEcap1Clock
0000b993   _CLK_disableEqep1Clock
0000b98c   _CLK_disableEqep2Clock
0000b985   _CLK_disableGpioInputClock
0000b97e   _CLK_disableHrPwmClock
0000b977   _CLK_disableI2cClock
0000b970   _CLK_disableLinAClock
0000b96a   _CLK_disableOsc1
0000b964   _CLK_disableOsc1HaltMode
0000b95e   _CLK_disableOsc2
0000b958   _CLK_disableOsc2HaltMode
0000b94e   _CLK_disablePwmClock
0000b947   _CLK_disableSciaClock
0000b940   _CLK_disableScibClock
0000b939   _CLK_disableSpiaClock
0000b935   _CLK_disableSpibClock
0000b92e   _CLK_disableTbClockSync
0000b928   _CLK_disableWatchDogHaltMode
0000b921   _CLK_enableAdcClock
0000b91a   _CLK_enableClaClock
0000b914   _CLK_enableClkIn
0000b90e   _CLK_enableCompClock
0000b908   _CLK_enableCpuTimerClock
0000b902   _CLK_enableCrystalOsc
0000b8fb   _CLK_enableEcanaClock
0000b8f4   _CLK_enableEcap1Clock
0000b8ed   _CLK_enableEqep1Clock
0000b8e6   _CLK_enableEqep2Clock
0000b8df   _CLK_enableGpioInputClock
0000b8d8   _CLK_enableHrPwmClock
0000b8d1   _CLK_enableI2cClock
0000b8ca   _CLK_enableLinAClock
0000b8c4   _CLK_enableOsc1
0000b8be   _CLK_enableOsc1HaltMode
0000b8b8   _CLK_enableOsc2
0000b8b2   _CLK_enableOsc2HaltMode
0000b8a9   _CLK_enablePwmClock
0000b8a2   _CLK_enableSciaClock
0000b89b   _CLK_enableScibClock
0000b894   _CLK_enableSpiaClock
0000b88d   _CLK_enableSpibClock
0000b886   _CLK_enableTbClockSync
0000b880   _CLK_enableWatchDogHaltMode
0000b87a   _CLK_init
0000b873   _CLK_setClkOutPreScaler
0000b86d   _CLK_setLowSpdPreScaler
0000b866   _CLK_setOsc2Src
0000b85f   _CLK_setOscSrc
0000b858   _CLK_setTimer2PreScale
0000b851   _CLK_setTimer2Src
0000b84a   _CLK_setWatchDogSrc
0000b843   _CLK_setXClkInSrc
0000c573   _CPU_clearIntFlags
0000c570   _CPU_disableDebugInt
0000c56d   _CPU_disableGlobalInts
0000c568   _CPU_disableInt
0000c565   _CPU_disableInts
0000c562   _CPU_disableProtectedRegisterWrite
0000c55f   _CPU_enableDebugInt
0000c55c   _CPU_enableGlobalInts
0000c558   _CPU_enableInt
0000c555   _CPU_enableProtectedRegisterWrite
0000c54f   _CPU_init
0000a007   _CTRL_getGains
00009fff   _CTRL_getIab_filt_pu
00009ff7   _CTRL_getIab_in_pu
00009fef   _CTRL_getIdq_in_pu
00009fe7   _CTRL_getIdq_ref_pu
0000a040   _CTRL_getMagCurrent_pu
0000a03d   _CTRL_getMaximumSpeed_pu
00009fdf   _CTRL_getVab_in_pu
00009fd7   _CTRL_getVab_out_pu
00009fcf   _CTRL_getVdq_out_pu
003fa721   _CTRL_getVersion
00009fc6   _CTRL_getWaitTimes
003fa6fb   _CTRL_initCtrl
00009a4b   _CTRL_run
003fa5d1   _CTRL_runTraj
000097c0   _CTRL_setBrake
003f9e64   _CTRL_setEstParams
000097cf   _CTRL_setGains
0000a037   _CTRL_setMagCurrent_pu
0000a03a   _CTRL_setMaximumSpeed_pu
000097f7   _CTRL_setParams
000097ad   _CTRL_setSpd_ref_krpm
000097aa   _CTRL_setSpd_ref_pu
003f9d31   _CTRL_setUserMotorParams
000097a1   _CTRL_setWaitTimes
00009797   _CTRL_setup
0000977b   _CTRL_setupClarke_I
00009765   _CTRL_setupClarke_V
003f9b43   _CTRL_setupCtrl
003f99a5   _CTRL_setupEstIdleState
003f996a   _CTRL_setupEstOnLineState
003f9806   _CTRL_setupTraj
000096b3   _CTRL_updateState
0000cb28   _DE5_Board_Bias
0000cb86   _DispData
003f86ad   _EST_computeDirection_qFmt
003f9760   _EST_doCurrentCtrl
003f9758   _EST_doSpeedCtrl
003f8c0d   _EST_getAngle_pu
003f96be   _EST_getFlux_VpHz
003f96ab   _EST_getFlux_pu
003f968e   _EST_getFm_pu
003f9632   _EST_getIdRated
003f95ff   _EST_getLs_coarse_max_pu
003f95f5   _EST_getLs_d_H
003f95f0   _EST_getLs_d_pu
003f95ce   _EST_getLs_q_H
003f95c9   _EST_getLs_q_pu
003f95bd   _EST_getMaxCurrentSlope_pu
003f95b3   _EST_getOneOverDcBus_pu
003f95ad   _EST_getRr_Ohm
003f953d   _EST_getRsOnLine_Ohm
003f9513   _EST_getRs_Ohm
003f94c6   _EST_getSpeed_krpm
003f861b   _EST_getState
003f9458   _EST_get_krpm_to_pu_sf
003f938d   _EST_isError
003f9386   _EST_isIdle
003f937f   _EST_isLockRotor
003f8679   _EST_isMotorIdentified
003f9378   _EST_isOnLine
003f927b   _EST_run
003f8bf5   _EST_setDir_qFmt
003f8be8   _EST_setFe_neg_max_pu
003f8be4   _EST_setFe_pos_min_pu
003f8bdb   _EST_setFlag_enableForceAngle
003f8bd3   _EST_setFlag_enableRsRecalc
003f8b80   _EST_setId_ref_pu
003f8b7a   _EST_setIdle
003f8b67   _EST_setIdle_all
003f8b63   _EST_setIq_ref_pu
003f8b45   _EST_setLs_d_pu
003f8af1   _EST_setLs_qFmt
003f8ae7   _EST_setLs_q_pu
003f8adb   _EST_setMaxCurrentSlope_pu
003f8a18   _EST_setRs_pu
003f89f5   _EST_updateId_ref_pu
003f8713   _EST_updateState
003f861d   _EST_useZeroIq_ref
0000c5db   _FILTER_FO_getDenCoeffs
0000c5d4   _FILTER_FO_getInitialConditions
0000c5ce   _FILTER_FO_getNumCoeffs
0000c5c8   _FILTER_FO_init
0000c5c6   _FILTER_FO_setDenCoeffs
0000c5c1   _FILTER_FO_setInitialConditions
0000c5bd   _FILTER_FO_setNumCoeffs
0000c619   _FLASH_clear3VStatus
000000ef   _FLASH_disablePipelineMode
000000e9   _FLASH_enablePipelineMode
0000c616   _FLASH_get3VStatus
0000c613   _FLASH_getActiveWaitCount
0000c60f   _FLASH_getActiveWaitStatus
0000c60c   _FLASH_getPowerMode
0000c609   _FLASH_getStandbyWaitCount
0000c605   _FLASH_getStandbyWaitStatus
0000c5ff   _FLASH_init
000000e4   _FLASH_setActiveWaitCount
000000dd   _FLASH_setNumPagedReadWaitStates
000000d6   _FLASH_setNumRandomReadWaitStates
000000cf   _FLASH_setOtpWaitStates
000000c8   _FLASH_setPowerMode
000000c3   _FLASH_setStandbyWaitCount
0000a774   _FSM_Check485Cmd
0000aada   _FSM_CheckAnalogSensor1
0000aaac   _FSM_CheckAnalogSensor2
0000a7e2   _FSM_CheckBusVoltage
0000abbe   _FSM_CheckChipTemperature
0000a7c2   _FSM_CheckEmgStop
0000a7ff   _FSM_CheckErrors
0000ab18   _FSM_CheckKeySensor1
0000ab08   _FSM_CheckKeySensor2
0000a7d2   _FSM_CheckOverCurrent
0000ab28   _FSM_CheckSpeed
0000a77c   _FSM_CheckTimes
0000a78e   _FSM_CheckTorque
0000ce80   _FSM_FreeRunState
0000ab80   _FSM_ParamInit
0000a8bc   _FSM_ReportResults
0000ab78   _FSM_Run
0000a84c   _FSM_RunActions
0000ab43   _FSM_RunTrans
0000aa63   _FSM_SelectMode
0000a9ad   _FSM_State_Backword
0000a9e8   _FSM_State_BlowerFan
0000aa16   _FSM_State_Clamper
0000a992   _FSM_State_ConstTorque
0000a9c7   _FSM_State_Forward
0000a8a3   _FSM_State_FreeRun
0000a94b   _FSM_State_FullyClose
0000a91d   _FSM_State_FullyOpen
0000a9ff   _FSM_State_GlueTank
0000aa8e   _FSM_State_IDLE
0000a934   _FSM_State_InchingOpen
0000a979   _FSM_State_MagneticBrake
0000aa49   _FSM_State_Nipping
0000a962   _FSM_State_NormWait
0000aa32   _FSM_State_Notching
0000a8c3   _FSM_State_STOP
0000a906   _FSM_State_SharedState1
0000a8d8   _FSM_State_SharedState2
0000a8ef   _FSM_State_SharedState3
0000ab61   _FSM_State_TrimPlatform
0000a761   _FSM_clrOverCurrentReg
0000a75a   _FSM_getPortStatus
0000a754   _FSM_init
0000a752   _FSM_setHalHandle
0000a750   _FSM_setMotorHandle
0000c742   _FS_init
0000cb80   _Flag_Latch_softwareUpdate
0000b6a8   _GPIO_getData
0000b6a1   _GPIO_getPortData
0000b69b   _GPIO_init
0000b691   _GPIO_lpmSelect
0000b66b   _GPIO_read
0000b650   _GPIO_setDirection
0000b645   _GPIO_setExtInt
0000b632   _GPIO_setHigh
0000b61f   _GPIO_setLow
0000b5e5   _GPIO_setMode
0000b5d9   _GPIO_setPortData
0000b5be   _GPIO_setPullup
0000b57e   _GPIO_setQualification
0000b537   _GPIO_setQualificationPeriod
0000b524   _GPIO_toggle
00008651   _HAL_AdcCalChanSelect
000086a8   _HAL_AdcCalConversion
00008800   _HAL_AdcOffsetSelfCal
00008833   _HAL_GetBoardNum
0000892d   _HAL_OscTempComp
00008980   _HAL_cal
00008b76   _HAL_disableGlobalInts
00008a54   _HAL_disableWdog
00008b65   _HAL_enableAdcInts
00008b61   _HAL_enableDebugInt
00008b5d   _HAL_enableGlobalInts
00008b4c   _HAL_enablePwmInt
00008b2f   _HAL_enableSciaInt
00008b1d   _HAL_enableTimer1Int
0000889b   _HAL_getOscTrimValue
00008a59   _HAL_init
000088af   _HAL_osc1Comp
000088ee   _HAL_osc2Comp
00008a3f   _HAL_setDacParameters
0000899a   _HAL_setParams
000085e9   _HAL_setupAdcParams
000084ee   _HAL_setupAdcs
000084d2   _HAL_setupClks
000084a9   _HAL_setupFaults
0000848b   _HAL_setupFlash
000082de   _HAL_setupGpios
000082c2   _HAL_setupI2cs
00008275   _HAL_setupPeripheralClks
00008259   _HAL_setupPie
0000821b   _HAL_setupPll
00008190   _HAL_setupPwmDacs
000080c8   _HAL_setupPwms
00008086   _HAL_setupScia
00008050   _HAL_setupSpiA
00008000   _HAL_setupTimers
0000bd82   _I2C_MasterControl
0000bdc4   _I2C_RdData
0000bdb6   _I2C_SendData
0000bd87   _I2C_WrData
0000bd7e   _I2C_clearRxFifoInt
0000bd7a   _I2C_clearTxFifoInt
0000bd76   _I2C_disable
0000bd72   _I2C_disableFifo
0000bd6f   _I2C_disableInt
0000bd6b   _I2C_enable
0000bd67   _I2C_enableFifo
0000bd65   _I2C_enableInt
0000bd63   _I2C_getData
0000bd60   _I2C_getIntSource
0000bd5e   _I2C_getStatus
0000bd58   _I2C_init
0000bd54   _I2C_isMasterBusy
0000bd51   _I2C_putData
0000bd4d   _I2C_resetRxFifo
0000bd49   _I2C_resetTxFifo
0000bd45   _I2C_setMaster
0000bd43   _I2C_setMasterSlaveAddr
0000bd3a   _I2C_setSlave
0000bd3e   _I2C_setSlaveAddress
0000bd33   _I2C_setupClock
003fe708   _IQ10mpyRndSatTable
003fe6fc   _IQ11mpyRndSatTable
003fe6f0   _IQ12mpyRndSatTable
003fe6e4   _IQ13mpyRndSatTable
003fe6d8   _IQ14mpyRndSatTable
003fe6cc   _IQ15mpyRndSatTable
003fe6c0   _IQ16mpyRndSatTable
003fe6b4   _IQ17mpyRndSatTable
003fe6a8   _IQ18mpyRndSatTable
003fe69c   _IQ19mpyRndSatTable
003fe774   _IQ1mpyRndSatTable
003fe690   _IQ20mpyRndSatTable
003fe684   _IQ21mpyRndSatTable
003fe678   _IQ22mpyRndSatTable
003fe66c   _IQ23mpyRndSatTable
003fe660   _IQ24mpyRndSatTable
003fe654   _IQ25mpyRndSatTable
003fe648   _IQ26mpyRndSatTable
003fe63c   _IQ27mpyRndSatTable
003fe630   _IQ28mpyRndSatTable
003fe624   _IQ29mpyRndSatTable
003fe768   _IQ2mpyRndSatTable
003fe618   _IQ30mpyRndSatTable
003fe75c   _IQ3mpyRndSatTable
003fe750   _IQ4mpyRndSatTable
003fe744   _IQ5mpyRndSatTable
003fe738   _IQ6mpyRndSatTable
003fe72c   _IQ7mpyRndSatTable
003fe720   _IQ8mpyRndSatTable
003fe714   _IQ9mpyRndSatTable
003fe454   _IQatan2HalfPITable
003fe492   _IQatan2Table
003fe618   _IQatan2TableEnd
003fdd30   _IQcosTable
003fe132   _IQcosTableEnd
003fe132   _IQdivRoundSatTable
003fe140   _IQdivTable
003fe342   _IQdivTableEnd
003fe342   _IQisqrtRoundSatTable
003fe352   _IQisqrtTable
003fe454   _IQisqrtTableEnd
003fe618   _IQmpyRndSatTable
003fe780   _IQmpyRndSatTableEnd
003fdc30   _IQsinTable
003fe030   _IQsinTableEnd
003fe342   _IQsqrtRoundSatTable
003fe352   _IQsqrtTable
003fe454   _IQsqrtTableEnd
0000c952   _JM_FSM_Vars
0000caec   _JM_StallMode
0000af3f   _MB_CRC16
0000b0a0   _MB_FuncReadHoldingRegister
0000b054   _MB_FuncWriteCoilsRegister
0000b015   _MB_FuncWriteHoldingRegister
0000b100   _MB_Poll
0000b008   _MB_PortEventGet
0000b005   _MB_PortEventInit
0000aeda   _MB_PortEventPost
0000aee0   _MB_PortSerialEnable
0000afa8   _MB_PortSerialGetByte
0000aefd   _MB_PortSerialPutByte
0000af2a   _MB_PortTimersDisable
0000afb2   _MB_PortTimersEnable
0000aff2   _MB_RTUReceive
0000afbf   _MB_RTUReceiveFSM
0000af61   _MB_RTUSend
0000af2e   _MB_RTUTimerFSM
0000af03   _MB_RTUTransmitFSM
0000aed7   _MB_Trans485toMotor
0000aed5   _MB_TransMotorParams
0000aecf   _MB_init
0000aecd   _MB_setFsmHandle
0000aecb   _MB_setGpioHandle
0000aec9   _MB_setMotorHandle
0000aec6   _MB_setSciHandle
0000aec4   _MB_setTimHandle
0000b839   _MOTOR_CtrlVersion_Init
0000ca1a   _MOTOR_DATA
0000b7b6   _MOTOR_MotorVars_Init
0000b775   _MOTOR_getMotorFlag
0000b6be   _MOTOR_setMotorFlag
0000b6b8   _Motor_init
0000cc80   _MyProcessCtrl
0000c406   _OFFSET_getBeta
0000c3f5   _OFFSET_init
0000c3df   _OFFSET_setBeta
0000c3d0   _OFFSET_setInitCond
0000c3ce   _OFFSET_setOffset
0000c520   _OSC_init
0000c513   _OSC_setCoarseTrim
0000c502   _OSC_setFineTrim
0000c4f9   _OSC_setTrim
0000bc3a   _PIE_clearAllFlags
0000bc37   _PIE_clearAllInts
0000bc34   _PIE_disable
0000bc2a   _PIE_disableAllInts
0000bc26   _PIE_disableCaptureInt
0000bc19   _PIE_disableExtInt
0000bc0e   _PIE_disableInt
0000bc0b   _PIE_enable
0000bbef   _PIE_enableAdcInt
0000bbeb   _PIE_enableCaptureInt
0000bbc8   _PIE_enableExtInt
0000bbbe   _PIE_enableInt
0000bbb9   _PIE_enablePwmInt
0000bbb4   _PIE_enablePwmTzInt
0000bbb1   _PIE_enableTimer0Int
0000bba7   _PIE_forceInt
0000bb9f   _PIE_getExtIntCount
0000bb98   _PIE_getIntEnables
0000bb91   _PIE_getIntFlags
0000c748   _PIE_illegalIsr
0000bb8a   _PIE_init
0000bb7b   _PIE_registerPieIntHandler
0000bb70   _PIE_registerSystemIntHandler
0000bb64   _PIE_setDefaultIntVectorTable
0000bb54   _PIE_setExtIntPolarity
0000bb43   _PIE_unregisterPieIntHandler
0000bb36   _PIE_unregisterSystemIntHandler
0000c2e1   _PLL_disable
0000c2db   _PLL_disableClkDetect
0000c2d5   _PLL_disableNormRdy
0000c2cf   _PLL_disableOsc
0000c2c9   _PLL_enable
0000c2c3   _PLL_enableClkDetect
0000c2bd   _PLL_enableNormRdy
0000c2b7   _PLL_enableOsc
0000c2b3   _PLL_getClkFreq
0000c2b0   _PLL_getClkStatus
0000c2ad   _PLL_getDivideSelect
0000c2aa   _PLL_getLockStatus
0000c2a4   _PLL_init
0000c29e   _PLL_resetClkDetect
0000c298   _PLL_setClkFreq
0000c291   _PLL_setDivideSelect
0000c28c   _PLL_setLockPeriod
0000a749   _PROCTRL_CheckMotorError
0000a721   _PROCTRL_MainLoop
0000a6c1   _PROCTRL_UpdateCurrentAmpVar
0000a67d   _PROCTRL_UpdateIqRef
0000a670   _PROCTRL_UpdateMotorSpeed
0000a65e   _PROCTRL_UpdateMotorTorque
0000a612   _PROCTRL_UpdateMotorVar
0000a5e6   _PROCTRL_UpdateVoltageVar
0000a5d3   _PROCTRL_Update_Est_State
0000a507   _PROCTRL_chkError
0000a466   _PROCTRL_chkMotorIdentified
0000a40f   _PROCTRL_getAbsAngle_mech
0000a3e4   _PROCTRL_getBoardBias
0000a3dd   _PROCTRL_getChipTemperture
0000a3ce   _PROCTRL_getDCbusVoltage
0000a3c5   _PROCTRL_getMotorTurns_mech
0000a3bf   _PROCTRL_getPortData
0000a3a4   _PROCTRL_getScaleActors
0000a305   _PROCTRL_getSensorData
0000a2dc   _PROCTRL_init
0000a259   _PROCTRL_setBoardBias
0000a257   _PROCTRL_setCtrlHandle
0000a249   _PROCTRL_setDcBrakeEnable
0000a247   _PROCTRL_setHalHandle
0000a244   _PROCTRL_setMotorHandle
0000a242   _PROCTRL_setUserParams
0000a233   _PROCTRL_setupFSM
0000a20e   _PROCTRL_setupFlyingStart
0000a1e9   _PROCTRL_setupModbus
0000a1e4   _PROCTRL_setupMotors
0000a1b9   _PROCTRL_updateKpKiGains
0000aebe   _PWM_clearTripZone
0000aebb   _PWM_decrementDeadBandFallingEdgeDelay
0000aeb8   _PWM_decrementDeadBandRisingEdgeDelay
0000aeb1   _PWM_disableAutoConvert
0000aead   _PWM_disableChopping
0000aeaa   _PWM_disableCounterLoad
0000aea7   _PWM_disableDeadBand
0000aea3   _PWM_disableDeadBandHalfCycle
0000ae9c   _PWM_disableDigitalCompareBlankingWindow
0000ae95   _PWM_disableDigitalCompareBlankingWindowInversion
0000ae8e   _PWM_disableHrPeriod
0000ae87   _PWM_disableHrPhaseSync
0000ae83   _PWM_disableInt
0000ae7f   _PWM_disableSocAPulse
0000ae7b   _PWM_disableSocBPulse
0000ae74   _PWM_disableTripZoneInt
0000ae6d   _PWM_disableTripZoneSrc
0000ae67   _PWM_disableTripZones
0000ae60   _PWM_enableAutoConvert
0000ae5c   _PWM_enableChopping
0000ae59   _PWM_enableCounterLoad
0000ae55   _PWM_enableDeadBandHalfCycle
0000ae4e   _PWM_enableDigitalCompareBlankingWindow
0000ae47   _PWM_enableDigitalCompareBlankingWindowInversion
0000ae40   _PWM_enableHrPeriod
0000ae39   _PWM_enableHrPhaseSync
0000ae35   _PWM_enableInt
0000ae31   _PWM_enableSocAPulse
0000ae2d   _PWM_enableSocBPulse
0000ae27   _PWM_enableTripZoneInt
0000ae21   _PWM_enableTripZoneSrc
0000ae1e   _PWM_getDeadBandFallingEdgeDelay
0000ae1b   _PWM_getDeadBandRisingEdgeDelay
0000ae17   _PWM_getIntCount
0000ae13   _PWM_getShadowStatus_CmpA
0000ae0f   _PWM_getShadowStatus_CmpB
0000ae0a   _PWM_getSocACount
0000ae05   _PWM_getSocBCount
0000ae02   _PWM_incrementDeadBandFallingEdgeDelay
0000adff   _PWM_incrementDeadBandRisingEdgeDelay
0000adf9   _PWM_init
0000adf2   _PWM_setActionQualContSWForce_PwmA
0000ade9   _PWM_setActionQualContSWForce_PwmB
0000ade0   _PWM_setActionQual_CntDown_CmpA_PwmA
0000add7   _PWM_setActionQual_CntDown_CmpA_PwmB
0000adce   _PWM_setActionQual_CntDown_CmpB_PwmA
0000adc5   _PWM_setActionQual_CntDown_CmpB_PwmB
0000adbc   _PWM_setActionQual_CntUp_CmpA_PwmA
0000adb3   _PWM_setActionQual_CntUp_CmpA_PwmB
0000adaa   _PWM_setActionQual_CntUp_CmpB_PwmA
0000ada1   _PWM_setActionQual_CntUp_CmpB_PwmB
0000ad98   _PWM_setActionQual_Period_PwmA
0000ad8f   _PWM_setActionQual_Period_PwmB
0000ad88   _PWM_setActionQual_Zero_PwmA
0000ad81   _PWM_setActionQual_Zero_PwmB
0000ad7a   _PWM_setChoppingClkFreq
0000ad73   _PWM_setChoppingDutyCycle
0000ad6c   _PWM_setChoppingPulseWidth
0000ad68   _PWM_setClkDiv
0000ad66   _PWM_setCount
0000ad62   _PWM_setCounterMode
0000ad5f   _PWM_setDeadBandFallingEdgeDelay
0000ad58   _PWM_setDeadBandInputMode
0000ad51   _PWM_setDeadBandOutputMode
0000ad4a   _PWM_setDeadBandPolarity
0000ad47   _PWM_setDeadBandRisingEdgeDelay
0000ad30   _PWM_setDigitalCompareAEvent1
0000ad20   _PWM_setDigitalCompareAEvent2
0000ad09   _PWM_setDigitalCompareBEvent1
0000acf9   _PWM_setDigitalCompareBEvent2
0000aced   _PWM_setDigitalCompareBlankingPulse
0000acea   _PWM_setDigitalCompareFilterOffset
0000ace0   _PWM_setDigitalCompareFilterSource
0000acdd   _PWM_setDigitalCompareFilterWindow
0000acce   _PWM_setDigitalCompareInput
0000acca   _PWM_setHighSpeedClkDiv
0000acc0   _PWM_setHrControlMode
0000acb6   _PWM_setHrEdgeMode
0000acac   _PWM_setHrShadowMode
0000aca5   _PWM_setIntMode
0000ac9e   _PWM_setIntPeriod
0000ac9a   _PWM_setLoadMode_CmpA
0000ac94   _PWM_setLoadMode_CmpB
0000ac92   _PWM_setPeriod
0000ac8d   _PWM_setPeriodHr
0000ac89   _PWM_setPeriodLoad
0000ac87   _PWM_setPhase
0000ac83   _PWM_setPhaseDir
0000ac7f   _PWM_setRunMode
0000ac79   _PWM_setShadowMode_CmpA
0000ac73   _PWM_setShadowMode_CmpB
0000ac6a   _PWM_setSocAPeriod
0000ac60   _PWM_setSocAPulseSrc
0000ac57   _PWM_setSocBPeriod
0000ac4e   _PWM_setSocBPulseSrc
0000ac4b   _PWM_setSwSync
0000ac47   _PWM_setSyncMode
0000ac3d   _PWM_setTripZoneDCEventSelect_DCAEVT1
0000ac31   _PWM_setTripZoneDCEventSelect_DCAEVT2
0000ac25   _PWM_setTripZoneDCEventSelect_DCBEVT1
0000ac19   _PWM_setTripZoneDCEventSelect_DCBEVT2
0000ac0d   _PWM_setTripZoneState_DCAEVT1
0000ac01   _PWM_setTripZoneState_DCAEVT2
0000abf5   _PWM_setTripZoneState_DCBEVT1
0000abe9   _PWM_setTripZoneState_DCBEVT2
0000abdf   _PWM_setTripZoneState_TZA
0000abd3   _PWM_setTripZoneState_TZB
0000c385   _PWR_disableBrownOutReset
0000c37a   _PWR_disableWatchDogInt
0000c377   _PWR_enableBrownOutReset
0000c36c   _PWR_enableWatchDogInt
0000c365   _PWR_init
0000c353   _PWR_setLowPowerMode
0000c341   _PWR_setNumStandByClocks
000000f9   _RamfuncsLoadEnd
00000036   _RamfuncsLoadSize
000000c3   _RamfuncsLoadStart
000000c3   _RamfuncsRunStart
0000bd2f   _SCI_clearAutoBaudDetect
0000bd2b   _SCI_clearRxFifoInt
0000bd27   _SCI_clearRxFifoOvf
0000bd23   _SCI_clearTxFifoInt
0000bd20   _SCI_disable
0000bd1c   _SCI_disableAutoBaudAlign
0000bd19   _SCI_disableLoopBack
0000bd16   _SCI_disableParity
0000bd13   _SCI_disableRx
0000bd10   _SCI_disableRxErrorInt
0000bd0c   _SCI_disableRxFifoInt
0000bd09   _SCI_disableRxInt
0000bd06   _SCI_disableSleep
0000bd03   _SCI_disableTx
0000bcff   _SCI_disableTxFifoEnh
0000bcfb   _SCI_disableTxFifoInt
0000bcf8   _SCI_disableTxInt
0000bcf5   _SCI_disableTxWake
0000bcf2   _SCI_enable
0000bcee   _SCI_enableAutoBaudAlign
0000bcea   _SCI_enableChannels
0000bce7   _SCI_enableLoopBack
0000bce4   _SCI_enableParity
0000bce1   _SCI_enableRx
0000bcde   _SCI_enableRxErrorInt
0000bcda   _SCI_enableRxFifo
0000bcd6   _SCI_enableRxFifoInt
0000bcd3   _SCI_enableRxInt
0000bcd0   _SCI_enableSleep
0000bccd   _SCI_enableTx
0000bcc9   _SCI_enableTxFifo
0000bcc5   _SCI_enableTxFifoEnh
0000bcc1   _SCI_enableTxFifoInt
0000bcbe   _SCI_enableTxInt
0000bcbb   _SCI_enableTxWake
0000bcb7   _SCI_getDataBlocking
0000bcae   _SCI_getDataNonBlocking
0000bcaa   _SCI_getRxFifoStatus
0000bca6   _SCI_getTxFifoStatus
0000bca0   _SCI_init
0000bc9b   _SCI_putDataBlocking
0000bc93   _SCI_putDataNonBlocking
0000bc90   _SCI_reset
0000bc86   _SCI_resetChannels
0000bc7c   _SCI_resetRxFifo
0000bc72   _SCI_resetTxFifo
0000bc6c   _SCI_setBaudRate
0000bc68   _SCI_setCharLength
0000bc64   _SCI_setMode
0000bc60   _SCI_setNumStopBits
0000bc5c   _SCI_setParity
0000bc59   _SCI_setPriority
0000bc52   _SCI_setRxFifoIntLevel
0000bc4b   _SCI_setTxDelay
0000bc44   _SCI_setTxFifoIntLevel
0000bf59   _SPI_clearRxFifoInt
0000bf55   _SPI_clearRxFifoOvf
0000bf51   _SPI_clearTxFifoInt
0000bf4e   _SPI_disableInt
0000bf4b   _SPI_disableLoopBack
0000bf48   _SPI_disableOverRunInt
0000bf44   _SPI_disableRxFifoInt
0000bf41   _SPI_disableTx
0000bf3d   _SPI_disableTxFifoEnh
0000bf39   _SPI_disableTxFifoInt
0000bf36   _SPI_enable
0000bf32   _SPI_enableChannels
0000bf2f   _SPI_enableInt
0000bf2c   _SPI_enableLoopBack
0000bf29   _SPI_enableOverRunInt
0000bf25   _SPI_enableRxFifo
0000bf21   _SPI_enableRxFifoInt
0000bf1e   _SPI_enableTx
0000bf1a   _SPI_enableTxFifo
0000bf16   _SPI_enableTxFifoEnh
0000bf12   _SPI_enableTxFifoInt
0000bf0f   _SPI_getIntFlagStatus
0000bf0b   _SPI_getRxFifoStatus
0000bf08   _SPI_getTxBufferStatus
0000bf04   _SPI_getTxFifoStatus
0000befe   _SPI_init
0000befb   _SPI_reset
0000bef7   _SPI_resetChannels
0000bef3   _SPI_resetRxFifo
0000beef   _SPI_resetTxFifo
0000beed   _SPI_setBaudRate
0000bee9   _SPI_setCharLength
0000bee7   _SPI_setClkPhase
0000bee3   _SPI_setClkPolarity
0000bee1   _SPI_setMode
0000beda   _SPI_setPriority
0000bed3   _SPI_setRxFifoIntLevel
0000becc   _SPI_setSteInv
0000bec5   _SPI_setSuspend
0000bebe   _SPI_setTriWire
0000bebb   _SPI_setTxDelay
0000beb4   _SPI_setTxFifoIntLevel
0000c4c5   _TIMER_clearFlag
0000c4c2   _TIMER_disableInt
0000c4bf   _TIMER_enableInt
0000c4bc   _TIMER_getStatus
0000c4b6   _TIMER_init
0000c4a8   _TIMER_setDecimationFactor
0000c4a4   _TIMER_setEmulationMode
0000c496   _TIMER_setPreScaler
0000b504   _Timer1ISR
0000b4d6   _UART_RxISR
0000b4af   _UART_TxReadyISR
0000960a   _USER_calcPIgains
000095e3   _USER_checkDefErrors
0000904a   _USER_checkForErrors
0000903c   _USER_computeFlux
00008fdd   _USER_computeFlux_pu_to_VpHz_sf
00008f7e   _USER_computeFlux_pu_to_Wb_sf
00008f03   _USER_computeTorque_Flux_Iq_pu_to_Nm_sf
00008e89   _USER_computeTorque_Ls_Id_Iq_pu_to_Nm_sf
00008e3d   _USER_computeTorque_Nm
00008de6   _USER_computeTorque_lbin
00008de3   _USER_getErrorCode
00008d7f   _USER_setBoardParams
00008d7c   _USER_setErrorCode
00008d79   _USER_setMotorIDs
00008d0e   _USER_setMotorParams
00008ca8   _USER_setParams
00008c8f   _USER_setSysParams
00008c0a   _USER_setWaitTimeParams
00008b7a   _USER_softwareUpdate1p6
0000c3c6   _WDOG_clearCounter
0000c3be   _WDOG_disable
0000c3b8   _WDOG_disableInt
0000c3b2   _WDOG_disableOverRide
0000c3a9   _WDOG_enable
0000c3a3   _WDOG_enableInt
0000c39d   _WDOG_enableOverRide
0000c39a   _WDOG_getIntStatus
0000c394   _WDOG_init
0000c392   _WDOG_setCount
0000c388   _WDOG_setPreScaler
0000cf3b   __IQ24cosPU
0000cf12   __IQ24sinPU
0000ced0   __IQ24sqrt
0000cf62   __IQ30toF
000007b0   __STACK_END
000003b0   __STACK_SIZE
00000001   __TI_args_main
0000cb5c   ___TI_cleanup_ptr
0000cb5e   ___TI_dtors_ptr
ffffffff   ___binit__
ffffffff   ___c_args__
00000050   ___cinit__
0000c752   ___etext__
ffffffff   ___pinit__
00008000   ___text__
0000c6ab   __args_main
0000cb5a   __lock
0000bffa   __log
0000c733   __nop
0000c72f   __register_lock
0000c72b   __register_unlock
00000400   __stack
0000cb58   __unlock
0000c6c4   _abort
0000a1a3   _acim_Dir_qFmtCalc
0000c752   _aucCRCHi
0000c852   _aucCRCLo
0000c413   _c_int00
0000cb8a   _controller_obj
0000cb62   _cpu
0000cb88   _ctrlHandle
0000cb63   _errno
0000c6c6   _exit
0000bf5d   _exp
0000c6f4   _frexp
0000cb96   _gAdcData
0000cb81   _gCounter_updateGlobals
0000cb83   _gLEDcnt
0000cb84   _gMaxCurrentSlope
0000cb90   _gPwmData
0000cbc0   _gUserParams
0000cd80   _hal
0000cb8c   _halHandle
0000c457   _ldexp
0000be0a   _log
0000b9cd   _main
0000b34e   _mainISR
0000c4c8   _modf
0000a0ed   _motor_RunCtrl
0000a0da   _motor_StopCtrl
0000c087   _pow
0000cb8e   _proctrlHandle
0000a069   _recalcKpKi
0000a043   _setFeLimitZero
000000f5   _usDelay
ffffffff   binit
00000050   cinit
00000000   code_start
0000c752   etext
ffffffff   pinit


GLOBAL SYMBOLS: SORTED BY Symbol Address 

address    name
--------   ----
00000000   code_start
00000001   __TI_args_main
00000036   _RamfuncsLoadSize
00000050   ___cinit__
00000050   cinit
000000c3   _FLASH_setStandbyWaitCount
000000c3   _RamfuncsLoadStart
000000c3   _RamfuncsRunStart
000000c8   _FLASH_setPowerMode
000000cf   _FLASH_setOtpWaitStates
000000d6   _FLASH_setNumRandomReadWaitStates
000000dd   _FLASH_setNumPagedReadWaitStates
000000e4   _FLASH_setActiveWaitCount
000000e9   _FLASH_enablePipelineMode
000000ef   _FLASH_disablePipelineMode
000000f5   _usDelay
000000f9   _RamfuncsLoadEnd
000003b0   __STACK_SIZE
00000400   __stack
000007b0   __STACK_END
00008000   .text
00008000   _HAL_setupTimers
00008000   ___text__
00008050   _HAL_setupSpiA
00008086   _HAL_setupScia
000080c8   _HAL_setupPwms
00008190   _HAL_setupPwmDacs
0000821b   _HAL_setupPll
00008259   _HAL_setupPie
00008275   _HAL_setupPeripheralClks
000082c2   _HAL_setupI2cs
000082de   _HAL_setupGpios
0000848b   _HAL_setupFlash
000084a9   _HAL_setupFaults
000084d2   _HAL_setupClks
000084ee   _HAL_setupAdcs
000085e9   _HAL_setupAdcParams
00008651   _HAL_AdcCalChanSelect
000086a8   _HAL_AdcCalConversion
00008800   _HAL_AdcOffsetSelfCal
00008833   _HAL_GetBoardNum
0000889b   _HAL_getOscTrimValue
000088af   _HAL_osc1Comp
000088ee   _HAL_osc2Comp
0000892d   _HAL_OscTempComp
00008980   _HAL_cal
0000899a   _HAL_setParams
00008a3f   _HAL_setDacParameters
00008a54   _HAL_disableWdog
00008a59   _HAL_init
00008b1d   _HAL_enableTimer1Int
00008b2f   _HAL_enableSciaInt
00008b4c   _HAL_enablePwmInt
00008b5d   _HAL_enableGlobalInts
00008b61   _HAL_enableDebugInt
00008b65   _HAL_enableAdcInts
00008b76   _HAL_disableGlobalInts
00008b7a   _USER_softwareUpdate1p6
00008c0a   _USER_setWaitTimeParams
00008c8f   _USER_setSysParams
00008ca8   _USER_setParams
00008d0e   _USER_setMotorParams
00008d79   _USER_setMotorIDs
00008d7c   _USER_setErrorCode
00008d7f   _USER_setBoardParams
00008de3   _USER_getErrorCode
00008de6   _USER_computeTorque_lbin
00008e3d   _USER_computeTorque_Nm
00008e89   _USER_computeTorque_Ls_Id_Iq_pu_to_Nm_sf
00008f03   _USER_computeTorque_Flux_Iq_pu_to_Nm_sf
00008f7e   _USER_computeFlux_pu_to_Wb_sf
00008fdd   _USER_computeFlux_pu_to_VpHz_sf
0000903c   _USER_computeFlux
0000904a   _USER_checkForErrors
000095e3   _USER_checkDefErrors
0000960a   _USER_calcPIgains
000096b3   _CTRL_updateState
00009765   _CTRL_setupClarke_V
0000977b   _CTRL_setupClarke_I
00009797   _CTRL_setup
000097a1   _CTRL_setWaitTimes
000097aa   _CTRL_setSpd_ref_pu
000097ad   _CTRL_setSpd_ref_krpm
000097c0   _CTRL_setBrake
000097cf   _CTRL_setGains
000097f7   _CTRL_setParams
00009a4b   _CTRL_run
00009fc6   _CTRL_getWaitTimes
00009fcf   _CTRL_getVdq_out_pu
00009fd7   _CTRL_getVab_out_pu
00009fdf   _CTRL_getVab_in_pu
00009fe7   _CTRL_getIdq_ref_pu
00009fef   _CTRL_getIdq_in_pu
00009ff7   _CTRL_getIab_in_pu
00009fff   _CTRL_getIab_filt_pu
0000a007   _CTRL_getGains
0000a037   _CTRL_setMagCurrent_pu
0000a03a   _CTRL_setMaximumSpeed_pu
0000a03d   _CTRL_getMaximumSpeed_pu
0000a040   _CTRL_getMagCurrent_pu
0000a043   _setFeLimitZero
0000a069   _recalcKpKi
0000a0da   _motor_StopCtrl
0000a0ed   _motor_RunCtrl
0000a1a3   _acim_Dir_qFmtCalc
0000a1b9   _PROCTRL_updateKpKiGains
0000a1e4   _PROCTRL_setupMotors
0000a1e9   _PROCTRL_setupModbus
0000a20e   _PROCTRL_setupFlyingStart
0000a233   _PROCTRL_setupFSM
0000a242   _PROCTRL_setUserParams
0000a244   _PROCTRL_setMotorHandle
0000a247   _PROCTRL_setHalHandle
0000a249   _PROCTRL_setDcBrakeEnable
0000a257   _PROCTRL_setCtrlHandle
0000a259   _PROCTRL_setBoardBias
0000a2dc   _PROCTRL_init
0000a305   _PROCTRL_getSensorData
0000a3a4   _PROCTRL_getScaleActors
0000a3bf   _PROCTRL_getPortData
0000a3c5   _PROCTRL_getMotorTurns_mech
0000a3ce   _PROCTRL_getDCbusVoltage
0000a3dd   _PROCTRL_getChipTemperture
0000a3e4   _PROCTRL_getBoardBias
0000a40f   _PROCTRL_getAbsAngle_mech
0000a466   _PROCTRL_chkMotorIdentified
0000a507   _PROCTRL_chkError
0000a5d3   _PROCTRL_Update_Est_State
0000a5e6   _PROCTRL_UpdateVoltageVar
0000a612   _PROCTRL_UpdateMotorVar
0000a65e   _PROCTRL_UpdateMotorTorque
0000a670   _PROCTRL_UpdateMotorSpeed
0000a67d   _PROCTRL_UpdateIqRef
0000a6c1   _PROCTRL_UpdateCurrentAmpVar
0000a721   _PROCTRL_MainLoop
0000a749   _PROCTRL_CheckMotorError
0000a750   _FSM_setMotorHandle
0000a752   _FSM_setHalHandle
0000a754   _FSM_init
0000a75a   _FSM_getPortStatus
0000a761   _FSM_clrOverCurrentReg
0000a774   _FSM_Check485Cmd
0000a77c   _FSM_CheckTimes
0000a78e   _FSM_CheckTorque
0000a7c2   _FSM_CheckEmgStop
0000a7d2   _FSM_CheckOverCurrent
0000a7e2   _FSM_CheckBusVoltage
0000a7ff   _FSM_CheckErrors
0000a84c   _FSM_RunActions
0000a8a3   _FSM_State_FreeRun
0000a8bc   _FSM_ReportResults
0000a8c3   _FSM_State_STOP
0000a8d8   _FSM_State_SharedState2
0000a8ef   _FSM_State_SharedState3
0000a906   _FSM_State_SharedState1
0000a91d   _FSM_State_FullyOpen
0000a934   _FSM_State_InchingOpen
0000a94b   _FSM_State_FullyClose
0000a962   _FSM_State_NormWait
0000a979   _FSM_State_MagneticBrake
0000a992   _FSM_State_ConstTorque
0000a9ad   _FSM_State_Backword
0000a9c7   _FSM_State_Forward
0000a9e8   _FSM_State_BlowerFan
0000a9ff   _FSM_State_GlueTank
0000aa16   _FSM_State_Clamper
0000aa32   _FSM_State_Notching
0000aa49   _FSM_State_Nipping
0000aa63   _FSM_SelectMode
0000aa8e   _FSM_State_IDLE
0000aaac   _FSM_CheckAnalogSensor2
0000aada   _FSM_CheckAnalogSensor1
0000ab08   _FSM_CheckKeySensor2
0000ab18   _FSM_CheckKeySensor1
0000ab28   _FSM_CheckSpeed
0000ab43   _FSM_RunTrans
0000ab61   _FSM_State_TrimPlatform
0000ab78   _FSM_Run
0000ab80   _FSM_ParamInit
0000abbe   _FSM_CheckChipTemperature
0000abd3   _PWM_setTripZoneState_TZB
0000abdf   _PWM_setTripZoneState_TZA
0000abe9   _PWM_setTripZoneState_DCBEVT2
0000abf5   _PWM_setTripZoneState_DCBEVT1
0000ac01   _PWM_setTripZoneState_DCAEVT2
0000ac0d   _PWM_setTripZoneState_DCAEVT1
0000ac19   _PWM_setTripZoneDCEventSelect_DCBEVT2
0000ac25   _PWM_setTripZoneDCEventSelect_DCBEVT1
0000ac31   _PWM_setTripZoneDCEventSelect_DCAEVT2
0000ac3d   _PWM_setTripZoneDCEventSelect_DCAEVT1
0000ac47   _PWM_setSyncMode
0000ac4b   _PWM_setSwSync
0000ac4e   _PWM_setSocBPulseSrc
0000ac57   _PWM_setSocBPeriod
0000ac60   _PWM_setSocAPulseSrc
0000ac6a   _PWM_setSocAPeriod
0000ac73   _PWM_setShadowMode_CmpB
0000ac79   _PWM_setShadowMode_CmpA
0000ac7f   _PWM_setRunMode
0000ac83   _PWM_setPhaseDir
0000ac87   _PWM_setPhase
0000ac89   _PWM_setPeriodLoad
0000ac8d   _PWM_setPeriodHr
0000ac92   _PWM_setPeriod
0000ac94   _PWM_setLoadMode_CmpB
0000ac9a   _PWM_setLoadMode_CmpA
0000ac9e   _PWM_setIntPeriod
0000aca5   _PWM_setIntMode
0000acac   _PWM_setHrShadowMode
0000acb6   _PWM_setHrEdgeMode
0000acc0   _PWM_setHrControlMode
0000acca   _PWM_setHighSpeedClkDiv
0000acce   _PWM_setDigitalCompareInput
0000acdd   _PWM_setDigitalCompareFilterWindow
0000ace0   _PWM_setDigitalCompareFilterSource
0000acea   _PWM_setDigitalCompareFilterOffset
0000aced   _PWM_setDigitalCompareBlankingPulse
0000acf9   _PWM_setDigitalCompareBEvent2
0000ad09   _PWM_setDigitalCompareBEvent1
0000ad20   _PWM_setDigitalCompareAEvent2
0000ad30   _PWM_setDigitalCompareAEvent1
0000ad47   _PWM_setDeadBandRisingEdgeDelay
0000ad4a   _PWM_setDeadBandPolarity
0000ad51   _PWM_setDeadBandOutputMode
0000ad58   _PWM_setDeadBandInputMode
0000ad5f   _PWM_setDeadBandFallingEdgeDelay
0000ad62   _PWM_setCounterMode
0000ad66   _PWM_setCount
0000ad68   _PWM_setClkDiv
0000ad6c   _PWM_setChoppingPulseWidth
0000ad73   _PWM_setChoppingDutyCycle
0000ad7a   _PWM_setChoppingClkFreq
0000ad81   _PWM_setActionQual_Zero_PwmB
0000ad88   _PWM_setActionQual_Zero_PwmA
0000ad8f   _PWM_setActionQual_Period_PwmB
0000ad98   _PWM_setActionQual_Period_PwmA
0000ada1   _PWM_setActionQual_CntUp_CmpB_PwmB
0000adaa   _PWM_setActionQual_CntUp_CmpB_PwmA
0000adb3   _PWM_setActionQual_CntUp_CmpA_PwmB
0000adbc   _PWM_setActionQual_CntUp_CmpA_PwmA
0000adc5   _PWM_setActionQual_CntDown_CmpB_PwmB
0000adce   _PWM_setActionQual_CntDown_CmpB_PwmA
0000add7   _PWM_setActionQual_CntDown_CmpA_PwmB
0000ade0   _PWM_setActionQual_CntDown_CmpA_PwmA
0000ade9   _PWM_setActionQualContSWForce_PwmB
0000adf2   _PWM_setActionQualContSWForce_PwmA
0000adf9   _PWM_init
0000adff   _PWM_incrementDeadBandRisingEdgeDelay
0000ae02   _PWM_incrementDeadBandFallingEdgeDelay
0000ae05   _PWM_getSocBCount
0000ae0a   _PWM_getSocACount
0000ae0f   _PWM_getShadowStatus_CmpB
0000ae13   _PWM_getShadowStatus_CmpA
0000ae17   _PWM_getIntCount
0000ae1b   _PWM_getDeadBandRisingEdgeDelay
0000ae1e   _PWM_getDeadBandFallingEdgeDelay
0000ae21   _PWM_enableTripZoneSrc
0000ae27   _PWM_enableTripZoneInt
0000ae2d   _PWM_enableSocBPulse
0000ae31   _PWM_enableSocAPulse
0000ae35   _PWM_enableInt
0000ae39   _PWM_enableHrPhaseSync
0000ae40   _PWM_enableHrPeriod
0000ae47   _PWM_enableDigitalCompareBlankingWindowInversion
0000ae4e   _PWM_enableDigitalCompareBlankingWindow
0000ae55   _PWM_enableDeadBandHalfCycle
0000ae59   _PWM_enableCounterLoad
0000ae5c   _PWM_enableChopping
0000ae60   _PWM_enableAutoConvert
0000ae67   _PWM_disableTripZones
0000ae6d   _PWM_disableTripZoneSrc
0000ae74   _PWM_disableTripZoneInt
0000ae7b   _PWM_disableSocBPulse
0000ae7f   _PWM_disableSocAPulse
0000ae83   _PWM_disableInt
0000ae87   _PWM_disableHrPhaseSync
0000ae8e   _PWM_disableHrPeriod
0000ae95   _PWM_disableDigitalCompareBlankingWindowInversion
0000ae9c   _PWM_disableDigitalCompareBlankingWindow
0000aea3   _PWM_disableDeadBandHalfCycle
0000aea7   _PWM_disableDeadBand
0000aeaa   _PWM_disableCounterLoad
0000aead   _PWM_disableChopping
0000aeb1   _PWM_disableAutoConvert
0000aeb8   _PWM_decrementDeadBandRisingEdgeDelay
0000aebb   _PWM_decrementDeadBandFallingEdgeDelay
0000aebe   _PWM_clearTripZone
0000aec4   _MB_setTimHandle
0000aec6   _MB_setSciHandle
0000aec9   _MB_setMotorHandle
0000aecb   _MB_setGpioHandle
0000aecd   _MB_setFsmHandle
0000aecf   _MB_init
0000aed5   _MB_TransMotorParams
0000aed7   _MB_Trans485toMotor
0000aeda   _MB_PortEventPost
0000aee0   _MB_PortSerialEnable
0000aefd   _MB_PortSerialPutByte
0000af03   _MB_RTUTransmitFSM
0000af2a   _MB_PortTimersDisable
0000af2e   _MB_RTUTimerFSM
0000af3f   _MB_CRC16
0000af61   _MB_RTUSend
0000afa8   _MB_PortSerialGetByte
0000afb2   _MB_PortTimersEnable
0000afbf   _MB_RTUReceiveFSM
0000aff2   _MB_RTUReceive
0000b005   _MB_PortEventInit
0000b008   _MB_PortEventGet
0000b015   _MB_FuncWriteHoldingRegister
0000b054   _MB_FuncWriteCoilsRegister
0000b0a0   _MB_FuncReadHoldingRegister
0000b100   _MB_Poll
0000b153   _ADC_setupSocTrigSrc
0000b17e   _ADC_setVoltRefSrc
0000b190   _ADC_setTempSensorSrc
0000b1a2   _ADC_setSocTrigSrc
0000b1b5   _ADC_setSocSampleDelay
0000b1c8   _ADC_setSocFrcWord
0000b1cf   _ADC_setSocFrc
0000b1d9   _ADC_setSocChanNumber
0000b1ec   _ADC_setSampleOverlapMode
0000b201   _ADC_setSampleMode
0000b219   _ADC_setOffTrim
0000b220   _ADC_setIntSrc
0000b23d   _ADC_setIntPulseGenMode
0000b24f   _ADC_setIntMode
0000b26c   _ADC_setDivideSelect
0000b27e   _ADC_reset
0000b289   _ADC_powerUp
0000b294   _ADC_powerDown
0000b29f   _ADC_init
0000b2a6   _ADC_getDivideSelect
0000b2ae   _ADC_enableVoltRefLoConv
0000b2b9   _ADC_enableRefBuffers
0000b2c4   _ADC_enableNoOverlapMode
0000b2cf   _ADC_enableInt
0000b2e6   _ADC_enableBandGap
0000b2f1   _ADC_enable
0000b2fc   _ADC_disableVoltRefLoConv
0000b307   _ADC_disableRefBuffers
0000b312   _ADC_disableNoOverlapMode
0000b31d   _ADC_disableInt
0000b338   _ADC_disableBandGap
0000b343   _ADC_disable
0000b34e   _mainISR
0000b4af   _UART_TxReadyISR
0000b4d6   _UART_RxISR
0000b504   _Timer1ISR
0000b524   _GPIO_toggle
0000b537   _GPIO_setQualificationPeriod
0000b57e   _GPIO_setQualification
0000b5be   _GPIO_setPullup
0000b5d9   _GPIO_setPortData
0000b5e5   _GPIO_setMode
0000b61f   _GPIO_setLow
0000b632   _GPIO_setHigh
0000b645   _GPIO_setExtInt
0000b650   _GPIO_setDirection
0000b66b   _GPIO_read
0000b691   _GPIO_lpmSelect
0000b69b   _GPIO_init
0000b6a1   _GPIO_getPortData
0000b6a8   _GPIO_getData
0000b6b8   _Motor_init
0000b6be   _MOTOR_setMotorFlag
0000b775   _MOTOR_getMotorFlag
0000b7b6   _MOTOR_MotorVars_Init
0000b839   _MOTOR_CtrlVersion_Init
0000b843   _CLK_setXClkInSrc
0000b84a   _CLK_setWatchDogSrc
0000b851   _CLK_setTimer2Src
0000b858   _CLK_setTimer2PreScale
0000b85f   _CLK_setOscSrc
0000b866   _CLK_setOsc2Src
0000b86d   _CLK_setLowSpdPreScaler
0000b873   _CLK_setClkOutPreScaler
0000b87a   _CLK_init
0000b880   _CLK_enableWatchDogHaltMode
0000b886   _CLK_enableTbClockSync
0000b88d   _CLK_enableSpibClock
0000b894   _CLK_enableSpiaClock
0000b89b   _CLK_enableScibClock
0000b8a2   _CLK_enableSciaClock
0000b8a9   _CLK_enablePwmClock
0000b8b2   _CLK_enableOsc2HaltMode
0000b8b8   _CLK_enableOsc2
0000b8be   _CLK_enableOsc1HaltMode
0000b8c4   _CLK_enableOsc1
0000b8ca   _CLK_enableLinAClock
0000b8d1   _CLK_enableI2cClock
0000b8d8   _CLK_enableHrPwmClock
0000b8df   _CLK_enableGpioInputClock
0000b8e6   _CLK_enableEqep2Clock
0000b8ed   _CLK_enableEqep1Clock
0000b8f4   _CLK_enableEcap1Clock
0000b8fb   _CLK_enableEcanaClock
0000b902   _CLK_enableCrystalOsc
0000b908   _CLK_enableCpuTimerClock
0000b90e   _CLK_enableCompClock
0000b914   _CLK_enableClkIn
0000b91a   _CLK_enableClaClock
0000b921   _CLK_enableAdcClock
0000b928   _CLK_disableWatchDogHaltMode
0000b92e   _CLK_disableTbClockSync
0000b935   _CLK_disableSpibClock
0000b939   _CLK_disableSpiaClock
0000b940   _CLK_disableScibClock
0000b947   _CLK_disableSciaClock
0000b94e   _CLK_disablePwmClock
0000b958   _CLK_disableOsc2HaltMode
0000b95e   _CLK_disableOsc2
0000b964   _CLK_disableOsc1HaltMode
0000b96a   _CLK_disableOsc1
0000b970   _CLK_disableLinAClock
0000b977   _CLK_disableI2cClock
0000b97e   _CLK_disableHrPwmClock
0000b985   _CLK_disableGpioInputClock
0000b98c   _CLK_disableEqep2Clock
0000b993   _CLK_disableEqep1Clock
0000b99a   _CLK_disableEcap1Clock
0000b9a1   _CLK_disableEcanaClock
0000b9a8   _CLK_disableCrystalOsc
0000b9ae   _CLK_disableCpuTimerClock
0000b9b5   _CLK_disableCompClock
0000b9b9   _CLK_disableClkIn
0000b9bf   _CLK_disableClaClock
0000b9c6   _CLK_disableAdcClock
0000b9cd   _main
0000bb36   _PIE_unregisterSystemIntHandler
0000bb43   _PIE_unregisterPieIntHandler
0000bb54   _PIE_setExtIntPolarity
0000bb64   _PIE_setDefaultIntVectorTable
0000bb70   _PIE_registerSystemIntHandler
0000bb7b   _PIE_registerPieIntHandler
0000bb8a   _PIE_init
0000bb91   _PIE_getIntFlags
0000bb98   _PIE_getIntEnables
0000bb9f   _PIE_getExtIntCount
0000bba7   _PIE_forceInt
0000bbb1   _PIE_enableTimer0Int
0000bbb4   _PIE_enablePwmTzInt
0000bbb9   _PIE_enablePwmInt
0000bbbe   _PIE_enableInt
0000bbc8   _PIE_enableExtInt
0000bbeb   _PIE_enableCaptureInt
0000bbef   _PIE_enableAdcInt
0000bc0b   _PIE_enable
0000bc0e   _PIE_disableInt
0000bc19   _PIE_disableExtInt
0000bc26   _PIE_disableCaptureInt
0000bc2a   _PIE_disableAllInts
0000bc34   _PIE_disable
0000bc37   _PIE_clearAllInts
0000bc3a   _PIE_clearAllFlags
0000bc44   _SCI_setTxFifoIntLevel
0000bc4b   _SCI_setTxDelay
0000bc52   _SCI_setRxFifoIntLevel
0000bc59   _SCI_setPriority
0000bc5c   _SCI_setParity
0000bc60   _SCI_setNumStopBits
0000bc64   _SCI_setMode
0000bc68   _SCI_setCharLength
0000bc6c   _SCI_setBaudRate
0000bc72   _SCI_resetTxFifo
0000bc7c   _SCI_resetRxFifo
0000bc86   _SCI_resetChannels
0000bc90   _SCI_reset
0000bc93   _SCI_putDataNonBlocking
0000bc9b   _SCI_putDataBlocking
0000bca0   _SCI_init
0000bca6   _SCI_getTxFifoStatus
0000bcaa   _SCI_getRxFifoStatus
0000bcae   _SCI_getDataNonBlocking
0000bcb7   _SCI_getDataBlocking
0000bcbb   _SCI_enableTxWake
0000bcbe   _SCI_enableTxInt
0000bcc1   _SCI_enableTxFifoInt
0000bcc5   _SCI_enableTxFifoEnh
0000bcc9   _SCI_enableTxFifo
0000bccd   _SCI_enableTx
0000bcd0   _SCI_enableSleep
0000bcd3   _SCI_enableRxInt
0000bcd6   _SCI_enableRxFifoInt
0000bcda   _SCI_enableRxFifo
0000bcde   _SCI_enableRxErrorInt
0000bce1   _SCI_enableRx
0000bce4   _SCI_enableParity
0000bce7   _SCI_enableLoopBack
0000bcea   _SCI_enableChannels
0000bcee   _SCI_enableAutoBaudAlign
0000bcf2   _SCI_enable
0000bcf5   _SCI_disableTxWake
0000bcf8   _SCI_disableTxInt
0000bcfb   _SCI_disableTxFifoInt
0000bcff   _SCI_disableTxFifoEnh
0000bd03   _SCI_disableTx
0000bd06   _SCI_disableSleep
0000bd09   _SCI_disableRxInt
0000bd0c   _SCI_disableRxFifoInt
0000bd10   _SCI_disableRxErrorInt
0000bd13   _SCI_disableRx
0000bd16   _SCI_disableParity
0000bd19   _SCI_disableLoopBack
0000bd1c   _SCI_disableAutoBaudAlign
0000bd20   _SCI_disable
0000bd23   _SCI_clearTxFifoInt
0000bd27   _SCI_clearRxFifoOvf
0000bd2b   _SCI_clearRxFifoInt
0000bd2f   _SCI_clearAutoBaudDetect
0000bd33   _I2C_setupClock
0000bd3a   _I2C_setSlave
0000bd3e   _I2C_setSlaveAddress
0000bd43   _I2C_setMasterSlaveAddr
0000bd45   _I2C_setMaster
0000bd49   _I2C_resetTxFifo
0000bd4d   _I2C_resetRxFifo
0000bd51   _I2C_putData
0000bd54   _I2C_isMasterBusy
0000bd58   _I2C_init
0000bd5e   _I2C_getStatus
0000bd60   _I2C_getIntSource
0000bd63   _I2C_getData
0000bd65   _I2C_enableInt
0000bd67   _I2C_enableFifo
0000bd6b   _I2C_enable
0000bd6f   _I2C_disableInt
0000bd72   _I2C_disableFifo
0000bd76   _I2C_disable
0000bd7a   _I2C_clearTxFifoInt
0000bd7e   _I2C_clearRxFifoInt
0000bd82   _I2C_MasterControl
0000bd87   _I2C_WrData
0000bdb6   _I2C_SendData
0000bdc4   _I2C_RdData
0000be0a   _log
0000beb4   _SPI_setTxFifoIntLevel
0000bebb   _SPI_setTxDelay
0000bebe   _SPI_setTriWire
0000bec5   _SPI_setSuspend
0000becc   _SPI_setSteInv
0000bed3   _SPI_setRxFifoIntLevel
0000beda   _SPI_setPriority
0000bee1   _SPI_setMode
0000bee3   _SPI_setClkPolarity
0000bee7   _SPI_setClkPhase
0000bee9   _SPI_setCharLength
0000beed   _SPI_setBaudRate
0000beef   _SPI_resetTxFifo
0000bef3   _SPI_resetRxFifo
0000bef7   _SPI_resetChannels
0000befb   _SPI_reset
0000befe   _SPI_init
0000bf04   _SPI_getTxFifoStatus
0000bf08   _SPI_getTxBufferStatus
0000bf0b   _SPI_getRxFifoStatus
0000bf0f   _SPI_getIntFlagStatus
0000bf12   _SPI_enableTxFifoInt
0000bf16   _SPI_enableTxFifoEnh
0000bf1a   _SPI_enableTxFifo
0000bf1e   _SPI_enableTx
0000bf21   _SPI_enableRxFifoInt
0000bf25   _SPI_enableRxFifo
0000bf29   _SPI_enableOverRunInt
0000bf2c   _SPI_enableLoopBack
0000bf2f   _SPI_enableInt
0000bf32   _SPI_enableChannels
0000bf36   _SPI_enable
0000bf39   _SPI_disableTxFifoInt
0000bf3d   _SPI_disableTxFifoEnh
0000bf41   _SPI_disableTx
0000bf44   _SPI_disableRxFifoInt
0000bf48   _SPI_disableOverRunInt
0000bf4b   _SPI_disableLoopBack
0000bf4e   _SPI_disableInt
0000bf51   _SPI_clearTxFifoInt
0000bf55   _SPI_clearRxFifoOvf
0000bf59   _SPI_clearRxFifoInt
0000bf5d   _exp
0000bffa   __log
0000c087   _pow
0000c10e   FD$$MPY
0000c191   FS$$DIV
0000c214   FS$$SUB
0000c219   FS$$ADD
0000c28c   _PLL_setLockPeriod
0000c291   _PLL_setDivideSelect
0000c298   _PLL_setClkFreq
0000c29e   _PLL_resetClkDetect
0000c2a4   _PLL_init
0000c2aa   _PLL_getLockStatus
0000c2ad   _PLL_getDivideSelect
0000c2b0   _PLL_getClkStatus
0000c2b3   _PLL_getClkFreq
0000c2b7   _PLL_enableOsc
0000c2bd   _PLL_enableNormRdy
0000c2c3   _PLL_enableClkDetect
0000c2c9   _PLL_enable
0000c2cf   _PLL_disableOsc
0000c2d5   _PLL_disableNormRdy
0000c2db   _PLL_disableClkDetect
0000c2e1   _PLL_disable
0000c2e7   FS$$MPY
0000c341   _PWR_setNumStandByClocks
0000c353   _PWR_setLowPowerMode
0000c365   _PWR_init
0000c36c   _PWR_enableWatchDogInt
0000c377   _PWR_enableBrownOutReset
0000c37a   _PWR_disableWatchDogInt
0000c385   _PWR_disableBrownOutReset
0000c388   _WDOG_setPreScaler
0000c392   _WDOG_setCount
0000c394   _WDOG_init
0000c39a   _WDOG_getIntStatus
0000c39d   _WDOG_enableOverRide
0000c3a3   _WDOG_enableInt
0000c3a9   _WDOG_enable
0000c3b2   _WDOG_disableOverRide
0000c3b8   _WDOG_disableInt
0000c3be   _WDOG_disable
0000c3c6   _WDOG_clearCounter
0000c3ce   _OFFSET_setOffset
0000c3d0   _OFFSET_setInitCond
0000c3df   _OFFSET_setBeta
0000c3f5   _OFFSET_init
0000c406   _OFFSET_getBeta
0000c413   _c_int00
0000c457   _ldexp
0000c496   _TIMER_setPreScaler
0000c4a4   _TIMER_setEmulationMode
0000c4a8   _TIMER_setDecimationFactor
0000c4b6   _TIMER_init
0000c4bc   _TIMER_getStatus
0000c4bf   _TIMER_enableInt
0000c4c2   _TIMER_disableInt
0000c4c5   _TIMER_clearFlag
0000c4c8   _modf
0000c4f9   _OSC_setTrim
0000c502   _OSC_setFineTrim
0000c513   _OSC_setCoarseTrim
0000c520   _OSC_init
0000c526   FS$$TOL
0000c54f   _CPU_init
0000c555   _CPU_enableProtectedRegisterWrite
0000c558   _CPU_enableInt
0000c55c   _CPU_enableGlobalInts
0000c55f   _CPU_enableDebugInt
0000c562   _CPU_disableProtectedRegisterWrite
0000c565   _CPU_disableInts
0000c568   _CPU_disableInt
0000c56d   _CPU_disableGlobalInts
0000c570   _CPU_disableDebugInt
0000c573   _CPU_clearIntFlags
0000c576   FS$$TOI
0000c59b   I$$DIV
0000c5ac   I$$MOD
0000c5bd   _FILTER_FO_setNumCoeffs
0000c5c1   _FILTER_FO_setInitialConditions
0000c5c6   _FILTER_FO_setDenCoeffs
0000c5c8   _FILTER_FO_init
0000c5ce   _FILTER_FO_getNumCoeffs
0000c5d4   _FILTER_FO_getInitialConditions
0000c5db   _FILTER_FO_getDenCoeffs
0000c5de   FS$$TOUL
0000c5ff   _FLASH_init
0000c605   _FLASH_getStandbyWaitStatus
0000c609   _FLASH_getStandbyWaitCount
0000c60c   _FLASH_getPowerMode
0000c60f   _FLASH_getActiveWaitStatus
0000c613   _FLASH_getActiveWaitCount
0000c616   _FLASH_get3VStatus
0000c619   _FLASH_clear3VStatus
0000c61f   FD$$TOL
0000c63e   FS$$TOU
0000c65b   FS$$TOFD
0000c677   I$$TOFS
0000c691   L$$TOFS
0000c6ab   __args_main
0000c6c4   C$$EXIT
0000c6c4   _abort
0000c6c6   _exit
0000c6dd   FS$$CMP
0000c6f4   _frexp
0000c708   UL$$TOFS
0000c71b   U$$TOFS
0000c72b   __register_unlock
0000c72f   __register_lock
0000c733   __nop
0000c73c   _Brake_init
0000c742   _FS_init
0000c748   _PIE_illegalIsr
0000c74d   FS$$NEG
0000c752   ___etext__
0000c752   _aucCRCHi
0000c752   etext
0000c852   _aucCRCLo
0000c952   _JM_FSM_Vars
0000ca1a   _MOTOR_DATA
0000cab4   _BOARD_Params
0000caec   _JM_StallMode
0000cb28   _DE5_Board_Bias
0000cb58   __unlock
0000cb5a   __lock
0000cb5c   ___TI_cleanup_ptr
0000cb5e   ___TI_dtors_ptr
0000cb62   _cpu
0000cb63   _errno
0000cb80   _Flag_Latch_softwareUpdate
0000cb81   _gCounter_updateGlobals
0000cb83   _gLEDcnt
0000cb84   _gMaxCurrentSlope
0000cb86   _DispData
0000cb88   _ctrlHandle
0000cb8a   _controller_obj
0000cb8c   _halHandle
0000cb8e   _proctrlHandle
0000cb90   _gPwmData
0000cb96   _gAdcData
0000cbc0   _gUserParams
0000cc80   _MyProcessCtrl
0000cd80   _hal
0000ce80   _FSM_FreeRunState
0000ced0   __IQ24sqrt
0000cf12   __IQ24sinPU
0000cf3b   __IQ24cosPU
0000cf62   __IQ30toF
003f861b   _EST_getState
003f861d   _EST_useZeroIq_ref
003f8679   _EST_isMotorIdentified
003f86ad   _EST_computeDirection_qFmt
003f8713   _EST_updateState
003f89f5   _EST_updateId_ref_pu
003f8a18   _EST_setRs_pu
003f8adb   _EST_setMaxCurrentSlope_pu
003f8ae7   _EST_setLs_q_pu
003f8af1   _EST_setLs_qFmt
003f8b45   _EST_setLs_d_pu
003f8b63   _EST_setIq_ref_pu
003f8b67   _EST_setIdle_all
003f8b7a   _EST_setIdle
003f8b80   _EST_setId_ref_pu
003f8bd3   _EST_setFlag_enableRsRecalc
003f8bdb   _EST_setFlag_enableForceAngle
003f8be4   _EST_setFe_pos_min_pu
003f8be8   _EST_setFe_neg_max_pu
003f8bf5   _EST_setDir_qFmt
003f8c0d   _EST_getAngle_pu
003f927b   _EST_run
003f9378   _EST_isOnLine
003f937f   _EST_isLockRotor
003f9386   _EST_isIdle
003f938d   _EST_isError
003f9458   _EST_get_krpm_to_pu_sf
003f94c6   _EST_getSpeed_krpm
003f9513   _EST_getRs_Ohm
003f953d   _EST_getRsOnLine_Ohm
003f95ad   _EST_getRr_Ohm
003f95b3   _EST_getOneOverDcBus_pu
003f95bd   _EST_getMaxCurrentSlope_pu
003f95c9   _EST_getLs_q_pu
003f95ce   _EST_getLs_q_H
003f95f0   _EST_getLs_d_pu
003f95f5   _EST_getLs_d_H
003f95ff   _EST_getLs_coarse_max_pu
003f9632   _EST_getIdRated
003f968e   _EST_getFm_pu
003f96ab   _EST_getFlux_pu
003f96be   _EST_getFlux_VpHz
003f9758   _EST_doSpeedCtrl
003f9760   _EST_doCurrentCtrl
003f9806   _CTRL_setupTraj
003f996a   _CTRL_setupEstOnLineState
003f99a5   _CTRL_setupEstIdleState
003f9b43   _CTRL_setupCtrl
003f9d31   _CTRL_setUserMotorParams
003f9e64   _CTRL_setEstParams
003fa5d1   _CTRL_runTraj
003fa6fb   _CTRL_initCtrl
003fa721   _CTRL_getVersion
003fdc30   _IQsinTable
003fdd30   _IQcosTable
003fe030   _IQsinTableEnd
003fe132   _IQcosTableEnd
003fe132   _IQdivRoundSatTable
003fe140   _IQdivTable
003fe342   _IQdivTableEnd
003fe342   _IQisqrtRoundSatTable
003fe342   _IQsqrtRoundSatTable
003fe352   _IQisqrtTable
003fe352   _IQsqrtTable
003fe454   _IQatan2HalfPITable
003fe454   _IQisqrtTableEnd
003fe454   _IQsqrtTableEnd
003fe492   _IQatan2Table
003fe618   _IQ30mpyRndSatTable
003fe618   _IQatan2TableEnd
003fe618   _IQmpyRndSatTable
003fe624   _IQ29mpyRndSatTable
003fe630   _IQ28mpyRndSatTable
003fe63c   _IQ27mpyRndSatTable
003fe648   _IQ26mpyRndSatTable
003fe654   _IQ25mpyRndSatTable
003fe660   _IQ24mpyRndSatTable
003fe66c   _IQ23mpyRndSatTable
003fe678   _IQ22mpyRndSatTable
003fe684   _IQ21mpyRndSatTable
003fe690   _IQ20mpyRndSatTable
003fe69c   _IQ19mpyRndSatTable
003fe6a8   _IQ18mpyRndSatTable
003fe6b4   _IQ17mpyRndSatTable
003fe6c0   _IQ16mpyRndSatTable
003fe6cc   _IQ15mpyRndSatTable
003fe6d8   _IQ14mpyRndSatTable
003fe6e4   _IQ13mpyRndSatTable
003fe6f0   _IQ12mpyRndSatTable
003fe6fc   _IQ11mpyRndSatTable
003fe708   _IQ10mpyRndSatTable
003fe714   _IQ9mpyRndSatTable
003fe720   _IQ8mpyRndSatTable
003fe72c   _IQ7mpyRndSatTable
003fe738   _IQ6mpyRndSatTable
003fe744   _IQ5mpyRndSatTable
003fe750   _IQ4mpyRndSatTable
003fe75c   _IQ3mpyRndSatTable
003fe768   _IQ2mpyRndSatTable
003fe774   _IQ1mpyRndSatTable
003fe780   _IQmpyRndSatTableEnd
ffffffff   ___binit__
ffffffff   ___c_args__
ffffffff   ___pinit__
ffffffff   binit
ffffffff   pinit

[832 symbols]
