<?xml version="1.0"?>
<link_info>
   <banner>TMS320C2000 Linker PC v6.2.5</banner>
   <copyright>Copyright (c) 1996-2014 Texas Instruments Incorporated</copyright>
   <link_time>0x59c36457</link_time>
   <link_errors>0x0</link_errors>
   <output_file>proj_lab05b.out</output_file>
   <entry_point>
      <name>_c_int00</name>
      <address>0x3f4144</address>
   </entry_point>
   <input_file_list>
      <input_file id="fl-7">
         <path>.\</path>
         <kind>object</kind>
         <file>CodeStartBranch.obj</file>
         <name>CodeStartBranch.obj</name>
      </input_file>
      <input_file id="fl-8">
         <path>.\</path>
         <kind>object</kind>
         <file>adc.obj</file>
         <name>adc.obj</name>
      </input_file>
      <input_file id="fl-9">
         <path>.\</path>
         <kind>object</kind>
         <file>brake.obj</file>
         <name>brake.obj</name>
      </input_file>
      <input_file id="fl-a">
         <path>.\</path>
         <kind>object</kind>
         <file>clarke.obj</file>
         <name>clarke.obj</name>
      </input_file>
      <input_file id="fl-b">
         <path>.\</path>
         <kind>object</kind>
         <file>clk.obj</file>
         <name>clk.obj</name>
      </input_file>
      <input_file id="fl-c">
         <path>.\</path>
         <kind>object</kind>
         <file>cpu.obj</file>
         <name>cpu.obj</name>
      </input_file>
      <input_file id="fl-d">
         <path>.\</path>
         <kind>object</kind>
         <file>ctrl.obj</file>
         <name>ctrl.obj</name>
      </input_file>
      <input_file id="fl-e">
         <path>.\</path>
         <kind>object</kind>
         <file>decoder.obj</file>
         <name>decoder.obj</name>
      </input_file>
      <input_file id="fl-f">
         <path>.\</path>
         <kind>object</kind>
         <file>filter_fo.obj</file>
         <name>filter_fo.obj</name>
      </input_file>
      <input_file id="fl-10">
         <path>.\</path>
         <kind>object</kind>
         <file>flash.obj</file>
         <name>flash.obj</name>
      </input_file>
      <input_file id="fl-11">
         <path>.\</path>
         <kind>object</kind>
         <file>gpio.obj</file>
         <name>gpio.obj</name>
      </input_file>
      <input_file id="fl-12">
         <path>.\</path>
         <kind>object</kind>
         <file>hal.obj</file>
         <name>hal.obj</name>
      </input_file>
      <input_file id="fl-13">
         <path>.\</path>
         <kind>object</kind>
         <file>i2c.obj</file>
         <name>i2c.obj</name>
      </input_file>
      <input_file id="fl-14">
         <path>.\</path>
         <kind>object</kind>
         <file>ipark.obj</file>
         <name>ipark.obj</name>
      </input_file>
      <input_file id="fl-15">
         <path>.\</path>
         <kind>object</kind>
         <file>ldc1612.obj</file>
         <name>ldc1612.obj</name>
      </input_file>
      <input_file id="fl-16">
         <path>.\</path>
         <kind>object</kind>
         <file>mb.obj</file>
         <name>mb.obj</name>
      </input_file>
      <input_file id="fl-17">
         <path>.\</path>
         <kind>object</kind>
         <file>memCopy.obj</file>
         <name>memCopy.obj</name>
      </input_file>
      <input_file id="fl-18">
         <path>.\</path>
         <kind>object</kind>
         <file>offset.obj</file>
         <name>offset.obj</name>
      </input_file>
      <input_file id="fl-19">
         <path>.\</path>
         <kind>object</kind>
         <file>oled.obj</file>
         <name>oled.obj</name>
      </input_file>
      <input_file id="fl-1a">
         <path>.\</path>
         <kind>object</kind>
         <file>osc.obj</file>
         <name>osc.obj</name>
      </input_file>
      <input_file id="fl-1b">
         <path>.\</path>
         <kind>object</kind>
         <file>park.obj</file>
         <name>park.obj</name>
      </input_file>
      <input_file id="fl-1c">
         <path>.\</path>
         <kind>object</kind>
         <file>pca9555.obj</file>
         <name>pca9555.obj</name>
      </input_file>
      <input_file id="fl-1d">
         <path>.\</path>
         <kind>object</kind>
         <file>pid.obj</file>
         <name>pid.obj</name>
      </input_file>
      <input_file id="fl-1e">
         <path>.\</path>
         <kind>object</kind>
         <file>pie.obj</file>
         <name>pie.obj</name>
      </input_file>
      <input_file id="fl-1f">
         <path>.\</path>
         <kind>object</kind>
         <file>pll.obj</file>
         <name>pll.obj</name>
      </input_file>
      <input_file id="fl-20">
         <path>.\</path>
         <kind>object</kind>
         <file>process_ctrl.obj</file>
         <name>process_ctrl.obj</name>
      </input_file>
      <input_file id="fl-21">
         <path>.\</path>
         <kind>object</kind>
         <file>proj_lab05b.obj</file>
         <name>proj_lab05b.obj</name>
      </input_file>
      <input_file id="fl-22">
         <path>.\</path>
         <kind>object</kind>
         <file>pwm.obj</file>
         <name>pwm.obj</name>
      </input_file>
      <input_file id="fl-23">
         <path>.\</path>
         <kind>object</kind>
         <file>pwr.obj</file>
         <name>pwr.obj</name>
      </input_file>
      <input_file id="fl-24">
         <path>.\</path>
         <kind>object</kind>
         <file>sci.obj</file>
         <name>sci.obj</name>
      </input_file>
      <input_file id="fl-25">
         <path>.\</path>
         <kind>object</kind>
         <file>spi.obj</file>
         <name>spi.obj</name>
      </input_file>
      <input_file id="fl-26">
         <path>.\</path>
         <kind>object</kind>
         <file>svgen.obj</file>
         <name>svgen.obj</name>
      </input_file>
      <input_file id="fl-27">
         <path>.\</path>
         <kind>object</kind>
         <file>timer.obj</file>
         <name>timer.obj</name>
      </input_file>
      <input_file id="fl-28">
         <path>.\</path>
         <kind>object</kind>
         <file>traj.obj</file>
         <name>traj.obj</name>
      </input_file>
      <input_file id="fl-29">
         <path>.\</path>
         <kind>object</kind>
         <file>usDelay.obj</file>
         <name>usDelay.obj</name>
      </input_file>
      <input_file id="fl-2a">
         <path>.\</path>
         <kind>object</kind>
         <file>user.obj</file>
         <name>user.obj</name>
      </input_file>
      <input_file id="fl-2b">
         <path>.\</path>
         <kind>object</kind>
         <file>wdog.obj</file>
         <name>wdog.obj</name>
      </input_file>
      <input_file id="fl-3a">
         <path>D:\BM1000\sw\modules\fast\lib\32b\f28x\f2802x\</path>
         <kind>archive</kind>
         <file>2802xRevB_Fast_RTS_ROMSymbols.lib</file>
         <name>REVB_2802x_boot_rom_out_FD$$MPY_tmp.obj</name>
      </input_file>
      <input_file id="fl-3b">
         <path>D:\BM1000\sw\modules\fast\lib\32b\f28x\f2802x\</path>
         <kind>archive</kind>
         <file>2802xRevB_Fast_RTS_ROMSymbols.lib</file>
         <name>REVB_2802x_boot_rom_out_FD$$TOL_tmp.obj</name>
      </input_file>
      <input_file id="fl-3c">
         <path>D:\BM1000\sw\modules\fast\lib\32b\f28x\f2802x\</path>
         <kind>archive</kind>
         <file>2802xRevB_Fast_RTS_ROMSymbols.lib</file>
         <name>REVB_2802x_boot_rom_out_FS$$ADD_tmp.obj</name>
      </input_file>
      <input_file id="fl-3d">
         <path>D:\BM1000\sw\modules\fast\lib\32b\f28x\f2802x\</path>
         <kind>archive</kind>
         <file>2802xRevB_Fast_RTS_ROMSymbols.lib</file>
         <name>REVB_2802x_boot_rom_out_FS$$CMP_tmp.obj</name>
      </input_file>
      <input_file id="fl-3e">
         <path>D:\BM1000\sw\modules\fast\lib\32b\f28x\f2802x\</path>
         <kind>archive</kind>
         <file>2802xRevB_Fast_RTS_ROMSymbols.lib</file>
         <name>REVB_2802x_boot_rom_out_FS$$DIV_tmp.obj</name>
      </input_file>
      <input_file id="fl-3f">
         <path>D:\BM1000\sw\modules\fast\lib\32b\f28x\f2802x\</path>
         <kind>archive</kind>
         <file>2802xRevB_Fast_RTS_ROMSymbols.lib</file>
         <name>REVB_2802x_boot_rom_out_FS$$MPY_tmp.obj</name>
      </input_file>
      <input_file id="fl-40">
         <path>D:\BM1000\sw\modules\fast\lib\32b\f28x\f2802x\</path>
         <kind>archive</kind>
         <file>2802xRevB_Fast_RTS_ROMSymbols.lib</file>
         <name>REVB_2802x_boot_rom_out_FS$$NEG_tmp.obj</name>
      </input_file>
      <input_file id="fl-41">
         <path>D:\BM1000\sw\modules\fast\lib\32b\f28x\f2802x\</path>
         <kind>archive</kind>
         <file>2802xRevB_Fast_RTS_ROMSymbols.lib</file>
         <name>REVB_2802x_boot_rom_out_FS$$TOFD_tmp.obj</name>
      </input_file>
      <input_file id="fl-42">
         <path>D:\BM1000\sw\modules\fast\lib\32b\f28x\f2802x\</path>
         <kind>archive</kind>
         <file>2802xRevB_Fast_RTS_ROMSymbols.lib</file>
         <name>REVB_2802x_boot_rom_out_FS$$TOI_tmp.obj</name>
      </input_file>
      <input_file id="fl-43">
         <path>C:\ti\ccsv6\tools\compiler\c2000_6.2.5\lib\</path>
         <kind>archive</kind>
         <file>rts2800_ml.lib</file>
         <name>fs_tou.obj</name>
      </input_file>
      <input_file id="fl-44">
         <path>C:\ti\ccsv6\tools\compiler\c2000_6.2.5\lib\</path>
         <kind>archive</kind>
         <file>rts2800_ml.lib</file>
         <name>fs_toul.obj</name>
      </input_file>
      <input_file id="fl-45">
         <path>D:\BM1000\sw\modules\fast\lib\32b\f28x\f2802x\</path>
         <kind>archive</kind>
         <file>2802xRevB_Fast_RTS_ROMSymbols.lib</file>
         <name>REVB_2802x_boot_rom_out_I$$TOFS_tmp.obj</name>
      </input_file>
      <input_file id="fl-46">
         <path>D:\BM1000\sw\modules\fast\lib\32b\f28x\f2802x\</path>
         <kind>archive</kind>
         <file>2802xRevB_Fast_RTS_ROMSymbols.lib</file>
         <name>REVB_2802x_boot_rom_out_U$$TOFS_tmp.obj</name>
      </input_file>
      <input_file id="fl-47">
         <path>D:\BM1000\sw\modules\fast\lib\32b\f28x\f2802x\</path>
         <kind>archive</kind>
         <file>2802xRevB_Fast_RTS_ROMSymbols.lib</file>
         <name>REVB_2802x_boot_rom_out_UL$$TOFS_tmp.obj</name>
      </input_file>
      <input_file id="fl-48">
         <path>D:\BM1000\sw\modules\fast\lib\32b\f28x\f2802x\</path>
         <kind>archive</kind>
         <file>fast_public.lib</file>
         <name>ctrl_priv.obj</name>
      </input_file>
      <input_file id="fl-49">
         <path>C:\ti\ccsv6\tools\compiler\c2000_6.2.5\lib\</path>
         <kind>archive</kind>
         <file>rts2800_ml.lib</file>
         <name>l_div.obj</name>
      </input_file>
      <input_file id="fl-4a">
         <path>D:\BM1000\sw\modules\fast\lib\32b\f28x\f2802x\</path>
         <kind>archive</kind>
         <file>2802xRevB_Fast_ONLY_ROMSymbols.lib</file>
         <name>REVB_2802x_boot_rom_out__CTRL_initCtrl_tmp.obj</name>
      </input_file>
      <input_file id="fl-4b">
         <path>D:\BM1000\sw\modules\fast\lib\32b\f28x\f2802x\</path>
         <kind>archive</kind>
         <file>2802xRevB_Fast_ONLY_ROMSymbols.lib</file>
         <name>REVB_2802x_boot_rom_out__EST_Angle_setParams_tmp.obj</name>
      </input_file>
      <input_file id="fl-4c">
         <path>D:\BM1000\sw\modules\fast\lib\32b\f28x\f2802x\</path>
         <kind>archive</kind>
         <file>2802xRevB_Fast_ONLY_ROMSymbols.lib</file>
         <name>REVB_2802x_boot_rom_out__EST_Dir_setParams_tmp.obj</name>
      </input_file>
      <input_file id="fl-4d">
         <path>D:\BM1000\sw\modules\fast\lib\32b\f28x\f2802x\</path>
         <kind>archive</kind>
         <file>2802xRevB_Fast_ONLY_ROMSymbols.lib</file>
         <name>REVB_2802x_boot_rom_out__EST_EPL_setParams_tmp.obj</name>
      </input_file>
      <input_file id="fl-4e">
         <path>D:\BM1000\sw\modules\fast\lib\32b\f28x\f2802x\</path>
         <kind>archive</kind>
         <file>2802xRevB_Fast_ONLY_ROMSymbols.lib</file>
         <name>REVB_2802x_boot_rom_out__EST_Flux_ab_setParams_tmp.obj</name>
      </input_file>
      <input_file id="fl-4f">
         <path>D:\BM1000\sw\modules\fast\lib\32b\f28x\f2802x\</path>
         <kind>archive</kind>
         <file>2802xRevB_Fast_ONLY_ROMSymbols.lib</file>
         <name>REVB_2802x_boot_rom_out__EST_Flux_computeOneOverFlux_qFmt_tmp.obj</name>
      </input_file>
      <input_file id="fl-50">
         <path>D:\BM1000\sw\modules\fast\lib\32b\f28x\f2802x\</path>
         <kind>archive</kind>
         <file>2802xRevB_Fast_ONLY_ROMSymbols.lib</file>
         <name>REVB_2802x_boot_rom_out__EST_Flux_dq_setParams_tmp.obj</name>
      </input_file>
      <input_file id="fl-51">
         <path>D:\BM1000\sw\modules\fast\lib\32b\f28x\f2802x\</path>
         <kind>archive</kind>
         <file>2802xRevB_Fast_ONLY_ROMSymbols.lib</file>
         <name>REVB_2802x_boot_rom_out__EST_Flux_getRatedFlux_pu_tmp.obj</name>
      </input_file>
      <input_file id="fl-52">
         <path>D:\BM1000\sw\modules\fast\lib\32b\f28x\f2802x\</path>
         <kind>archive</kind>
         <file>2802xRevB_Fast_ONLY_ROMSymbols.lib</file>
         <name>REVB_2802x_boot_rom_out__EST_Flux_setParams_tmp.obj</name>
      </input_file>
      <input_file id="fl-53">
         <path>D:\BM1000\sw\modules\fast\lib\32b\f28x\f2802x\</path>
         <kind>archive</kind>
         <file>2802xRevB_Fast_ONLY_ROMSymbols.lib</file>
         <name>REVB_2802x_boot_rom_out__EST_Flux_setWaitTimes_tmp.obj</name>
      </input_file>
      <input_file id="fl-54">
         <path>D:\BM1000\sw\modules\fast\lib\32b\f28x\f2802x\</path>
         <kind>archive</kind>
         <file>2802xRevB_Fast_ONLY_ROMSymbols.lib</file>
         <name>REVB_2802x_boot_rom_out__EST_Freq_setParams_tmp.obj</name>
      </input_file>
      <input_file id="fl-55">
         <path>D:\BM1000\sw\modules\fast\lib\32b\f28x\f2802x\</path>
         <kind>archive</kind>
         <file>2802xRevB_Fast_ONLY_ROMSymbols.lib</file>
         <name>REVB_2802x_boot_rom_out__EST_I_setParams_tmp.obj</name>
      </input_file>
      <input_file id="fl-56">
         <path>D:\BM1000\sw\modules\fast\lib\32b\f28x\f2802x\</path>
         <kind>archive</kind>
         <file>2802xRevB_Fast_ONLY_ROMSymbols.lib</file>
         <name>REVB_2802x_boot_rom_out__EST_Iab_setParams_tmp.obj</name>
      </input_file>
      <input_file id="fl-57">
         <path>D:\BM1000\sw\modules\fast\lib\32b\f28x\f2802x\</path>
         <kind>archive</kind>
         <file>2802xRevB_Fast_ONLY_ROMSymbols.lib</file>
         <name>REVB_2802x_boot_rom_out__EST_Idq_setParams_tmp.obj</name>
      </input_file>
      <input_file id="fl-58">
         <path>D:\BM1000\sw\modules\fast\lib\32b\f28x\f2802x\</path>
         <kind>archive</kind>
         <file>2802xRevB_Fast_ONLY_ROMSymbols.lib</file>
         <name>REVB_2802x_boot_rom_out__EST_Ls_getLs_d_tmp.obj</name>
      </input_file>
      <input_file id="fl-59">
         <path>D:\BM1000\sw\modules\fast\lib\32b\f28x\f2802x\</path>
         <kind>archive</kind>
         <file>2802xRevB_Fast_ONLY_ROMSymbols.lib</file>
         <name>REVB_2802x_boot_rom_out__EST_Ls_setLs_d_tmp.obj</name>
      </input_file>
      <input_file id="fl-5a">
         <path>D:\BM1000\sw\modules\fast\lib\32b\f28x\f2802x\</path>
         <kind>archive</kind>
         <file>2802xRevB_Fast_ONLY_ROMSymbols.lib</file>
         <name>REVB_2802x_boot_rom_out__EST_Ls_setLs_q_tmp.obj</name>
      </input_file>
      <input_file id="fl-5b">
         <path>D:\BM1000\sw\modules\fast\lib\32b\f28x\f2802x\</path>
         <kind>archive</kind>
         <file>2802xRevB_Fast_ONLY_ROMSymbols.lib</file>
         <name>REVB_2802x_boot_rom_out__EST_Ls_setParams_tmp.obj</name>
      </input_file>
      <input_file id="fl-5c">
         <path>D:\BM1000\sw\modules\fast\lib\32b\f28x\f2802x\</path>
         <kind>archive</kind>
         <file>2802xRevB_Fast_ONLY_ROMSymbols.lib</file>
         <name>REVB_2802x_boot_rom_out__EST_Ls_setWaitTimes_tmp.obj</name>
      </input_file>
      <input_file id="fl-5d">
         <path>D:\BM1000\sw\modules\fast\lib\32b\f28x\f2802x\</path>
         <kind>archive</kind>
         <file>2802xRevB_Fast_ONLY_ROMSymbols.lib</file>
         <name>REVB_2802x_boot_rom_out__EST_OneOverDcBus_setParams_tmp.obj</name>
      </input_file>
      <input_file id="fl-5e">
         <path>D:\BM1000\sw\modules\fast\lib\32b\f28x\f2802x\</path>
         <kind>archive</kind>
         <file>2802xRevB_Fast_ONLY_ROMSymbols.lib</file>
         <name>REVB_2802x_boot_rom_out__EST_Rr_setParams_tmp.obj</name>
      </input_file>
      <input_file id="fl-5f">
         <path>D:\BM1000\sw\modules\fast\lib\32b\f28x\f2802x\</path>
         <kind>archive</kind>
         <file>2802xRevB_Fast_ONLY_ROMSymbols.lib</file>
         <name>REVB_2802x_boot_rom_out__EST_Rr_setRr_tmp.obj</name>
      </input_file>
      <input_file id="fl-60">
         <path>D:\BM1000\sw\modules\fast\lib\32b\f28x\f2802x\</path>
         <kind>archive</kind>
         <file>2802xRevB_Fast_ONLY_ROMSymbols.lib</file>
         <name>REVB_2802x_boot_rom_out__EST_RsOnLine_setFilterParams_tmp.obj</name>
      </input_file>
      <input_file id="fl-61">
         <path>D:\BM1000\sw\modules\fast\lib\32b\f28x\f2802x\</path>
         <kind>archive</kind>
         <file>2802xRevB_Fast_ONLY_ROMSymbols.lib</file>
         <name>REVB_2802x_boot_rom_out__EST_RsOnLine_setParams_tmp.obj</name>
      </input_file>
      <input_file id="fl-62">
         <path>D:\BM1000\sw\modules\fast\lib\32b\f28x\f2802x\</path>
         <kind>archive</kind>
         <file>2802xRevB_Fast_ONLY_ROMSymbols.lib</file>
         <name>REVB_2802x_boot_rom_out__EST_Rs_getRs_tmp.obj</name>
      </input_file>
      <input_file id="fl-63">
         <path>D:\BM1000\sw\modules\fast\lib\32b\f28x\f2802x\</path>
         <kind>archive</kind>
         <file>2802xRevB_Fast_ONLY_ROMSymbols.lib</file>
         <name>REVB_2802x_boot_rom_out__EST_Rs_setParams_tmp.obj</name>
      </input_file>
      <input_file id="fl-64">
         <path>D:\BM1000\sw\modules\fast\lib\32b\f28x\f2802x\</path>
         <kind>archive</kind>
         <file>2802xRevB_Fast_ONLY_ROMSymbols.lib</file>
         <name>REVB_2802x_boot_rom_out__EST_Rs_setRs_tmp.obj</name>
      </input_file>
      <input_file id="fl-65">
         <path>D:\BM1000\sw\modules\fast\lib\32b\f28x\f2802x\</path>
         <kind>archive</kind>
         <file>2802xRevB_Fast_ONLY_ROMSymbols.lib</file>
         <name>REVB_2802x_boot_rom_out__EST_Rs_setWaitTimes_tmp.obj</name>
      </input_file>
      <input_file id="fl-66">
         <path>D:\BM1000\sw\modules\fast\lib\32b\f28x\f2802x\</path>
         <kind>archive</kind>
         <file>2802xRevB_Fast_ONLY_ROMSymbols.lib</file>
         <name>REVB_2802x_boot_rom_out__EST_TRAJ_setParams_tmp.obj</name>
      </input_file>
      <input_file id="fl-67">
         <path>D:\BM1000\sw\modules\fast\lib\32b\f28x\f2802x\</path>
         <kind>archive</kind>
         <file>2802xRevB_Fast_ONLY_ROMSymbols.lib</file>
         <name>REVB_2802x_boot_rom_out__EST_Vab_setParams_tmp.obj</name>
      </input_file>
      <input_file id="fl-68">
         <path>D:\BM1000\sw\modules\fast\lib\32b\f28x\f2802x\</path>
         <kind>archive</kind>
         <file>2802xRevB_Fast_ONLY_ROMSymbols.lib</file>
         <name>REVB_2802x_boot_rom_out__EST_Vback_ab_setParams_tmp.obj</name>
      </input_file>
      <input_file id="fl-69">
         <path>D:\BM1000\sw\modules\fast\lib\32b\f28x\f2802x\</path>
         <kind>archive</kind>
         <file>2802xRevB_Fast_ONLY_ROMSymbols.lib</file>
         <name>REVB_2802x_boot_rom_out__EST_Vback_dq_setParams_tmp.obj</name>
      </input_file>
      <input_file id="fl-6a">
         <path>D:\BM1000\sw\modules\fast\lib\32b\f28x\f2802x\</path>
         <kind>archive</kind>
         <file>2802xRevB_Fast_ONLY_ROMSymbols.lib</file>
         <name>REVB_2802x_boot_rom_out__EST_Vdq_setParams_tmp.obj</name>
      </input_file>
      <input_file id="fl-6b">
         <path>D:\BM1000\sw\modules\fast\lib\32b\f28x\f2802x\</path>
         <kind>archive</kind>
         <file>2802xRevB_Fast_ONLY_ROMSymbols.lib</file>
         <name>REVB_2802x_boot_rom_out__EST_computeDirection_qFmt_tmp.obj</name>
      </input_file>
      <input_file id="fl-6c">
         <path>D:\BM1000\sw\modules\fast\lib\32b\f28x\f2802x\</path>
         <kind>archive</kind>
         <file>2802xRevB_Fast_ONLY_ROMSymbols.lib</file>
         <name>REVB_2802x_boot_rom_out__EST_computeL_tmp.obj</name>
      </input_file>
      <input_file id="fl-6d">
         <path>D:\BM1000\sw\modules\fast\lib\32b\f28x\f2802x\</path>
         <kind>archive</kind>
         <file>2802xRevB_Fast_ONLY_ROMSymbols.lib</file>
         <name>REVB_2802x_boot_rom_out__EST_computeR_tmp.obj</name>
      </input_file>
      <input_file id="fl-6e">
         <path>D:\BM1000\sw\modules\fast\lib\32b\f28x\f2802x\</path>
         <kind>archive</kind>
         <file>2802xRevB_Fast_ONLY_ROMSymbols.lib</file>
         <name>REVB_2802x_boot_rom_out__EST_doCurrentCtrl_tmp.obj</name>
      </input_file>
      <input_file id="fl-6f">
         <path>D:\BM1000\sw\modules\fast\lib\32b\f28x\f2802x\</path>
         <kind>archive</kind>
         <file>2802xRevB_Fast_ONLY_ROMSymbols.lib</file>
         <name>REVB_2802x_boot_rom_out__EST_doSpeedCtrl_tmp.obj</name>
      </input_file>
      <input_file id="fl-70">
         <path>D:\BM1000\sw\modules\fast\lib\32b\f28x\f2802x\</path>
         <kind>archive</kind>
         <file>2802xRevB_Fast_ONLY_ROMSymbols.lib</file>
         <name>REVB_2802x_boot_rom_out__EST_getAngle_pu_tmp.obj</name>
      </input_file>
      <input_file id="fl-71">
         <path>D:\BM1000\sw\modules\fast\lib\32b\f28x\f2802x\</path>
         <kind>archive</kind>
         <file>2802xRevB_Fast_ONLY_ROMSymbols.lib</file>
         <name>REVB_2802x_boot_rom_out__EST_getFlux_VpHz_tmp.obj</name>
      </input_file>
      <input_file id="fl-72">
         <path>D:\BM1000\sw\modules\fast\lib\32b\f28x\f2802x\</path>
         <kind>archive</kind>
         <file>2802xRevB_Fast_ONLY_ROMSymbols.lib</file>
         <name>REVB_2802x_boot_rom_out__EST_getFlux_pu_tmp.obj</name>
      </input_file>
      <input_file id="fl-73">
         <path>D:\BM1000\sw\modules\fast\lib\32b\f28x\f2802x\</path>
         <kind>archive</kind>
         <file>2802xRevB_Fast_ONLY_ROMSymbols.lib</file>
         <name>REVB_2802x_boot_rom_out__EST_getFm_pu_tmp.obj</name>
      </input_file>
      <input_file id="fl-74">
         <path>D:\BM1000\sw\modules\fast\lib\32b\f28x\f2802x\</path>
         <kind>archive</kind>
         <file>2802xRevB_Fast_ONLY_ROMSymbols.lib</file>
         <name>REVB_2802x_boot_rom_out__EST_getFullScaleCurrent_tmp.obj</name>
      </input_file>
      <input_file id="fl-75">
         <path>D:\BM1000\sw\modules\fast\lib\32b\f28x\f2802x\</path>
         <kind>archive</kind>
         <file>2802xRevB_Fast_ONLY_ROMSymbols.lib</file>
         <name>REVB_2802x_boot_rom_out__EST_getFullScaleFlux_tmp.obj</name>
      </input_file>
      <input_file id="fl-76">
         <path>D:\BM1000\sw\modules\fast\lib\32b\f28x\f2802x\</path>
         <kind>archive</kind>
         <file>2802xRevB_Fast_ONLY_ROMSymbols.lib</file>
         <name>REVB_2802x_boot_rom_out__EST_getFullScaleFreq_tmp.obj</name>
      </input_file>
      <input_file id="fl-77">
         <path>D:\BM1000\sw\modules\fast\lib\32b\f28x\f2802x\</path>
         <kind>archive</kind>
         <file>2802xRevB_Fast_ONLY_ROMSymbols.lib</file>
         <name>REVB_2802x_boot_rom_out__EST_getFullScaleInductance_tmp.obj</name>
      </input_file>
      <input_file id="fl-78">
         <path>D:\BM1000\sw\modules\fast\lib\32b\f28x\f2802x\</path>
         <kind>archive</kind>
         <file>2802xRevB_Fast_ONLY_ROMSymbols.lib</file>
         <name>REVB_2802x_boot_rom_out__EST_getFullScaleVoltage_tmp.obj</name>
      </input_file>
      <input_file id="fl-79">
         <path>D:\BM1000\sw\modules\fast\lib\32b\f28x\f2802x\</path>
         <kind>archive</kind>
         <file>2802xRevB_Fast_ONLY_ROMSymbols.lib</file>
         <name>REVB_2802x_boot_rom_out__EST_getIdRated_tmp.obj</name>
      </input_file>
      <input_file id="fl-7a">
         <path>D:\BM1000\sw\modules\fast\lib\32b\f28x\f2802x\</path>
         <kind>archive</kind>
         <file>2802xRevB_Fast_ONLY_ROMSymbols.lib</file>
         <name>REVB_2802x_boot_rom_out__EST_getLs_coarse_max_pu_tmp.obj</name>
      </input_file>
      <input_file id="fl-7b">
         <path>D:\BM1000\sw\modules\fast\lib\32b\f28x\f2802x\</path>
         <kind>archive</kind>
         <file>2802xRevB_Fast_ONLY_ROMSymbols.lib</file>
         <name>REVB_2802x_boot_rom_out__EST_getLs_d_H_tmp.obj</name>
      </input_file>
      <input_file id="fl-7c">
         <path>D:\BM1000\sw\modules\fast\lib\32b\f28x\f2802x\</path>
         <kind>archive</kind>
         <file>2802xRevB_Fast_ONLY_ROMSymbols.lib</file>
         <name>REVB_2802x_boot_rom_out__EST_getLs_d_pu_tmp.obj</name>
      </input_file>
      <input_file id="fl-7d">
         <path>D:\BM1000\sw\modules\fast\lib\32b\f28x\f2802x\</path>
         <kind>archive</kind>
         <file>2802xRevB_Fast_ONLY_ROMSymbols.lib</file>
         <name>REVB_2802x_boot_rom_out__EST_getLs_q_H_tmp.obj</name>
      </input_file>
      <input_file id="fl-7e">
         <path>D:\BM1000\sw\modules\fast\lib\32b\f28x\f2802x\</path>
         <kind>archive</kind>
         <file>2802xRevB_Fast_ONLY_ROMSymbols.lib</file>
         <name>REVB_2802x_boot_rom_out__EST_getLs_q_pu_tmp.obj</name>
      </input_file>
      <input_file id="fl-7f">
         <path>D:\BM1000\sw\modules\fast\lib\32b\f28x\f2802x\</path>
         <kind>archive</kind>
         <file>2802xRevB_Fast_ONLY_ROMSymbols.lib</file>
         <name>REVB_2802x_boot_rom_out__EST_getMaxCurrentSlope_pu_tmp.obj</name>
      </input_file>
      <input_file id="fl-80">
         <path>D:\BM1000\sw\modules\fast\lib\32b\f28x\f2802x\</path>
         <kind>archive</kind>
         <file>2802xRevB_Fast_ONLY_ROMSymbols.lib</file>
         <name>REVB_2802x_boot_rom_out__EST_getOneOverDcBus_pu_tmp.obj</name>
      </input_file>
      <input_file id="fl-81">
         <path>D:\BM1000\sw\modules\fast\lib\32b\f28x\f2802x\</path>
         <kind>archive</kind>
         <file>2802xRevB_Fast_ONLY_ROMSymbols.lib</file>
         <name>REVB_2802x_boot_rom_out__EST_getRr_Ohm_tmp.obj</name>
      </input_file>
      <input_file id="fl-82">
         <path>D:\BM1000\sw\modules\fast\lib\32b\f28x\f2802x\</path>
         <kind>archive</kind>
         <file>2802xRevB_Fast_ONLY_ROMSymbols.lib</file>
         <name>REVB_2802x_boot_rom_out__EST_getRs_Ohm_tmp.obj</name>
      </input_file>
      <input_file id="fl-83">
         <path>D:\BM1000\sw\modules\fast\lib\32b\f28x\f2802x\</path>
         <kind>archive</kind>
         <file>2802xRevB_Fast_ONLY_ROMSymbols.lib</file>
         <name>REVB_2802x_boot_rom_out__EST_getSpeed_krpm_tmp.obj</name>
      </input_file>
      <input_file id="fl-84">
         <path>D:\BM1000\sw\modules\fast\lib\32b\f28x\f2802x\</path>
         <kind>archive</kind>
         <file>2802xRevB_Fast_ONLY_ROMSymbols.lib</file>
         <name>REVB_2802x_boot_rom_out__EST_getState_tmp.obj</name>
      </input_file>
      <input_file id="fl-85">
         <path>D:\BM1000\sw\modules\fast\lib\32b\f28x\f2802x\</path>
         <kind>archive</kind>
         <file>2802xRevB_Fast_ONLY_ROMSymbols.lib</file>
         <name>REVB_2802x_boot_rom_out__EST_get_krpm_to_pu_sf_tmp.obj</name>
      </input_file>
      <input_file id="fl-86">
         <path>D:\BM1000\sw\modules\fast\lib\32b\f28x\f2802x\</path>
         <kind>archive</kind>
         <file>2802xRevB_Fast_ONLY_ROMSymbols.lib</file>
         <name>REVB_2802x_boot_rom_out__EST_get_pu_to_krpm_sf_tmp.obj</name>
      </input_file>
      <input_file id="fl-87">
         <path>D:\BM1000\sw\modules\fast\lib\32b\f28x\f2802x\</path>
         <kind>archive</kind>
         <file>2802xRevB_Fast_ONLY_ROMSymbols.lib</file>
         <name>REVB_2802x_boot_rom_out__EST_isError_tmp.obj</name>
      </input_file>
      <input_file id="fl-88">
         <path>D:\BM1000\sw\modules\fast\lib\32b\f28x\f2802x\</path>
         <kind>archive</kind>
         <file>2802xRevB_Fast_ONLY_ROMSymbols.lib</file>
         <name>REVB_2802x_boot_rom_out__EST_isIdle_tmp.obj</name>
      </input_file>
      <input_file id="fl-89">
         <path>D:\BM1000\sw\modules\fast\lib\32b\f28x\f2802x\</path>
         <kind>archive</kind>
         <file>2802xRevB_Fast_ONLY_ROMSymbols.lib</file>
         <name>REVB_2802x_boot_rom_out__EST_isLockRotor_tmp.obj</name>
      </input_file>
      <input_file id="fl-8a">
         <path>D:\BM1000\sw\modules\fast\lib\32b\f28x\f2802x\</path>
         <kind>archive</kind>
         <file>2802xRevB_Fast_ONLY_ROMSymbols.lib</file>
         <name>REVB_2802x_boot_rom_out__EST_isMotorIdentified_tmp.obj</name>
      </input_file>
      <input_file id="fl-8b">
         <path>D:\BM1000\sw\modules\fast\lib\32b\f28x\f2802x\</path>
         <kind>archive</kind>
         <file>2802xRevB_Fast_ONLY_ROMSymbols.lib</file>
         <name>REVB_2802x_boot_rom_out__EST_isOnLine_tmp.obj</name>
      </input_file>
      <input_file id="fl-8c">
         <path>D:\BM1000\sw\modules\fast\lib\32b\f28x\f2802x\</path>
         <kind>archive</kind>
         <file>2802xRevB_Fast_ONLY_ROMSymbols.lib</file>
         <name>REVB_2802x_boot_rom_out__EST_resetCounter_ctrl_tmp.obj</name>
      </input_file>
      <input_file id="fl-8d">
         <path>D:\BM1000\sw\modules\fast\lib\32b\f28x\f2802x\</path>
         <kind>archive</kind>
         <file>2802xRevB_Fast_ONLY_ROMSymbols.lib</file>
         <name>REVB_2802x_boot_rom_out__EST_resetCounter_state_tmp.obj</name>
      </input_file>
      <input_file id="fl-8e">
         <path>D:\BM1000\sw\modules\fast\lib\32b\f28x\f2802x\</path>
         <kind>archive</kind>
         <file>2802xRevB_Fast_ONLY_ROMSymbols.lib</file>
         <name>REVB_2802x_boot_rom_out__EST_run_tmp.obj</name>
      </input_file>
      <input_file id="fl-8f">
         <path>D:\BM1000\sw\modules\fast\lib\32b\f28x\f2802x\</path>
         <kind>archive</kind>
         <file>2802xRevB_Fast_ONLY_ROMSymbols.lib</file>
         <name>REVB_2802x_boot_rom_out__EST_setDir_qFmt_tmp.obj</name>
      </input_file>
      <input_file id="fl-90">
         <path>D:\BM1000\sw\modules\fast\lib\32b\f28x\f2802x\</path>
         <kind>archive</kind>
         <file>2802xRevB_Fast_ONLY_ROMSymbols.lib</file>
         <name>REVB_2802x_boot_rom_out__EST_setFe_neg_max_pu_tmp.obj</name>
      </input_file>
      <input_file id="fl-91">
         <path>D:\BM1000\sw\modules\fast\lib\32b\f28x\f2802x\</path>
         <kind>archive</kind>
         <file>2802xRevB_Fast_ONLY_ROMSymbols.lib</file>
         <name>REVB_2802x_boot_rom_out__EST_setFe_pos_min_pu_tmp.obj</name>
      </input_file>
      <input_file id="fl-92">
         <path>D:\BM1000\sw\modules\fast\lib\32b\f28x\f2802x\</path>
         <kind>archive</kind>
         <file>2802xRevB_Fast_ONLY_ROMSymbols.lib</file>
         <name>REVB_2802x_boot_rom_out__EST_setFlag_enableFluxControl_tmp.obj</name>
      </input_file>
      <input_file id="fl-93">
         <path>D:\BM1000\sw\modules\fast\lib\32b\f28x\f2802x\</path>
         <kind>archive</kind>
         <file>2802xRevB_Fast_ONLY_ROMSymbols.lib</file>
         <name>REVB_2802x_boot_rom_out__EST_setFlag_enableForceAngle_tmp.obj</name>
      </input_file>
      <input_file id="fl-94">
         <path>D:\BM1000\sw\modules\fast\lib\32b\f28x\f2802x\</path>
         <kind>archive</kind>
         <file>2802xRevB_Fast_ONLY_ROMSymbols.lib</file>
         <name>REVB_2802x_boot_rom_out__EST_setFlag_enableRsOnLine_tmp.obj</name>
      </input_file>
      <input_file id="fl-95">
         <path>D:\BM1000\sw\modules\fast\lib\32b\f28x\f2802x\</path>
         <kind>archive</kind>
         <file>2802xRevB_Fast_ONLY_ROMSymbols.lib</file>
         <name>REVB_2802x_boot_rom_out__EST_setFlag_enableRsRecalc_tmp.obj</name>
      </input_file>
      <input_file id="fl-96">
         <path>D:\BM1000\sw\modules\fast\lib\32b\f28x\f2802x\</path>
         <kind>archive</kind>
         <file>2802xRevB_Fast_ONLY_ROMSymbols.lib</file>
         <name>REVB_2802x_boot_rom_out__EST_setFlag_estComplete_tmp.obj</name>
      </input_file>
      <input_file id="fl-97">
         <path>D:\BM1000\sw\modules\fast\lib\32b\f28x\f2802x\</path>
         <kind>archive</kind>
         <file>2802xRevB_Fast_ONLY_ROMSymbols.lib</file>
         <name>REVB_2802x_boot_rom_out__EST_setFlag_updateRs_tmp.obj</name>
      </input_file>
      <input_file id="fl-98">
         <path>D:\BM1000\sw\modules\fast\lib\32b\f28x\f2802x\</path>
         <kind>archive</kind>
         <file>2802xRevB_Fast_ONLY_ROMSymbols.lib</file>
         <name>REVB_2802x_boot_rom_out__EST_setFullScaleCurrent_tmp.obj</name>
      </input_file>
      <input_file id="fl-99">
         <path>D:\BM1000\sw\modules\fast\lib\32b\f28x\f2802x\</path>
         <kind>archive</kind>
         <file>2802xRevB_Fast_ONLY_ROMSymbols.lib</file>
         <name>REVB_2802x_boot_rom_out__EST_setFullScaleFreq_tmp.obj</name>
      </input_file>
      <input_file id="fl-9a">
         <path>D:\BM1000\sw\modules\fast\lib\32b\f28x\f2802x\</path>
         <kind>archive</kind>
         <file>2802xRevB_Fast_ONLY_ROMSymbols.lib</file>
         <name>REVB_2802x_boot_rom_out__EST_setFullScaleResistance_tmp.obj</name>
      </input_file>
      <input_file id="fl-9b">
         <path>D:\BM1000\sw\modules\fast\lib\32b\f28x\f2802x\</path>
         <kind>archive</kind>
         <file>2802xRevB_Fast_ONLY_ROMSymbols.lib</file>
         <name>REVB_2802x_boot_rom_out__EST_setFullScaleVoltage_tmp.obj</name>
      </input_file>
      <input_file id="fl-9c">
         <path>D:\BM1000\sw\modules\fast\lib\32b\f28x\f2802x\</path>
         <kind>archive</kind>
         <file>2802xRevB_Fast_ONLY_ROMSymbols.lib</file>
         <name>REVB_2802x_boot_rom_out__EST_setIdRated_pu_tmp.obj</name>
      </input_file>
      <input_file id="fl-9d">
         <path>D:\BM1000\sw\modules\fast\lib\32b\f28x\f2802x\</path>
         <kind>archive</kind>
         <file>2802xRevB_Fast_ONLY_ROMSymbols.lib</file>
         <name>REVB_2802x_boot_rom_out__EST_setId_ref_pu_tmp.obj</name>
      </input_file>
      <input_file id="fl-9e">
         <path>D:\BM1000\sw\modules\fast\lib\32b\f28x\f2802x\</path>
         <kind>archive</kind>
         <file>2802xRevB_Fast_ONLY_ROMSymbols.lib</file>
         <name>REVB_2802x_boot_rom_out__EST_setIdle_tmp.obj</name>
      </input_file>
      <input_file id="fl-9f">
         <path>D:\BM1000\sw\modules\fast\lib\32b\f28x\f2802x\</path>
         <kind>archive</kind>
         <file>2802xRevB_Fast_ONLY_ROMSymbols.lib</file>
         <name>REVB_2802x_boot_rom_out__EST_setIdle_all_tmp.obj</name>
      </input_file>
      <input_file id="fl-a0">
         <path>D:\BM1000\sw\modules\fast\lib\32b\f28x\f2802x\</path>
         <kind>archive</kind>
         <file>2802xRevB_Fast_ONLY_ROMSymbols.lib</file>
         <name>REVB_2802x_boot_rom_out__EST_setIq_ref_pu_tmp.obj</name>
      </input_file>
      <input_file id="fl-a1">
         <path>D:\BM1000\sw\modules\fast\lib\32b\f28x\f2802x\</path>
         <kind>archive</kind>
         <file>2802xRevB_Fast_ONLY_ROMSymbols.lib</file>
         <name>REVB_2802x_boot_rom_out__EST_setLs_d_pu_tmp.obj</name>
      </input_file>
      <input_file id="fl-a2">
         <path>D:\BM1000\sw\modules\fast\lib\32b\f28x\f2802x\</path>
         <kind>archive</kind>
         <file>2802xRevB_Fast_ONLY_ROMSymbols.lib</file>
         <name>REVB_2802x_boot_rom_out__EST_setLs_qFmt_tmp.obj</name>
      </input_file>
      <input_file id="fl-a3">
         <path>D:\BM1000\sw\modules\fast\lib\32b\f28x\f2802x\</path>
         <kind>archive</kind>
         <file>2802xRevB_Fast_ONLY_ROMSymbols.lib</file>
         <name>REVB_2802x_boot_rom_out__EST_setLs_q_pu_tmp.obj</name>
      </input_file>
      <input_file id="fl-a4">
         <path>D:\BM1000\sw\modules\fast\lib\32b\f28x\f2802x\</path>
         <kind>archive</kind>
         <file>2802xRevB_Fast_ONLY_ROMSymbols.lib</file>
         <name>REVB_2802x_boot_rom_out__EST_setMaxCurrentSlope_pu_tmp.obj</name>
      </input_file>
      <input_file id="fl-a5">
         <path>D:\BM1000\sw\modules\fast\lib\32b\f28x\f2802x\</path>
         <kind>archive</kind>
         <file>2802xRevB_Fast_ONLY_ROMSymbols.lib</file>
         <name>REVB_2802x_boot_rom_out__EST_setMotorParams_tmp.obj</name>
      </input_file>
      <input_file id="fl-a6">
         <path>D:\BM1000\sw\modules\fast\lib\32b\f28x\f2802x\</path>
         <kind>archive</kind>
         <file>2802xRevB_Fast_ONLY_ROMSymbols.lib</file>
         <name>REVB_2802x_boot_rom_out__EST_setRs_pu_tmp.obj</name>
      </input_file>
      <input_file id="fl-a7">
         <path>D:\BM1000\sw\modules\fast\lib\32b\f28x\f2802x\</path>
         <kind>archive</kind>
         <file>2802xRevB_Fast_ONLY_ROMSymbols.lib</file>
         <name>REVB_2802x_boot_rom_out__EST_setWaitTimes_tmp.obj</name>
      </input_file>
      <input_file id="fl-a8">
         <path>D:\BM1000\sw\modules\fast\lib\32b\f28x\f2802x\</path>
         <kind>archive</kind>
         <file>2802xRevB_Fast_ONLY_ROMSymbols.lib</file>
         <name>REVB_2802x_boot_rom_out__EST_updateId_ref_pu_tmp.obj</name>
      </input_file>
      <input_file id="fl-a9">
         <path>D:\BM1000\sw\modules\fast\lib\32b\f28x\f2802x\</path>
         <kind>archive</kind>
         <file>2802xRevB_Fast_ONLY_ROMSymbols.lib</file>
         <name>REVB_2802x_boot_rom_out__EST_updateState_tmp.obj</name>
      </input_file>
      <input_file id="fl-aa">
         <path>D:\BM1000\sw\modules\fast\lib\32b\f28x\f2802x\</path>
         <kind>archive</kind>
         <file>2802xRevB_Fast_ONLY_ROMSymbols.lib</file>
         <name>REVB_2802x_boot_rom_out__EST_useZeroIq_ref_tmp.obj</name>
      </input_file>
      <input_file id="fl-ab">
         <path>D:\BM1000\sw\modules\fast\lib\32b\f28x\f2802x\</path>
         <kind>archive</kind>
         <file>2802xRevB_Fast_IQ_ROMSymbols.lib</file>
         <name>REVB_2802x_boot_rom_out___IQ24cosPU_tmp.obj</name>
      </input_file>
      <input_file id="fl-ac">
         <path>D:\BM1000\sw\modules\fast\lib\32b\f28x\f2802x\</path>
         <kind>archive</kind>
         <file>2802xRevB_Fast_IQ_ROMSymbols.lib</file>
         <name>REVB_2802x_boot_rom_out___IQ24rmpy_tmp.obj</name>
      </input_file>
      <input_file id="fl-ad">
         <path>D:\BM1000\sw\modules\fast\lib\32b\f28x\f2802x\</path>
         <kind>archive</kind>
         <file>2802xRevB_Fast_IQ_ROMSymbols.lib</file>
         <name>REVB_2802x_boot_rom_out___IQ24sinPU_tmp.obj</name>
      </input_file>
      <input_file id="fl-ae">
         <path>D:\BM1000\sw\modules\fast\lib\32b\f28x\f2802x\</path>
         <kind>archive</kind>
         <file>2802xRevB_Fast_IQ_ROMSymbols.lib</file>
         <name>REVB_2802x_boot_rom_out___IQ24sqrt_tmp.obj</name>
      </input_file>
      <input_file id="fl-af">
         <path>D:\BM1000\sw\modules\fast\lib\32b\f28x\f2802x\</path>
         <kind>archive</kind>
         <file>2802xRevB_Fast_IQ_ROMSymbols.lib</file>
         <name>REVB_2802x_boot_rom_out___IQ29rsmpy_tmp.obj</name>
      </input_file>
      <input_file id="fl-b0">
         <path>D:\BM1000\sw\modules\fast\lib\32b\f28x\f2802x\</path>
         <kind>archive</kind>
         <file>2802xRevB_Fast_IQ_ROMSymbols.lib</file>
         <name>REVB_2802x_boot_rom_out___IQ30rsmpy_tmp.obj</name>
      </input_file>
      <input_file id="fl-b1">
         <path>D:\BM1000\sw\modules\fast\lib\32b\f28x\f2802x\</path>
         <kind>archive</kind>
         <file>2802xRevB_Fast_IQ_ROMSymbols.lib</file>
         <name>REVB_2802x_boot_rom_out___IQ30toF_tmp.obj</name>
      </input_file>
      <input_file id="fl-b2">
         <path>C:\ti\ccsv6\tools\compiler\c2000_6.2.5\lib\</path>
         <kind>archive</kind>
         <file>rts2800_ml.lib</file>
         <name>_lock.obj</name>
      </input_file>
      <input_file id="fl-b3">
         <path>C:\ti\ccsv6\tools\compiler\c2000_6.2.5\lib\</path>
         <kind>archive</kind>
         <file>rts2800_ml.lib</file>
         <name>boot.obj</name>
      </input_file>
      <input_file id="fl-b4">
         <path>C:\ti\ccsv6\tools\compiler\c2000_6.2.5\lib\</path>
         <kind>archive</kind>
         <file>rts2800_ml.lib</file>
         <name>args_main.obj</name>
      </input_file>
      <input_file id="fl-b5">
         <path>C:\ti\ccsv6\tools\compiler\c2000_6.2.5\lib\</path>
         <kind>archive</kind>
         <file>rts2800_ml.lib</file>
         <name>exit.obj</name>
      </input_file>
      <input_file id="fl-b6">
         <path>D:\BM1000\sw\modules\fast\lib\32b\f28x\f2802x\</path>
         <kind>archive</kind>
         <file>2802xRevB_Fast_RTS_ROMSymbols.lib</file>
         <name>REVB_2802x_boot_rom_out__log_tmp.obj</name>
      </input_file>
      <input_file id="fl-b7">
         <path>D:\BM1000\sw\modules\fast\lib\32b\f28x\f2802x\</path>
         <kind>archive</kind>
         <file>2802xRevB_Fast_RTS_ROMSymbols.lib</file>
         <name>REVB_2802x_boot_rom_out__modf_tmp.obj</name>
      </input_file>
      <input_file id="fl-b8">
         <path>D:\BM1000\sw\modules\fast\lib\32b\f28x\f2802x\</path>
         <kind>archive</kind>
         <file>2802xRevB_Fast_RTS_ROMSymbols.lib</file>
         <name>REVB_2802x_boot_rom_out__pow_tmp.obj</name>
      </input_file>
   </input_file_list>
   <object_component_list>
      <object_component id="oc-8c">
         <name>.cinit</name>
         <load_address>0x3f4318</load_address>
         <run_address>0x3f4318</run_address>
         <size>0x9d</size>
         <input_file_ref idref="fl-21"/>
      </object_component>
      <object_component id="oc-b5">
         <name>.cinit</name>
         <load_address>0x3f43b5</load_address>
         <run_address>0x3f43b5</run_address>
         <size>0x87</size>
         <input_file_ref idref="fl-2a"/>
      </object_component>
      <object_component id="oc-55">
         <name>.cinit</name>
         <load_address>0x3f443c</load_address>
         <run_address>0x3f443c</run_address>
         <size>0xf</size>
         <input_file_ref idref="fl-15"/>
      </object_component>
      <object_component id="oc-ce">
         <name>.cinit</name>
         <load_address>0x3f444b</load_address>
         <run_address>0x3f444b</run_address>
         <size>0xa</size>
         <input_file_ref idref="fl-b2"/>
      </object_component>
      <object_component id="oc-dd">
         <name>.cinit</name>
         <load_address>0x3f4455</load_address>
         <run_address>0x3f4455</run_address>
         <size>0xa</size>
         <input_file_ref idref="fl-b5"/>
      </object_component>
      <object_component id="oc-c7">
         <name>.text</name>
         <load_address>0x3f0647</load_address>
         <run_address>0x3f0647</run_address>
         <size>0xe94</size>
         <input_file_ref idref="fl-48"/>
      </object_component>
      <object_component id="oc-ee">
         <name>.text</name>
         <load_address>0x3f14db</load_address>
         <run_address>0x3f14db</run_address>
         <size>0xaf5</size>
         <input_file_ref idref="fl-2a"/>
      </object_component>
      <object_component id="oc-f0">
         <name>.text</name>
         <load_address>0x3f1fd0</load_address>
         <run_address>0x3f1fd0</run_address>
         <size>0x976</size>
         <input_file_ref idref="fl-12"/>
      </object_component>
      <object_component id="oc-e8">
         <name>.text</name>
         <load_address>0x3f2946</load_address>
         <run_address>0x3f2946</run_address>
         <size>0x462</size>
         <input_file_ref idref="fl-d"/>
      </object_component>
      <object_component id="oc-ea">
         <name>.text</name>
         <load_address>0x3f2da8</load_address>
         <run_address>0x3f2da8</run_address>
         <size>0x363</size>
         <input_file_ref idref="fl-21"/>
      </object_component>
      <object_component id="oc-f4">
         <name>.text</name>
         <load_address>0x3f310b</load_address>
         <run_address>0x3f310b</run_address>
         <size>0x2f1</size>
         <input_file_ref idref="fl-22"/>
      </object_component>
      <object_component id="oc-f9">
         <name>.text</name>
         <load_address>0x3f33fc</load_address>
         <run_address>0x3f33fc</run_address>
         <size>0x1f8</size>
         <input_file_ref idref="fl-8"/>
      </object_component>
      <object_component id="oc-e5">
         <name>.text</name>
         <load_address>0x3f35f4</load_address>
         <run_address>0x3f35f4</run_address>
         <size>0x196</size>
         <input_file_ref idref="fl-16"/>
      </object_component>
      <object_component id="oc-f8">
         <name>.text</name>
         <load_address>0x3f378a</load_address>
         <run_address>0x3f378a</run_address>
         <size>0x168</size>
         <input_file_ref idref="fl-11"/>
      </object_component>
      <object_component id="oc-101">
         <name>.text</name>
         <load_address>0x3f38f2</load_address>
         <run_address>0x3f38f2</run_address>
         <size>0x135</size>
         <input_file_ref idref="fl-1c"/>
      </object_component>
      <object_component id="oc-f3">
         <name>.text</name>
         <load_address>0x3f3a27</load_address>
         <run_address>0x3f3a27</run_address>
         <size>0x12b</size>
         <input_file_ref idref="fl-b"/>
      </object_component>
      <object_component id="oc-f6">
         <name>.text</name>
         <load_address>0x3f3b52</load_address>
         <run_address>0x3f3b52</run_address>
         <size>0x10e</size>
         <input_file_ref idref="fl-1e"/>
      </object_component>
      <object_component id="oc-e6">
         <name>.text</name>
         <load_address>0x3f3c60</load_address>
         <run_address>0x3f3c60</run_address>
         <size>0xef</size>
         <input_file_ref idref="fl-24"/>
      </object_component>
      <object_component id="oc-f1">
         <name>.text</name>
         <load_address>0x3f3d4f</load_address>
         <run_address>0x3f3d4f</run_address>
         <size>0xd9</size>
         <input_file_ref idref="fl-20"/>
      </object_component>
      <object_component id="oc-f7">
         <name>.text</name>
         <load_address>0x3f3e28</load_address>
         <run_address>0x3f3e28</run_address>
         <size>0xd7</size>
         <input_file_ref idref="fl-13"/>
      </object_component>
      <object_component id="oc-f2">
         <name>.text</name>
         <load_address>0x3f3eff</load_address>
         <run_address>0x3f3eff</run_address>
         <size>0xa9</size>
         <input_file_ref idref="fl-25"/>
      </object_component>
      <object_component id="oc-8f">
         <name>.text:retain</name>
         <load_address>0x3f3fa8</load_address>
         <run_address>0x3f3fa8</run_address>
         <size>0x6f</size>
         <input_file_ref idref="fl-21"/>
      </object_component>
      <object_component id="oc-f5">
         <name>.text</name>
         <load_address>0x3f4017</load_address>
         <run_address>0x3f4017</run_address>
         <size>0x5b</size>
         <input_file_ref idref="fl-1f"/>
      </object_component>
      <object_component id="oc-100">
         <name>.text</name>
         <load_address>0x3f4072</load_address>
         <run_address>0x3f4072</run_address>
         <size>0x47</size>
         <input_file_ref idref="fl-23"/>
      </object_component>
      <object_component id="oc-fe">
         <name>.text</name>
         <load_address>0x3f40b9</load_address>
         <run_address>0x3f40b9</run_address>
         <size>0x46</size>
         <input_file_ref idref="fl-2b"/>
      </object_component>
      <object_component id="oc-fd">
         <name>.text</name>
         <load_address>0x3f40ff</load_address>
         <run_address>0x3f40ff</run_address>
         <size>0x45</size>
         <input_file_ref idref="fl-18"/>
      </object_component>
      <object_component id="oc-16">
         <name>.text</name>
         <load_address>0x3f4144</load_address>
         <run_address>0x3f4144</run_address>
         <size>0x44</size>
         <input_file_ref idref="fl-b3"/>
      </object_component>
      <object_component id="oc-e7">
         <name>.text</name>
         <load_address>0x3f4188</load_address>
         <run_address>0x3f4188</run_address>
         <size>0x35</size>
         <input_file_ref idref="fl-27"/>
      </object_component>
      <object_component id="oc-fa">
         <name>.text</name>
         <load_address>0x3f41bd</load_address>
         <run_address>0x3f41bd</run_address>
         <size>0x2d</size>
         <input_file_ref idref="fl-1a"/>
      </object_component>
      <object_component id="oc-c9">
         <name>.text</name>
         <load_address>0x3f41ea</load_address>
         <run_address>0x3f41ea</run_address>
         <size>0x2a</size>
         <input_file_ref idref="fl-49"/>
      </object_component>
      <object_component id="oc-fb">
         <name>.text</name>
         <load_address>0x3f4214</load_address>
         <run_address>0x3f4214</run_address>
         <size>0x27</size>
         <input_file_ref idref="fl-c"/>
      </object_component>
      <object_component id="oc-103">
         <name>.text</name>
         <load_address>0x3f423b</load_address>
         <run_address>0x3f423b</run_address>
         <size>0x21</size>
         <input_file_ref idref="fl-f"/>
      </object_component>
      <object_component id="oc-c3">
         <name>.text</name>
         <load_address>0x3f425c</load_address>
         <run_address>0x3f425c</run_address>
         <size>0x21</size>
         <input_file_ref idref="fl-44"/>
      </object_component>
      <object_component id="oc-ff">
         <name>.text</name>
         <load_address>0x3f427d</load_address>
         <run_address>0x3f427d</run_address>
         <size>0x20</size>
         <input_file_ref idref="fl-10"/>
      </object_component>
      <object_component id="oc-bf">
         <name>.text</name>
         <load_address>0x3f429d</load_address>
         <run_address>0x3f429d</run_address>
         <size>0x1d</size>
         <input_file_ref idref="fl-43"/>
      </object_component>
      <object_component id="oc-e2">
         <name>.text</name>
         <load_address>0x3f42ba</load_address>
         <run_address>0x3f42ba</run_address>
         <size>0x19</size>
         <input_file_ref idref="fl-b4"/>
      </object_component>
      <object_component id="oc-e3">
         <name>.text</name>
         <load_address>0x3f42d3</load_address>
         <run_address>0x3f42d3</run_address>
         <size>0x19</size>
         <input_file_ref idref="fl-b5"/>
      </object_component>
      <object_component id="oc-ef">
         <name>.text</name>
         <load_address>0x3f42ec</load_address>
         <run_address>0x3f42ec</run_address>
         <size>0x10</size>
         <input_file_ref idref="fl-17"/>
      </object_component>
      <object_component id="oc-e9">
         <name>.text</name>
         <load_address>0x3f42fc</load_address>
         <run_address>0x3f42fc</run_address>
         <size>0x9</size>
         <input_file_ref idref="fl-b2"/>
      </object_component>
      <object_component id="oc-17">
         <name>.text</name>
         <load_address>0x3f4305</load_address>
         <run_address>0x3f4305</run_address>
         <size>0x8</size>
         <input_file_ref idref="fl-7"/>
      </object_component>
      <object_component id="oc-ed">
         <name>.text</name>
         <load_address>0x3f430d</load_address>
         <run_address>0x3f430d</run_address>
         <size>0x6</size>
         <input_file_ref idref="fl-9"/>
      </object_component>
      <object_component id="oc-7e">
         <name>.text:retain</name>
         <load_address>0x3f4313</load_address>
         <run_address>0x3f4313</run_address>
         <size>0x5</size>
         <input_file_ref idref="fl-1e"/>
      </object_component>
      <object_component id="oc-18">
         <name>codestart</name>
         <load_address>0x3f7ff6</load_address>
         <run_address>0x3f7ff6</run_address>
         <size>0x2</size>
         <input_file_ref idref="fl-7"/>
      </object_component>
      <object_component id="oc-e4">
         <name>ramfuncs</name>
         <load_address>0x3f0000</load_address>
         <run_address>0x8000</run_address>
         <size>0x52c</size>
         <input_file_ref idref="fl-d"/>
      </object_component>
      <object_component id="oc-8e">
         <name>ramfuncs:retain</name>
         <load_address>0x3f052c</load_address>
         <run_address>0x852c</run_address>
         <size>0xc7</size>
         <input_file_ref idref="fl-21"/>
      </object_component>
      <object_component id="oc-102">
         <name>ramfuncs</name>
         <load_address>0x3f05f3</load_address>
         <run_address>0x85f3</run_address>
         <size>0x32</size>
         <input_file_ref idref="fl-10"/>
      </object_component>
      <object_component id="oc-fc">
         <name>ramfuncs</name>
         <load_address>0x3f0625</load_address>
         <run_address>0x8625</run_address>
         <size>0x1e</size>
         <input_file_ref idref="fl-12"/>
      </object_component>
      <object_component id="oc-b0">
         <name>ramfuncs</name>
         <load_address>0x3f0643</load_address>
         <run_address>0x8643</run_address>
         <size>0x4</size>
         <input_file_ref idref="fl-29"/>
      </object_component>
      <object_component id="oc-d3">
         <name>.stack</name>
         <uninitialized>true</uninitialized>
         <run_address>0x8980</run_address>
         <size>0x0</size>
         <input_file_ref idref="fl-b3"/>
      </object_component>
      <object_component id="oc-121">
         <name>.stack</name>
         <uninitialized>true</uninitialized>
         <run_address>0x8980</run_address>
         <size>0x0</size>
      </object_component>
      <object_component id="oc-2d">
         <name>.ebss</name>
         <uninitialized>true</uninitialized>
         <run_address>0x3e8</run_address>
         <size>0x1</size>
         <input_file_ref idref="fl-c"/>
      </object_component>
      <object_component id="oc-56">
         <name>.ebss</name>
         <uninitialized>true</uninitialized>
         <run_address>0x3d2</run_address>
         <size>0x8</size>
         <input_file_ref idref="fl-15"/>
      </object_component>
      <object_component id="oc-5b">
         <name>.ebss</name>
         <uninitialized>true</uninitialized>
         <run_address>0x3da</run_address>
         <size>0x4</size>
         <input_file_ref idref="fl-16"/>
      </object_component>
      <object_component id="oc-68">
         <name>.ebss</name>
         <uninitialized>true</uninitialized>
         <run_address>0x3e9</run_address>
         <size>0x1</size>
         <input_file_ref idref="fl-19"/>
      </object_component>
      <object_component id="oc-75">
         <name>.ebss</name>
         <uninitialized>true</uninitialized>
         <run_address>0x3e6</run_address>
         <size>0x2</size>
         <input_file_ref idref="fl-1c"/>
      </object_component>
      <object_component id="oc-8d">
         <name>.ebss</name>
         <uninitialized>true</uninitialized>
         <run_address>0x0</run_address>
         <size>0x3d2</size>
         <input_file_ref idref="fl-21"/>
      </object_component>
      <object_component id="oc-b6">
         <name>.ebss</name>
         <uninitialized>true</uninitialized>
         <run_address>0x400</run_address>
         <size>0x84</size>
         <input_file_ref idref="fl-2a"/>
      </object_component>
      <object_component id="oc-cf">
         <name>.ebss</name>
         <uninitialized>true</uninitialized>
         <run_address>0x3de</run_address>
         <size>0x4</size>
         <input_file_ref idref="fl-b2"/>
      </object_component>
      <object_component id="oc-de">
         <name>.ebss</name>
         <uninitialized>true</uninitialized>
         <run_address>0x3e2</run_address>
         <size>0x4</size>
         <input_file_ref idref="fl-b5"/>
      </object_component>
      <object_component id="oc-47">
         <name>rom_accessed_data</name>
         <uninitialized>true</uninitialized>
         <run_address>0x4c0</run_address>
         <size>0xb6</size>
         <input_file_ref idref="fl-12"/>
      </object_component>
      <object_component id="oc-eb">
         <name>.econst:.string:_aucCRCHi</name>
         <load_address>0x3f6000</load_address>
         <run_address>0x3f6000</run_address>
         <size>0x100</size>
         <input_file_ref idref="fl-16"/>
      </object_component>
      <object_component id="oc-ec">
         <name>.econst:.string:_aucCRCLo</name>
         <load_address>0x3f6100</load_address>
         <run_address>0x3f6100</run_address>
         <size>0x100</size>
         <input_file_ref idref="fl-16"/>
      </object_component>
      <object_component id="oc-c8">
         <name>.econst</name>
         <load_address>0x3f6200</load_address>
         <run_address>0x3f6200</run_address>
         <size>0x5c</size>
         <input_file_ref idref="fl-48"/>
      </object_component>
      <object_component id="oc-32">
         <name>.econst</name>
         <load_address>0x3f625c</load_address>
         <run_address>0x3f625c</run_address>
         <size>0x1c</size>
         <input_file_ref idref="fl-d"/>
      </object_component>
      <object_component id="oc-b7">
         <name>.econst</name>
         <load_address>0x3f6278</load_address>
         <run_address>0x3f6278</run_address>
         <size>0x8</size>
         <input_file_ref idref="fl-2a"/>
      </object_component>
      <object_component id="oc-48">
         <name>.econst</name>
         <load_address>0x3f6280</load_address>
         <run_address>0x3f6280</run_address>
         <size>0x4</size>
         <input_file_ref idref="fl-12"/>
      </object_component>
      <object_component id="oc-87">
         <name>.econst</name>
         <load_address>0x3f6284</load_address>
         <run_address>0x3f6284</run_address>
         <size>0x4</size>
         <input_file_ref idref="fl-20"/>
      </object_component>
      <object_component id="oc-90">
         <name>.econst</name>
         <load_address>0x3f6288</load_address>
         <run_address>0x3f6288</run_address>
         <size>0x4</size>
         <input_file_ref idref="fl-21"/>
      </object_component>
      <object_component id="oc-d4">
         <name>.reset</name>
         <load_address>0x3fffc0</load_address>
         <run_address>0x3fffc0</run_address>
         <size>0x2</size>
         <input_file_ref idref="fl-b3"/>
      </object_component>
      <object_component id="oc-19">
         <name>.debug_info</name>
         <load_address>0x0</load_address>
         <run_address>0x0</run_address>
         <size>0x1ba</size>
         <input_file_ref idref="fl-7"/>
      </object_component>
      <object_component id="oc-1c">
         <name>.debug_info</name>
         <load_address>0x1ba</load_address>
         <run_address>0x1ba</run_address>
         <size>0x3b97</size>
         <input_file_ref idref="fl-8"/>
      </object_component>
      <object_component id="oc-20">
         <name>.debug_info</name>
         <load_address>0x3d51</load_address>
         <run_address>0x3d51</run_address>
         <size>0x4c3</size>
         <input_file_ref idref="fl-9"/>
      </object_component>
      <object_component id="oc-24">
         <name>.debug_info</name>
         <load_address>0x4214</load_address>
         <run_address>0x4214</run_address>
         <size>0x3c4</size>
         <input_file_ref idref="fl-a"/>
      </object_component>
      <object_component id="oc-28">
         <name>.debug_info</name>
         <load_address>0x45d8</load_address>
         <run_address>0x45d8</run_address>
         <size>0x3439</size>
         <input_file_ref idref="fl-b"/>
      </object_component>
      <object_component id="oc-2c">
         <name>.debug_info</name>
         <load_address>0x7a11</load_address>
         <run_address>0x7a11</run_address>
         <size>0xdcc</size>
         <input_file_ref idref="fl-c"/>
      </object_component>
      <object_component id="oc-31">
         <name>.debug_info</name>
         <load_address>0x87dd</load_address>
         <run_address>0x87dd</run_address>
         <size>0x945e</size>
         <input_file_ref idref="fl-d"/>
      </object_component>
      <object_component id="oc-36">
         <name>.debug_info</name>
         <load_address>0x11c3b</load_address>
         <run_address>0x11c3b</run_address>
         <size>0xfa3</size>
         <input_file_ref idref="fl-e"/>
      </object_component>
      <object_component id="oc-3a">
         <name>.debug_info</name>
         <load_address>0x12bde</load_address>
         <run_address>0x12bde</run_address>
         <size>0xb1d</size>
         <input_file_ref idref="fl-f"/>
      </object_component>
      <object_component id="oc-3e">
         <name>.debug_info</name>
         <load_address>0x136fb</load_address>
         <run_address>0x136fb</run_address>
         <size>0x1c95</size>
         <input_file_ref idref="fl-10"/>
      </object_component>
      <object_component id="oc-42">
         <name>.debug_info</name>
         <load_address>0x15390</load_address>
         <run_address>0x15390</run_address>
         <size>0x2632</size>
         <input_file_ref idref="fl-11"/>
      </object_component>
      <object_component id="oc-46">
         <name>.debug_info</name>
         <load_address>0x179c2</load_address>
         <run_address>0x179c2</run_address>
         <size>0xf9fe</size>
         <input_file_ref idref="fl-12"/>
      </object_component>
      <object_component id="oc-4c">
         <name>.debug_info</name>
         <load_address>0x273c0</load_address>
         <run_address>0x273c0</run_address>
         <size>0x245d</size>
         <input_file_ref idref="fl-13"/>
      </object_component>
      <object_component id="oc-50">
         <name>.debug_info</name>
         <load_address>0x2981d</load_address>
         <run_address>0x2981d</run_address>
         <size>0x373</size>
         <input_file_ref idref="fl-14"/>
      </object_component>
      <object_component id="oc-54">
         <name>.debug_info</name>
         <load_address>0x29b90</load_address>
         <run_address>0x29b90</run_address>
         <size>0x2a90</size>
         <input_file_ref idref="fl-15"/>
      </object_component>
      <object_component id="oc-5a">
         <name>.debug_info</name>
         <load_address>0x2c620</load_address>
         <run_address>0x2c620</run_address>
         <size>0x25f3</size>
         <input_file_ref idref="fl-16"/>
      </object_component>
      <object_component id="oc-5f">
         <name>.debug_info</name>
         <load_address>0x2ec13</load_address>
         <run_address>0x2ec13</run_address>
         <size>0x43f</size>
         <input_file_ref idref="fl-17"/>
      </object_component>
      <object_component id="oc-63">
         <name>.debug_info</name>
         <load_address>0x2f052</load_address>
         <run_address>0x2f052</run_address>
         <size>0xb06</size>
         <input_file_ref idref="fl-18"/>
      </object_component>
      <object_component id="oc-67">
         <name>.debug_info</name>
         <load_address>0x2fb58</load_address>
         <run_address>0x2fb58</run_address>
         <size>0x954</size>
         <input_file_ref idref="fl-19"/>
      </object_component>
      <object_component id="oc-6c">
         <name>.debug_info</name>
         <load_address>0x304ac</load_address>
         <run_address>0x304ac</run_address>
         <size>0x8f6</size>
         <input_file_ref idref="fl-1a"/>
      </object_component>
      <object_component id="oc-70">
         <name>.debug_info</name>
         <load_address>0x30da2</load_address>
         <run_address>0x30da2</run_address>
         <size>0x36f</size>
         <input_file_ref idref="fl-1b"/>
      </object_component>
      <object_component id="oc-74">
         <name>.debug_info</name>
         <load_address>0x31111</load_address>
         <run_address>0x31111</run_address>
         <size>0x1700</size>
         <input_file_ref idref="fl-1c"/>
      </object_component>
      <object_component id="oc-79">
         <name>.debug_info</name>
         <load_address>0x32811</load_address>
         <run_address>0x32811</run_address>
         <size>0x3f9</size>
         <input_file_ref idref="fl-1d"/>
      </object_component>
      <object_component id="oc-7d">
         <name>.debug_info</name>
         <load_address>0x32c0a</load_address>
         <run_address>0x32c0a</run_address>
         <size>0x3b6e</size>
         <input_file_ref idref="fl-1e"/>
      </object_component>
      <object_component id="oc-82">
         <name>.debug_info</name>
         <load_address>0x36778</load_address>
         <run_address>0x36778</run_address>
         <size>0x15b5</size>
         <input_file_ref idref="fl-1f"/>
      </object_component>
      <object_component id="oc-86">
         <name>.debug_info</name>
         <load_address>0x37d2d</load_address>
         <run_address>0x37d2d</run_address>
         <size>0x6ac1</size>
         <input_file_ref idref="fl-20"/>
      </object_component>
      <object_component id="oc-8b">
         <name>.debug_info</name>
         <load_address>0x3e7ee</load_address>
         <run_address>0x3e7ee</run_address>
         <size>0xafa4</size>
         <input_file_ref idref="fl-21"/>
      </object_component>
      <object_component id="oc-94">
         <name>.debug_info</name>
         <load_address>0x49792</load_address>
         <run_address>0x49792</run_address>
         <size>0x98f7</size>
         <input_file_ref idref="fl-22"/>
      </object_component>
      <object_component id="oc-98">
         <name>.debug_info</name>
         <load_address>0x53089</load_address>
         <run_address>0x53089</run_address>
         <size>0x11ad</size>
         <input_file_ref idref="fl-23"/>
      </object_component>
      <object_component id="oc-9c">
         <name>.debug_info</name>
         <load_address>0x54236</load_address>
         <run_address>0x54236</run_address>
         <size>0x3abd</size>
         <input_file_ref idref="fl-24"/>
      </object_component>
      <object_component id="oc-a0">
         <name>.debug_info</name>
         <load_address>0x57cf3</load_address>
         <run_address>0x57cf3</run_address>
         <size>0x3223</size>
         <input_file_ref idref="fl-25"/>
      </object_component>
      <object_component id="oc-a4">
         <name>.debug_info</name>
         <load_address>0x5af16</load_address>
         <run_address>0x5af16</run_address>
         <size>0x36d</size>
         <input_file_ref idref="fl-26"/>
      </object_component>
      <object_component id="oc-a8">
         <name>.debug_info</name>
         <load_address>0x5b283</load_address>
         <run_address>0x5b283</run_address>
         <size>0xdf0</size>
         <input_file_ref idref="fl-27"/>
      </object_component>
      <object_component id="oc-ac">
         <name>.debug_info</name>
         <load_address>0x5c073</load_address>
         <run_address>0x5c073</run_address>
         <size>0x3d5</size>
         <input_file_ref idref="fl-28"/>
      </object_component>
      <object_component id="oc-b1">
         <name>.debug_info</name>
         <load_address>0x5c448</load_address>
         <run_address>0x5c448</run_address>
         <size>0x155</size>
         <input_file_ref idref="fl-29"/>
      </object_component>
      <object_component id="oc-b4">
         <name>.debug_info</name>
         <load_address>0x5c59d</load_address>
         <run_address>0x5c59d</run_address>
         <size>0x5b95</size>
         <input_file_ref idref="fl-2a"/>
      </object_component>
      <object_component id="oc-bb">
         <name>.debug_info</name>
         <load_address>0x62132</load_address>
         <run_address>0x62132</run_address>
         <size>0x1005</size>
         <input_file_ref idref="fl-2b"/>
      </object_component>
      <object_component id="oc-c0">
         <name>.debug_info</name>
         <load_address>0x63137</load_address>
         <run_address>0x63137</run_address>
         <size>0xcc</size>
         <input_file_ref idref="fl-43"/>
      </object_component>
      <object_component id="oc-c4">
         <name>.debug_info</name>
         <load_address>0x63203</load_address>
         <run_address>0x63203</run_address>
         <size>0xcf</size>
         <input_file_ref idref="fl-44"/>
      </object_component>
      <object_component id="oc-ca">
         <name>.debug_info</name>
         <load_address>0x632d2</load_address>
         <run_address>0x632d2</run_address>
         <size>0x14b</size>
         <input_file_ref idref="fl-49"/>
      </object_component>
      <object_component id="oc-cd">
         <name>.debug_info</name>
         <load_address>0x6341d</load_address>
         <run_address>0x6341d</run_address>
         <size>0x3fc</size>
         <input_file_ref idref="fl-b2"/>
      </object_component>
      <object_component id="oc-d5">
         <name>.debug_info</name>
         <load_address>0x63819</load_address>
         <run_address>0x63819</run_address>
         <size>0xde</size>
         <input_file_ref idref="fl-b3"/>
      </object_component>
      <object_component id="oc-d8">
         <name>.debug_info</name>
         <load_address>0x638f7</load_address>
         <run_address>0x638f7</run_address>
         <size>0x3bd</size>
         <input_file_ref idref="fl-b4"/>
      </object_component>
      <object_component id="oc-dc">
         <name>.debug_info</name>
         <load_address>0x63cb4</load_address>
         <run_address>0x63cb4</run_address>
         <size>0x3d6</size>
         <input_file_ref idref="fl-b5"/>
      </object_component>
      <object_component id="oc-122">
         <name>.debug_info</name>
         <load_address>0x6408a</load_address>
         <run_address>0x6408a</run_address>
         <size>0x6f</size>
      </object_component>
      <object_component id="oc-1a">
         <name>.debug_line</name>
         <load_address>0x0</load_address>
         <run_address>0x0</run_address>
         <size>0x82</size>
         <input_file_ref idref="fl-7"/>
      </object_component>
      <object_component id="oc-1e">
         <name>.debug_line</name>
         <load_address>0x82</load_address>
         <run_address>0x82</run_address>
         <size>0x33e</size>
         <input_file_ref idref="fl-8"/>
      </object_component>
      <object_component id="oc-22">
         <name>.debug_line</name>
         <load_address>0x3c0</load_address>
         <run_address>0x3c0</run_address>
         <size>0x53</size>
         <input_file_ref idref="fl-9"/>
      </object_component>
      <object_component id="oc-26">
         <name>.debug_line</name>
         <load_address>0x413</load_address>
         <run_address>0x413</run_address>
         <size>0x4a</size>
         <input_file_ref idref="fl-a"/>
      </object_component>
      <object_component id="oc-2a">
         <name>.debug_line</name>
         <load_address>0x45d</load_address>
         <run_address>0x45d</run_address>
         <size>0x434</size>
         <input_file_ref idref="fl-b"/>
      </object_component>
      <object_component id="oc-2f">
         <name>.debug_line</name>
         <load_address>0x891</load_address>
         <run_address>0x891</run_address>
         <size>0x12f</size>
         <input_file_ref idref="fl-c"/>
      </object_component>
      <object_component id="oc-34">
         <name>.debug_line</name>
         <load_address>0x9c0</load_address>
         <run_address>0x9c0</run_address>
         <size>0x14bb</size>
         <input_file_ref idref="fl-d"/>
      </object_component>
      <object_component id="oc-38">
         <name>.debug_line</name>
         <load_address>0x1e7b</load_address>
         <run_address>0x1e7b</run_address>
         <size>0xa0</size>
         <input_file_ref idref="fl-e"/>
      </object_component>
      <object_component id="oc-3c">
         <name>.debug_line</name>
         <load_address>0x1f1b</load_address>
         <run_address>0x1f1b</run_address>
         <size>0xed</size>
         <input_file_ref idref="fl-f"/>
      </object_component>
      <object_component id="oc-40">
         <name>.debug_line</name>
         <load_address>0x2008</load_address>
         <run_address>0x2008</run_address>
         <size>0x1b7</size>
         <input_file_ref idref="fl-10"/>
      </object_component>
      <object_component id="oc-44">
         <name>.debug_line</name>
         <load_address>0x21bf</load_address>
         <run_address>0x21bf</run_address>
         <size>0x24c</size>
         <input_file_ref idref="fl-11"/>
      </object_component>
      <object_component id="oc-4a">
         <name>.debug_line</name>
         <load_address>0x240b</load_address>
         <run_address>0x240b</run_address>
         <size>0xc3f</size>
         <input_file_ref idref="fl-12"/>
      </object_component>
      <object_component id="oc-4e">
         <name>.debug_line</name>
         <load_address>0x304a</load_address>
         <run_address>0x304a</run_address>
         <size>0x2c3</size>
         <input_file_ref idref="fl-13"/>
      </object_component>
      <object_component id="oc-52">
         <name>.debug_line</name>
         <load_address>0x330d</load_address>
         <run_address>0x330d</run_address>
         <size>0x48</size>
         <input_file_ref idref="fl-14"/>
      </object_component>
      <object_component id="oc-58">
         <name>.debug_line</name>
         <load_address>0x3355</load_address>
         <run_address>0x3355</run_address>
         <size>0x6a</size>
         <input_file_ref idref="fl-15"/>
      </object_component>
      <object_component id="oc-5d">
         <name>.debug_line</name>
         <load_address>0x33bf</load_address>
         <run_address>0x33bf</run_address>
         <size>0x3a5</size>
         <input_file_ref idref="fl-16"/>
      </object_component>
      <object_component id="oc-61">
         <name>.debug_line</name>
         <load_address>0x3764</load_address>
         <run_address>0x3764</run_address>
         <size>0x6f</size>
         <input_file_ref idref="fl-17"/>
      </object_component>
      <object_component id="oc-65">
         <name>.debug_line</name>
         <load_address>0x37d3</load_address>
         <run_address>0x37d3</run_address>
         <size>0xd3</size>
         <input_file_ref idref="fl-18"/>
      </object_component>
      <object_component id="oc-6a">
         <name>.debug_line</name>
         <load_address>0x38a6</load_address>
         <run_address>0x38a6</run_address>
         <size>0x6e</size>
         <input_file_ref idref="fl-19"/>
      </object_component>
      <object_component id="oc-6e">
         <name>.debug_line</name>
         <load_address>0x3914</load_address>
         <run_address>0x3914</run_address>
         <size>0xb7</size>
         <input_file_ref idref="fl-1a"/>
      </object_component>
      <object_component id="oc-72">
         <name>.debug_line</name>
         <load_address>0x39cb</load_address>
         <run_address>0x39cb</run_address>
         <size>0x46</size>
         <input_file_ref idref="fl-1b"/>
      </object_component>
      <object_component id="oc-77">
         <name>.debug_line</name>
         <load_address>0x3a11</load_address>
         <run_address>0x3a11</run_address>
         <size>0x1e1</size>
         <input_file_ref idref="fl-1c"/>
      </object_component>
      <object_component id="oc-7b">
         <name>.debug_line</name>
         <load_address>0x3bf2</load_address>
         <run_address>0x3bf2</run_address>
         <size>0x6e</size>
         <input_file_ref idref="fl-1d"/>
      </object_component>
      <object_component id="oc-80">
         <name>.debug_line</name>
         <load_address>0x3c60</load_address>
         <run_address>0x3c60</run_address>
         <size>0x312</size>
         <input_file_ref idref="fl-1e"/>
      </object_component>
      <object_component id="oc-84">
         <name>.debug_line</name>
         <load_address>0x3f72</load_address>
         <run_address>0x3f72</run_address>
         <size>0x1c6</size>
         <input_file_ref idref="fl-1f"/>
      </object_component>
      <object_component id="oc-89">
         <name>.debug_line</name>
         <load_address>0x4138</load_address>
         <run_address>0x4138</run_address>
         <size>0x1a4</size>
         <input_file_ref idref="fl-20"/>
      </object_component>
      <object_component id="oc-92">
         <name>.debug_line</name>
         <load_address>0x42dc</load_address>
         <run_address>0x42dc</run_address>
         <size>0x8e9</size>
         <input_file_ref idref="fl-21"/>
      </object_component>
      <object_component id="oc-96">
         <name>.debug_line</name>
         <load_address>0x4bc5</load_address>
         <run_address>0x4bc5</run_address>
         <size>0xa18</size>
         <input_file_ref idref="fl-22"/>
      </object_component>
      <object_component id="oc-9a">
         <name>.debug_line</name>
         <load_address>0x55dd</load_address>
         <run_address>0x55dd</run_address>
         <size>0xeb</size>
         <input_file_ref idref="fl-23"/>
      </object_component>
      <object_component id="oc-9e">
         <name>.debug_line</name>
         <load_address>0x56c8</load_address>
         <run_address>0x56c8</run_address>
         <size>0x585</size>
         <input_file_ref idref="fl-24"/>
      </object_component>
      <object_component id="oc-a2">
         <name>.debug_line</name>
         <load_address>0x5c4d</load_address>
         <run_address>0x5c4d</run_address>
         <size>0x3f3</size>
         <input_file_ref idref="fl-25"/>
      </object_component>
      <object_component id="oc-a6">
         <name>.debug_line</name>
[...]
         <name>_WDOG_setCount</name>
         <value>0x3f40c3</value>
         <object_component_ref idref="oc-fe"/>
      </symbol>
      <symbol id="sm-595">
         <name>_WDOG_init</name>
         <value>0x3f40c5</value>
         <object_component_ref idref="oc-fe"/>
      </symbol>
      <symbol id="sm-596">
         <name>_WDOG_getIntStatus</name>
         <value>0x3f40cb</value>
         <object_component_ref idref="oc-fe"/>
      </symbol>
      <symbol id="sm-597">
         <name>_WDOG_disable</name>
         <value>0x3f40ef</value>
         <object_component_ref idref="oc-fe"/>
      </symbol>
      <symbol id="sm-598">
         <name>_WDOG_enableOverRide</name>
         <value>0x3f40ce</value>
         <object_component_ref idref="oc-fe"/>
      </symbol>
      <symbol id="sm-599">
         <name>_WDOG_disableOverRide</name>
         <value>0x3f40e3</value>
         <object_component_ref idref="oc-fe"/>
      </symbol>
      <symbol id="sm-59a">
         <name>_WDOG_clearCounter</name>
         <value>0x3f40f7</value>
         <object_component_ref idref="oc-fe"/>
      </symbol>
      <symbol id="sm-59c">
         <name>FD$$MPY</name>
         <value>0x3fdc5e</value>
      </symbol>
      <symbol id="sm-59e">
         <name>FD$$TOL</name>
         <value>0x3fdf7b</value>
      </symbol>
      <symbol id="sm-5a0">
         <name>FS$$ADD</name>
         <value>0x3fdeb8</value>
      </symbol>
      <symbol id="sm-5a2">
         <name>FS$$CMP</name>
         <value>0x3fdf2b</value>
      </symbol>
      <symbol id="sm-5a4">
         <name>FS$$DIV</name>
         <value>0x3fdce1</value>
      </symbol>
      <symbol id="sm-5a6">
         <name>FS$$MPY</name>
         <value>0x3fdde7</value>
      </symbol>
      <symbol id="sm-5a8">
         <name>FS$$NEG</name>
         <value>0x3fff4d</value>
      </symbol>
      <symbol id="sm-5aa">
         <name>FS$$TOFD</name>
         <value>0x3fdfb7</value>
      </symbol>
      <symbol id="sm-5ac">
         <name>FS$$TOI</name>
         <value>0x3fff0e</value>
      </symbol>
      <symbol id="sm-5b9">
         <name>FS$$TOU</name>
         <value>0x3f429d</value>
         <object_component_ref idref="oc-bf"/>
      </symbol>
      <symbol id="sm-5c6">
         <name>FS$$TOUL</name>
         <value>0x3f425c</value>
         <object_component_ref idref="oc-c3"/>
      </symbol>
      <symbol id="sm-5c8">
         <name>I$$TOFS</name>
         <value>0x3fff33</value>
      </symbol>
      <symbol id="sm-5ca">
         <name>U$$TOFS</name>
         <value>0x3ff8bd</value>
      </symbol>
      <symbol id="sm-5cc">
         <name>UL$$TOFS</name>
         <value>0x3ff8aa</value>
      </symbol>
      <symbol id="sm-5d2">
         <name>_CTRL_setEstParams</name>
         <value>0x3f0c9f</value>
         <object_component_ref idref="oc-c7"/>
      </symbol>
      <symbol id="sm-5d3">
         <name>_CTRL_getVersion</name>
         <value>0x3f14d1</value>
         <object_component_ref idref="oc-c7"/>
      </symbol>
      <symbol id="sm-5d4">
         <name>_CTRL_setUserMotorParams</name>
         <value>0x3f0b6c</value>
         <object_component_ref idref="oc-c7"/>
      </symbol>
      <symbol id="sm-5d5">
         <name>_CTRL_runTraj</name>
         <value>0x3f1405</value>
         <object_component_ref idref="oc-c7"/>
      </symbol>
      <symbol id="sm-5d6">
         <name>_CTRL_setupEstIdleState</name>
         <value>0x3f07e6</value>
         <object_component_ref idref="oc-c7"/>
      </symbol>
      <symbol id="sm-5d7">
         <name>_CTRL_setupTraj</name>
         <value>0x3f0647</value>
         <object_component_ref idref="oc-c7"/>
      </symbol>
      <symbol id="sm-5d8">
         <name>_CTRL_setupCtrl</name>
         <value>0x3f0984</value>
         <object_component_ref idref="oc-c7"/>
      </symbol>
      <symbol id="sm-5d9">
         <name>_CTRL_setupEstOnLineState</name>
         <value>0x3f07ab</value>
         <object_component_ref idref="oc-c7"/>
      </symbol>
      <symbol id="sm-5e1">
         <name>UL$$MOD</name>
         <value>0x3f420e</value>
         <object_component_ref idref="oc-c9"/>
      </symbol>
      <symbol id="sm-5e2">
         <name>L$$MOD</name>
         <value>0x3f41f9</value>
         <object_component_ref idref="oc-c9"/>
      </symbol>
      <symbol id="sm-5e3">
         <name>L$$DIV</name>
         <value>0x3f41ea</value>
         <object_component_ref idref="oc-c9"/>
      </symbol>
      <symbol id="sm-5e4">
         <name>UL$$DIV</name>
         <value>0x3f4207</value>
         <object_component_ref idref="oc-c9"/>
      </symbol>
      <symbol id="sm-5e6">
         <name>_CTRL_initCtrl</name>
         <value>0x3fd88b</value>
      </symbol>
      <symbol id="sm-5e8">
         <name>_EST_Angle_setParams</name>
         <value>0x3fd9e5</value>
      </symbol>
      <symbol id="sm-5ea">
         <name>_EST_Dir_setParams</name>
         <value>0x3fd922</value>
      </symbol>
      <symbol id="sm-5ec">
         <name>_EST_EPL_setParams</name>
         <value>0x3fd1e8</value>
      </symbol>
      <symbol id="sm-5ee">
         <name>_EST_Flux_ab_setParams</name>
         <value>0x3fd9b0</value>
      </symbol>
      <symbol id="sm-5f0">
         <name>_EST_Flux_computeOneOverFlux_qFmt</name>
         <value>0x3fd514</value>
      </symbol>
      <symbol id="sm-5f2">
         <name>_EST_Flux_dq_setParams</name>
         <value>0x3fda3b</value>
      </symbol>
      <symbol id="sm-5f4">
         <name>_EST_Flux_getRatedFlux_pu</name>
         <value>0x3fd49c</value>
      </symbol>
      <symbol id="sm-5f6">
         <name>_EST_Flux_setParams</name>
         <value>0x3fd42e</value>
      </symbol>
      <symbol id="sm-5f8">
         <name>_EST_Flux_setWaitTimes</name>
         <value>0x3fd41e</value>
      </symbol>
      <symbol id="sm-5fa">
         <name>_EST_Freq_setParams</name>
         <value>0x3fd95c</value>
      </symbol>
      <symbol id="sm-5fc">
         <name>_EST_I_setParams</name>
         <value>0x3fd1be</value>
      </symbol>
      <symbol id="sm-5fe">
         <name>_EST_Iab_setParams</name>
         <value>0x3fd9cc</value>
      </symbol>
      <symbol id="sm-600">
         <name>_EST_Idq_setParams</name>
         <value>0x3fda1e</value>
      </symbol>
      <symbol id="sm-602">
         <name>_EST_Ls_getLs_d</name>
         <value>0x3fd3a8</value>
      </symbol>
      <symbol id="sm-604">
         <name>_EST_Ls_setLs_d</name>
         <value>0x3fd2b6</value>
      </symbol>
      <symbol id="sm-606">
         <name>_EST_Ls_setLs_q</name>
         <value>0x3fd284</value>
      </symbol>
      <symbol id="sm-608">
         <name>_EST_Ls_setParams</name>
         <value>0x3fd247</value>
      </symbol>
      <symbol id="sm-60a">
         <name>_EST_Ls_setWaitTimes</name>
         <value>0x3fd237</value>
      </symbol>
      <symbol id="sm-60c">
         <name>_EST_OneOverDcBus_setParams</name>
         <value>0x3fda0d</value>
      </symbol>
      <symbol id="sm-60e">
         <name>_EST_Rr_setParams</name>
         <value>0x3fd7e9</value>
      </symbol>
      <symbol id="sm-610">
         <name>_EST_Rr_setRr</name>
         <value>0x3fd788</value>
      </symbol>
      <symbol id="sm-612">
         <name>_EST_RsOnLine_setFilterParams</name>
         <value>0x3fd57d</value>
      </symbol>
      <symbol id="sm-614">
         <name>_EST_RsOnLine_setParams</name>
         <value>0x3fd54d</value>
      </symbol>
      <symbol id="sm-616">
         <name>_EST_Rs_getRs</name>
         <value>0x3fd767</value>
      </symbol>
      <symbol id="sm-618">
         <name>_EST_Rs_setParams</name>
         <value>0x3fd725</value>
      </symbol>
      <symbol id="sm-61a">
         <name>_EST_Rs_setRs</name>
         <value>0x3fd6c3</value>
      </symbol>
      <symbol id="sm-61c">
         <name>_EST_Rs_setWaitTimes</name>
         <value>0x3fd6b3</value>
      </symbol>
      <symbol id="sm-61e">
         <name>_EST_TRAJ_setParams</name>
         <value>0x3fd1af</value>
      </symbol>
      <symbol id="sm-620">
         <name>_EST_Vab_setParams</name>
         <value>0x3fda53</value>
      </symbol>
      <symbol id="sm-622">
         <name>_EST_Vback_ab_setParams</name>
         <value>0x3fda47</value>
      </symbol>
      <symbol id="sm-624">
         <name>_EST_Vback_dq_setParams</name>
         <value>0x3fda5e</value>
      </symbol>
      <symbol id="sm-626">
         <name>_EST_Vdq_setParams</name>
         <value>0x3fd9fb</value>
      </symbol>
      <symbol id="sm-628">
         <name>_EST_computeDirection_qFmt</name>
         <value>0x3fc092</value>
      </symbol>
      <symbol id="sm-62a">
         <name>_EST_computeL</name>
         <value>0x3fd16d</value>
      </symbol>
      <symbol id="sm-62c">
         <name>_EST_computeR</name>
         <value>0x3fd14d</value>
      </symbol>
      <symbol id="sm-62e">
         <name>_EST_doCurrentCtrl</name>
         <value>0x3fd145</value>
      </symbol>
      <symbol id="sm-630">
         <name>_EST_doSpeedCtrl</name>
         <value>0x3fd13d</value>
      </symbol>
      <symbol id="sm-632">
         <name>_EST_getAngle_pu</name>
         <value>0x3fc5f2</value>
      </symbol>
      <symbol id="sm-634">
         <name>_EST_getFlux_VpHz</name>
         <value>0x3fd0a3</value>
      </symbol>
      <symbol id="sm-636">
         <name>_EST_getFlux_pu</name>
         <value>0x3fd090</value>
      </symbol>
      <symbol id="sm-638">
         <name>_EST_getFm_pu</name>
         <value>0x3fd073</value>
      </symbol>
      <symbol id="sm-63a">
         <name>_EST_getFullScaleCurrent</name>
         <value>0x3fc062</value>
      </symbol>
      <symbol id="sm-63c">
         <name>_EST_getFullScaleFlux</name>
         <value>0x3fd043</value>
      </symbol>
      <symbol id="sm-63e">
         <name>_EST_getFullScaleFreq</name>
         <value>0x3fcc5c</value>
      </symbol>
      <symbol id="sm-640">
         <name>_EST_getFullScaleInductance</name>
         <value>0x3fc4d1</value>
      </symbol>
      <symbol id="sm-642">
         <name>_EST_getFullScaleVoltage</name>
         <value>0x3fc08e</value>
      </symbol>
      <symbol id="sm-644">
         <name>_EST_getIdRated</name>
         <value>0x3fd017</value>
      </symbol>
      <symbol id="sm-646">
         <name>_EST_getLs_coarse_max_pu</name>
         <value>0x3fcfe4</value>
      </symbol>
      <symbol id="sm-648">
         <name>_EST_getLs_d_H</name>
         <value>0x3fcfda</value>
      </symbol>
      <symbol id="sm-64a">
         <name>_EST_getLs_d_pu</name>
         <value>0x3fcfd5</value>
      </symbol>
      <symbol id="sm-64c">
         <name>_EST_getLs_q_H</name>
         <value>0x3fcfb3</value>
      </symbol>
      <symbol id="sm-64e">
         <name>_EST_getLs_q_pu</name>
         <value>0x3fcfae</value>
      </symbol>
      <symbol id="sm-650">
         <name>_EST_getMaxCurrentSlope_pu</name>
         <value>0x3fcfa2</value>
      </symbol>
      <symbol id="sm-652">
         <name>_EST_getOneOverDcBus_pu</name>
         <value>0x3fcf98</value>
      </symbol>
      <symbol id="sm-654">
         <name>_EST_getRr_Ohm</name>
         <value>0x3fcf92</value>
      </symbol>
      <symbol id="sm-656">
         <name>_EST_getRs_Ohm</name>
         <value>0x3fcef8</value>
      </symbol>
      <symbol id="sm-658">
         <name>_EST_getSpeed_krpm</name>
         <value>0x3fceab</value>
      </symbol>
      <symbol id="sm-65a">
         <name>_EST_getState</name>
         <value>0x3fc000</value>
      </symbol>
      <symbol id="sm-65c">
         <name>_EST_get_krpm_to_pu_sf</name>
         <value>0x3fce3d</value>
      </symbol>
      <symbol id="sm-65e">
         <name>_EST_get_pu_to_krpm_sf</name>
         <value>0x3fce38</value>
      </symbol>
      <symbol id="sm-660">
         <name>_EST_isError</name>
         <value>0x3fcd72</value>
      </symbol>
      <symbol id="sm-662">
         <name>_EST_isIdle</name>
         <value>0x3fcd6b</value>
      </symbol>
      <symbol id="sm-664">
         <name>_EST_isLockRotor</name>
         <value>0x3fcd64</value>
      </symbol>
      <symbol id="sm-666">
         <name>_EST_isMotorIdentified</name>
         <value>0x3fc05e</value>
      </symbol>
      <symbol id="sm-668">
         <name>_EST_isOnLine</name>
         <value>0x3fcd5d</value>
      </symbol>
      <symbol id="sm-66a">
         <name>_EST_resetCounter_ctrl</name>
         <value>0x3fc5ed</value>
      </symbol>
      <symbol id="sm-66c">
         <name>_EST_resetCounter_state</name>
         <value>0x3fc05a</value>
      </symbol>
      <symbol id="sm-66e">
         <name>_EST_run</name>
         <value>0x3fcc60</value>
      </symbol>
      <symbol id="sm-670">
         <name>_EST_setDir_qFmt</name>
         <value>0x3fc5da</value>
      </symbol>
      <symbol id="sm-672">
         <name>_EST_setFe_neg_max_pu</name>
         <value>0x3fc5cd</value>
      </symbol>
      <symbol id="sm-674">
         <name>_EST_setFe_pos_min_pu</name>
         <value>0x3fc5c9</value>
      </symbol>
      <symbol id="sm-676">
         <name>_EST_setFlag_enableFluxControl</name>
         <value>0x3fc5c5</value>
      </symbol>
      <symbol id="sm-678">
         <name>_EST_setFlag_enableForceAngle</name>
         <value>0x3fc5c0</value>
      </symbol>
      <symbol id="sm-67a">
         <name>_EST_setFlag_enableRsOnLine</name>
         <value>0x3fc5bc</value>
      </symbol>
      <symbol id="sm-67c">
         <name>_EST_setFlag_enableRsRecalc</name>
         <value>0x3fc5b8</value>
      </symbol>
      <symbol id="sm-67e">
         <name>_EST_setFlag_estComplete</name>
         <value>0x3fc5b4</value>
      </symbol>
      <symbol id="sm-680">
         <name>_EST_setFlag_updateRs</name>
         <value>0x3fc5b0</value>
      </symbol>
      <symbol id="sm-682">
         <name>_EST_setFullScaleCurrent</name>
         <value>0x3fc594</value>
      </symbol>
      <symbol id="sm-684">
         <name>_EST_setFullScaleFreq</name>
         <value>0x3fc58b</value>
      </symbol>
      <symbol id="sm-686">
         <name>_EST_setFullScaleResistance</name>
         <value>0x3fc573</value>
      </symbol>
      <symbol id="sm-688">
         <name>_EST_setFullScaleVoltage</name>
         <value>0x3fc56f</value>
      </symbol>
      <symbol id="sm-68a">
         <name>_EST_setIdRated_pu</name>
         <value>0x3fc569</value>
      </symbol>
      <symbol id="sm-68c">
         <name>_EST_setId_ref_pu</name>
         <value>0x3fc565</value>
      </symbol>
      <symbol id="sm-68e">
         <name>_EST_setIdle</name>
         <value>0x3fc55f</value>
      </symbol>
      <symbol id="sm-690">
         <name>_EST_setIdle_all</name>
         <value>0x3fc54c</value>
      </symbol>
      <symbol id="sm-692">
         <name>_EST_setIq_ref_pu</name>
         <value>0x3fc548</value>
      </symbol>
      <symbol id="sm-694">
         <name>_EST_setLs_d_pu</name>
         <value>0x3fc52a</value>
      </symbol>
      <symbol id="sm-696">
         <name>_EST_setLs_qFmt</name>
         <value>0x3fc4d6</value>
      </symbol>
      <symbol id="sm-698">
         <name>_EST_setLs_q_pu</name>
         <value>0x3fc4cc</value>
      </symbol>
      <symbol id="sm-69a">
         <name>_EST_setMaxCurrentSlope_pu</name>
         <value>0x3fc4c0</value>
      </symbol>
      <symbol id="sm-69c">
         <name>_EST_setMotorParams</name>
         <value>0x3fc4bb</value>
      </symbol>
      <symbol id="sm-69e">
         <name>_EST_setRs_pu</name>
         <value>0x3fc3fd</value>
      </symbol>
      <symbol id="sm-6a0">
         <name>_EST_setWaitTimes</name>
         <value>0x3fc3e2</value>
      </symbol>
      <symbol id="sm-6a2">
         <name>_EST_updateId_ref_pu</name>
         <value>0x3fc3da</value>
      </symbol>
      <symbol id="sm-6a4">
         <name>_EST_updateState</name>
         <value>0x3fc0f8</value>
      </symbol>
      <symbol id="sm-6a6">
         <name>_EST_useZeroIq_ref</name>
         <value>0x3fc002</value>
      </symbol>
      <symbol id="sm-6a8">
         <name>__IQ24cosPU</name>
         <value>0x3ff854</value>
      </symbol>
      <symbol id="sm-6aa">
         <name>__IQ24rmpy</name>
         <value>0x3fff8f</value>
      </symbol>
      <symbol id="sm-6ac">
         <name>__IQ24sinPU</name>
         <value>0x3ff82b</value>
      </symbol>
      <symbol id="sm-6ae">
         <name>__IQ24sqrt</name>
         <value>0x3ff2aa</value>
      </symbol>
      <symbol id="sm-6b0">
         <name>__IQ29rsmpy</name>
         <value>0x3ff87b</value>
      </symbol>
      <symbol id="sm-6b2">
         <name>__IQ30rsmpy</name>
         <value>0x3fff52</value>
      </symbol>
      <symbol id="sm-6b4">
         <name>__IQ30toF</name>
         <value>0x3fff7b</value>
      </symbol>
      <symbol id="sm-6c2">
         <name>__unlock</name>
         <value>0x3de</value>
         <object_component_ref idref="oc-cf"/>
      </symbol>
      <symbol id="sm-6c3">
         <name>__lock</name>
         <value>0x3e0</value>
         <object_component_ref idref="oc-cf"/>
      </symbol>
      <symbol id="sm-6c4">
         <name>__register_lock</name>
         <value>0x3f4300</value>
         <object_component_ref idref="oc-e9"/>
      </symbol>
      <symbol id="sm-6c5">
         <name>__nop</name>
         <value>0x3f4304</value>
         <object_component_ref idref="oc-e9"/>
      </symbol>
      <symbol id="sm-6c6">
         <name>__register_unlock</name>
         <value>0x3f42fc</value>
         <object_component_ref idref="oc-e9"/>
      </symbol>
      <symbol id="sm-6da">
         <name>_c_int00</name>
         <value>0x3f4144</value>
         <object_component_ref idref="oc-16"/>
      </symbol>
      <symbol id="sm-6db">
         <name>__stack</name>
         <value>0x8980</value>
         <object_component_ref idref="oc-d3"/>
      </symbol>
      <symbol id="sm-6e7">
         <name>__args_main</name>
         <value>0x3f42ba</value>
         <object_component_ref idref="oc-e2"/>
      </symbol>
      <symbol id="sm-6e8">
         <name>__TI_args_main</name>
         <value>0x1</value>
      </symbol>
      <symbol id="sm-6f9">
         <name>C$$EXIT</name>
         <value>0x3f42d3</value>
         <object_component_ref idref="oc-e3"/>
      </symbol>
      <symbol id="sm-6fa">
         <name>_exit</name>
         <value>0x3f42d5</value>
         <object_component_ref idref="oc-e3"/>
      </symbol>
      <symbol id="sm-6fb">
         <name>___TI_cleanup_ptr</name>
         <value>0x3e2</value>
         <object_component_ref idref="oc-de"/>
      </symbol>
      <symbol id="sm-6fc">
         <name>_abort</name>
         <value>0x3f42d3</value>
         <object_component_ref idref="oc-e3"/>
      </symbol>
      <symbol id="sm-6fd">
         <name>___TI_dtors_ptr</name>
         <value>0x3e4</value>
         <object_component_ref idref="oc-de"/>
      </symbol>
      <symbol id="sm-6ff">
         <name>_log</name>
         <value>0x3fda88</value>
      </symbol>
      <symbol id="sm-701">
         <name>_modf</name>
         <value>0x3fde82</value>
      </symbol>
      <symbol id="sm-703">
         <name>_pow</name>
         <value>0x3fdd64</value>
      </symbol>
   </symbol_table>
   <title>Link successful</title>
</link_info>
