******************************************************************************
             TMS320C2000 Linker PC v6.2.5                      
******************************************************************************
>> Linked Sat Sep 16 15:51:26 2017

OUTPUT FILE NAME:   <proj_lab05b.out>
ENTRY POINT SYMBOL: "_c_int00"  address: 003f3f60


MEMORY CONFIGURATION

         name            origin    length      used     unused   attr    fill
----------------------  --------  ---------  --------  --------  ----  --------
PAGE 0:
  P_RAML0               00008000   00000980  00000637  00000349  RWIX
  OTP                   003d7800   00000400  00000000  00000400  RWIX
  FLASHB_D              003f0000   00006000  00004882  0000177e  RWIX
  D_FLASHA              003f6000   00001f80  00000288  00001cf8  RWIX
  CSM_RSVD              003f7f80   00000076  00000000  00000076  RWIX
  BEGIN                 003f7ff6   00000002  00000002  00000000  RWIX
  CSM_PWL_P0            003f7ff8   00000008  00000000  00000008  RWIX
  IQTABLES              003fe000   00000b50  00000000  00000b50  RWIX
  IQTABLES2             003feb50   0000008c  00000000  0000008c  RWIX
  IQTABLES3             003febdc   000000aa  00000000  000000aa  RWIX
  ROM                   003ff27c   00000d44  00000000  00000d44  RWIX
  RESET                 003fffc0   00000002  00000000  00000002  RWIX
  VECTORS               003fffc2   0000003e  00000000  0000003e  RWIX

PAGE 1:
  RAMM0_M1              00000000   00000600  0000050e  000000f2  RWIX
  D_RAML0               00008980   00000680  00000200  00000480  RWIX


SECTION ALLOCATION MAP

 output                                  attributes/
section   page    origin      length       input sections
--------  ----  ----------  ----------   ----------------
.pinit     0    003f0000    00000000     UNINITIALIZED

.text      0    003f0000    0000412e     
                  003f0000    00000e94     fast_public.lib : ctrl_priv.obj (.text)
                  003f0e94    00000adc     user.obj (.text)
                  003f1970    00000976     hal.obj (.text)
                  003f22e6    000004f5     ldc1612.obj (.text)
                  003f27db    00000445     ctrl.obj (.text)
                  003f2c20    00000353     proj_lab05b.obj (.text)
                  003f2f73    000002f1     pwm.obj (.text)
                  003f3264    000001f8     adc.obj (.text)
                  003f345c    00000196     mb.obj (.text)
                  003f35f2    00000168     gpio.obj (.text)
                  003f375a    00000135     pca9555.obj (.text)
                  003f388f    0000012b     clk.obj (.text)
                  003f39ba    0000010e     pie.obj (.text)
                  003f3ac8    000000ef     sci.obj (.text)
                  003f3bb7    000000d7     i2c.obj (.text)
                  003f3c8e    000000a9     spi.obj (.text)
                  003f3d37    0000008d     process_ctrl.obj (.text)
                  003f3dc4    0000006f     proj_lab05b.obj (.text:retain)
                  003f3e33    0000005b     pll.obj (.text)
                  003f3e8e    00000047     pwr.obj (.text)
                  003f3ed5    00000046     wdog.obj (.text)
                  003f3f1b    00000045     offset.obj (.text)
                  003f3f60    00000044     rts2800_ml.lib : boot.obj (.text)
                  003f3fa4    00000035     timer.obj (.text)
                  003f3fd9    0000002d     osc.obj (.text)
                  003f4006    0000002a     rts2800_ml.lib : l_div.obj (.text)
                  003f4030    00000027     cpu.obj (.text)
                  003f4057    00000021     filter_fo.obj (.text)
                  003f4078    00000021     rts2800_ml.lib : fs_toul.obj (.text)
                  003f4099    00000020     flash.obj (.text)
                  003f40b9    0000001d     rts2800_ml.lib : fs_tou.obj (.text)
                  003f40d6    00000019                    : args_main.obj (.text)
                  003f40ef    00000019                    : exit.obj (.text)
                  003f4108    00000010     memCopy.obj (.text)
                  003f4118    00000009     rts2800_ml.lib : _lock.obj (.text)
                  003f4121    00000008     CodeStartBranch.obj (.text)
                  003f4129    00000005     pie.obj (.text:retain)

ramfuncs   0    003f412e    00000637     RUN ADDR = 00008000
                  003f412e    0000051c     ctrl.obj (ramfuncs)
                  003f464a    000000c7     proj_lab05b.obj (ramfuncs:retain)
                  003f4711    00000032     flash.obj (ramfuncs)
                  003f4743    0000001e     hal.obj (ramfuncs)
                  003f4761    00000004     usDelay.obj (ramfuncs)

.cinit     0    003f4765    0000011d     
                  003f4765    0000009d     proj_lab05b.obj (.cinit)
                  003f4802    0000005b     user.obj (.cinit)
                  003f485d    0000000f     ldc1612.obj (.cinit)
                  003f486c    0000000a     rts2800_ml.lib : _lock.obj (.cinit)
                  003f4876    0000000a                    : exit.obj (.cinit)
                  003f4880    00000002     --HOLE-- [fill = 0]

.econst    0    003f6000    00000288     
                  003f6000    00000100     mb.obj (.econst:.string:_aucCRCHi)
                  003f6100    00000100     mb.obj (.econst:.string:_aucCRCLo)
                  003f6200    0000005c     fast_public.lib : ctrl_priv.obj (.econst)
                  003f625c    0000001c     ctrl.obj (.econst)
                  003f6278    00000008     user.obj (.econst)
                  003f6280    00000004     hal.obj (.econst)
                  003f6284    00000004     proj_lab05b.obj (.econst)

codestart 
*          0    003f7ff6    00000002     
                  003f7ff6    00000002     CodeStartBranch.obj (codestart)

.reset     0    003fffc0    00000002     DSECT
                  003fffc0    00000002     rts2800_ml.lib : boot.obj (.reset)

vectors    0    003fffc2    00000000     DSECT

.ebss      1    00000000    00000458     UNINITIALIZED
                  00000000    000003c8     proj_lab05b.obj (.ebss)
                  000003c8    00000008     ldc1612.obj (.ebss)
                  000003d0    00000004     mb.obj (.ebss)
                  000003d4    00000004     rts2800_ml.lib : _lock.obj (.ebss)
                  000003d8    00000004                    : exit.obj (.ebss)
                  000003dc    00000002     pca9555.obj (.ebss)
                  000003de    00000001     cpu.obj (.ebss)
                  000003df    00000001     oled.obj (.ebss)
                  000003e0    00000020     --HOLE--
                  00000400    00000058     user.obj (.ebss)

rom_accessed_data 
*          1    00000480    000000b6     UNINITIALIZED
                  00000480    000000b6     hal.obj (rom_accessed_data)

.stack     1    00008980    00000200     UNINITIALIZED
                  00008980    00000200     --HOLE--


GLOBAL DATA SYMBOLS: SORTED BY DATA PAGE

address     data page           name
--------    ----------------    ----
00000000       0 (00000000)     _Flag_Latch_softwareUpdate
00000001       0 (00000000)     _gCounter_updateGlobals
00000002       0 (00000000)     _gLEDcnt
00000003       0 (00000000)     _rdataA
00000006       0 (00000000)     _gTorque_Ls_Id_Iq_pu_to_Nm_sf
00000008       0 (00000000)     _gTorque_Flux_Iq_pu_to_Nm_sf
0000000a       0 (00000000)     _gFlux_pu_to_Wb_sf
0000000c       0 (00000000)     _proctrlHandle
0000000e       0 (00000000)     _MyMBhandle
00000010       0 (00000000)     _ctrlHandle
00000012       0 (00000000)     _halHandle
00000014       0 (00000000)     _sdataA
00000016       0 (00000000)     _gFlux_pu_to_VpHz_sf
00000018       0 (00000000)     _DispData
0000001a       0 (00000000)     _gMaxCurrentSlope
0000001c       0 (00000000)     _gPwmData
00000022       0 (00000000)     _gAdcData

00000040       1 (00000040)     _My_ModBus

00000080       2 (00000080)     _gMotorVars

00000100       4 (00000100)     _gUserParams

000001c0       7 (000001c0)     _MyProcessCtrl

000002c0       b (000002c0)     _ctrl

000003d4       f (000003c0)     __unlock
000003d6       f (000003c0)     __lock
000003d8       f (000003c0)     ___TI_cleanup_ptr
000003da       f (000003c0)     ___TI_dtors_ptr
000003de       f (000003c0)     _cpu

00000400      10 (00000400)     _MOTOR_DATA

00000480      12 (00000480)     _hal

00008980     226 (00008980)     __stack

003f6000    fd80 (003f6000)     _aucCRCHi

003f6100    fd84 (003f6100)     _aucCRCLo


GLOBAL SYMBOLS: SORTED ALPHABETICALLY BY Name 

address    name
--------   ----
003f0000   .text
003f40ef   C$$EXIT
003fdc5e   FD$$MPY
003fdf7b   FD$$TOL
003fdeb8   FS$$ADD
003fdf2b   FS$$CMP
003fdce1   FS$$DIV
003fdde7   FS$$MPY
003fff4d   FS$$NEG
003fdfb7   FS$$TOFD
003fff0e   FS$$TOI
003f40b9   FS$$TOU
003f4078   FS$$TOUL
003fff33   I$$TOFS
003f4006   L$$DIV
003f4015   L$$MOD
003ff8bd   U$$TOFS
003f4023   UL$$DIV
003f402a   UL$$MOD
003ff8aa   UL$$TOFS
003f3451   _ADC_disable
003f3446   _ADC_disableBandGap
003f342b   _ADC_disableInt
003f3420   _ADC_disableNoOverlapMode
003f3415   _ADC_disableRefBuffers
003f340a   _ADC_disableVoltRefLoConv
003f33ff   _ADC_enable
003f33f4   _ADC_enableBandGap
003f33dd   _ADC_enableInt
003f33d2   _ADC_enableNoOverlapMode
003f33c7   _ADC_enableRefBuffers
003f33bc   _ADC_enableVoltRefLoConv
003f33b7   _ADC_getDivideSelect
003f33b0   _ADC_init
003f33a5   _ADC_powerDown
003f339a   _ADC_powerUp
003f338f   _ADC_reset
003f337d   _ADC_setDivideSelect
003f3360   _ADC_setIntMode
003f334e   _ADC_setIntPulseGenMode
003f3331   _ADC_setIntSrc
003f332a   _ADC_setOffTrim
003f3312   _ADC_setSampleMode
003f32fd   _ADC_setSampleOverlapMode
003f32ea   _ADC_setSocChanNumber
003f32e0   _ADC_setSocFrc
003f32d9   _ADC_setSocFrcWord
003f32c6   _ADC_setSocSampleDelay
003f32b3   _ADC_setSocTrigSrc
003f32a1   _ADC_setTempSensorSrc
003f328f   _ADC_setVoltRefSrc
003f3264   _ADC_setupSocTrigSrc
003f39b3   _CLK_disableAdcClock
003f39ad   _CLK_disableClkIn
003f39a9   _CLK_disableCompClock
003f39a2   _CLK_disableCpuTimerClock
003f399c   _CLK_disableCrystalOsc
003f3995   _CLK_disableEcap1Clock
003f398e   _CLK_disableGpioInputClock
003f3987   _CLK_disableHrPwmClock
003f3980   _CLK_disableI2cClock
003f397a   _CLK_disableOsc1
003f3974   _CLK_disableOsc1HaltMode
003f396e   _CLK_disableOsc2
003f3968   _CLK_disableOsc2HaltMode
003f395e   _CLK_disablePwmClock
003f3957   _CLK_disableSciaClock
003f3950   _CLK_disableSpiaClock
003f3949   _CLK_disableTbClockSync
003f3943   _CLK_disableWatchDogHaltMode
003f393c   _CLK_enableAdcClock
003f3936   _CLK_enableClkIn
003f3930   _CLK_enableCompClock
003f392a   _CLK_enableCpuTimerClock
003f3924   _CLK_enableCrystalOsc
003f391d   _CLK_enableEcap1Clock
003f3916   _CLK_enableGpioInputClock
003f390f   _CLK_enableHrPwmClock
003f3908   _CLK_enableI2cClock
003f3902   _CLK_enableOsc1
003f38fc   _CLK_enableOsc1HaltMode
003f38f6   _CLK_enableOsc2
003f38f0   _CLK_enableOsc2HaltMode
003f38e7   _CLK_enablePwmClock
003f38e0   _CLK_enableSciaClock
003f38d9   _CLK_enableSpiaClock
003f38d2   _CLK_enableTbClockSync
003f38cc   _CLK_enableWatchDogHaltMode
003f38c6   _CLK_init
003f38bf   _CLK_setClkOutPreScaler
003f38b9   _CLK_setLowSpdPreScaler
003f38b2   _CLK_setOsc2Src
003f38ab   _CLK_setOscSrc
003f38a4   _CLK_setTimer2PreScale
003f389d   _CLK_setTimer2Src
003f3896   _CLK_setWatchDogSrc
003f388f   _CLK_setXClkInSrc
003f4054   _CPU_clearIntFlags
003f4051   _CPU_disableDebugInt
003f404e   _CPU_disableGlobalInts
003f4049   _CPU_disableInt
003f4046   _CPU_disableInts
003f4043   _CPU_disableProtectedRegisterWrite
003f4040   _CPU_enableDebugInt
003f403d   _CPU_enableGlobalInts
003f4039   _CPU_enableInt
003f4036   _CPU_enableProtectedRegisterWrite
003f4030   _CPU_init
003f2be4   _CTRL_getGains
003f2bdc   _CTRL_getIab_filt_pu
003f2bd4   _CTRL_getIab_in_pu
003f2bcc   _CTRL_getIdq_in_pu
003f2bc4   _CTRL_getIdq_ref_pu
003f2c1d   _CTRL_getMagCurrent_pu
003f2c1a   _CTRL_getMaximumSpeed_pu
003f2bbc   _CTRL_getVab_in_pu
003f2bb4   _CTRL_getVab_out_pu
003f2bac   _CTRL_getVdq_out_pu
003f0e8a   _CTRL_getVersion
003f2ba3   _CTRL_getWaitTimes
003fd88b   _CTRL_initCtrl
0000800a   _CTRL_run
003f0dbe   _CTRL_runTraj
003f0658   _CTRL_setEstParams
003f293b   _CTRL_setGains
003f2c14   _CTRL_setMagCurrent_pu
003f2c17   _CTRL_setMaximumSpeed_pu
003f2963   _CTRL_setParams
003f2928   _CTRL_setSpd_ref_krpm
003f2925   _CTRL_setSpd_ref_pu
003f0525   _CTRL_setUserMotorParams
003f291c   _CTRL_setWaitTimes
00008000   _CTRL_setup
003f2900   _CTRL_setupClarke_I
003f28ea   _CTRL_setupClarke_V
003f033d   _CTRL_setupCtrl
003f019f   _CTRL_setupEstIdleState
003f0164   _CTRL_setupEstOnLineState
003f0000   _CTRL_setupTraj
003f288d   _CTRL_setup_user
003f27db   _CTRL_updateState
00000018   _DispData
003fd9e5   _EST_Angle_setParams
003fd922   _EST_Dir_setParams
003fd1e8   _EST_EPL_setParams
003fd9b0   _EST_Flux_ab_setParams
003fd514   _EST_Flux_computeOneOverFlux_qFmt
003fda3b   _EST_Flux_dq_setParams
003fd49c   _EST_Flux_getRatedFlux_pu
003fd42e   _EST_Flux_setParams
003fd41e   _EST_Flux_setWaitTimes
003fd95c   _EST_Freq_setParams
003fd1be   _EST_I_setParams
003fd9cc   _EST_Iab_setParams
003fda1e   _EST_Idq_setParams
003fd3a8   _EST_Ls_getLs_d
003fd2b6   _EST_Ls_setLs_d
003fd284   _EST_Ls_setLs_q
003fd247   _EST_Ls_setParams
003fd237   _EST_Ls_setWaitTimes
003fda0d   _EST_OneOverDcBus_setParams
003fd7e9   _EST_Rr_setParams
003fd788   _EST_Rr_setRr
003fd57d   _EST_RsOnLine_setFilterParams
003fd54d   _EST_RsOnLine_setParams
003fd767   _EST_Rs_getRs
003fd725   _EST_Rs_setParams
003fd6c3   _EST_Rs_setRs
003fd6b3   _EST_Rs_setWaitTimes
003fd1af   _EST_TRAJ_setParams
003fda53   _EST_Vab_setParams
003fda47   _EST_Vback_ab_setParams
003fda5e   _EST_Vback_dq_setParams
003fd9fb   _EST_Vdq_setParams
003fc092   _EST_computeDirection_qFmt
003fd16d   _EST_computeL
003fd14d   _EST_computeR
003fd145   _EST_doCurrentCtrl
003fd13d   _EST_doSpeedCtrl
003fc5f2   _EST_getAngle_pu
003fd0a3   _EST_getFlux_VpHz
003fd090   _EST_getFlux_pu
003fd073   _EST_getFm_pu
003fc062   _EST_getFullScaleCurrent
003fd043   _EST_getFullScaleFlux
003fcc5c   _EST_getFullScaleFreq
003fc4d1   _EST_getFullScaleInductance
003fc08e   _EST_getFullScaleVoltage
003fd017   _EST_getIdRated
003fcfe4   _EST_getLs_coarse_max_pu
003fcfda   _EST_getLs_d_H
003fcfd5   _EST_getLs_d_pu
003fcfb3   _EST_getLs_q_H
003fcfae   _EST_getLs_q_pu
003fcfa2   _EST_getMaxCurrentSlope_pu
003fcf98   _EST_getOneOverDcBus_pu
003fcf92   _EST_getRr_Ohm
003fcef8   _EST_getRs_Ohm
003fceab   _EST_getSpeed_krpm
003fc000   _EST_getState
003fce3d   _EST_get_krpm_to_pu_sf
003fce38   _EST_get_pu_to_krpm_sf
003fcd72   _EST_isError
003fcd6b   _EST_isIdle
003fcd64   _EST_isLockRotor
003fc05e   _EST_isMotorIdentified
003fcd5d   _EST_isOnLine
003fc5ed   _EST_resetCounter_ctrl
003fc05a   _EST_resetCounter_state
003fcc60   _EST_run
003fc5c5   _EST_setFlag_enableFluxControl
003fc5c0   _EST_setFlag_enableForceAngle
003fc5bc   _EST_setFlag_enableRsOnLine
003fc5b8   _EST_setFlag_enableRsRecalc
003fc5b4   _EST_setFlag_estComplete
003fc5b0   _EST_setFlag_updateRs
003fc594   _EST_setFullScaleCurrent
003fc58b   _EST_setFullScaleFreq
003fc573   _EST_setFullScaleResistance
003fc56f   _EST_setFullScaleVoltage
003fc569   _EST_setIdRated_pu
003fc565   _EST_setId_ref_pu
003fc55f   _EST_setIdle
003fc54c   _EST_setIdle_all
003fc548   _EST_setIq_ref_pu
003fc52a   _EST_setLs_d_pu
003fc4d6   _EST_setLs_qFmt
003fc4cc   _EST_setLs_q_pu
003fc4c0   _EST_setMaxCurrentSlope_pu
003fc4bb   _EST_setMotorParams
003fc3fd   _EST_setRs_pu
003fc3e2   _EST_setWaitTimes
003fc3da   _EST_updateId_ref_pu
003fc0f8   _EST_updateState
003fc002   _EST_useZeroIq_ref
003f4075   _FILTER_FO_getDenCoeffs
003f406e   _FILTER_FO_getInitialConditions
003f4068   _FILTER_FO_getNumCoeffs
003f4062   _FILTER_FO_init
003f4060   _FILTER_FO_setDenCoeffs
003f405b   _FILTER_FO_setInitialConditions
003f4057   _FILTER_FO_setNumCoeffs
003f40b3   _FLASH_clear3VStatus
0000860f   _FLASH_disablePipelineMode
00008609   _FLASH_enablePipelineMode
003f40b0   _FLASH_get3VStatus
003f40ad   _FLASH_getActiveWaitCount
003f40a9   _FLASH_getActiveWaitStatus
003f40a6   _FLASH_getPowerMode
003f40a3   _FLASH_getStandbyWaitCount
003f409f   _FLASH_getStandbyWaitStatus
003f4099   _FLASH_init
00008604   _FLASH_setActiveWaitCount
000085fd   _FLASH_setNumPagedReadWaitStates
000085f6   _FLASH_setNumRandomReadWaitStates
000085ef   _FLASH_setOtpWaitStates
000085e8   _FLASH_setPowerMode
000085e3   _FLASH_setStandbyWaitCount
00000000   _Flag_Latch_softwareUpdate
003f374a   _GPIO_getData
003f3743   _GPIO_getPortData
003f373d   _GPIO_init
003f3733   _GPIO_lpmSelect
003f370d   _GPIO_read
003f36f2   _GPIO_setDirection
003f36e7   _GPIO_setExtInt
003f36d4   _GPIO_setHigh
003f36c1   _GPIO_setLow
003f3690   _GPIO_setMode
003f3684   _GPIO_setPortData
003f3669   _GPIO_setPullUp
003f3630   _GPIO_setQualification
003f3605   _GPIO_setQualificationPeriod
003f35f2   _GPIO_toggle
003f1d78   _HAL_AdcCalChanSelect
003f1dcf   _HAL_AdcCalConversion
003f1f27   _HAL_AdcOffsetSelfCal
003f1f56   _HAL_GetBoardNum
003f2050   _HAL_OscTempComp
003f20a3   _HAL_cal
003f22e2   _HAL_disableGlobalInts
003f21d3   _HAL_disableWdog
003f22d1   _HAL_enableAdcInts
003f22cd   _HAL_enableDebugInt
003f22c9   _HAL_enableGlobalInts
003f22b8   _HAL_enablePwmInt
003f229b   _HAL_enableSciaInt
003f2289   _HAL_enableTimer1Int
003f1fbe   _HAL_getOscTrimValue
003f21d8   _HAL_init
003f1fd2   _HAL_osc1Comp
003f2011   _HAL_osc2Comp
003f21be   _HAL_setDacParameters
003f20bd   _HAL_setParams
003f1c82   _HAL_setupAdcs
003f1c66   _HAL_setupClks
003f1c4a   _HAL_setupFaults
00008615   _HAL_setupFlash
003f1bac   _HAL_setupGpios
003f1b90   _HAL_setupI2cs
003f1b5b   _HAL_setupPeripheralClks
003f1b3f   _HAL_setupPie
003f1b01   _HAL_setupPll
003f1a39   _HAL_setupPwms
003f19f7   _HAL_setupScia
003f19c1   _HAL_setupSpiA
003f1970   _HAL_setupTimers
003f3c06   _I2C_MasterControl
003f3c48   _I2C_RdData
003f3c3a   _I2C_SendData
003f3c0b   _I2C_WrData
003f3c02   _I2C_clearRxFifoInt
003f3bfe   _I2C_clearTxFifoInt
003f3bfa   _I2C_disable
003f3bf6   _I2C_disableFifo
003f3bf3   _I2C_disableInt
003f3bef   _I2C_enable
003f3beb   _I2C_enableFifo
003f3be9   _I2C_enableInt
003f3be7   _I2C_getData
003f3be4   _I2C_getIntSource
003f3be2   _I2C_getStatus
003f3bdc   _I2C_init
003f3bd8   _I2C_isMasterBusy
003f3bd5   _I2C_putData
003f3bd1   _I2C_resetRxFifo
003f3bcd   _I2C_resetTxFifo
003f3bc9   _I2C_setMaster
003f3bc7   _I2C_setMasterSlaveAddr
003f3bbe   _I2C_setSlave
003f3bc2   _I2C_setSlaveAddress
003f3bb7   _I2C_setupClock
003f26d0   _I2C_unlockBus
003f27c9   _LDC1612_init
003f272d   _LDC161xReg_ReConfig
003f27c3   _LDC161xReg_init
003f2749   _LDC161x_KalmanFilter
003f2727   _LDC161x_Kalman_init
003f26f0   _LDC161x_ReFilter
003f26ca   _LDC161x_ResetSensor
003f26bb   _LDC161x_getChData
003f2422   _LDC161x_getClkDivs
003f23d3   _LDC161x_getConfig
003f269c   _LDC161x_getMuxConfig
003f23ab   _LDC161x_getOffset
003f2383   _LDC161x_getRcount
003f22e6   _LDC161x_getSettleCnt
003f266d   _LDC161x_readChData
003f264d   _LDC161x_readClkDivs
003f2643   _LDC161x_readConfig
003f2639   _LDC161x_readErrors
003f2522   _LDC161x_readI2c
003f2619   _LDC161x_readOffset
003f25f9   _LDC161x_readRcount
003f25d9   _LDC161x_readSettleCnt
003f25cf   _LDC161x_readStatus
003f251e   _LDC161x_setChData_LSB
003f250e   _LDC161x_setChData_MSB
003f2503   _LDC161x_setClkDivs
003f24df   _LDC161x_setConfig
003f24af   _LDC161x_setErrors
003f24ad   _LDC161x_setGpioHandle
003f24ab   _LDC161x_setI2cHandle
003f2493   _LDC161x_setMuxConfig
003f248f   _LDC161x_setOffset
003f248b   _LDC161x_setRcount
003f2485   _LDC161x_setSettleCnt
003f2450   _LDC161x_setStatus
003f242f   _LDC161x_writeClkDivs
003f2412   _LDC161x_writeConfig
003f22ee   _LDC161x_writeI2c
003f2402   _LDC161x_writeMuxConfig
003f23b2   _LDC161x_writeOffset
003f238a   _LDC161x_writeRcount
003f2362   _LDC161x_writeSettleCnt
003f34c8   _MB_CRC16
003f359c   _MB_FuncReadHoldingRegister
003f359b   _MB_FuncWriteHoldingRegister
003f35b1   _MB_Poll
003f358e   _MB_PortEventGet
003f358b   _MB_PortEventInit
003f3468   _MB_PortEventPost
003f346e   _MB_PortSerialEnable
003f3530   _MB_PortSerialGetByte
003f3487   _MB_PortSerialPutByte
003f34b3   _MB_PortTimersDisable
003f3539   _MB_PortTimersEnable
003f3579   _MB_RTUReceive
003f3546   _MB_RTUReceiveFSM
003f34ea   _MB_RTUSend
003f34b7   _MB_RTUTimerFSM
003f348c   _MB_RTUTransmitFSM
003f3462   _MB_init
003f3460   _MB_setGpioHandle
003f345e   _MB_setSciHandle
003f345c   _MB_setTimHandle
00000400   _MOTOR_DATA
0000000e   _MyMBhandle
000001c0   _MyProcessCtrl
00000040   _My_ModBus
003f3f53   _OFFSET_getBeta
003f3f42   _OFFSET_init
003f3f2c   _OFFSET_setBeta
003f3f1d   _OFFSET_setInitCond
003f3f1b   _OFFSET_setOffset
003f4000   _OSC_init
003f3ff3   _OSC_setCoarseTrim
003f3fe2   _OSC_setFineTrim
003f3fd9   _OSC_setTrim
003f3887   _PCA955x_Configure
003f384b   _PCA955x_GetStatus
003f3840   _PCA955x_Init
003f37b7   _PCA955x_RdData
003f383d   _PCA955x_ReadStatus
003f375c   _PCA955x_WrData
003f37af   _PCA955x_WriteCommand
003f375a   _PCA955x_setI2cHandle
003f3abe   _PIE_clearAllFlags
003f3abb   _PIE_clearAllInts
003f3ab8   _PIE_disable
003f3aae   _PIE_disableAllInts
003f3aaa   _PIE_disableCaptureInt
003f3a9d   _PIE_disableExtInt
003f3a92   _PIE_disableInt
003f3a8f   _PIE_enable
003f3a73   _PIE_enableAdcInt
003f3a6f   _PIE_enableCaptureInt
003f3a4c   _PIE_enableExtInt
003f3a42   _PIE_enableInt
003f3a3d   _PIE_enablePwmInt
003f3a38   _PIE_enablePwmTzInt
003f3a35   _PIE_enableTimer0Int
003f3a2b   _PIE_forceInt
003f3a23   _PIE_getExtIntCount
003f3a1c   _PIE_getIntEnables
003f3a15   _PIE_getIntFlags
003f4129   _PIE_illegalIsr
003f3a0e   _PIE_init
003f39ff   _PIE_registerPieIntHandler
003f39f4   _PIE_registerSystemIntHandler
003f39e8   _PIE_setDefaultIntVectorTable
003f39d8   _PIE_setExtIntPolarity
003f39c7   _PIE_unregisterPieIntHandler
003f39ba   _PIE_unregisterSystemIntHandler
003f3e88   _PLL_disable
003f3e82   _PLL_disableClkDetect
003f3e7c   _PLL_disableNormRdy
003f3e76   _PLL_disableOsc
003f3e70   _PLL_enable
003f3e6a   _PLL_enableClkDetect
003f3e64   _PLL_enableNormRdy
003f3e5e   _PLL_enableOsc
003f3e5a   _PLL_getClkFreq
003f3e57   _PLL_getClkStatus
003f3e54   _PLL_getDivideSelect
003f3e51   _PLL_getLockStatus
003f3e4b   _PLL_init
003f3e45   _PLL_resetClkDetect
003f3e3f   _PLL_setClkFreq
003f3e38   _PLL_setDivideSelect
003f3e33   _PLL_setLockPeriod
003f3dbe   _PROCTRL_init
003f3dbc   _PROCTRL_setHalHandle
003f3d37   _PROCTRL_setParams
003f325e   _PWM_clearTripZone
003f325b   _PWM_decrementDeadBandFallingEdgeDelay
003f3258   _PWM_decrementDeadBandRisingEdgeDelay
003f3251   _PWM_disableAutoConvert
003f324d   _PWM_disableChopping
003f324a   _PWM_disableCounterLoad
003f3247   _PWM_disableDeadBand
003f3243   _PWM_disableDeadBandHalfCycle
003f323c   _PWM_disableDigitalCompareBlankingWindow
003f3235   _PWM_disableDigitalCompareBlankingWindowInversion
003f322e   _PWM_disableHrPeriod
003f3227   _PWM_disableHrPhaseSync
003f3223   _PWM_disableInt
003f321f   _PWM_disableSocAPulse
003f321b   _PWM_disableSocBPulse
003f3214   _PWM_disableTripZoneInt
003f320d   _PWM_disableTripZoneSrc
003f3207   _PWM_disableTripZones
003f3200   _PWM_enableAutoConvert
003f31fc   _PWM_enableChopping
003f31f9   _PWM_enableCounterLoad
003f31f5   _PWM_enableDeadBandHalfCycle
003f31ee   _PWM_enableDigitalCompareBlankingWindow
003f31e7   _PWM_enableDigitalCompareBlankingWindowInversion
003f31e0   _PWM_enableHrPeriod
003f31d9   _PWM_enableHrPhaseSync
003f31d5   _PWM_enableInt
003f31d1   _PWM_enableSocAPulse
003f31cd   _PWM_enableSocBPulse
003f31c7   _PWM_enableTripZoneInt
003f31c1   _PWM_enableTripZoneSrc
003f31be   _PWM_getDeadBandFallingEdgeDelay
003f31bb   _PWM_getDeadBandRisingEdgeDelay
003f31b7   _PWM_getIntCount
003f31b3   _PWM_getShadowStatus_CmpA
003f31af   _PWM_getShadowStatus_CmpB
003f31aa   _PWM_getSocACount
003f31a5   _PWM_getSocBCount
003f31a2   _PWM_incrementDeadBandFallingEdgeDelay
003f319f   _PWM_incrementDeadBandRisingEdgeDelay
003f3199   _PWM_init
003f3192   _PWM_setActionQualContSWForce_PwmA
003f3189   _PWM_setActionQualContSWForce_PwmB
003f3180   _PWM_setActionQual_CntDown_CmpA_PwmA
003f3177   _PWM_setActionQual_CntDown_CmpA_PwmB
003f316e   _PWM_setActionQual_CntDown_CmpB_PwmA
003f3165   _PWM_setActionQual_CntDown_CmpB_PwmB
003f315c   _PWM_setActionQual_CntUp_CmpA_PwmA
003f3153   _PWM_setActionQual_CntUp_CmpA_PwmB
003f314a   _PWM_setActionQual_CntUp_CmpB_PwmA
003f3141   _PWM_setActionQual_CntUp_CmpB_PwmB
003f3138   _PWM_setActionQual_Period_PwmA
003f312f   _PWM_setActionQual_Period_PwmB
003f3128   _PWM_setActionQual_Zero_PwmA
003f3121   _PWM_setActionQual_Zero_PwmB
003f311a   _PWM_setChoppingClkFreq
003f3113   _PWM_setChoppingDutyCycle
003f310c   _PWM_setChoppingPulseWidth
003f3108   _PWM_setClkDiv
003f3106   _PWM_setCount
003f3102   _PWM_setCounterMode
003f30ff   _PWM_setDeadBandFallingEdgeDelay
003f30f8   _PWM_setDeadBandInputMode
003f30f1   _PWM_setDeadBandOutputMode
003f30ea   _PWM_setDeadBandPolarity
003f30e7   _PWM_setDeadBandRisingEdgeDelay
003f30d0   _PWM_setDigitalCompareAEvent1
003f30c0   _PWM_setDigitalCompareAEvent2
003f30a9   _PWM_setDigitalCompareBEvent1
003f3099   _PWM_setDigitalCompareBEvent2
003f308d   _PWM_setDigitalCompareBlankingPulse
003f308a   _PWM_setDigitalCompareFilterOffset
003f3080   _PWM_setDigitalCompareFilterSource
003f307d   _PWM_setDigitalCompareFilterWindow
003f306e   _PWM_setDigitalCompareInput
003f306a   _PWM_setHighSpeedClkDiv
003f3060   _PWM_setHrControlMode
003f3056   _PWM_setHrEdgeMode
003f304c   _PWM_setHrShadowMode
003f3045   _PWM_setIntMode
003f303e   _PWM_setIntPeriod
003f303a   _PWM_setLoadMode_CmpA
003f3034   _PWM_setLoadMode_CmpB
003f3032   _PWM_setPeriod
003f302d   _PWM_setPeriodHr
003f3029   _PWM_setPeriodLoad
003f3027   _PWM_setPhase
003f3023   _PWM_setPhaseDir
003f301f   _PWM_setRunMode
003f3019   _PWM_setShadowMode_CmpA
003f3013   _PWM_setShadowMode_CmpB
003f300a   _PWM_setSocAPeriod
003f3000   _PWM_setSocAPulseSrc
003f2ff7   _PWM_setSocBPeriod
003f2fee   _PWM_setSocBPulseSrc
003f2feb   _PWM_setSwSync
003f2fe7   _PWM_setSyncMode
003f2fdd   _PWM_setTripZoneDCEventSelect_DCAEVT1
003f2fd1   _PWM_setTripZoneDCEventSelect_DCAEVT2
003f2fc5   _PWM_setTripZoneDCEventSelect_DCBEVT1
003f2fb9   _PWM_setTripZoneDCEventSelect_DCBEVT2
003f2fad   _PWM_setTripZoneState_DCAEVT1
003f2fa1   _PWM_setTripZoneState_DCAEVT2
003f2f95   _PWM_setTripZoneState_DCBEVT1
003f2f89   _PWM_setTripZoneState_DCBEVT2
003f2f7f   _PWM_setTripZoneState_TZA
003f2f73   _PWM_setTripZoneState_TZB
003f3ed2   _PWR_disableBrownOutReset
003f3ec7   _PWR_disableWatchDogInt
003f3ec4   _PWR_enableBrownOutReset
003f3eb9   _PWR_enableWatchDogInt
003f3eb2   _PWR_init
003f3ea0   _PWR_setLowPowerMode
003f3e8e   _PWR_setNumStandByClocks
003f4765   _RamfuncsLoadEnd
003f412e   _RamfuncsLoadStart
00008000   _RamfuncsRunStart
003f3bb3   _SCI_clearAutoBaudDetect
003f3baf   _SCI_clearRxFifoInt
003f3bab   _SCI_clearRxFifoOvf
003f3ba7   _SCI_clearTxFifoInt
003f3ba4   _SCI_disable
003f3ba0   _SCI_disableAutoBaudAlign
003f3b9d   _SCI_disableLoopBack
003f3b9a   _SCI_disableParity
003f3b97   _SCI_disableRx
003f3b94   _SCI_disableRxErrorInt
003f3b90   _SCI_disableRxFifoInt
003f3b8d   _SCI_disableRxInt
003f3b8a   _SCI_disableSleep
003f3b87   _SCI_disableTx
003f3b83   _SCI_disableTxFifoEnh
003f3b7f   _SCI_disableTxFifoInt
003f3b7c   _SCI_disableTxInt
003f3b79   _SCI_disableTxWake
003f3b76   _SCI_enable
003f3b72   _SCI_enableAutoBaudAlign
003f3b6e   _SCI_enableChannels
003f3b6b   _SCI_enableLoopBack
003f3b68   _SCI_enableParity
003f3b65   _SCI_enableRx
003f3b62   _SCI_enableRxErrorInt
003f3b5e   _SCI_enableRxFifo
003f3b5a   _SCI_enableRxFifoInt
003f3b57   _SCI_enableRxInt
003f3b54   _SCI_enableSleep
003f3b51   _SCI_enableTx
003f3b4d   _SCI_enableTxFifo
003f3b49   _SCI_enableTxFifoEnh
003f3b45   _SCI_enableTxFifoInt
003f3b42   _SCI_enableTxInt
003f3b3f   _SCI_enableTxWake
003f3b3b   _SCI_getDataBlocking
003f3b32   _SCI_getDataNonBlocking
003f3b2e   _SCI_getRxFifoStatus
003f3b2a   _SCI_getTxFifoStatus
003f3b24   _SCI_init
003f3b1f   _SCI_putDataBlocking
003f3b17   _SCI_putDataNonBlocking
003f3b14   _SCI_reset
003f3b0a   _SCI_resetChannels
003f3b00   _SCI_resetRxFifo
003f3af6   _SCI_resetTxFifo
003f3af0   _SCI_setBaudRate
003f3aec   _SCI_setCharLength
003f3ae8   _SCI_setMode
003f3ae4   _SCI_setNumStopBits
003f3ae0   _SCI_setParity
003f3add   _SCI_setPriority
003f3ad6   _SCI_setRxFifoIntLevel
003f3acf   _SCI_setTxDelay
003f3ac8   _SCI_setTxFifoIntLevel
003f3d33   _SPI_clearRxFifoInt
003f3d2f   _SPI_clearRxFifoOvf
003f3d2b   _SPI_clearTxFifoInt
003f3d28   _SPI_disableInt
003f3d25   _SPI_disableLoopBack
003f3d22   _SPI_disableOverRunInt
003f3d1e   _SPI_disableRxFifoInt
003f3d1b   _SPI_disableTx
003f3d17   _SPI_disableTxFifoEnh
003f3d13   _SPI_disableTxFifoInt
003f3d10   _SPI_enable
003f3d0c   _SPI_enableChannels
003f3d09   _SPI_enableInt
003f3d06   _SPI_enableLoopBack
003f3d03   _SPI_enableOverRunInt
003f3cff   _SPI_enableRxFifo
003f3cfb   _SPI_enableRxFifoInt
003f3cf8   _SPI_enableTx
003f3cf4   _SPI_enableTxFifo
003f3cf0   _SPI_enableTxFifoEnh
003f3cec   _SPI_enableTxFifoInt
003f3ce9   _SPI_getIntFlagStatus
003f3ce5   _SPI_getRxFifoStatus
003f3ce2   _SPI_getTxBufferStatus
003f3cde   _SPI_getTxFifoStatus
003f3cd8   _SPI_init
003f3cd5   _SPI_reset
003f3cd1   _SPI_resetChannels
003f3ccd   _SPI_resetRxFifo
003f3cc9   _SPI_resetTxFifo
003f3cc7   _SPI_setBaudRate
003f3cc3   _SPI_setCharLength
003f3cc1   _SPI_setClkPhase
003f3cbd   _SPI_setClkPolarity
003f3cbb   _SPI_setMode
003f3cb4   _SPI_setPriority
003f3cad   _SPI_setRxFifoIntLevel
003f3ca6   _SPI_setSteInv
003f3c9f   _SPI_setSuspend
003f3c98   _SPI_setTriWire
003f3c95   _SPI_setTxDelay
003f3c8e   _SPI_setTxFifoIntLevel
003f3fd6   _TIMER_clearFlag
003f3fd3   _TIMER_disableInt
003f3fd0   _TIMER_enableInt
003f3fcd   _TIMER_getStatus
003f3fc7   _TIMER_init
003f3fb9   _TIMER_setDecimationFactor
003f3fb5   _TIMER_setEmulationMode
003f3fa7   _TIMER_setPreScaler
003f3fa4   _TIMER_setReloadBit
003f3e15   _Timer1ISR
003f3de9   _UART_RxISR
003f3dc4   _UART_TxReadyISR
003f18c9   _USER_calcPIgains
003f18c8   _USER_checkDefErrors
003f1328   _USER_checkForErrors
003f131a   _USER_computeFlux
003f12bb   _USER_computeFlux_pu_to_VpHz_sf
003f125c   _USER_computeFlux_pu_to_Wb_sf
003f11e8   _USER_computeTorque_Flux_Iq_pu_to_Nm_sf
003f1186   _USER_computeTorque_Ls_Id_Iq_pu_to_Nm_sf
003f113a   _USER_computeTorque_Nm
003f10e3   _USER_computeTorque_lbin
003f10e0   _USER_getErrorCode
003f10dd   _USER_setErrorCode
003f10da   _USER_setMotorIDs
003f1033   _USER_setMotorParams
003f0fa7   _USER_setParams
003f0f22   _USER_setWaitTimeParams
003f0e94   _USER_softwareUpdate1p6
003f3f13   _WDOG_clearCounter
003f3f0b   _WDOG_disable
003f3f05   _WDOG_disableInt
003f3eff   _WDOG_disableOverRide
003f3ef6   _WDOG_enable
003f3ef0   _WDOG_enableInt
003f3eea   _WDOG_enableOverRide
003f3ee7   _WDOG_getIntStatus
003f3ee1   _WDOG_init
003f3edf   _WDOG_setCount
003f3ed5   _WDOG_setPreScaler
003ff854   __IQ24cosPU
003fff8f   __IQ24rmpy
003ff82b   __IQ24sinPU
003ff2aa   __IQ24sqrt
003ff87b   __IQ29rsmpy
003fff52   __IQ30rsmpy
003fff7b   __IQ30toF
00008b80   __STACK_END
00000200   __STACK_SIZE
00000001   __TI_args_main
000003d8   ___TI_cleanup_ptr
000003da   ___TI_dtors_ptr
ffffffff   ___binit__
ffffffff   ___c_args__
003f4765   ___cinit__
003f412e   ___etext__
ffffffff   ___pinit__
003f0000   ___text__
003f40d6   __args_main
000003d6   __lock
003f4120   __nop
003f411c   __register_lock
003f4118   __register_unlock
00008980   __stack
000003d4   __unlock
003f40ef   _abort
003f6000   _aucCRCHi
003f6100   _aucCRCLo
003f3f60   _c_int00
000003de   _cpu
000002c0   _ctrl
00000010   _ctrlHandle
003f40f1   _exit
00000022   _gAdcData
00000001   _gCounter_updateGlobals
00000016   _gFlux_pu_to_VpHz_sf
0000000a   _gFlux_pu_to_Wb_sf
00000002   _gLEDcnt
0000001a   _gMaxCurrentSlope
00000080   _gMotorVars
0000001c   _gPwmData
00000008   _gTorque_Flux_Iq_pu_to_Nm_sf
00000006   _gTorque_Ls_Id_Iq_pu_to_Nm_sf
00000100   _gUserParams
00000480   _hal
00000012   _halHandle
003fda88   _log
003f2cb5   _main
0000851c   _mainISR
003f4108   _memCopy
003fde82   _modf
003fdd64   _pow
0000000c   _proctrlHandle
00000003   _rdataA
00000014   _sdataA
003f2c41   _updateGlobalVariables_motor
003f2c20   _updateKpKiGains
00008633   _usDelay
ffffffff   binit
003f4765   cinit
003f7ff6   code_start
003f412e   etext
ffffffff   pinit


GLOBAL SYMBOLS: SORTED BY Symbol Address 

address    name
--------   ----
00000000   _Flag_Latch_softwareUpdate
00000001   __TI_args_main
00000001   _gCounter_updateGlobals
00000002   _gLEDcnt
00000003   _rdataA
00000006   _gTorque_Ls_Id_Iq_pu_to_Nm_sf
00000008   _gTorque_Flux_Iq_pu_to_Nm_sf
0000000a   _gFlux_pu_to_Wb_sf
0000000c   _proctrlHandle
0000000e   _MyMBhandle
00000010   _ctrlHandle
00000012   _halHandle
00000014   _sdataA
00000016   _gFlux_pu_to_VpHz_sf
00000018   _DispData
0000001a   _gMaxCurrentSlope
0000001c   _gPwmData
00000022   _gAdcData
00000040   _My_ModBus
00000080   _gMotorVars
00000100   _gUserParams
000001c0   _MyProcessCtrl
00000200   __STACK_SIZE
000002c0   _ctrl
000003d4   __unlock
000003d6   __lock
000003d8   ___TI_cleanup_ptr
000003da   ___TI_dtors_ptr
000003de   _cpu
00000400   _MOTOR_DATA
00000480   _hal
00008000   _CTRL_setup
00008000   _RamfuncsRunStart
0000800a   _CTRL_run
0000851c   _mainISR
000085e3   _FLASH_setStandbyWaitCount
000085e8   _FLASH_setPowerMode
000085ef   _FLASH_setOtpWaitStates
000085f6   _FLASH_setNumRandomReadWaitStates
000085fd   _FLASH_setNumPagedReadWaitStates
00008604   _FLASH_setActiveWaitCount
00008609   _FLASH_enablePipelineMode
0000860f   _FLASH_disablePipelineMode
00008615   _HAL_setupFlash
00008633   _usDelay
00008980   __stack
00008b80   __STACK_END
003f0000   .text
003f0000   _CTRL_setupTraj
003f0000   ___text__
003f0164   _CTRL_setupEstOnLineState
003f019f   _CTRL_setupEstIdleState
003f033d   _CTRL_setupCtrl
003f0525   _CTRL_setUserMotorParams
003f0658   _CTRL_setEstParams
003f0dbe   _CTRL_runTraj
003f0e8a   _CTRL_getVersion
003f0e94   _USER_softwareUpdate1p6
003f0f22   _USER_setWaitTimeParams
003f0fa7   _USER_setParams
003f1033   _USER_setMotorParams
003f10da   _USER_setMotorIDs
003f10dd   _USER_setErrorCode
003f10e0   _USER_getErrorCode
003f10e3   _USER_computeTorque_lbin
003f113a   _USER_computeTorque_Nm
003f1186   _USER_computeTorque_Ls_Id_Iq_pu_to_Nm_sf
003f11e8   _USER_computeTorque_Flux_Iq_pu_to_Nm_sf
003f125c   _USER_computeFlux_pu_to_Wb_sf
003f12bb   _USER_computeFlux_pu_to_VpHz_sf
003f131a   _USER_computeFlux
003f1328   _USER_checkForErrors
003f18c8   _USER_checkDefErrors
003f18c9   _USER_calcPIgains
003f1970   _HAL_setupTimers
003f19c1   _HAL_setupSpiA
003f19f7   _HAL_setupScia
003f1a39   _HAL_setupPwms
003f1b01   _HAL_setupPll
003f1b3f   _HAL_setupPie
003f1b5b   _HAL_setupPeripheralClks
003f1b90   _HAL_setupI2cs
003f1bac   _HAL_setupGpios
003f1c4a   _HAL_setupFaults
003f1c66   _HAL_setupClks
003f1c82   _HAL_setupAdcs
003f1d78   _HAL_AdcCalChanSelect
003f1dcf   _HAL_AdcCalConversion
003f1f27   _HAL_AdcOffsetSelfCal
003f1f56   _HAL_GetBoardNum
003f1fbe   _HAL_getOscTrimValue
003f1fd2   _HAL_osc1Comp
003f2011   _HAL_osc2Comp
003f2050   _HAL_OscTempComp
003f20a3   _HAL_cal
003f20bd   _HAL_setParams
003f21be   _HAL_setDacParameters
003f21d3   _HAL_disableWdog
003f21d8   _HAL_init
003f2289   _HAL_enableTimer1Int
003f229b   _HAL_enableSciaInt
003f22b8   _HAL_enablePwmInt
003f22c9   _HAL_enableGlobalInts
003f22cd   _HAL_enableDebugInt
003f22d1   _HAL_enableAdcInts
003f22e2   _HAL_disableGlobalInts
003f22e6   _LDC161x_getSettleCnt
003f22ee   _LDC161x_writeI2c
003f2362   _LDC161x_writeSettleCnt
003f2383   _LDC161x_getRcount
003f238a   _LDC161x_writeRcount
003f23ab   _LDC161x_getOffset
003f23b2   _LDC161x_writeOffset
003f23d3   _LDC161x_getConfig
003f2402   _LDC161x_writeMuxConfig
003f2412   _LDC161x_writeConfig
003f2422   _LDC161x_getClkDivs
003f242f   _LDC161x_writeClkDivs
003f2450   _LDC161x_setStatus
003f2485   _LDC161x_setSettleCnt
003f248b   _LDC161x_setRcount
003f248f   _LDC161x_setOffset
003f2493   _LDC161x_setMuxConfig
003f24ab   _LDC161x_setI2cHandle
003f24ad   _LDC161x_setGpioHandle
003f24af   _LDC161x_setErrors
003f24df   _LDC161x_setConfig
003f2503   _LDC161x_setClkDivs
003f250e   _LDC161x_setChData_MSB
003f251e   _LDC161x_setChData_LSB
003f2522   _LDC161x_readI2c
003f25cf   _LDC161x_readStatus
003f25d9   _LDC161x_readSettleCnt
003f25f9   _LDC161x_readRcount
003f2619   _LDC161x_readOffset
003f2639   _LDC161x_readErrors
003f2643   _LDC161x_readConfig
003f264d   _LDC161x_readClkDivs
003f266d   _LDC161x_readChData
003f269c   _LDC161x_getMuxConfig
003f26bb   _LDC161x_getChData
003f26ca   _LDC161x_ResetSensor
003f26d0   _I2C_unlockBus
003f26f0   _LDC161x_ReFilter
003f2727   _LDC161x_Kalman_init
003f272d   _LDC161xReg_ReConfig
003f2749   _LDC161x_KalmanFilter
003f27c3   _LDC161xReg_init
003f27c9   _LDC1612_init
003f27db   _CTRL_updateState
003f288d   _CTRL_setup_user
003f28ea   _CTRL_setupClarke_V
003f2900   _CTRL_setupClarke_I
003f291c   _CTRL_setWaitTimes
003f2925   _CTRL_setSpd_ref_pu
003f2928   _CTRL_setSpd_ref_krpm
003f293b   _CTRL_setGains
003f2963   _CTRL_setParams
003f2ba3   _CTRL_getWaitTimes
003f2bac   _CTRL_getVdq_out_pu
003f2bb4   _CTRL_getVab_out_pu
003f2bbc   _CTRL_getVab_in_pu
003f2bc4   _CTRL_getIdq_ref_pu
003f2bcc   _CTRL_getIdq_in_pu
003f2bd4   _CTRL_getIab_in_pu
003f2bdc   _CTRL_getIab_filt_pu
003f2be4   _CTRL_getGains
003f2c14   _CTRL_setMagCurrent_pu
003f2c17   _CTRL_setMaximumSpeed_pu
003f2c1a   _CTRL_getMaximumSpeed_pu
003f2c1d   _CTRL_getMagCurrent_pu
003f2c20   _updateKpKiGains
003f2c41   _updateGlobalVariables_motor
003f2cb5   _main
003f2f73   _PWM_setTripZoneState_TZB
003f2f7f   _PWM_setTripZoneState_TZA
003f2f89   _PWM_setTripZoneState_DCBEVT2
003f2f95   _PWM_setTripZoneState_DCBEVT1
003f2fa1   _PWM_setTripZoneState_DCAEVT2
003f2fad   _PWM_setTripZoneState_DCAEVT1
003f2fb9   _PWM_setTripZoneDCEventSelect_DCBEVT2
003f2fc5   _PWM_setTripZoneDCEventSelect_DCBEVT1
003f2fd1   _PWM_setTripZoneDCEventSelect_DCAEVT2
003f2fdd   _PWM_setTripZoneDCEventSelect_DCAEVT1
003f2fe7   _PWM_setSyncMode
003f2feb   _PWM_setSwSync
003f2fee   _PWM_setSocBPulseSrc
003f2ff7   _PWM_setSocBPeriod
003f3000   _PWM_setSocAPulseSrc
003f300a   _PWM_setSocAPeriod
003f3013   _PWM_setShadowMode_CmpB
003f3019   _PWM_setShadowMode_CmpA
003f301f   _PWM_setRunMode
003f3023   _PWM_setPhaseDir
003f3027   _PWM_setPhase
003f3029   _PWM_setPeriodLoad
003f302d   _PWM_setPeriodHr
003f3032   _PWM_setPeriod
003f3034   _PWM_setLoadMode_CmpB
003f303a   _PWM_setLoadMode_CmpA
003f303e   _PWM_setIntPeriod
003f3045   _PWM_setIntMode
003f304c   _PWM_setHrShadowMode
003f3056   _PWM_setHrEdgeMode
003f3060   _PWM_setHrControlMode
003f306a   _PWM_setHighSpeedClkDiv
003f306e   _PWM_setDigitalCompareInput
003f307d   _PWM_setDigitalCompareFilterWindow
003f3080   _PWM_setDigitalCompareFilterSource
003f308a   _PWM_setDigitalCompareFilterOffset
003f308d   _PWM_setDigitalCompareBlankingPulse
003f3099   _PWM_setDigitalCompareBEvent2
003f30a9   _PWM_setDigitalCompareBEvent1
003f30c0   _PWM_setDigitalCompareAEvent2
003f30d0   _PWM_setDigitalCompareAEvent1
003f30e7   _PWM_setDeadBandRisingEdgeDelay
003f30ea   _PWM_setDeadBandPolarity
003f30f1   _PWM_setDeadBandOutputMode
003f30f8   _PWM_setDeadBandInputMode
003f30ff   _PWM_setDeadBandFallingEdgeDelay
003f3102   _PWM_setCounterMode
003f3106   _PWM_setCount
003f3108   _PWM_setClkDiv
003f310c   _PWM_setChoppingPulseWidth
003f3113   _PWM_setChoppingDutyCycle
003f311a   _PWM_setChoppingClkFreq
003f3121   _PWM_setActionQual_Zero_PwmB
003f3128   _PWM_setActionQual_Zero_PwmA
003f312f   _PWM_setActionQual_Period_PwmB
003f3138   _PWM_setActionQual_Period_PwmA
003f3141   _PWM_setActionQual_CntUp_CmpB_PwmB
003f314a   _PWM_setActionQual_CntUp_CmpB_PwmA
003f3153   _PWM_setActionQual_CntUp_CmpA_PwmB
003f315c   _PWM_setActionQual_CntUp_CmpA_PwmA
003f3165   _PWM_setActionQual_CntDown_CmpB_PwmB
003f316e   _PWM_setActionQual_CntDown_CmpB_PwmA
003f3177   _PWM_setActionQual_CntDown_CmpA_PwmB
003f3180   _PWM_setActionQual_CntDown_CmpA_PwmA
003f3189   _PWM_setActionQualContSWForce_PwmB
003f3192   _PWM_setActionQualContSWForce_PwmA
003f3199   _PWM_init
003f319f   _PWM_incrementDeadBandRisingEdgeDelay
003f31a2   _PWM_incrementDeadBandFallingEdgeDelay
003f31a5   _PWM_getSocBCount
003f31aa   _PWM_getSocACount
003f31af   _PWM_getShadowStatus_CmpB
003f31b3   _PWM_getShadowStatus_CmpA
003f31b7   _PWM_getIntCount
003f31bb   _PWM_getDeadBandRisingEdgeDelay
003f31be   _PWM_getDeadBandFallingEdgeDelay
003f31c1   _PWM_enableTripZoneSrc
003f31c7   _PWM_enableTripZoneInt
003f31cd   _PWM_enableSocBPulse
003f31d1   _PWM_enableSocAPulse
003f31d5   _PWM_enableInt
003f31d9   _PWM_enableHrPhaseSync
003f31e0   _PWM_enableHrPeriod
003f31e7   _PWM_enableDigitalCompareBlankingWindowInversion
003f31ee   _PWM_enableDigitalCompareBlankingWindow
003f31f5   _PWM_enableDeadBandHalfCycle
003f31f9   _PWM_enableCounterLoad
003f31fc   _PWM_enableChopping
003f3200   _PWM_enableAutoConvert
003f3207   _PWM_disableTripZones
003f320d   _PWM_disableTripZoneSrc
003f3214   _PWM_disableTripZoneInt
003f321b   _PWM_disableSocBPulse
003f321f   _PWM_disableSocAPulse
003f3223   _PWM_disableInt
003f3227   _PWM_disableHrPhaseSync
003f322e   _PWM_disableHrPeriod
003f3235   _PWM_disableDigitalCompareBlankingWindowInversion
003f323c   _PWM_disableDigitalCompareBlankingWindow
003f3243   _PWM_disableDeadBandHalfCycle
003f3247   _PWM_disableDeadBand
003f324a   _PWM_disableCounterLoad
003f324d   _PWM_disableChopping
003f3251   _PWM_disableAutoConvert
003f3258   _PWM_decrementDeadBandRisingEdgeDelay
003f325b   _PWM_decrementDeadBandFallingEdgeDelay
003f325e   _PWM_clearTripZone
003f3264   _ADC_setupSocTrigSrc
003f328f   _ADC_setVoltRefSrc
003f32a1   _ADC_setTempSensorSrc
003f32b3   _ADC_setSocTrigSrc
003f32c6   _ADC_setSocSampleDelay
003f32d9   _ADC_setSocFrcWord
003f32e0   _ADC_setSocFrc
003f32ea   _ADC_setSocChanNumber
003f32fd   _ADC_setSampleOverlapMode
003f3312   _ADC_setSampleMode
003f332a   _ADC_setOffTrim
003f3331   _ADC_setIntSrc
003f334e   _ADC_setIntPulseGenMode
003f3360   _ADC_setIntMode
003f337d   _ADC_setDivideSelect
003f338f   _ADC_reset
003f339a   _ADC_powerUp
003f33a5   _ADC_powerDown
003f33b0   _ADC_init
003f33b7   _ADC_getDivideSelect
003f33bc   _ADC_enableVoltRefLoConv
003f33c7   _ADC_enableRefBuffers
003f33d2   _ADC_enableNoOverlapMode
003f33dd   _ADC_enableInt
003f33f4   _ADC_enableBandGap
003f33ff   _ADC_enable
003f340a   _ADC_disableVoltRefLoConv
003f3415   _ADC_disableRefBuffers
003f3420   _ADC_disableNoOverlapMode
003f342b   _ADC_disableInt
003f3446   _ADC_disableBandGap
003f3451   _ADC_disable
003f345c   _MB_setTimHandle
003f345e   _MB_setSciHandle
003f3460   _MB_setGpioHandle
003f3462   _MB_init
003f3468   _MB_PortEventPost
003f346e   _MB_PortSerialEnable
003f3487   _MB_PortSerialPutByte
003f348c   _MB_RTUTransmitFSM
003f34b3   _MB_PortTimersDisable
003f34b7   _MB_RTUTimerFSM
003f34c8   _MB_CRC16
003f34ea   _MB_RTUSend
003f3530   _MB_PortSerialGetByte
003f3539   _MB_PortTimersEnable
003f3546   _MB_RTUReceiveFSM
003f3579   _MB_RTUReceive
003f358b   _MB_PortEventInit
003f358e   _MB_PortEventGet
003f359b   _MB_FuncWriteHoldingRegister
003f359c   _MB_FuncReadHoldingRegister
003f35b1   _MB_Poll
003f35f2   _GPIO_toggle
003f3605   _GPIO_setQualificationPeriod
003f3630   _GPIO_setQualification
003f3669   _GPIO_setPullUp
003f3684   _GPIO_setPortData
003f3690   _GPIO_setMode
003f36c1   _GPIO_setLow
003f36d4   _GPIO_setHigh
003f36e7   _GPIO_setExtInt
003f36f2   _GPIO_setDirection
003f370d   _GPIO_read
003f3733   _GPIO_lpmSelect
003f373d   _GPIO_init
003f3743   _GPIO_getPortData
003f374a   _GPIO_getData
003f375a   _PCA955x_setI2cHandle
003f375c   _PCA955x_WrData
003f37af   _PCA955x_WriteCommand
003f37b7   _PCA955x_RdData
003f383d   _PCA955x_ReadStatus
003f3840   _PCA955x_Init
003f384b   _PCA955x_GetStatus
003f3887   _PCA955x_Configure
003f388f   _CLK_setXClkInSrc
003f3896   _CLK_setWatchDogSrc
003f389d   _CLK_setTimer2Src
003f38a4   _CLK_setTimer2PreScale
003f38ab   _CLK_setOscSrc
003f38b2   _CLK_setOsc2Src
003f38b9   _CLK_setLowSpdPreScaler
003f38bf   _CLK_setClkOutPreScaler
003f38c6   _CLK_init
003f38cc   _CLK_enableWatchDogHaltMode
003f38d2   _CLK_enableTbClockSync
003f38d9   _CLK_enableSpiaClock
003f38e0   _CLK_enableSciaClock
003f38e7   _CLK_enablePwmClock
003f38f0   _CLK_enableOsc2HaltMode
003f38f6   _CLK_enableOsc2
003f38fc   _CLK_enableOsc1HaltMode
003f3902   _CLK_enableOsc1
003f3908   _CLK_enableI2cClock
003f390f   _CLK_enableHrPwmClock
003f3916   _CLK_enableGpioInputClock
003f391d   _CLK_enableEcap1Clock
003f3924   _CLK_enableCrystalOsc
003f392a   _CLK_enableCpuTimerClock
003f3930   _CLK_enableCompClock
003f3936   _CLK_enableClkIn
003f393c   _CLK_enableAdcClock
003f3943   _CLK_disableWatchDogHaltMode
003f3949   _CLK_disableTbClockSync
003f3950   _CLK_disableSpiaClock
003f3957   _CLK_disableSciaClock
003f395e   _CLK_disablePwmClock
003f3968   _CLK_disableOsc2HaltMode
003f396e   _CLK_disableOsc2
003f3974   _CLK_disableOsc1HaltMode
003f397a   _CLK_disableOsc1
003f3980   _CLK_disableI2cClock
003f3987   _CLK_disableHrPwmClock
003f398e   _CLK_disableGpioInputClock
003f3995   _CLK_disableEcap1Clock
003f399c   _CLK_disableCrystalOsc
003f39a2   _CLK_disableCpuTimerClock
003f39a9   _CLK_disableCompClock
003f39ad   _CLK_disableClkIn
003f39b3   _CLK_disableAdcClock
003f39ba   _PIE_unregisterSystemIntHandler
003f39c7   _PIE_unregisterPieIntHandler
003f39d8   _PIE_setExtIntPolarity
003f39e8   _PIE_setDefaultIntVectorTable
003f39f4   _PIE_registerSystemIntHandler
003f39ff   _PIE_registerPieIntHandler
003f3a0e   _PIE_init
003f3a15   _PIE_getIntFlags
003f3a1c   _PIE_getIntEnables
003f3a23   _PIE_getExtIntCount
003f3a2b   _PIE_forceInt
003f3a35   _PIE_enableTimer0Int
003f3a38   _PIE_enablePwmTzInt
003f3a3d   _PIE_enablePwmInt
003f3a42   _PIE_enableInt
003f3a4c   _PIE_enableExtInt
003f3a6f   _PIE_enableCaptureInt
003f3a73   _PIE_enableAdcInt
003f3a8f   _PIE_enable
003f3a92   _PIE_disableInt
003f3a9d   _PIE_disableExtInt
003f3aaa   _PIE_disableCaptureInt
003f3aae   _PIE_disableAllInts
003f3ab8   _PIE_disable
003f3abb   _PIE_clearAllInts
003f3abe   _PIE_clearAllFlags
003f3ac8   _SCI_setTxFifoIntLevel
003f3acf   _SCI_setTxDelay
003f3ad6   _SCI_setRxFifoIntLevel
003f3add   _SCI_setPriority
003f3ae0   _SCI_setParity
003f3ae4   _SCI_setNumStopBits
003f3ae8   _SCI_setMode
003f3aec   _SCI_setCharLength
003f3af0   _SCI_setBaudRate
003f3af6   _SCI_resetTxFifo
003f3b00   _SCI_resetRxFifo
003f3b0a   _SCI_resetChannels
003f3b14   _SCI_reset
003f3b17   _SCI_putDataNonBlocking
003f3b1f   _SCI_putDataBlocking
003f3b24   _SCI_init
003f3b2a   _SCI_getTxFifoStatus
003f3b2e   _SCI_getRxFifoStatus
003f3b32   _SCI_getDataNonBlocking
003f3b3b   _SCI_getDataBlocking
003f3b3f   _SCI_enableTxWake
003f3b42   _SCI_enableTxInt
003f3b45   _SCI_enableTxFifoInt
003f3b49   _SCI_enableTxFifoEnh
003f3b4d   _SCI_enableTxFifo
003f3b51   _SCI_enableTx
003f3b54   _SCI_enableSleep
003f3b57   _SCI_enableRxInt
003f3b5a   _SCI_enableRxFifoInt
003f3b5e   _SCI_enableRxFifo
003f3b62   _SCI_enableRxErrorInt
003f3b65   _SCI_enableRx
003f3b68   _SCI_enableParity
003f3b6b   _SCI_enableLoopBack
003f3b6e   _SCI_enableChannels
003f3b72   _SCI_enableAutoBaudAlign
003f3b76   _SCI_enable
003f3b79   _SCI_disableTxWake
003f3b7c   _SCI_disableTxInt
003f3b7f   _SCI_disableTxFifoInt
003f3b83   _SCI_disableTxFifoEnh
003f3b87   _SCI_disableTx
003f3b8a   _SCI_disableSleep
003f3b8d   _SCI_disableRxInt
003f3b90   _SCI_disableRxFifoInt
003f3b94   _SCI_disableRxErrorInt
003f3b97   _SCI_disableRx
003f3b9a   _SCI_disableParity
003f3b9d   _SCI_disableLoopBack
003f3ba0   _SCI_disableAutoBaudAlign
003f3ba4   _SCI_disable
003f3ba7   _SCI_clearTxFifoInt
003f3bab   _SCI_clearRxFifoOvf
003f3baf   _SCI_clearRxFifoInt
003f3bb3   _SCI_clearAutoBaudDetect
003f3bb7   _I2C_setupClock
003f3bbe   _I2C_setSlave
003f3bc2   _I2C_setSlaveAddress
003f3bc7   _I2C_setMasterSlaveAddr
003f3bc9   _I2C_setMaster
003f3bcd   _I2C_resetTxFifo
003f3bd1   _I2C_resetRxFifo
003f3bd5   _I2C_putData
003f3bd8   _I2C_isMasterBusy
003f3bdc   _I2C_init
003f3be2   _I2C_getStatus
003f3be4   _I2C_getIntSource
003f3be7   _I2C_getData
003f3be9   _I2C_enableInt
003f3beb   _I2C_enableFifo
003f3bef   _I2C_enable
003f3bf3   _I2C_disableInt
003f3bf6   _I2C_disableFifo
003f3bfa   _I2C_disable
003f3bfe   _I2C_clearTxFifoInt
003f3c02   _I2C_clearRxFifoInt
003f3c06   _I2C_MasterControl
003f3c0b   _I2C_WrData
003f3c3a   _I2C_SendData
003f3c48   _I2C_RdData
003f3c8e   _SPI_setTxFifoIntLevel
003f3c95   _SPI_setTxDelay
003f3c98   _SPI_setTriWire
003f3c9f   _SPI_setSuspend
003f3ca6   _SPI_setSteInv
003f3cad   _SPI_setRxFifoIntLevel
003f3cb4   _SPI_setPriority
003f3cbb   _SPI_setMode
003f3cbd   _SPI_setClkPolarity
003f3cc1   _SPI_setClkPhase
003f3cc3   _SPI_setCharLength
003f3cc7   _SPI_setBaudRate
003f3cc9   _SPI_resetTxFifo
003f3ccd   _SPI_resetRxFifo
003f3cd1   _SPI_resetChannels
003f3cd5   _SPI_reset
003f3cd8   _SPI_init
003f3cde   _SPI_getTxFifoStatus
003f3ce2   _SPI_getTxBufferStatus
003f3ce5   _SPI_getRxFifoStatus
003f3ce9   _SPI_getIntFlagStatus
003f3cec   _SPI_enableTxFifoInt
003f3cf0   _SPI_enableTxFifoEnh
003f3cf4   _SPI_enableTxFifo
003f3cf8   _SPI_enableTx
003f3cfb   _SPI_enableRxFifoInt
003f3cff   _SPI_enableRxFifo
003f3d03   _SPI_enableOverRunInt
003f3d06   _SPI_enableLoopBack
003f3d09   _SPI_enableInt
003f3d0c   _SPI_enableChannels
003f3d10   _SPI_enable
003f3d13   _SPI_disableTxFifoInt
003f3d17   _SPI_disableTxFifoEnh
003f3d1b   _SPI_disableTx
003f3d1e   _SPI_disableRxFifoInt
003f3d22   _SPI_disableOverRunInt
003f3d25   _SPI_disableLoopBack
003f3d28   _SPI_disableInt
003f3d2b   _SPI_clearTxFifoInt
003f3d2f   _SPI_clearRxFifoOvf
003f3d33   _SPI_clearRxFifoInt
003f3d37   _PROCTRL_setParams
003f3dbc   _PROCTRL_setHalHandle
003f3dbe   _PROCTRL_init
003f3dc4   _UART_TxReadyISR
003f3de9   _UART_RxISR
003f3e15   _Timer1ISR
003f3e33   _PLL_setLockPeriod
003f3e38   _PLL_setDivideSelect
003f3e3f   _PLL_setClkFreq
003f3e45   _PLL_resetClkDetect
003f3e4b   _PLL_init
003f3e51   _PLL_getLockStatus
003f3e54   _PLL_getDivideSelect
003f3e57   _PLL_getClkStatus
003f3e5a   _PLL_getClkFreq
003f3e5e   _PLL_enableOsc
003f3e64   _PLL_enableNormRdy
003f3e6a   _PLL_enableClkDetect
003f3e70   _PLL_enable
003f3e76   _PLL_disableOsc
003f3e7c   _PLL_disableNormRdy
003f3e82   _PLL_disableClkDetect
003f3e88   _PLL_disable
003f3e8e   _PWR_setNumStandByClocks
003f3ea0   _PWR_setLowPowerMode
003f3eb2   _PWR_init
003f3eb9   _PWR_enableWatchDogInt
003f3ec4   _PWR_enableBrownOutReset
003f3ec7   _PWR_disableWatchDogInt
003f3ed2   _PWR_disableBrownOutReset
003f3ed5   _WDOG_setPreScaler
003f3edf   _WDOG_setCount
003f3ee1   _WDOG_init
003f3ee7   _WDOG_getIntStatus
003f3eea   _WDOG_enableOverRide
003f3ef0   _WDOG_enableInt
003f3ef6   _WDOG_enable
003f3eff   _WDOG_disableOverRide
003f3f05   _WDOG_disableInt
003f3f0b   _WDOG_disable
003f3f13   _WDOG_clearCounter
003f3f1b   _OFFSET_setOffset
003f3f1d   _OFFSET_setInitCond
003f3f2c   _OFFSET_setBeta
003f3f42   _OFFSET_init
003f3f53   _OFFSET_getBeta
003f3f60   _c_int00
003f3fa4   _TIMER_setReloadBit
003f3fa7   _TIMER_setPreScaler
003f3fb5   _TIMER_setEmulationMode
003f3fb9   _TIMER_setDecimationFactor
003f3fc7   _TIMER_init
003f3fcd   _TIMER_getStatus
003f3fd0   _TIMER_enableInt
003f3fd3   _TIMER_disableInt
003f3fd6   _TIMER_clearFlag
003f3fd9   _OSC_setTrim
003f3fe2   _OSC_setFineTrim
003f3ff3   _OSC_setCoarseTrim
003f4000   _OSC_init
003f4006   L$$DIV
003f4015   L$$MOD
003f4023   UL$$DIV
003f402a   UL$$MOD
003f4030   _CPU_init
003f4036   _CPU_enableProtectedRegisterWrite
003f4039   _CPU_enableInt
003f403d   _CPU_enableGlobalInts
003f4040   _CPU_enableDebugInt
003f4043   _CPU_disableProtectedRegisterWrite
003f4046   _CPU_disableInts
003f4049   _CPU_disableInt
003f404e   _CPU_disableGlobalInts
003f4051   _CPU_disableDebugInt
003f4054   _CPU_clearIntFlags
003f4057   _FILTER_FO_setNumCoeffs
003f405b   _FILTER_FO_setInitialConditions
003f4060   _FILTER_FO_setDenCoeffs
003f4062   _FILTER_FO_init
003f4068   _FILTER_FO_getNumCoeffs
003f406e   _FILTER_FO_getInitialConditions
003f4075   _FILTER_FO_getDenCoeffs
003f4078   FS$$TOUL
003f4099   _FLASH_init
003f409f   _FLASH_getStandbyWaitStatus
003f40a3   _FLASH_getStandbyWaitCount
003f40a6   _FLASH_getPowerMode
003f40a9   _FLASH_getActiveWaitStatus
003f40ad   _FLASH_getActiveWaitCount
003f40b0   _FLASH_get3VStatus
003f40b3   _FLASH_clear3VStatus
003f40b9   FS$$TOU
003f40d6   __args_main
003f40ef   C$$EXIT
003f40ef   _abort
003f40f1   _exit
003f4108   _memCopy
003f4118   __register_unlock
003f411c   __register_lock
003f4120   __nop
003f4129   _PIE_illegalIsr
003f412e   _RamfuncsLoadStart
003f412e   ___etext__
003f412e   etext
003f4765   _RamfuncsLoadEnd
003f4765   ___cinit__
003f4765   cinit
003f6000   _aucCRCHi
003f6100   _aucCRCLo
003f7ff6   code_start
003fc000   _EST_getState
003fc002   _EST_useZeroIq_ref
003fc05a   _EST_resetCounter_state
003fc05e   _EST_isMotorIdentified
003fc062   _EST_getFullScaleCurrent
003fc08e   _EST_getFullScaleVoltage
003fc092   _EST_computeDirection_qFmt
003fc0f8   _EST_updateState
003fc3da   _EST_updateId_ref_pu
003fc3e2   _EST_setWaitTimes
003fc3fd   _EST_setRs_pu
003fc4bb   _EST_setMotorParams
003fc4c0   _EST_setMaxCurrentSlope_pu
003fc4cc   _EST_setLs_q_pu
003fc4d1   _EST_getFullScaleInductance
003fc4d6   _EST_setLs_qFmt
003fc52a   _EST_setLs_d_pu
003fc548   _EST_setIq_ref_pu
003fc54c   _EST_setIdle_all
003fc55f   _EST_setIdle
003fc565   _EST_setId_ref_pu
003fc569   _EST_setIdRated_pu
003fc56f   _EST_setFullScaleVoltage
003fc573   _EST_setFullScaleResistance
003fc58b   _EST_setFullScaleFreq
003fc594   _EST_setFullScaleCurrent
003fc5b0   _EST_setFlag_updateRs
003fc5b4   _EST_setFlag_estComplete
003fc5b8   _EST_setFlag_enableRsRecalc
003fc5bc   _EST_setFlag_enableRsOnLine
003fc5c0   _EST_setFlag_enableForceAngle
003fc5c5   _EST_setFlag_enableFluxControl
003fc5ed   _EST_resetCounter_ctrl
003fc5f2   _EST_getAngle_pu
003fcc5c   _EST_getFullScaleFreq
003fcc60   _EST_run
003fcd5d   _EST_isOnLine
003fcd64   _EST_isLockRotor
003fcd6b   _EST_isIdle
003fcd72   _EST_isError
003fce38   _EST_get_pu_to_krpm_sf
003fce3d   _EST_get_krpm_to_pu_sf
003fceab   _EST_getSpeed_krpm
003fcef8   _EST_getRs_Ohm
003fcf92   _EST_getRr_Ohm
003fcf98   _EST_getOneOverDcBus_pu
003fcfa2   _EST_getMaxCurrentSlope_pu
003fcfae   _EST_getLs_q_pu
003fcfb3   _EST_getLs_q_H
003fcfd5   _EST_getLs_d_pu
003fcfda   _EST_getLs_d_H
003fcfe4   _EST_getLs_coarse_max_pu
003fd017   _EST_getIdRated
003fd043   _EST_getFullScaleFlux
003fd073   _EST_getFm_pu
003fd090   _EST_getFlux_pu
003fd0a3   _EST_getFlux_VpHz
003fd13d   _EST_doSpeedCtrl
003fd145   _EST_doCurrentCtrl
003fd14d   _EST_computeR
003fd16d   _EST_computeL
003fd1af   _EST_TRAJ_setParams
003fd1be   _EST_I_setParams
003fd1e8   _EST_EPL_setParams
003fd237   _EST_Ls_setWaitTimes
003fd247   _EST_Ls_setParams
003fd284   _EST_Ls_setLs_q
003fd2b6   _EST_Ls_setLs_d
003fd3a8   _EST_Ls_getLs_d
003fd41e   _EST_Flux_setWaitTimes
003fd42e   _EST_Flux_setParams
003fd49c   _EST_Flux_getRatedFlux_pu
003fd514   _EST_Flux_computeOneOverFlux_qFmt
003fd54d   _EST_RsOnLine_setParams
003fd57d   _EST_RsOnLine_setFilterParams
003fd6b3   _EST_Rs_setWaitTimes
003fd6c3   _EST_Rs_setRs
003fd725   _EST_Rs_setParams
003fd767   _EST_Rs_getRs
003fd788   _EST_Rr_setRr
003fd7e9   _EST_Rr_setParams
003fd88b   _CTRL_initCtrl
003fd922   _EST_Dir_setParams
003fd95c   _EST_Freq_setParams
003fd9b0   _EST_Flux_ab_setParams
003fd9cc   _EST_Iab_setParams
003fd9e5   _EST_Angle_setParams
003fd9fb   _EST_Vdq_setParams
003fda0d   _EST_OneOverDcBus_setParams
003fda1e   _EST_Idq_setParams
003fda3b   _EST_Flux_dq_setParams
003fda47   _EST_Vback_ab_setParams
003fda53   _EST_Vab_setParams
003fda5e   _EST_Vback_dq_setParams
003fda88   _log
003fdc5e   FD$$MPY
003fdce1   FS$$DIV
003fdd64   _pow
003fdde7   FS$$MPY
003fde82   _modf
003fdeb8   FS$$ADD
003fdf2b   FS$$CMP
003fdf7b   FD$$TOL
003fdfb7   FS$$TOFD
003ff2aa   __IQ24sqrt
003ff82b   __IQ24sinPU
003ff854   __IQ24cosPU
003ff87b   __IQ29rsmpy
003ff8aa   UL$$TOFS
003ff8bd   U$$TOFS
003fff0e   FS$$TOI
003fff33   I$$TOFS
003fff4d   FS$$NEG
003fff52   __IQ30rsmpy
003fff7b   __IQ30toF
003fff8f   __IQ24rmpy
ffffffff   ___binit__
ffffffff   ___c_args__
ffffffff   ___pinit__
ffffffff   binit
ffffffff   pinit

[781 symbols]
