******************************************************************************
             TMS320C2000 Linker PC v6.2.5                      
******************************************************************************
>> Linked Thu Jun 22 08:44:25 2017

OUTPUT FILE NAME:   <proj_lab11.out>
ENTRY POINT SYMBOL: "_c_int00"  address: 003f2325


MEMORY CONFIGURATION

         name            origin    length      used     unused   attr    fill
----------------------  --------  ---------  --------  --------  ----  --------
PAGE 0:
  P_RAML0               00008000   00000980  000002bb  000006c5  RWIX
  OTP                   003d7800   00000400  00000000  00000400  RWIX
  FLASHB_D              003f0000   00006000  00002861  0000379f  RWIX
  D_FLASHA              003f6000   00001f80  00000074  00001f0c  RWIX
  CSM_RSVD              003f7f80   00000076  00000000  00000076  RWIX
  BEGIN                 003f7ff6   00000002  00000002  00000000  RWIX
  CSM_PWL_P0            003f7ff8   00000008  00000000  00000008  RWIX
  IQTABLES              003fe000   00000b50  00000000  00000b50  RWIX
  IQTABLES2             003feb50   0000008c  00000000  0000008c  RWIX
  IQTABLES3             003febdc   000000aa  00000000  000000aa  RWIX
  ROM                   003ff27c   00000d44  00000000  00000d44  RWIX
  RESET                 003fffc0   00000002  00000000  00000002  RWIX
  VECTORS               003fffc2   0000003e  00000000  0000003e  RWIX

PAGE 1:
  RAMM0_M1              00000000   00000600  0000029d  00000363  RWIX
  D_RAML0               00008980   00000680  00000200  00000480  RWIX


SECTION ALLOCATION MAP

 output                                  attributes/
section   page    origin      length       input sections
--------  ----  ----------  ----------   ----------------
.pinit     0    003f0000    00000000     UNINITIALIZED

.text      0    003f0000    000024d3     
                  003f0000    000008a0     hal.obj (.text)
                  003f08a0    000007dc     EST_setEstParams.lib : EST_setEstParams.obj (.text)
                  003f107c    000003ae     user.obj (.text)
                  003f142a    0000035e     proj_lab11.obj (.text)
                  003f1788    000002f1     pwm.obj (.text)
                  003f1a79    000001f8     adc.obj (.text)
                  003f1c71    00000168     gpio.obj (.text)
                  003f1dd9    00000154     EST_setupEstIdleState.lib : EST_setupEstIdleState.obj (.text)
                  003f1f2d    0000012b     clk.obj (.text)
                  003f2058    0000010e     pie.obj (.text)
                  003f2166    000000d7     i2c.obj (.text)
                  003f223d    0000005b     pll.obj (.text)
                  003f2298    00000047     pwr.obj (.text)
                  003f22df    00000046     wdog.obj (.text)
                  003f2325    00000044     rts2800_ml.lib : boot.obj (.text)
                  003f2369    00000032     timer.obj (.text)
                  003f239b    0000002d     osc.obj (.text)
                  003f23c8    00000027     cpu.obj (.text)
                  003f23ef    00000021     rts2800_ml.lib : fs_toul.obj (.text)
                  003f2410    00000020     flash.obj (.text)
                  003f2430    0000001d     rts2800_ml.lib : fs_tou.obj (.text)
                  003f244d    00000019                    : args_main.obj (.text)
                  003f2466    00000019                    : exit.obj (.text)
                  003f247f    00000010     memCopy.obj (.text)
                  003f248f    0000000e     EST_getIdq_pu.lib : EST_getIdq_pu.obj (.text)
                  003f249d    0000000d     pid.obj (.text)
                  003f24aa    00000009     rts2800_ml.lib : _lock.obj (.text)
                  003f24b3    00000008     CodeStartBranch.obj (.text)
                  003f24bb    00000007     svgen.obj (.text)
                  003f24c2    00000006     clarke.obj (.text)
                  003f24c8    00000006     ipark.obj (.text)
                  003f24ce    00000005     pie.obj (.text:retain)

ramfuncs   0    003f24d3    000002bb     RUN ADDR = 00008000
                  003f24d3    00000267     proj_lab11.obj (ramfuncs:retain)
                  003f273a    00000032     flash.obj (ramfuncs)
                  003f276c    0000001e     hal.obj (ramfuncs)
                  003f278a    00000004     usDelay.obj (ramfuncs)

.cinit     0    003f278e    000000d3     
                  003f278e    000000bd     proj_lab11.obj (.cinit)
                  003f284b    0000000a     rts2800_ml.lib : _lock.obj (.cinit)
                  003f2855    0000000a                    : exit.obj (.cinit)
                  003f285f    00000002     --HOLE-- [fill = 0]

.econst    0    003f6000    00000074     
                  003f6000    0000005c     EST_setEstParams.lib : EST_setEstParams.obj (.econst)
                  003f605c    00000008     EST_setupEstIdleState.lib : EST_setupEstIdleState.obj (.econst)
                  003f6064    00000008     user.obj (.econst)
                  003f606c    00000004     hal.obj (.econst)
                  003f6070    00000004     proj_lab11.obj (.econst)

codestart 
*          0    003f7ff6    00000002     
                  003f7ff6    00000002     CodeStartBranch.obj (codestart)

.reset     0    003fffc0    00000002     DSECT
                  003fffc0    00000002     rts2800_ml.lib : boot.obj (.reset)

vectors    0    003fffc2    00000000     DSECT

.ebss      1    00000000    000001f5     UNINITIALIZED
                  00000000    000001ec     proj_lab11.obj (.ebss)
                  000001ec    00000004     rts2800_ml.lib : _lock.obj (.ebss)
                  000001f0    00000004                    : exit.obj (.ebss)
                  000001f4    00000001     cpu.obj (.ebss)

rom_accessed_data 
*          1    00000200    000000a8     UNINITIALIZED
                  00000200    000000a8     hal.obj (rom_accessed_data)

.stack     1    00008980    00000200     UNINITIALIZED
                  00008980    00000200     --HOLE--


GLOBAL DATA SYMBOLS: SORTED BY DATA PAGE

address     data page           name
--------    ----------------    ----
00000000       0 (00000000)     _pidCntSpeed
00000002       0 (00000000)     _gFlux_pu_to_Wb_sf
00000004       0 (00000000)     _gSpeed_hz_to_krpm_sf
00000006       0 (00000000)     _gSpeed_krpm_to_pu_sf
00000008       0 (00000000)     _gTorque_Ls_Id_Iq_pu_to_Nm_sf
0000000a       0 (00000000)     _gTorque_Flux_Iq_pu_to_Nm_sf
0000000c       0 (00000000)     _gFlux_pu_to_VpHz_sf
0000000e       0 (00000000)     _clarkeHandle_V
00000010       0 (00000000)     _estHandle
00000012       0 (00000000)     _clarkeHandle_I
00000014       0 (00000000)     _halHandle
00000016       0 (00000000)     _svgenHandle
00000018       0 (00000000)     _svgen
0000001a       0 (00000000)     _iparkHandle
0000001c       0 (00000000)     _gVdq_out_pu
00000020       0 (00000000)     _gIdq_pu
00000024       0 (00000000)     _ipark
00000028       0 (00000000)     _gIdq_ref_pu
0000002c       0 (00000000)     _pidHandle
00000032       0 (00000000)     _gPwmData
00000038       0 (00000000)     _clarke_I

00000040       1 (00000040)     _gOffsets_I_pu
00000046       1 (00000040)     _gOffsets_V_pu
0000004c       1 (00000040)     _clarke_V
00000052       1 (00000040)     _gAdcData

00000080       2 (00000080)     _pid

000000c0       3 (000000c0)     _gMotorVars

00000140       5 (00000140)     _gUserParams

000001ec       7 (000001c0)     __unlock
000001ee       7 (000001c0)     __lock
000001f0       7 (000001c0)     ___TI_cleanup_ptr
000001f2       7 (000001c0)     ___TI_dtors_ptr
000001f4       7 (000001c0)     _cpu

00000200       8 (00000200)     _hal

00008980     226 (00008980)     __stack


GLOBAL SYMBOLS: SORTED ALPHABETICALLY BY Name 

address    name
--------   ----
003f0000   .text
003f2466   C$$EXIT
003fdc5e   FD$$MPY
003fdf7b   FD$$TOL
003fdeb8   FS$$ADD
003fdf2b   FS$$CMP
003fdce1   FS$$DIV
003fdde7   FS$$MPY
003fff4d   FS$$NEG
003fdfb7   FS$$TOFD
003fff0e   FS$$TOI
003f2430   FS$$TOU
003f23ef   FS$$TOUL
003fff33   I$$TOFS
003ff8bd   U$$TOFS
003ff8aa   UL$$TOFS
003f1c66   _ADC_disable
003f1c5b   _ADC_disableBandGap
003f1c40   _ADC_disableInt
003f1c35   _ADC_disableNoOverlapMode
003f1c2a   _ADC_disableRefBuffers
003f1c1f   _ADC_disableVoltRefLoConv
003f1c14   _ADC_enable
003f1c09   _ADC_enableBandGap
003f1bf2   _ADC_enableInt
003f1be7   _ADC_enableNoOverlapMode
003f1bdc   _ADC_enableRefBuffers
003f1bd1   _ADC_enableVoltRefLoConv
003f1bcc   _ADC_getDivideSelect
003f1bc5   _ADC_init
003f1bba   _ADC_powerDown
003f1baf   _ADC_powerUp
003f1ba4   _ADC_reset
003f1b92   _ADC_setDivideSelect
003f1b75   _ADC_setIntMode
003f1b63   _ADC_setIntPulseGenMode
003f1b46   _ADC_setIntSrc
003f1b3f   _ADC_setOffTrim
003f1b27   _ADC_setSampleMode
003f1b12   _ADC_setSampleOverlapMode
003f1aff   _ADC_setSocChanNumber
003f1af5   _ADC_setSocFrc
003f1aee   _ADC_setSocFrcWord
003f1adb   _ADC_setSocSampleDelay
003f1ac8   _ADC_setSocTrigSrc
003f1ab6   _ADC_setTempSensorSrc
003f1aa4   _ADC_setVoltRefSrc
003f1a79   _ADC_setupSocTrigSrc
003f24c2   _CLARKE_init
003f2051   _CLK_disableAdcClock
003f204b   _CLK_disableClkIn
003f2047   _CLK_disableCompClock
003f2040   _CLK_disableCpuTimerClock
003f203a   _CLK_disableCrystalOsc
003f2033   _CLK_disableEcap1Clock
003f202c   _CLK_disableGpioInputClock
003f2025   _CLK_disableHrPwmClock
003f201e   _CLK_disableI2cClock
003f2018   _CLK_disableOsc1
003f2012   _CLK_disableOsc1HaltMode
003f200c   _CLK_disableOsc2
003f2006   _CLK_disableOsc2HaltMode
003f1ffc   _CLK_disablePwmClock
003f1ff5   _CLK_disableSciaClock
003f1fee   _CLK_disableSpiaClock
003f1fe7   _CLK_disableTbClockSync
003f1fe1   _CLK_disableWatchDogHaltMode
003f1fda   _CLK_enableAdcClock
003f1fd4   _CLK_enableClkIn
003f1fce   _CLK_enableCompClock
003f1fc8   _CLK_enableCpuTimerClock
003f1fc2   _CLK_enableCrystalOsc
003f1fbb   _CLK_enableEcap1Clock
003f1fb4   _CLK_enableGpioInputClock
003f1fad   _CLK_enableHrPwmClock
003f1fa6   _CLK_enableI2cClock
003f1fa0   _CLK_enableOsc1
003f1f9a   _CLK_enableOsc1HaltMode
003f1f94   _CLK_enableOsc2
003f1f8e   _CLK_enableOsc2HaltMode
003f1f85   _CLK_enablePwmClock
003f1f7e   _CLK_enableSciaClock
003f1f77   _CLK_enableSpiaClock
003f1f70   _CLK_enableTbClockSync
003f1f6a   _CLK_enableWatchDogHaltMode
003f1f64   _CLK_init
003f1f5d   _CLK_setClkOutPreScaler
003f1f57   _CLK_setLowSpdPreScaler
003f1f50   _CLK_setOsc2Src
003f1f49   _CLK_setOscSrc
003f1f42   _CLK_setTimer2PreScale
003f1f3b   _CLK_setTimer2Src
003f1f34   _CLK_setWatchDogSrc
003f1f2d   _CLK_setXClkInSrc
003f23ec   _CPU_clearIntFlags
003f23e9   _CPU_disableDebugInt
003f23e6   _CPU_disableGlobalInts
003f23e1   _CPU_disableInt
003f23de   _CPU_disableInts
003f23db   _CPU_disableProtectedRegisterWrite
003f23d8   _CPU_enableDebugInt
003f23d5   _CPU_enableGlobalInts
003f23d1   _CPU_enableInt
003f23ce   _CPU_enableProtectedRegisterWrite
003f23c8   _CPU_init
003fd9e5   _EST_Angle_setParams
003fd922   _EST_Dir_setParams
003fd1e8   _EST_EPL_setParams
003fd9b0   _EST_Flux_ab_setParams
003fd514   _EST_Flux_computeOneOverFlux_qFmt
003fda3b   _EST_Flux_dq_setParams
003fd49c   _EST_Flux_getRatedFlux_pu
003fd42e   _EST_Flux_setParams
003fd41e   _EST_Flux_setWaitTimes
003fd95c   _EST_Freq_setParams
003fd1be   _EST_I_setParams
003fd9cc   _EST_Iab_setParams
003fda1e   _EST_Idq_setParams
003fd2b6   _EST_Ls_setLs_d
003fd284   _EST_Ls_setLs_q
003fd247   _EST_Ls_setParams
003fd237   _EST_Ls_setWaitTimes
003fda0d   _EST_OneOverDcBus_setParams
003fd7e9   _EST_Rr_setParams
003fd788   _EST_Rr_setRr
003fd57d   _EST_RsOnLine_setFilterParams
003fd54d   _EST_RsOnLine_setParams
003fd725   _EST_Rs_setParams
003fd6c3   _EST_Rs_setRs
003fd6b3   _EST_Rs_setWaitTimes
003fd1af   _EST_TRAJ_setParams
003fda53   _EST_Vab_setParams
003fda47   _EST_Vback_ab_setParams
003fda5e   _EST_Vback_dq_setParams
003fd9fb   _EST_Vdq_setParams
003fc092   _EST_computeDirection_qFmt
003fc5f2   _EST_getAngle_pu
003fd0a3   _EST_getFlux_VpHz
003fd090   _EST_getFlux_pu
003fd073   _EST_getFm_pu
003fc062   _EST_getFullScaleCurrent
003fd043   _EST_getFullScaleFlux
003fc4d1   _EST_getFullScaleInductance
003fd017   _EST_getIdRated
003f248f   _EST_getIdq_pu
003fcfe4   _EST_getLs_coarse_max_pu
003fcfda   _EST_getLs_d_H
003fcfd5   _EST_getLs_d_pu
003fcfb3   _EST_getLs_q_H
003fcfae   _EST_getLs_q_pu
003fcf98   _EST_getOneOverDcBus_pu
003fcf92   _EST_getRr_Ohm
003fcef8   _EST_getRs_Ohm
003fceab   _EST_getSpeed_krpm
003fc000   _EST_getState
003fcd78   _EST_init
003fc5ed   _EST_resetCounter_ctrl
003fc05a   _EST_resetCounter_state
003fcc60   _EST_run
003f08a0   _EST_setEstParams
003fc5c5   _EST_setFlag_enableFluxControl
003fc5c0   _EST_setFlag_enableForceAngle
003fc5bc   _EST_setFlag_enableRsOnLine
003fc5b8   _EST_setFlag_enableRsRecalc
003fc5b4   _EST_setFlag_estComplete
003fc5b0   _EST_setFlag_updateRs
003fc594   _EST_setFullScaleCurrent
003fc58b   _EST_setFullScaleFreq
003fc573   _EST_setFullScaleResistance
003fc56f   _EST_setFullScaleVoltage
003fc55f   _EST_setIdle
003fc52a   _EST_setLs_d_pu
003fc4d6   _EST_setLs_qFmt
003fc4cc   _EST_setLs_q_pu
003fc4bb   _EST_setMotorParams
003fc3e2   _EST_setWaitTimes
003f1dd9   _EST_setupEstIdleState
003fc0f8   _EST_updateState
003f242a   _FLASH_clear3VStatus
00008293   _FLASH_disablePipelineMode
0000828d   _FLASH_enablePipelineMode
003f2427   _FLASH_get3VStatus
003f2424   _FLASH_getActiveWaitCount
003f2420   _FLASH_getActiveWaitStatus
003f241d   _FLASH_getPowerMode
003f241a   _FLASH_getStandbyWaitCount
003f2416   _FLASH_getStandbyWaitStatus
003f2410   _FLASH_init
00008288   _FLASH_setActiveWaitCount
00008281   _FLASH_setNumPagedReadWaitStates
0000827a   _FLASH_setNumRandomReadWaitStates
00008273   _FLASH_setOtpWaitStates
0000826c   _FLASH_setPowerMode
00008267   _FLASH_setStandbyWaitCount
003f1dc9   _GPIO_getData
003f1dc2   _GPIO_getPortData
003f1dbc   _GPIO_init
003f1db2   _GPIO_lpmSelect
003f1d8c   _GPIO_read
003f1d71   _GPIO_setDirection
003f1d66   _GPIO_setExtInt
003f1d53   _GPIO_setHigh
003f1d40   _GPIO_setLow
003f1d0f   _GPIO_setMode
003f1d03   _GPIO_setPortData
003f1ce8   _GPIO_setPullUp
003f1caf   _GPIO_setQualification
003f1c84   _GPIO_setQualificationPeriod
003f1c71   _GPIO_toggle
003f0341   _HAL_AdcCalChanSelect
003f0398   _HAL_AdcCalConversion
003f04f0   _HAL_AdcOffsetSelfCal
003f084b   _HAL_I2c_Pca9555_RdData
003f080b   _HAL_I2c_Pca9555_WrData
003f05b1   _HAL_OscTempComp
003f0604   _HAL_cal
003f0807   _HAL_disableGlobalInts
003f072d   _HAL_disableWdog
003f07f5   _HAL_enableAdcInts
003f07f1   _HAL_enableDebugInt
003f07ed   _HAL_enableGlobalInts
003f07dc   _HAL_enablePwmInt
003f051f   _HAL_getOscTrimValue
003f0732   _HAL_init
003f0533   _HAL_osc1Comp
003f0572   _HAL_osc2Comp
003f0718   _HAL_setDacParameters
003f061b   _HAL_setParams
003f028f   _HAL_setupAdcs
003f0273   _HAL_setupClks
003f0257   _HAL_setupFaults
00008299   _HAL_setupFlash
003f01c4   _HAL_setupGpios
003f01a8   _HAL_setupI2cs
003f0173   _HAL_setupPeripheralClks
003f0157   _HAL_setupPie
003f0119   _HAL_setupPll
003f0051   _HAL_setupPwms
003f0000   _HAL_setupTimers
003f21b5   _I2C_MasterControl
003f21f7   _I2C_RdData
003f21e9   _I2C_SendData
003f21ba   _I2C_WrData
003f21b1   _I2C_clearRxFifoInt
003f21ad   _I2C_clearTxFifoInt
003f21a9   _I2C_disable
003f21a5   _I2C_disableFifo
003f21a2   _I2C_disableInt
003f219e   _I2C_enable
003f219a   _I2C_enableFifo
003f2198   _I2C_enableInt
003f2196   _I2C_getData
003f2193   _I2C_getIntSource
003f2191   _I2C_getStatus
003f218b   _I2C_init
003f2187   _I2C_isMasterBusy
003f2184   _I2C_putData
003f2180   _I2C_resetRxFifo
003f217c   _I2C_resetTxFifo
003f2178   _I2C_setMaster
003f2176   _I2C_setMasterSlaveAddr
003f216d   _I2C_setSlave
003f2171   _I2C_setSlaveAddress
003f2166   _I2C_setupClock
003f24c8   _IPARK_init
003fd8c3   _OFFSET_init
003fd8ad   _OFFSET_setBeta
003fd89c   _OFFSET_setInitCond
003fd89a   _OFFSET_setOffset
003f23c2   _OSC_init
003f23b5   _OSC_setCoarseTrim
003f23a4   _OSC_setFineTrim
003f239b   _OSC_setTrim
003f249d   _PID_init
003f215c   _PIE_clearAllFlags
003f2159   _PIE_clearAllInts
003f2156   _PIE_disable
003f214c   _PIE_disableAllInts
003f2148   _PIE_disableCaptureInt
003f213b   _PIE_disableExtInt
003f2130   _PIE_disableInt
003f212d   _PIE_enable
003f2111   _PIE_enableAdcInt
003f210d   _PIE_enableCaptureInt
003f20ea   _PIE_enableExtInt
003f20e0   _PIE_enableInt
003f20db   _PIE_enablePwmInt
003f20d6   _PIE_enablePwmTzInt
003f20d3   _PIE_enableTimer0Int
003f20c9   _PIE_forceInt
003f20c1   _PIE_getExtIntCount
003f20ba   _PIE_getIntEnables
003f20b3   _PIE_getIntFlags
003f24ce   _PIE_illegalIsr
003f20ac   _PIE_init
003f209d   _PIE_registerPieIntHandler
003f2092   _PIE_registerSystemIntHandler
003f2086   _PIE_setDefaultIntVectorTable
003f2076   _PIE_setExtIntPolarity
003f2065   _PIE_unregisterPieIntHandler
003f2058   _PIE_unregisterSystemIntHandler
003f2292   _PLL_disable
003f228c   _PLL_disableClkDetect
003f2286   _PLL_disableNormRdy
003f2280   _PLL_disableOsc
003f227a   _PLL_enable
003f2274   _PLL_enableClkDetect
003f226e   _PLL_enableNormRdy
003f2268   _PLL_enableOsc
003f2264   _PLL_getClkFreq
003f2261   _PLL_getClkStatus
003f225e   _PLL_getDivideSelect
003f225b   _PLL_getLockStatus
003f2255   _PLL_init
003f224f   _PLL_resetClkDetect
003f2249   _PLL_setClkFreq
003f2242   _PLL_setDivideSelect
003f223d   _PLL_setLockPeriod
003f1a73   _PWM_clearTripZone
003f1a70   _PWM_decrementDeadBandFallingEdgeDelay
003f1a6d   _PWM_decrementDeadBandRisingEdgeDelay
003f1a66   _PWM_disableAutoConvert
003f1a62   _PWM_disableChopping
003f1a5f   _PWM_disableCounterLoad
003f1a5c   _PWM_disableDeadBand
003f1a58   _PWM_disableDeadBandHalfCycle
003f1a51   _PWM_disableDigitalCompareBlankingWindow
003f1a4a   _PWM_disableDigitalCompareBlankingWindowInversion
003f1a43   _PWM_disableHrPeriod
003f1a3c   _PWM_disableHrPhaseSync
003f1a38   _PWM_disableInt
003f1a34   _PWM_disableSocAPulse
003f1a30   _PWM_disableSocBPulse
003f1a29   _PWM_disableTripZoneInt
003f1a22   _PWM_disableTripZoneSrc
003f1a1c   _PWM_disableTripZones
003f1a15   _PWM_enableAutoConvert
003f1a11   _PWM_enableChopping
003f1a0e   _PWM_enableCounterLoad
003f1a0a   _PWM_enableDeadBandHalfCycle
003f1a03   _PWM_enableDigitalCompareBlankingWindow
003f19fc   _PWM_enableDigitalCompareBlankingWindowInversion
003f19f5   _PWM_enableHrPeriod
003f19ee   _PWM_enableHrPhaseSync
003f19ea   _PWM_enableInt
003f19e6   _PWM_enableSocAPulse
003f19e2   _PWM_enableSocBPulse
003f19dc   _PWM_enableTripZoneInt
003f19d6   _PWM_enableTripZoneSrc
003f19d3   _PWM_getDeadBandFallingEdgeDelay
003f19d0   _PWM_getDeadBandRisingEdgeDelay
003f19cc   _PWM_getIntCount
003f19c8   _PWM_getShadowStatus_CmpA
003f19c4   _PWM_getShadowStatus_CmpB
003f19bf   _PWM_getSocACount
003f19ba   _PWM_getSocBCount
003f19b7   _PWM_incrementDeadBandFallingEdgeDelay
003f19b4   _PWM_incrementDeadBandRisingEdgeDelay
003f19ae   _PWM_init
003f19a7   _PWM_setActionQualContSWForce_PwmA
003f199e   _PWM_setActionQualContSWForce_PwmB
003f1995   _PWM_setActionQual_CntDown_CmpA_PwmA
003f198c   _PWM_setActionQual_CntDown_CmpA_PwmB
003f1983   _PWM_setActionQual_CntDown_CmpB_PwmA
003f197a   _PWM_setActionQual_CntDown_CmpB_PwmB
003f1971   _PWM_setActionQual_CntUp_CmpA_PwmA
003f1968   _PWM_setActionQual_CntUp_CmpA_PwmB
003f195f   _PWM_setActionQual_CntUp_CmpB_PwmA
003f1956   _PWM_setActionQual_CntUp_CmpB_PwmB
003f194d   _PWM_setActionQual_Period_PwmA
003f1944   _PWM_setActionQual_Period_PwmB
003f193d   _PWM_setActionQual_Zero_PwmA
003f1936   _PWM_setActionQual_Zero_PwmB
003f192f   _PWM_setChoppingClkFreq
003f1928   _PWM_setChoppingDutyCycle
003f1921   _PWM_setChoppingPulseWidth
003f191d   _PWM_setClkDiv
003f191b   _PWM_setCount
003f1917   _PWM_setCounterMode
003f1914   _PWM_setDeadBandFallingEdgeDelay
003f190d   _PWM_setDeadBandInputMode
003f1906   _PWM_setDeadBandOutputMode
003f18ff   _PWM_setDeadBandPolarity
003f18fc   _PWM_setDeadBandRisingEdgeDelay
003f18e5   _PWM_setDigitalCompareAEvent1
003f18d5   _PWM_setDigitalCompareAEvent2
003f18be   _PWM_setDigitalCompareBEvent1
003f18ae   _PWM_setDigitalCompareBEvent2
003f18a2   _PWM_setDigitalCompareBlankingPulse
003f189f   _PWM_setDigitalCompareFilterOffset
003f1895   _PWM_setDigitalCompareFilterSource
003f1892   _PWM_setDigitalCompareFilterWindow
003f1883   _PWM_setDigitalCompareInput
003f187f   _PWM_setHighSpeedClkDiv
003f1875   _PWM_setHrControlMode
003f186b   _PWM_setHrEdgeMode
003f1861   _PWM_setHrShadowMode
003f185a   _PWM_setIntMode
003f1853   _PWM_setIntPeriod
003f184f   _PWM_setLoadMode_CmpA
003f1849   _PWM_setLoadMode_CmpB
003f1847   _PWM_setPeriod
003f1842   _PWM_setPeriodHr
003f183e   _PWM_setPeriodLoad
003f183c   _PWM_setPhase
003f1838   _PWM_setPhaseDir
003f1834   _PWM_setRunMode
003f182e   _PWM_setShadowMode_CmpA
003f1828   _PWM_setShadowMode_CmpB
003f181f   _PWM_setSocAPeriod
003f1815   _PWM_setSocAPulseSrc
003f180c   _PWM_setSocBPeriod
003f1803   _PWM_setSocBPulseSrc
003f1800   _PWM_setSwSync
003f17fc   _PWM_setSyncMode
003f17f2   _PWM_setTripZoneDCEventSelect_DCAEVT1
003f17e6   _PWM_setTripZoneDCEventSelect_DCAEVT2
003f17da   _PWM_setTripZoneDCEventSelect_DCBEVT1
003f17ce   _PWM_setTripZoneDCEventSelect_DCBEVT2
003f17c2   _PWM_setTripZoneState_DCAEVT1
003f17b6   _PWM_setTripZoneState_DCAEVT2
003f17aa   _PWM_setTripZoneState_DCBEVT1
003f179e   _PWM_setTripZoneState_DCBEVT2
003f1794   _PWM_setTripZoneState_TZA
003f1788   _PWM_setTripZoneState_TZB
003f22dc   _PWR_disableBrownOutReset
003f22d1   _PWR_disableWatchDogInt
003f22ce   _PWR_enableBrownOutReset
003f22c3   _PWR_enableWatchDogInt
003f22bc   _PWR_init
003f22aa   _PWR_setLowPowerMode
003f2298   _PWR_setNumStandByClocks
003f278e   _RamfuncsLoadEnd
003f24d3   _RamfuncsLoadStart
00008000   _RamfuncsRunStart
003f24bc   _SVGEN_init
003f24bb   _SVGEN_setup
003f2398   _TIMER_clearFlag
003f2395   _TIMER_disableInt
003f2392   _TIMER_enableInt
003f238f   _TIMER_getStatus
003f2389   _TIMER_init
003f237b   _TIMER_setDecimationFactor
003f2377   _TIMER_setEmulationMode
003f2369   _TIMER_setPreScaler
003f1426   _USER_checkForErrors
003f1418   _USER_computeFlux
003f13cd   _USER_computeFlux_pu_to_VpHz_sf
003f1382   _USER_computeFlux_pu_to_Wb_sf
003f1337   _USER_computeTorque_Flux_Iq_pu_to_Nm_sf
003f12ee   _USER_computeTorque_Ls_Id_Iq_pu_to_Nm_sf
003f12a2   _USER_computeTorque_Nm
003f124b   _USER_computeTorque_lbin
003f1248   _USER_getErrorCode
003f1245   _USER_setErrorCode
003f110a   _USER_setParams
003f107c   _USER_softwareUpdate1p6
003f231d   _WDOG_clearCounter
003f2315   _WDOG_disable
003f230f   _WDOG_disableInt
003f2309   _WDOG_disableOverRide
003f2300   _WDOG_enable
003f22fa   _WDOG_enableInt
003f22f4   _WDOG_enableOverRide
003f22f1   _WDOG_getIntStatus
003f22eb   _WDOG_init
003f22e9   _WDOG_setCount
003f22df   _WDOG_setPreScaler
003ff854   __IQ24cosPU
003ff82b   __IQ24sinPU
003ff2aa   __IQ24sqrt
003fff7b   __IQ30toF
00008b80   __STACK_END
00000200   __STACK_SIZE
00000001   __TI_args_main
000001f0   ___TI_cleanup_ptr
000001f2   ___TI_dtors_ptr
ffffffff   ___binit__
ffffffff   ___c_args__
003f278e   ___cinit__
003f24d3   ___etext__
ffffffff   ___pinit__
003f0000   ___text__
003f244d   __args_main
000001ee   __lock
003f24b2   __nop
003f24ae   __register_lock
003f24aa   __register_unlock
00008980   __stack
000001ec   __unlock
003f2466   _abort
003f15a0   _angleDelayComp
003f2325   _c_int00
00000012   _clarkeHandle_I
0000000e   _clarkeHandle_V
00000038   _clarke_I
0000004c   _clarke_V
000001f4   _cpu
00000010   _estHandle
003f2468   _exit
00000052   _gAdcData
0000000c   _gFlux_pu_to_VpHz_sf
00000002   _gFlux_pu_to_Wb_sf
00000020   _gIdq_pu
00000028   _gIdq_ref_pu
000000c0   _gMotorVars
00000040   _gOffsets_I_pu
00000046   _gOffsets_V_pu
00000032   _gPwmData
00000004   _gSpeed_hz_to_krpm_sf
00000006   _gSpeed_krpm_to_pu_sf
0000000a   _gTorque_Flux_Iq_pu_to_Nm_sf
00000008   _gTorque_Ls_Id_Iq_pu_to_Nm_sf
00000140   _gUserParams
0000001c   _gVdq_out_pu
00000200   _hal
00000014   _halHandle
00000024   _ipark
0000001a   _iparkHandle
003fda88   _log
003f15bd   _main
00008000   _mainISR
003f247f   _memCopy
003fde82   _modf
00000080   _pid
00000000   _pidCntSpeed
0000002c   _pidHandle
003fdd64   _pow
003f1587   _setupClarke_I
003f1574   _setupClarke_V
003f14fd   _softwareUpdate1p6
00000018   _svgen
00000016   _svgenHandle
003f142a   _updateGlobalVariables
000082b7   _usDelay
ffffffff   binit
003f278e   cinit
003f7ff6   code_start
003f24d3   etext
ffffffff   pinit


GLOBAL SYMBOLS: SORTED BY Symbol Address 

address    name
--------   ----
00000000   _pidCntSpeed
00000001   __TI_args_main
00000002   _gFlux_pu_to_Wb_sf
00000004   _gSpeed_hz_to_krpm_sf
00000006   _gSpeed_krpm_to_pu_sf
00000008   _gTorque_Ls_Id_Iq_pu_to_Nm_sf
0000000a   _gTorque_Flux_Iq_pu_to_Nm_sf
0000000c   _gFlux_pu_to_VpHz_sf
0000000e   _clarkeHandle_V
00000010   _estHandle
00000012   _clarkeHandle_I
00000014   _halHandle
00000016   _svgenHandle
00000018   _svgen
0000001a   _iparkHandle
0000001c   _gVdq_out_pu
00000020   _gIdq_pu
00000024   _ipark
00000028   _gIdq_ref_pu
0000002c   _pidHandle
00000032   _gPwmData
00000038   _clarke_I
00000040   _gOffsets_I_pu
00000046   _gOffsets_V_pu
0000004c   _clarke_V
00000052   _gAdcData
00000080   _pid
000000c0   _gMotorVars
00000140   _gUserParams
000001ec   __unlock
000001ee   __lock
000001f0   ___TI_cleanup_ptr
000001f2   ___TI_dtors_ptr
000001f4   _cpu
00000200   __STACK_SIZE
00000200   _hal
00008000   _RamfuncsRunStart
00008000   _mainISR
00008267   _FLASH_setStandbyWaitCount
0000826c   _FLASH_setPowerMode
00008273   _FLASH_setOtpWaitStates
0000827a   _FLASH_setNumRandomReadWaitStates
00008281   _FLASH_setNumPagedReadWaitStates
00008288   _FLASH_setActiveWaitCount
0000828d   _FLASH_enablePipelineMode
00008293   _FLASH_disablePipelineMode
00008299   _HAL_setupFlash
000082b7   _usDelay
00008980   __stack
00008b80   __STACK_END
003f0000   .text
003f0000   _HAL_setupTimers
003f0000   ___text__
003f0051   _HAL_setupPwms
003f0119   _HAL_setupPll
003f0157   _HAL_setupPie
003f0173   _HAL_setupPeripheralClks
003f01a8   _HAL_setupI2cs
003f01c4   _HAL_setupGpios
003f0257   _HAL_setupFaults
003f0273   _HAL_setupClks
003f028f   _HAL_setupAdcs
003f0341   _HAL_AdcCalChanSelect
003f0398   _HAL_AdcCalConversion
003f04f0   _HAL_AdcOffsetSelfCal
003f051f   _HAL_getOscTrimValue
003f0533   _HAL_osc1Comp
003f0572   _HAL_osc2Comp
003f05b1   _HAL_OscTempComp
003f0604   _HAL_cal
003f061b   _HAL_setParams
003f0718   _HAL_setDacParameters
003f072d   _HAL_disableWdog
003f0732   _HAL_init
003f07dc   _HAL_enablePwmInt
003f07ed   _HAL_enableGlobalInts
003f07f1   _HAL_enableDebugInt
003f07f5   _HAL_enableAdcInts
003f0807   _HAL_disableGlobalInts
003f080b   _HAL_I2c_Pca9555_WrData
003f084b   _HAL_I2c_Pca9555_RdData
003f08a0   _EST_setEstParams
003f107c   _USER_softwareUpdate1p6
003f110a   _USER_setParams
003f1245   _USER_setErrorCode
003f1248   _USER_getErrorCode
003f124b   _USER_computeTorque_lbin
003f12a2   _USER_computeTorque_Nm
003f12ee   _USER_computeTorque_Ls_Id_Iq_pu_to_Nm_sf
003f1337   _USER_computeTorque_Flux_Iq_pu_to_Nm_sf
003f1382   _USER_computeFlux_pu_to_Wb_sf
003f13cd   _USER_computeFlux_pu_to_VpHz_sf
003f1418   _USER_computeFlux
003f1426   _USER_checkForErrors
003f142a   _updateGlobalVariables
003f14fd   _softwareUpdate1p6
003f1574   _setupClarke_V
003f1587   _setupClarke_I
003f15a0   _angleDelayComp
003f15bd   _main
003f1788   _PWM_setTripZoneState_TZB
003f1794   _PWM_setTripZoneState_TZA
003f179e   _PWM_setTripZoneState_DCBEVT2
003f17aa   _PWM_setTripZoneState_DCBEVT1
003f17b6   _PWM_setTripZoneState_DCAEVT2
003f17c2   _PWM_setTripZoneState_DCAEVT1
003f17ce   _PWM_setTripZoneDCEventSelect_DCBEVT2
003f17da   _PWM_setTripZoneDCEventSelect_DCBEVT1
003f17e6   _PWM_setTripZoneDCEventSelect_DCAEVT2
003f17f2   _PWM_setTripZoneDCEventSelect_DCAEVT1
003f17fc   _PWM_setSyncMode
003f1800   _PWM_setSwSync
003f1803   _PWM_setSocBPulseSrc
003f180c   _PWM_setSocBPeriod
003f1815   _PWM_setSocAPulseSrc
003f181f   _PWM_setSocAPeriod
003f1828   _PWM_setShadowMode_CmpB
003f182e   _PWM_setShadowMode_CmpA
003f1834   _PWM_setRunMode
003f1838   _PWM_setPhaseDir
003f183c   _PWM_setPhase
003f183e   _PWM_setPeriodLoad
003f1842   _PWM_setPeriodHr
003f1847   _PWM_setPeriod
003f1849   _PWM_setLoadMode_CmpB
003f184f   _PWM_setLoadMode_CmpA
003f1853   _PWM_setIntPeriod
003f185a   _PWM_setIntMode
003f1861   _PWM_setHrShadowMode
003f186b   _PWM_setHrEdgeMode
003f1875   _PWM_setHrControlMode
003f187f   _PWM_setHighSpeedClkDiv
003f1883   _PWM_setDigitalCompareInput
003f1892   _PWM_setDigitalCompareFilterWindow
003f1895   _PWM_setDigitalCompareFilterSource
003f189f   _PWM_setDigitalCompareFilterOffset
003f18a2   _PWM_setDigitalCompareBlankingPulse
003f18ae   _PWM_setDigitalCompareBEvent2
003f18be   _PWM_setDigitalCompareBEvent1
003f18d5   _PWM_setDigitalCompareAEvent2
003f18e5   _PWM_setDigitalCompareAEvent1
003f18fc   _PWM_setDeadBandRisingEdgeDelay
003f18ff   _PWM_setDeadBandPolarity
003f1906   _PWM_setDeadBandOutputMode
003f190d   _PWM_setDeadBandInputMode
003f1914   _PWM_setDeadBandFallingEdgeDelay
003f1917   _PWM_setCounterMode
003f191b   _PWM_setCount
003f191d   _PWM_setClkDiv
003f1921   _PWM_setChoppingPulseWidth
003f1928   _PWM_setChoppingDutyCycle
003f192f   _PWM_setChoppingClkFreq
003f1936   _PWM_setActionQual_Zero_PwmB
003f193d   _PWM_setActionQual_Zero_PwmA
003f1944   _PWM_setActionQual_Period_PwmB
003f194d   _PWM_setActionQual_Period_PwmA
003f1956   _PWM_setActionQual_CntUp_CmpB_PwmB
003f195f   _PWM_setActionQual_CntUp_CmpB_PwmA
003f1968   _PWM_setActionQual_CntUp_CmpA_PwmB
003f1971   _PWM_setActionQual_CntUp_CmpA_PwmA
003f197a   _PWM_setActionQual_CntDown_CmpB_PwmB
003f1983   _PWM_setActionQual_CntDown_CmpB_PwmA
003f198c   _PWM_setActionQual_CntDown_CmpA_PwmB
003f1995   _PWM_setActionQual_CntDown_CmpA_PwmA
003f199e   _PWM_setActionQualContSWForce_PwmB
003f19a7   _PWM_setActionQualContSWForce_PwmA
003f19ae   _PWM_init
003f19b4   _PWM_incrementDeadBandRisingEdgeDelay
003f19b7   _PWM_incrementDeadBandFallingEdgeDelay
003f19ba   _PWM_getSocBCount
003f19bf   _PWM_getSocACount
003f19c4   _PWM_getShadowStatus_CmpB
003f19c8   _PWM_getShadowStatus_CmpA
003f19cc   _PWM_getIntCount
003f19d0   _PWM_getDeadBandRisingEdgeDelay
003f19d3   _PWM_getDeadBandFallingEdgeDelay
003f19d6   _PWM_enableTripZoneSrc
003f19dc   _PWM_enableTripZoneInt
003f19e2   _PWM_enableSocBPulse
003f19e6   _PWM_enableSocAPulse
003f19ea   _PWM_enableInt
003f19ee   _PWM_enableHrPhaseSync
003f19f5   _PWM_enableHrPeriod
003f19fc   _PWM_enableDigitalCompareBlankingWindowInversion
003f1a03   _PWM_enableDigitalCompareBlankingWindow
003f1a0a   _PWM_enableDeadBandHalfCycle
003f1a0e   _PWM_enableCounterLoad
003f1a11   _PWM_enableChopping
003f1a15   _PWM_enableAutoConvert
003f1a1c   _PWM_disableTripZones
003f1a22   _PWM_disableTripZoneSrc
003f1a29   _PWM_disableTripZoneInt
003f1a30   _PWM_disableSocBPulse
003f1a34   _PWM_disableSocAPulse
003f1a38   _PWM_disableInt
003f1a3c   _PWM_disableHrPhaseSync
003f1a43   _PWM_disableHrPeriod
003f1a4a   _PWM_disableDigitalCompareBlankingWindowInversion
003f1a51   _PWM_disableDigitalCompareBlankingWindow
003f1a58   _PWM_disableDeadBandHalfCycle
003f1a5c   _PWM_disableDeadBand
003f1a5f   _PWM_disableCounterLoad
003f1a62   _PWM_disableChopping
003f1a66   _PWM_disableAutoConvert
003f1a6d   _PWM_decrementDeadBandRisingEdgeDelay
003f1a70   _PWM_decrementDeadBandFallingEdgeDelay
003f1a73   _PWM_clearTripZone
003f1a79   _ADC_setupSocTrigSrc
003f1aa4   _ADC_setVoltRefSrc
003f1ab6   _ADC_setTempSensorSrc
003f1ac8   _ADC_setSocTrigSrc
003f1adb   _ADC_setSocSampleDelay
003f1aee   _ADC_setSocFrcWord
003f1af5   _ADC_setSocFrc
003f1aff   _ADC_setSocChanNumber
003f1b12   _ADC_setSampleOverlapMode
003f1b27   _ADC_setSampleMode
003f1b3f   _ADC_setOffTrim
003f1b46   _ADC_setIntSrc
003f1b63   _ADC_setIntPulseGenMode
003f1b75   _ADC_setIntMode
003f1b92   _ADC_setDivideSelect
003f1ba4   _ADC_reset
003f1baf   _ADC_powerUp
003f1bba   _ADC_powerDown
003f1bc5   _ADC_init
003f1bcc   _ADC_getDivideSelect
003f1bd1   _ADC_enableVoltRefLoConv
003f1bdc   _ADC_enableRefBuffers
003f1be7   _ADC_enableNoOverlapMode
003f1bf2   _ADC_enableInt
003f1c09   _ADC_enableBandGap
003f1c14   _ADC_enable
003f1c1f   _ADC_disableVoltRefLoConv
003f1c2a   _ADC_disableRefBuffers
003f1c35   _ADC_disableNoOverlapMode
003f1c40   _ADC_disableInt
003f1c5b   _ADC_disableBandGap
003f1c66   _ADC_disable
003f1c71   _GPIO_toggle
003f1c84   _GPIO_setQualificationPeriod
003f1caf   _GPIO_setQualification
003f1ce8   _GPIO_setPullUp
003f1d03   _GPIO_setPortData
003f1d0f   _GPIO_setMode
003f1d40   _GPIO_setLow
003f1d53   _GPIO_setHigh
003f1d66   _GPIO_setExtInt
003f1d71   _GPIO_setDirection
003f1d8c   _GPIO_read
003f1db2   _GPIO_lpmSelect
003f1dbc   _GPIO_init
003f1dc2   _GPIO_getPortData
003f1dc9   _GPIO_getData
003f1dd9   _EST_setupEstIdleState
003f1f2d   _CLK_setXClkInSrc
003f1f34   _CLK_setWatchDogSrc
003f1f3b   _CLK_setTimer2Src
003f1f42   _CLK_setTimer2PreScale
003f1f49   _CLK_setOscSrc
003f1f50   _CLK_setOsc2Src
003f1f57   _CLK_setLowSpdPreScaler
003f1f5d   _CLK_setClkOutPreScaler
003f1f64   _CLK_init
003f1f6a   _CLK_enableWatchDogHaltMode
003f1f70   _CLK_enableTbClockSync
003f1f77   _CLK_enableSpiaClock
003f1f7e   _CLK_enableSciaClock
003f1f85   _CLK_enablePwmClock
003f1f8e   _CLK_enableOsc2HaltMode
003f1f94   _CLK_enableOsc2
003f1f9a   _CLK_enableOsc1HaltMode
003f1fa0   _CLK_enableOsc1
003f1fa6   _CLK_enableI2cClock
003f1fad   _CLK_enableHrPwmClock
003f1fb4   _CLK_enableGpioInputClock
003f1fbb   _CLK_enableEcap1Clock
003f1fc2   _CLK_enableCrystalOsc
003f1fc8   _CLK_enableCpuTimerClock
003f1fce   _CLK_enableCompClock
003f1fd4   _CLK_enableClkIn
003f1fda   _CLK_enableAdcClock
003f1fe1   _CLK_disableWatchDogHaltMode
003f1fe7   _CLK_disableTbClockSync
003f1fee   _CLK_disableSpiaClock
003f1ff5   _CLK_disableSciaClock
003f1ffc   _CLK_disablePwmClock
003f2006   _CLK_disableOsc2HaltMode
003f200c   _CLK_disableOsc2
003f2012   _CLK_disableOsc1HaltMode
003f2018   _CLK_disableOsc1
003f201e   _CLK_disableI2cClock
003f2025   _CLK_disableHrPwmClock
003f202c   _CLK_disableGpioInputClock
003f2033   _CLK_disableEcap1Clock
003f203a   _CLK_disableCrystalOsc
003f2040   _CLK_disableCpuTimerClock
003f2047   _CLK_disableCompClock
003f204b   _CLK_disableClkIn
003f2051   _CLK_disableAdcClock
003f2058   _PIE_unregisterSystemIntHandler
003f2065   _PIE_unregisterPieIntHandler
003f2076   _PIE_setExtIntPolarity
003f2086   _PIE_setDefaultIntVectorTable
003f2092   _PIE_registerSystemIntHandler
003f209d   _PIE_registerPieIntHandler
003f20ac   _PIE_init
003f20b3   _PIE_getIntFlags
003f20ba   _PIE_getIntEnables
003f20c1   _PIE_getExtIntCount
003f20c9   _PIE_forceInt
003f20d3   _PIE_enableTimer0Int
003f20d6   _PIE_enablePwmTzInt
003f20db   _PIE_enablePwmInt
003f20e0   _PIE_enableInt
003f20ea   _PIE_enableExtInt
003f210d   _PIE_enableCaptureInt
003f2111   _PIE_enableAdcInt
003f212d   _PIE_enable
003f2130   _PIE_disableInt
003f213b   _PIE_disableExtInt
003f2148   _PIE_disableCaptureInt
003f214c   _PIE_disableAllInts
003f2156   _PIE_disable
003f2159   _PIE_clearAllInts
003f215c   _PIE_clearAllFlags
003f2166   _I2C_setupClock
003f216d   _I2C_setSlave
003f2171   _I2C_setSlaveAddress
003f2176   _I2C_setMasterSlaveAddr
003f2178   _I2C_setMaster
003f217c   _I2C_resetTxFifo
003f2180   _I2C_resetRxFifo
003f2184   _I2C_putData
003f2187   _I2C_isMasterBusy
003f218b   _I2C_init
003f2191   _I2C_getStatus
003f2193   _I2C_getIntSource
003f2196   _I2C_getData
003f2198   _I2C_enableInt
003f219a   _I2C_enableFifo
003f219e   _I2C_enable
003f21a2   _I2C_disableInt
003f21a5   _I2C_disableFifo
003f21a9   _I2C_disable
003f21ad   _I2C_clearTxFifoInt
003f21b1   _I2C_clearRxFifoInt
003f21b5   _I2C_MasterControl
003f21ba   _I2C_WrData
003f21e9   _I2C_SendData
003f21f7   _I2C_RdData
003f223d   _PLL_setLockPeriod
003f2242   _PLL_setDivideSelect
003f2249   _PLL_setClkFreq
003f224f   _PLL_resetClkDetect
003f2255   _PLL_init
003f225b   _PLL_getLockStatus
003f225e   _PLL_getDivideSelect
003f2261   _PLL_getClkStatus
003f2264   _PLL_getClkFreq
003f2268   _PLL_enableOsc
003f226e   _PLL_enableNormRdy
003f2274   _PLL_enableClkDetect
003f227a   _PLL_enable
003f2280   _PLL_disableOsc
003f2286   _PLL_disableNormRdy
003f228c   _PLL_disableClkDetect
003f2292   _PLL_disable
003f2298   _PWR_setNumStandByClocks
003f22aa   _PWR_setLowPowerMode
003f22bc   _PWR_init
003f22c3   _PWR_enableWatchDogInt
003f22ce   _PWR_enableBrownOutReset
003f22d1   _PWR_disableWatchDogInt
003f22dc   _PWR_disableBrownOutReset
003f22df   _WDOG_setPreScaler
003f22e9   _WDOG_setCount
003f22eb   _WDOG_init
003f22f1   _WDOG_getIntStatus
003f22f4   _WDOG_enableOverRide
003f22fa   _WDOG_enableInt
003f2300   _WDOG_enable
003f2309   _WDOG_disableOverRide
003f230f   _WDOG_disableInt
003f2315   _WDOG_disable
003f231d   _WDOG_clearCounter
003f2325   _c_int00
003f2369   _TIMER_setPreScaler
003f2377   _TIMER_setEmulationMode
003f237b   _TIMER_setDecimationFactor
003f2389   _TIMER_init
003f238f   _TIMER_getStatus
003f2392   _TIMER_enableInt
003f2395   _TIMER_disableInt
003f2398   _TIMER_clearFlag
003f239b   _OSC_setTrim
003f23a4   _OSC_setFineTrim
003f23b5   _OSC_setCoarseTrim
003f23c2   _OSC_init
003f23c8   _CPU_init
003f23ce   _CPU_enableProtectedRegisterWrite
003f23d1   _CPU_enableInt
003f23d5   _CPU_enableGlobalInts
003f23d8   _CPU_enableDebugInt
003f23db   _CPU_disableProtectedRegisterWrite
003f23de   _CPU_disableInts
003f23e1   _CPU_disableInt
003f23e6   _CPU_disableGlobalInts
003f23e9   _CPU_disableDebugInt
003f23ec   _CPU_clearIntFlags
003f23ef   FS$$TOUL
003f2410   _FLASH_init
003f2416   _FLASH_getStandbyWaitStatus
003f241a   _FLASH_getStandbyWaitCount
003f241d   _FLASH_getPowerMode
003f2420   _FLASH_getActiveWaitStatus
003f2424   _FLASH_getActiveWaitCount
003f2427   _FLASH_get3VStatus
003f242a   _FLASH_clear3VStatus
003f2430   FS$$TOU
003f244d   __args_main
003f2466   C$$EXIT
003f2466   _abort
003f2468   _exit
003f247f   _memCopy
003f248f   _EST_getIdq_pu
003f249d   _PID_init
003f24aa   __register_unlock
003f24ae   __register_lock
003f24b2   __nop
003f24bb   _SVGEN_setup
003f24bc   _SVGEN_init
003f24c2   _CLARKE_init
003f24c8   _IPARK_init
003f24ce   _PIE_illegalIsr
003f24d3   _RamfuncsLoadStart
003f24d3   ___etext__
003f24d3   etext
003f278e   _RamfuncsLoadEnd
003f278e   ___cinit__
003f278e   cinit
003f7ff6   code_start
003fc000   _EST_getState
003fc05a   _EST_resetCounter_state
003fc062   _EST_getFullScaleCurrent
003fc092   _EST_computeDirection_qFmt
003fc0f8   _EST_updateState
003fc3e2   _EST_setWaitTimes
003fc4bb   _EST_setMotorParams
003fc4cc   _EST_setLs_q_pu
003fc4d1   _EST_getFullScaleInductance
003fc4d6   _EST_setLs_qFmt
003fc52a   _EST_setLs_d_pu
003fc55f   _EST_setIdle
003fc56f   _EST_setFullScaleVoltage
003fc573   _EST_setFullScaleResistance
003fc58b   _EST_setFullScaleFreq
003fc594   _EST_setFullScaleCurrent
003fc5b0   _EST_setFlag_updateRs
003fc5b4   _EST_setFlag_estComplete
003fc5b8   _EST_setFlag_enableRsRecalc
003fc5bc   _EST_setFlag_enableRsOnLine
003fc5c0   _EST_setFlag_enableForceAngle
003fc5c5   _EST_setFlag_enableFluxControl
003fc5ed   _EST_resetCounter_ctrl
003fc5f2   _EST_getAngle_pu
003fcc60   _EST_run
003fcd78   _EST_init
003fceab   _EST_getSpeed_krpm
003fcef8   _EST_getRs_Ohm
003fcf92   _EST_getRr_Ohm
003fcf98   _EST_getOneOverDcBus_pu
003fcfae   _EST_getLs_q_pu
003fcfb3   _EST_getLs_q_H
003fcfd5   _EST_getLs_d_pu
003fcfda   _EST_getLs_d_H
003fcfe4   _EST_getLs_coarse_max_pu
003fd017   _EST_getIdRated
003fd043   _EST_getFullScaleFlux
003fd073   _EST_getFm_pu
003fd090   _EST_getFlux_pu
003fd0a3   _EST_getFlux_VpHz
003fd1af   _EST_TRAJ_setParams
003fd1be   _EST_I_setParams
003fd1e8   _EST_EPL_setParams
003fd237   _EST_Ls_setWaitTimes
003fd247   _EST_Ls_setParams
003fd284   _EST_Ls_setLs_q
003fd2b6   _EST_Ls_setLs_d
003fd41e   _EST_Flux_setWaitTimes
003fd42e   _EST_Flux_setParams
003fd49c   _EST_Flux_getRatedFlux_pu
003fd514   _EST_Flux_computeOneOverFlux_qFmt
003fd54d   _EST_RsOnLine_setParams
003fd57d   _EST_RsOnLine_setFilterParams
003fd6b3   _EST_Rs_setWaitTimes
003fd6c3   _EST_Rs_setRs
003fd725   _EST_Rs_setParams
003fd788   _EST_Rr_setRr
003fd7e9   _EST_Rr_setParams
003fd89a   _OFFSET_setOffset
003fd89c   _OFFSET_setInitCond
003fd8ad   _OFFSET_setBeta
003fd8c3   _OFFSET_init
003fd922   _EST_Dir_setParams
003fd95c   _EST_Freq_setParams
003fd9b0   _EST_Flux_ab_setParams
003fd9cc   _EST_Iab_setParams
003fd9e5   _EST_Angle_setParams
003fd9fb   _EST_Vdq_setParams
003fda0d   _EST_OneOverDcBus_setParams
003fda1e   _EST_Idq_setParams
003fda3b   _EST_Flux_dq_setParams
003fda47   _EST_Vback_ab_setParams
003fda53   _EST_Vab_setParams
003fda5e   _EST_Vback_dq_setParams
003fda88   _log
003fdc5e   FD$$MPY
003fdce1   FS$$DIV
003fdd64   _pow
003fdde7   FS$$MPY
003fde82   _modf
003fdeb8   FS$$ADD
003fdf2b   FS$$CMP
003fdf7b   FD$$TOL
003fdfb7   FS$$TOFD
003ff2aa   __IQ24sqrt
003ff82b   __IQ24sinPU
003ff854   __IQ24cosPU
003ff8aa   UL$$TOFS
003ff8bd   U$$TOFS
003fff0e   FS$$TOI
003fff33   I$$TOFS
003fff4d   FS$$NEG
003fff7b   __IQ30toF
ffffffff   ___binit__
ffffffff   ___c_args__
ffffffff   ___pinit__
ffffffff   binit
ffffffff   pinit

[540 symbols]
