******************************************************************************
             TMS320C2000 Linker PC v6.2.5                      
******************************************************************************
>> Linked Tue Oct 10 10:52:05 2017

OUTPUT FILE NAME:   <proj_lab13b.out>
ENTRY POINT SYMBOL: "_c_int00"  address: 0000c6de


MEMORY CONFIGURATION

         name            origin    length      used     unused   attr    fill
----------------------  --------  ---------  --------  --------  ----  --------
PAGE 0:
  BEGIN                 00000000   00000002  00000002  00000000  RWIX
  RAMM0                 00000050   000003b0  000000ea  000002c6  RWIX
  RAML0_L8              00008000   0000b800  00005165  0000669b  RWIX
  FPUTABLES             003fd590   000006a0  00000000  000006a0  RWIX
  IQTABLES              003fdc30   00000b50  00000000  00000b50  RWIX
  IQTABLES2             003fe780   0000008c  00000000  0000008c  RWIX
  IQTABLES3             003fe80c   000000aa  00000000  000000aa  RWIX
  BOOTROM               003ff3b0   00000c10  00000000  00000c10  RWIX
  RESET                 003fffc0   00000002  00000000  00000002  RWIX

PAGE 1:
  BOOT_RSVD             00000002   0000004e  00000000  0000004e  RWIX
  RAMM1                 00000400   00000400  000003b0  00000050  RWIX
  USB_RAM               00040000   00000800  00000000  00000800  RWIX


SECTION ALLOCATION MAP

 output                                  attributes/
section   page    origin      length       input sections
--------  ----  ----------  ----------   ----------------
codestart 
*          0    00000000    00000002     
                  00000000    00000002     CodeStartBranch.obj (codestart)

.pinit     0    00000050    00000000     UNINITIALIZED

.cinit     0    00000050    000000b4     
                  00000050    0000009e     proj_lab13b.obj (.cinit)
                  000000ee    0000000a     rts2800_ml.lib : _lock.obj (.cinit)
                  000000f8    0000000a                    : exit.obj (.cinit)
                  00000102    00000002     --HOLE-- [fill = 0]

ramfuncs   0    00000104    00000036     
                  00000104    00000032     flash.obj (ramfuncs)
                  00000136    00000004     usDelay.obj (ramfuncs)

.text      0    00008000    00004973     
                  00008000    00000e8f     SpinTAC.lib : spintac_pos_move.obj (.text:_STPOSMOVE_run)
                  00008e8f    00000b35     hal.obj (.text)
                  000099c4    0000090d     ctrlQEP.obj (.text)
                  0000a2d1    00000728     proj_lab13b.obj (.text)
                  0000a9f9    00000466     user.obj (.text)
                  0000ae5f    0000039d     SpinTAC.lib : spintac_pos_ctl.obj (.text:_STPOSCTL_run)
                  0000b1fc    000002f1     pwm.obj (.text)
                  0000b4ed    00000273     SpinTAC.lib : spintac_pos_move.obj (.text:_s31_calc)
                  0000b760    000001fb     adc.obj (.text)
                  0000b95b    000001f2     SpinTAC.lib : spintac_pos_conv.obj (.text:_STPOSCONV_run)
                  0000bb4d    00000196     mb.obj (.text)
                  0000bce3    00000194     gpio.obj (.text)
                  0000be77    0000018c     enc.obj (.text)
                  0000c003    0000018a     clk.obj (.text)
                  0000c18d    0000016b     proj_lab13b.obj (.text:retain)
                  0000c2f8    0000010e     pie.obj (.text)
                  0000c406    000000ef     sci.obj (.text)
                  0000c4f5    0000006a     SpinTAC.lib : spintac_pos_plan.obj (.text:_STPOSPLAN_init)
                  0000c55f    0000005b     pll.obj (.text)
                  0000c5ba    00000052     SpinTAC.lib : spintac_pos_move.obj (.text:_STPOSMOVE_init)
                  0000c60c    00000047     pwr.obj (.text)
                  0000c653    00000046     wdog.obj (.text)
                  0000c699    00000045     offset.obj (.text)
                  0000c6de    00000044     rts2800_ml.lib : boot.obj (.text)
                  0000c722    00000043     SpinTAC.lib : spintac_pos_ctl.obj (.text:_STPOSCTL_init)
                  0000c765    0000003c                 : spintac_pos_roadd.obj (.text:_ST_addPosRollOver)
                  0000c7a1    00000035                 : spintac_pos_conv.obj (.text:_STPOSCONV_init)
                  0000c7d6    00000032     timer.obj (.text)
                  0000c808    00000031     SpinTAC.lib : spintac_version.obj (.text:_ST_initVersion)
                  0000c839    0000002d     osc.obj (.text)
                  0000c866    00000027     cpu.obj (.text)
                  0000c88d    00000021     filter_fo.obj (.text)
                  0000c8ae    00000021     rts2800_ml.lib : fs_toul.obj (.text)
                  0000c8cf    00000020     flash.obj (.text)
                  0000c8ef    0000001d     rts2800_ml.lib : fs_tou.obj (.text)
                  0000c90c    00000019                    : args_main.obj (.text)
                  0000c925    00000019                    : exit.obj (.text)
                  0000c93e    00000019     slip.obj (.text)
                  0000c957    00000009     rts2800_ml.lib : _lock.obj (.text)
                  0000c960    00000008     CodeStartBranch.obj (.text)
                  0000c968    00000006     qep.obj (.text)
                  0000c96e    00000005     pie.obj (.text:retain)

.ebss      0    0000c974    000005b2     UNINITIALIZED
                  0000c974    00000004     mb.obj (.ebss)
                  0000c978    00000004     rts2800_ml.lib : _lock.obj (.ebss)
                  0000c97c    00000004                    : exit.obj (.ebss)
                  0000c980    000004c8     proj_lab13b.obj (.ebss)
                  0000ce48    00000001     cpu.obj (.ebss)
                  0000ce49    00000037     --HOLE--
                  0000ce80    000000a6     hal.obj (.ebss)

.econst    0    0000cf26    0000022c     
                  0000cf26    00000100     mb.obj (.econst:.string:_aucCRCHi)
                  0000d026    00000100     mb.obj (.econst:.string:_aucCRCLo)
                  0000d126    0000001c     ctrlQEP.obj (.econst)
                  0000d142    00000008     user.obj (.econst)
                  0000d14a    00000004     hal.obj (.econst)
                  0000d14e    00000004     proj_lab13b.obj (.econst)

IQmath     0    0000d152    00000014     
                  0000d152    0000000b     IQmath.lib : IQ24frac.obj (IQmath)
                  0000d15d    00000009                : IQ24int.obj (IQmath)

.reset     0    003fffc0    00000002     DSECT
                  003fffc0    00000002     rts2800_ml.lib : boot.obj (.reset)

.stack     1    00000400    000003b0     UNINITIALIZED
                  00000400    000003b0     --HOLE--


GLOBAL DATA SYMBOLS: SORTED BY DATA PAGE

address     data page           name
--------    ----------------    ----
00000400      10 (00000400)     __stack

0000c978     325 (0000c940)     __unlock
0000c97a     325 (0000c940)     __lock
0000c97c     325 (0000c940)     ___TI_cleanup_ptr
0000c97e     325 (0000c940)     ___TI_dtors_ptr

0000c980     326 (0000c980)     _gLEDcnt
0000c982     326 (0000c980)     _gCounter_updateGlobals
0000c983     326 (0000c980)     _Flag_Latch_softwareUpdate
0000c984     326 (0000c980)     _encHandle
0000c986     326 (0000c980)     _slipHandle
0000c988     326 (0000c980)     _controller_obj
0000c98a     326 (0000c980)     _MyMBhandle
0000c98c     326 (0000c980)     _gMaxCurrentSlope
0000c98e     326 (0000c980)     _gTorque_Ls_Id_Iq_pu_to_Nm_sf
0000c990     326 (0000c980)     _gTorque_Flux_Iq_pu_to_Nm_sf
0000c992     326 (0000c980)     _gFlux_pu_to_VpHz_sf
0000c994     326 (0000c980)     _stHandle
0000c996     326 (0000c980)     _gFlux_pu_to_Wb_sf
0000c998     326 (0000c980)     _ctrlHandle
0000c99a     326 (0000c980)     _halHandle
0000c99c     326 (0000c980)     _gPwmData
0000c9a2     326 (0000c980)     _slip

0000c9c0     327 (0000c9c0)     _gAdcData
0000c9d6     327 (0000c9c0)     _My_ModBus

0000ca00     328 (0000ca00)     _gMotorVars

0000ca80     32a (0000ca80)     _gUserParams

0000cb40     32d (0000cb40)     _enc

0000cc80     332 (0000cc80)     _st_obj

0000ce48     339 (0000ce40)     _cpu

0000ce80     33a (0000ce80)     _hal

0000cf26     33c (0000cf00)     _aucCRCHi

0000d026     340 (0000d000)     _aucCRCLo

0000d152     345 (0000d140)     __IQ24frac
0000d15d     345 (0000d140)     __IQ24int


GLOBAL SYMBOLS: SORTED ALPHABETICALLY BY Name 

address    name
--------   ----
00008000   .text
0000c925   C$$EXIT
003f81d6   FD$$MPY
003f853d   FD$$TOL
003f8364   FS$$ADD
003f85c9   FS$$CMP
003f8259   FS$$DIV
003f83d7   FS$$MPY
003f8616   FS$$NEG
003f8579   FS$$TOFD
003f84f6   FS$$TOI
003f84cd   FS$$TOL
0000c8ef   FS$$TOU
0000c8ae   FS$$TOUL
003f8595   I$$TOFS
003f84a3   L$$DIV
003f84b2   L$$MOD
003f85af   L$$TOFS
003f8606   U$$TOFS
003f85f3   UL$$TOFS
0000b950   _ADC_disable
0000b945   _ADC_disableBandGap
0000b92a   _ADC_disableInt
0000b91f   _ADC_disableNoOverlapMode
0000b914   _ADC_disableRefBuffers
0000b909   _ADC_disableVoltRefLoConv
0000b8fe   _ADC_enable
0000b8f3   _ADC_enableBandGap
0000b8dc   _ADC_enableInt
0000b8d1   _ADC_enableNoOverlapMode
0000b8c6   _ADC_enableRefBuffers
0000b8bb   _ADC_enableVoltRefLoConv
0000b8b3   _ADC_getDivideSelect
0000b8ac   _ADC_init
0000b8a1   _ADC_powerDown
0000b896   _ADC_powerUp
0000b88b   _ADC_reset
0000b879   _ADC_setDivideSelect
0000b85c   _ADC_setIntMode
0000b84a   _ADC_setIntPulseGenMode
0000b82d   _ADC_setIntSrc
0000b826   _ADC_setOffTrim
0000b80e   _ADC_setSampleMode
0000b7f9   _ADC_setSampleOverlapMode
0000b7e6   _ADC_setSocChanNumber
0000b7dc   _ADC_setSocFrc
0000b7d5   _ADC_setSocFrcWord
0000b7c2   _ADC_setSocSampleDelay
0000b7af   _ADC_setSocTrigSrc
0000b79d   _ADC_setTempSensorSrc
0000b78b   _ADC_setVoltRefSrc
0000b760   _ADC_setupSocTrigSrc
0000c186   _CLK_disableAdcClock
0000c17f   _CLK_disableClaClock
0000c179   _CLK_disableClkIn
0000c175   _CLK_disableCompClock
0000c16e   _CLK_disableCpuTimerClock
0000c168   _CLK_disableCrystalOsc
0000c161   _CLK_disableEcanaClock
0000c15a   _CLK_disableEcap1Clock
0000c153   _CLK_disableEqep1Clock
0000c14c   _CLK_disableEqep2Clock
0000c145   _CLK_disableGpioInputClock
0000c13e   _CLK_disableHrPwmClock
0000c137   _CLK_disableI2cClock
0000c130   _CLK_disableLinAClock
0000c12a   _CLK_disableOsc1
0000c124   _CLK_disableOsc1HaltMode
0000c11e   _CLK_disableOsc2
0000c118   _CLK_disableOsc2HaltMode
0000c10e   _CLK_disablePwmClock
0000c107   _CLK_disableSciaClock
0000c100   _CLK_disableScibClock
0000c0f9   _CLK_disableSpiaClock
0000c0f5   _CLK_disableSpibClock
0000c0ee   _CLK_disableTbClockSync
0000c0e8   _CLK_disableWatchDogHaltMode
0000c0e1   _CLK_enableAdcClock
0000c0da   _CLK_enableClaClock
0000c0d4   _CLK_enableClkIn
0000c0ce   _CLK_enableCompClock
0000c0c8   _CLK_enableCpuTimerClock
0000c0c2   _CLK_enableCrystalOsc
0000c0bb   _CLK_enableEcanaClock
0000c0b4   _CLK_enableEcap1Clock
0000c0ad   _CLK_enableEqep1Clock
0000c0a6   _CLK_enableEqep2Clock
0000c09f   _CLK_enableGpioInputClock
0000c098   _CLK_enableHrPwmClock
0000c091   _CLK_enableI2cClock
0000c08a   _CLK_enableLinAClock
0000c084   _CLK_enableOsc1
0000c07e   _CLK_enableOsc1HaltMode
0000c078   _CLK_enableOsc2
0000c072   _CLK_enableOsc2HaltMode
0000c069   _CLK_enablePwmClock
0000c062   _CLK_enableSciaClock
0000c05b   _CLK_enableScibClock
0000c054   _CLK_enableSpiaClock
0000c04d   _CLK_enableSpibClock
0000c046   _CLK_enableTbClockSync
0000c040   _CLK_enableWatchDogHaltMode
0000c03a   _CLK_init
0000c033   _CLK_setClkOutPreScaler
0000c02d   _CLK_setLowSpdPreScaler
0000c026   _CLK_setOsc2Src
0000c01f   _CLK_setOscSrc
0000c018   _CLK_setTimer2PreScale
0000c011   _CLK_setTimer2Src
0000c00a   _CLK_setWatchDogSrc
0000c003   _CLK_setXClkInSrc
0000c88a   _CPU_clearIntFlags
0000c887   _CPU_disableDebugInt
0000c884   _CPU_disableGlobalInts
0000c87f   _CPU_disableInt
0000c87c   _CPU_disableInts
0000c879   _CPU_disableProtectedRegisterWrite
0000c876   _CPU_enableDebugInt
0000c873   _CPU_enableGlobalInts
0000c86f   _CPU_enableInt
0000c86c   _CPU_enableProtectedRegisterWrite
0000c866   _CPU_init
0000a295   _CTRL_getGains
0000a28d   _CTRL_getIab_filt_pu
0000a285   _CTRL_getIab_in_pu
0000a27d   _CTRL_getIdq_in_pu
0000a275   _CTRL_getIdq_ref_pu
0000a2ce   _CTRL_getMagCurrent_pu
0000a2cb   _CTRL_getMaximumSpeed_pu
0000a26d   _CTRL_getVab_in_pu
0000a265   _CTRL_getVab_out_pu
0000a25d   _CTRL_getVdq_out_pu
003fa721   _CTRL_getVersion
0000a254   _CTRL_getWaitTimes
003fa6fb   _CTRL_initCtrl
00009d35   _CTRL_run
003fa5d1   _CTRL_runTraj
003f9e64   _CTRL_setEstParams
00009ad1   _CTRL_setGains
0000a2c5   _CTRL_setMagCurrent_pu
0000a2c8   _CTRL_setMaximumSpeed_pu
00009af9   _CTRL_setParams
00009abe   _CTRL_setSpd_ref_krpm
00009abb   _CTRL_setSpd_ref_pu
003f9d31   _CTRL_setUserMotorParams
00009ab2   _CTRL_setWaitTimes
00009aa8   _CTRL_setup
00009a8c   _CTRL_setupClarke_I
00009a76   _CTRL_setupClarke_V
003f9b43   _CTRL_setupCtrl
003f99a5   _CTRL_setupEstIdleState
003f996a   _CTRL_setupEstOnLineState
003f9806   _CTRL_setupTraj
000099c4   _CTRL_updateState
0000bfe2   _ENC_calcElecAngle
0000bfd6   _ENC_getSpeedRPM
0000bfcf   _ENC_init
0000bf23   _ENC_run
0000be77   _ENC_setup
003f9760   _EST_doCurrentCtrl
003f9758   _EST_doSpeedCtrl
003f8c0d   _EST_getAngle_pu
003f96be   _EST_getFlux_VpHz
003f96ab   _EST_getFlux_pu
003f968e   _EST_getFm_pu
003f9632   _EST_getIdRated
003f95ff   _EST_getLs_coarse_max_pu
003f95f5   _EST_getLs_d_H
003f95f0   _EST_getLs_d_pu
003f95ce   _EST_getLs_q_H
003f95c9   _EST_getLs_q_pu
003f95bd   _EST_getMaxCurrentSlope_pu
003f95b3   _EST_getOneOverDcBus_pu
003f95ad   _EST_getRr_Ohm
003f9513   _EST_getRs_Ohm
003f861b   _EST_getState
003f9458   _EST_get_krpm_to_pu_sf
003f938d   _EST_isError
003f9386   _EST_isIdle
003f937f   _EST_isLockRotor
003f8679   _EST_isMotorIdentified
003f9378   _EST_isOnLine
003f927b   _EST_run
003f8bdb   _EST_setFlag_enableForceAngle
003f8bd3   _EST_setFlag_enableRsRecalc
003f8b80   _EST_setId_ref_pu
003f8b7a   _EST_setIdle
003f8b67   _EST_setIdle_all
003f8b63   _EST_setIq_ref_pu
003f8b45   _EST_setLs_d_pu
003f8af1   _EST_setLs_qFmt
003f8ae7   _EST_setLs_q_pu
003f8adb   _EST_setMaxCurrentSlope_pu
003f8a18   _EST_setRs_pu
003f89f5   _EST_updateId_ref_pu
003f8713   _EST_updateState
003f861d   _EST_useZeroIq_ref
0000c8ab   _FILTER_FO_getDenCoeffs
0000c8a4   _FILTER_FO_getInitialConditions
0000c89e   _FILTER_FO_getNumCoeffs
0000c898   _FILTER_FO_init
0000c896   _FILTER_FO_setDenCoeffs
0000c891   _FILTER_FO_setInitialConditions
0000c88d   _FILTER_FO_setNumCoeffs
0000c8e9   _FLASH_clear3VStatus
00000130   _FLASH_disablePipelineMode
0000012a   _FLASH_enablePipelineMode
0000c8e6   _FLASH_get3VStatus
0000c8e3   _FLASH_getActiveWaitCount
0000c8df   _FLASH_getActiveWaitStatus
0000c8dc   _FLASH_getPowerMode
0000c8d9   _FLASH_getStandbyWaitCount
0000c8d5   _FLASH_getStandbyWaitStatus
0000c8cf   _FLASH_init
00000125   _FLASH_setActiveWaitCount
0000011e   _FLASH_setNumPagedReadWaitStates
00000117   _FLASH_setNumRandomReadWaitStates
00000110   _FLASH_setOtpWaitStates
00000109   _FLASH_setPowerMode
00000104   _FLASH_setStandbyWaitCount
0000c983   _Flag_Latch_softwareUpdate
0000be67   _GPIO_getData
0000be60   _GPIO_getPortData
0000be5a   _GPIO_init
0000be50   _GPIO_lpmSelect
0000be2a   _GPIO_read
0000be0f   _GPIO_setDirection
0000be04   _GPIO_setExtInt
0000bdf1   _GPIO_setHigh
0000bdde   _GPIO_setLow
0000bda4   _GPIO_setMode
0000bd98   _GPIO_setPortData
0000bd7d   _GPIO_setPullup
0000bd3d   _GPIO_setQualification
0000bcf6   _GPIO_setQualificationPeriod
0000bce3   _GPIO_toggle
000094a7   _HAL_AdcCalChanSelect
000094fe   _HAL_AdcCalConversion
00009656   _HAL_AdcOffsetSelfCal
0000971b   _HAL_OscTempComp
0000976e   _HAL_cal
000099c0   _HAL_disableGlobalInts
0000989e   _HAL_disableWdog
000099af   _HAL_enableAdcInts
000099ab   _HAL_enableDebugInt
000099a7   _HAL_enableGlobalInts
00009996   _HAL_enablePwmInt
00009979   _HAL_enableSciaInt
00009967   _HAL_enableTimer1Int
00009689   _HAL_getOscTrimValue
000098a3   _HAL_init
0000969d   _HAL_osc1Comp
000096dc   _HAL_osc2Comp
00009889   _HAL_setDacParameters
00009785   _HAL_setParams
000093ac   _HAL_setupAdcs
00009390   _HAL_setupClks
00009367   _HAL_setupFaults
00009349   _HAL_setupFlash
00009190   _HAL_setupGpios
0000913d   _HAL_setupPeripheralClks
00009121   _HAL_setupPie
000090e3   _HAL_setupPll
00009058   _HAL_setupPwmDacs
00008f90   _HAL_setupPwms
00008f21   _HAL_setupQEP
00008edf   _HAL_setupScia
00008e8f   _HAL_setupTimers
0000bbb9   _MB_CRC16
0000bc8d   _MB_FuncReadHoldingRegister
0000bc8c   _MB_FuncWriteRegister
0000bca2   _MB_Poll
0000bc7f   _MB_PortEventGet
0000bc7c   _MB_PortEventInit
0000bb59   _MB_PortEventPost
0000bb5f   _MB_PortSerialEnable
0000bc21   _MB_PortSerialGetByte
0000bb78   _MB_PortSerialPutByte
0000bba4   _MB_PortTimersDisable
0000bc2a   _MB_PortTimersEnable
0000bc6a   _MB_RTUReceive
0000bc37   _MB_RTUReceiveFSM
0000bbdb   _MB_RTUSend
0000bba8   _MB_RTUTimerFSM
0000bb7d   _MB_RTUTransmitFSM
0000bb53   _MB_init
0000bb51   _MB_setGpioHandle
0000bb4f   _MB_setSciHandle
0000bb4d   _MB_setTimHandle
0000c98a   _MyMBhandle
0000c9d6   _My_ModBus
0000c6d1   _OFFSET_getBeta
0000c6c0   _OFFSET_init
0000c6aa   _OFFSET_setBeta
0000c69b   _OFFSET_setInitCond
0000c699   _OFFSET_setOffset
0000c860   _OSC_init
0000c853   _OSC_setCoarseTrim
0000c842   _OSC_setFineTrim
0000c839   _OSC_setTrim
0000c3fc   _PIE_clearAllFlags
0000c3f9   _PIE_clearAllInts
0000c3f6   _PIE_disable
0000c3ec   _PIE_disableAllInts
0000c3e8   _PIE_disableCaptureInt
0000c3db   _PIE_disableExtInt
0000c3d0   _PIE_disableInt
0000c3cd   _PIE_enable
0000c3b1   _PIE_enableAdcInt
0000c3ad   _PIE_enableCaptureInt
0000c38a   _PIE_enableExtInt
0000c380   _PIE_enableInt
0000c37b   _PIE_enablePwmInt
0000c376   _PIE_enablePwmTzInt
0000c373   _PIE_enableTimer0Int
0000c369   _PIE_forceInt
0000c361   _PIE_getExtIntCount
0000c35a   _PIE_getIntEnables
0000c353   _PIE_getIntFlags
0000c96e   _PIE_illegalIsr
0000c34c   _PIE_init
0000c33d   _PIE_registerPieIntHandler
0000c332   _PIE_registerSystemIntHandler
0000c326   _PIE_setDefaultIntVectorTable
0000c316   _PIE_setExtIntPolarity
0000c305   _PIE_unregisterPieIntHandler
0000c2f8   _PIE_unregisterSystemIntHandler
0000c5b4   _PLL_disable
0000c5ae   _PLL_disableClkDetect
0000c5a8   _PLL_disableNormRdy
0000c5a2   _PLL_disableOsc
0000c59c   _PLL_enable
0000c596   _PLL_enableClkDetect
0000c590   _PLL_enableNormRdy
0000c58a   _PLL_enableOsc
0000c586   _PLL_getClkFreq
0000c583   _PLL_getClkStatus
0000c580   _PLL_getDivideSelect
0000c57d   _PLL_getLockStatus
0000c577   _PLL_init
0000c571   _PLL_resetClkDetect
0000c56b   _PLL_setClkFreq
0000c564   _PLL_setDivideSelect
0000c55f   _PLL_setLockPeriod
0000b4e7   _PWM_clearTripZone
0000b4e4   _PWM_decrementDeadBandFallingEdgeDelay
0000b4e1   _PWM_decrementDeadBandRisingEdgeDelay
0000b4da   _PWM_disableAutoConvert
0000b4d6   _PWM_disableChopping
0000b4d3   _PWM_disableCounterLoad
0000b4d0   _PWM_disableDeadBand
0000b4cc   _PWM_disableDeadBandHalfCycle
0000b4c5   _PWM_disableDigitalCompareBlankingWindow
0000b4be   _PWM_disableDigitalCompareBlankingWindowInversion
0000b4b7   _PWM_disableHrPeriod
0000b4b0   _PWM_disableHrPhaseSync
0000b4ac   _PWM_disableInt
0000b4a8   _PWM_disableSocAPulse
0000b4a4   _PWM_disableSocBPulse
0000b49d   _PWM_disableTripZoneInt
0000b496   _PWM_disableTripZoneSrc
0000b490   _PWM_disableTripZones
0000b489   _PWM_enableAutoConvert
0000b485   _PWM_enableChopping
0000b482   _PWM_enableCounterLoad
0000b47e   _PWM_enableDeadBandHalfCycle
0000b477   _PWM_enableDigitalCompareBlankingWindow
0000b470   _PWM_enableDigitalCompareBlankingWindowInversion
0000b469   _PWM_enableHrPeriod
0000b462   _PWM_enableHrPhaseSync
0000b45e   _PWM_enableInt
0000b45a   _PWM_enableSocAPulse
0000b456   _PWM_enableSocBPulse
0000b450   _PWM_enableTripZoneInt
0000b44a   _PWM_enableTripZoneSrc
0000b447   _PWM_getDeadBandFallingEdgeDelay
0000b444   _PWM_getDeadBandRisingEdgeDelay
0000b440   _PWM_getIntCount
0000b43c   _PWM_getShadowStatus_CmpA
0000b438   _PWM_getShadowStatus_CmpB
0000b433   _PWM_getSocACount
0000b42e   _PWM_getSocBCount
0000b42b   _PWM_incrementDeadBandFallingEdgeDelay
0000b428   _PWM_incrementDeadBandRisingEdgeDelay
0000b422   _PWM_init
0000b41b   _PWM_setActionQualContSWForce_PwmA
0000b412   _PWM_setActionQualContSWForce_PwmB
0000b409   _PWM_setActionQual_CntDown_CmpA_PwmA
0000b400   _PWM_setActionQual_CntDown_CmpA_PwmB
0000b3f7   _PWM_setActionQual_CntDown_CmpB_PwmA
0000b3ee   _PWM_setActionQual_CntDown_CmpB_PwmB
0000b3e5   _PWM_setActionQual_CntUp_CmpA_PwmA
0000b3dc   _PWM_setActionQual_CntUp_CmpA_PwmB
0000b3d3   _PWM_setActionQual_CntUp_CmpB_PwmA
0000b3ca   _PWM_setActionQual_CntUp_CmpB_PwmB
0000b3c1   _PWM_setActionQual_Period_PwmA
0000b3b8   _PWM_setActionQual_Period_PwmB
0000b3b1   _PWM_setActionQual_Zero_PwmA
0000b3aa   _PWM_setActionQual_Zero_PwmB
0000b3a3   _PWM_setChoppingClkFreq
0000b39c   _PWM_setChoppingDutyCycle
0000b395   _PWM_setChoppingPulseWidth
0000b391   _PWM_setClkDiv
0000b38f   _PWM_setCount
0000b38b   _PWM_setCounterMode
0000b388   _PWM_setDeadBandFallingEdgeDelay
0000b381   _PWM_setDeadBandInputMode
0000b37a   _PWM_setDeadBandOutputMode
0000b373   _PWM_setDeadBandPolarity
0000b370   _PWM_setDeadBandRisingEdgeDelay
0000b359   _PWM_setDigitalCompareAEvent1
0000b349   _PWM_setDigitalCompareAEvent2
0000b332   _PWM_setDigitalCompareBEvent1
0000b322   _PWM_setDigitalCompareBEvent2
0000b316   _PWM_setDigitalCompareBlankingPulse
0000b313   _PWM_setDigitalCompareFilterOffset
0000b309   _PWM_setDigitalCompareFilterSource
0000b306   _PWM_setDigitalCompareFilterWindow
0000b2f7   _PWM_setDigitalCompareInput
0000b2f3   _PWM_setHighSpeedClkDiv
0000b2e9   _PWM_setHrControlMode
0000b2df   _PWM_setHrEdgeMode
0000b2d5   _PWM_setHrShadowMode
0000b2ce   _PWM_setIntMode
0000b2c7   _PWM_setIntPeriod
0000b2c3   _PWM_setLoadMode_CmpA
0000b2bd   _PWM_setLoadMode_CmpB
0000b2bb   _PWM_setPeriod
0000b2b6   _PWM_setPeriodHr
0000b2b2   _PWM_setPeriodLoad
0000b2b0   _PWM_setPhase
0000b2ac   _PWM_setPhaseDir
0000b2a8   _PWM_setRunMode
0000b2a2   _PWM_setShadowMode_CmpA
0000b29c   _PWM_setShadowMode_CmpB
0000b293   _PWM_setSocAPeriod
0000b289   _PWM_setSocAPulseSrc
0000b280   _PWM_setSocBPeriod
0000b277   _PWM_setSocBPulseSrc
0000b274   _PWM_setSwSync
0000b270   _PWM_setSyncMode
0000b266   _PWM_setTripZoneDCEventSelect_DCAEVT1
0000b25a   _PWM_setTripZoneDCEventSelect_DCAEVT2
0000b24e   _PWM_setTripZoneDCEventSelect_DCBEVT1
0000b242   _PWM_setTripZoneDCEventSelect_DCBEVT2
0000b236   _PWM_setTripZoneState_DCAEVT1
0000b22a   _PWM_setTripZoneState_DCAEVT2
0000b21e   _PWM_setTripZoneState_DCBEVT1
0000b212   _PWM_setTripZoneState_DCBEVT2
0000b208   _PWM_setTripZoneState_TZA
0000b1fc   _PWM_setTripZoneState_TZB
0000c650   _PWR_disableBrownOutReset
0000c645   _PWR_disableWatchDogInt
0000c642   _PWR_enableBrownOutReset
0000c637   _PWR_enableWatchDogInt
0000c630   _PWR_init
0000c61e   _PWR_setLowPowerMode
0000c60c   _PWR_setNumStandByClocks
0000c968   _QEP_init
0000013a   _RamfuncsLoadEnd
00000036   _RamfuncsLoadSize
00000104   _RamfuncsLoadStart
00000104   _RamfuncsRunStart
0000c4f1   _SCI_clearAutoBaudDetect
0000c4ed   _SCI_clearRxFifoInt
0000c4e9   _SCI_clearRxFifoOvf
0000c4e5   _SCI_clearTxFifoInt
0000c4e2   _SCI_disable
0000c4de   _SCI_disableAutoBaudAlign
0000c4db   _SCI_disableLoopBack
0000c4d8   _SCI_disableParity
0000c4d5   _SCI_disableRx
0000c4d2   _SCI_disableRxErrorInt
0000c4ce   _SCI_disableRxFifoInt
0000c4cb   _SCI_disableRxInt
0000c4c8   _SCI_disableSleep
0000c4c5   _SCI_disableTx
0000c4c1   _SCI_disableTxFifoEnh
0000c4bd   _SCI_disableTxFifoInt
0000c4ba   _SCI_disableTxInt
0000c4b7   _SCI_disableTxWake
0000c4b4   _SCI_enable
0000c4b0   _SCI_enableAutoBaudAlign
0000c4ac   _SCI_enableChannels
0000c4a9   _SCI_enableLoopBack
0000c4a6   _SCI_enableParity
0000c4a3   _SCI_enableRx
0000c4a0   _SCI_enableRxErrorInt
0000c49c   _SCI_enableRxFifo
0000c498   _SCI_enableRxFifoInt
0000c495   _SCI_enableRxInt
0000c492   _SCI_enableSleep
0000c48f   _SCI_enableTx
0000c48b   _SCI_enableTxFifo
0000c487   _SCI_enableTxFifoEnh
0000c483   _SCI_enableTxFifoInt
0000c480   _SCI_enableTxInt
0000c47d   _SCI_enableTxWake
0000c479   _SCI_getDataBlocking
0000c470   _SCI_getDataNonBlocking
0000c46c   _SCI_getRxFifoStatus
0000c468   _SCI_getTxFifoStatus
0000c462   _SCI_init
0000c45d   _SCI_putDataBlocking
0000c455   _SCI_putDataNonBlocking
0000c452   _SCI_reset
0000c448   _SCI_resetChannels
0000c43e   _SCI_resetRxFifo
0000c434   _SCI_resetTxFifo
0000c42e   _SCI_setBaudRate
0000c42a   _SCI_setCharLength
0000c426   _SCI_setMode
0000c422   _SCI_setNumStopBits
0000c41e   _SCI_setParity
0000c41b   _SCI_setPriority
0000c414   _SCI_setRxFifoIntLevel
0000c40d   _SCI_setTxDelay
0000c406   _SCI_setTxFifoIntLevel
0000c951   _SLIP_init
0000c946   _SLIP_run
0000c93e   _SLIP_setup
0000c7a1   _STPOSCONV_init
0000b95b   _STPOSCONV_run
0000c722   _STPOSCTL_init
0000ae5f   _STPOSCTL_run
0000c5ba   _STPOSMOVE_init
00008000   _STPOSMOVE_run
0000c4f5   _STPOSPLAN_init
0000c765   _ST_addPosRollOver
0000c808   _ST_initVersion
0000a3be   _ST_runPosConv
0000a448   _ST_runPosCtl
0000a3e9   _ST_runPosMove
0000c805   _TIMER_clearFlag
0000c802   _TIMER_disableInt
0000c7ff   _TIMER_enableInt
0000c7fc   _TIMER_getStatus
0000c7f6   _TIMER_init
0000c7e8   _TIMER_setDecimationFactor
0000c7e4   _TIMER_setEmulationMode
0000c7d6   _TIMER_setPreScaler
0000c2da   _Timer1ISR
0000c2ae   _UART_RxISR
0000c289   _UART_TxReadyISR
0000adae   _USER_calcPIgains
0000adaa   _USER_checkForErrors
0000ad9c   _USER_computeFlux
0000ad51   _USER_computeFlux_pu_to_VpHz_sf
0000ad06   _USER_computeFlux_pu_to_Wb_sf
0000acbb   _USER_computeTorque_Flux_Iq_pu_to_Nm_sf
0000ac72   _USER_computeTorque_Ls_Id_Iq_pu_to_Nm_sf
0000ac26   _USER_computeTorque_Nm
0000abcf   _USER_computeTorque_lbin
0000abcc   _USER_getErrorCode
0000abc9   _USER_setErrorCode
0000aa87   _USER_setParams
0000a9f9   _USER_softwareUpdate1p6
0000c691   _WDOG_clearCounter
0000c689   _WDOG_disable
0000c683   _WDOG_disableInt
0000c67d   _WDOG_disableOverRide
0000c674   _WDOG_enable
0000c66e   _WDOG_enableInt
0000c668   _WDOG_enableOverRide
0000c665   _WDOG_getIntStatus
0000c65f   _WDOG_init
0000c65d   _WDOG_setCount
0000c653   _WDOG_setPreScaler
003fec6c   __IQ20div
003fef5e   __IQ20exp
003ff209   __IQ20log
003fee98   __IQ20sqrt
003ff183   __IQ24cosPU
003fecb3   __IQ24div
003fef9b   __IQ24exp
0000d152   __IQ24frac
0000d15d   __IQ24int
003ff2a6   __IQ24log
003ff15a   __IQ24sinPU
003feeda   __IQ24sqrt
003ff1e8   __IQ30toF
000007b0   __STACK_END
000003b0   __STACK_SIZE
00000001   __TI_args_main
0000c97c   ___TI_cleanup_ptr
0000c97e   ___TI_dtors_ptr
ffffffff   ___binit__
ffffffff   ___c_args__
00000050   ___cinit__
0000c973   ___etext__
ffffffff   ___pinit__
00008000   ___text__
0000c90c   __args_main
0000c97a   __lock
0000c95f   __nop
0000c95b   __register_lock
0000c957   __register_unlock
00000400   __stack
0000c978   __unlock
0000c925   _abort
0000cf26   _aucCRCHi
0000d026   _aucCRCLo
0000c6de   _c_int00
0000c988   _controller_obj
0000ce48   _cpu
0000c998   _ctrlHandle
0000cb40   _enc
0000c984   _encHandle
0000c927   _exit
0000c9c0   _gAdcData
0000c982   _gCounter_updateGlobals
0000c992   _gFlux_pu_to_VpHz_sf
0000c996   _gFlux_pu_to_Wb_sf
0000c980   _gLEDcnt
0000c98c   _gMaxCurrentSlope
0000ca00   _gMotorVars
0000c99c   _gPwmData
0000c990   _gTorque_Flux_Iq_pu_to_Nm_sf
0000c98e   _gTorque_Ls_Id_Iq_pu_to_Nm_sf
0000ca80   _gUserParams
0000ce80   _hal
0000c99a   _halHandle
003f8000   _log
0000a483   _main
0000c18d   _mainISR
003f8472   _modf
003f82dc   _pow
003fb9dd   _s0_calc
003fb9ad   _s0_conf
003fb65f   _s1_calc
003fbae7   _s2_calc
003fbb85   _s4_calc
003fbc34   _s4_conf
003fbc58   _s4_reset
0000a3af   _scia_msg
0000c9a2   _slip
0000c986   _slipHandle
003fbc6d   _spintac_rom_ver
0000c994   _stHandle
0000cc80   _st_obj
0000a2f4   _updateGlobalVariables_motor
0000a2d1   _updateKpKiGains
00000136   _usDelay
ffffffff   binit
00000050   cinit
00000000   code_start
0000c973   etext
ffffffff   pinit


GLOBAL SYMBOLS: SORTED BY Symbol Address 

address    name
--------   ----
00000000   code_start
00000001   __TI_args_main
00000036   _RamfuncsLoadSize
00000050   ___cinit__
00000050   cinit
00000104   _FLASH_setStandbyWaitCount
00000104   _RamfuncsLoadStart
00000104   _RamfuncsRunStart
00000109   _FLASH_setPowerMode
00000110   _FLASH_setOtpWaitStates
00000117   _FLASH_setNumRandomReadWaitStates
0000011e   _FLASH_setNumPagedReadWaitStates
00000125   _FLASH_setActiveWaitCount
0000012a   _FLASH_enablePipelineMode
00000130   _FLASH_disablePipelineMode
00000136   _usDelay
0000013a   _RamfuncsLoadEnd
000003b0   __STACK_SIZE
00000400   __stack
000007b0   __STACK_END
00008000   .text
00008000   _STPOSMOVE_run
00008000   ___text__
00008e8f   _HAL_setupTimers
00008edf   _HAL_setupScia
00008f21   _HAL_setupQEP
00008f90   _HAL_setupPwms
00009058   _HAL_setupPwmDacs
000090e3   _HAL_setupPll
00009121   _HAL_setupPie
0000913d   _HAL_setupPeripheralClks
00009190   _HAL_setupGpios
00009349   _HAL_setupFlash
00009367   _HAL_setupFaults
00009390   _HAL_setupClks
000093ac   _HAL_setupAdcs
000094a7   _HAL_AdcCalChanSelect
000094fe   _HAL_AdcCalConversion
00009656   _HAL_AdcOffsetSelfCal
00009689   _HAL_getOscTrimValue
0000969d   _HAL_osc1Comp
000096dc   _HAL_osc2Comp
0000971b   _HAL_OscTempComp
0000976e   _HAL_cal
00009785   _HAL_setParams
00009889   _HAL_setDacParameters
0000989e   _HAL_disableWdog
000098a3   _HAL_init
00009967   _HAL_enableTimer1Int
00009979   _HAL_enableSciaInt
00009996   _HAL_enablePwmInt
000099a7   _HAL_enableGlobalInts
000099ab   _HAL_enableDebugInt
000099af   _HAL_enableAdcInts
000099c0   _HAL_disableGlobalInts
000099c4   _CTRL_updateState
00009a76   _CTRL_setupClarke_V
00009a8c   _CTRL_setupClarke_I
00009aa8   _CTRL_setup
00009ab2   _CTRL_setWaitTimes
00009abb   _CTRL_setSpd_ref_pu
00009abe   _CTRL_setSpd_ref_krpm
00009ad1   _CTRL_setGains
00009af9   _CTRL_setParams
00009d35   _CTRL_run
0000a254   _CTRL_getWaitTimes
0000a25d   _CTRL_getVdq_out_pu
0000a265   _CTRL_getVab_out_pu
0000a26d   _CTRL_getVab_in_pu
0000a275   _CTRL_getIdq_ref_pu
0000a27d   _CTRL_getIdq_in_pu
0000a285   _CTRL_getIab_in_pu
0000a28d   _CTRL_getIab_filt_pu
0000a295   _CTRL_getGains
0000a2c5   _CTRL_setMagCurrent_pu
0000a2c8   _CTRL_setMaximumSpeed_pu
0000a2cb   _CTRL_getMaximumSpeed_pu
0000a2ce   _CTRL_getMagCurrent_pu
0000a2d1   _updateKpKiGains
0000a2f4   _updateGlobalVariables_motor
0000a3af   _scia_msg
0000a3be   _ST_runPosConv
0000a3e9   _ST_runPosMove
0000a448   _ST_runPosCtl
0000a483   _main
0000a9f9   _USER_softwareUpdate1p6
0000aa87   _USER_setParams
0000abc9   _USER_setErrorCode
0000abcc   _USER_getErrorCode
0000abcf   _USER_computeTorque_lbin
0000ac26   _USER_computeTorque_Nm
0000ac72   _USER_computeTorque_Ls_Id_Iq_pu_to_Nm_sf
0000acbb   _USER_computeTorque_Flux_Iq_pu_to_Nm_sf
0000ad06   _USER_computeFlux_pu_to_Wb_sf
0000ad51   _USER_computeFlux_pu_to_VpHz_sf
0000ad9c   _USER_computeFlux
0000adaa   _USER_checkForErrors
0000adae   _USER_calcPIgains
0000ae5f   _STPOSCTL_run
0000b1fc   _PWM_setTripZoneState_TZB
0000b208   _PWM_setTripZoneState_TZA
0000b212   _PWM_setTripZoneState_DCBEVT2
0000b21e   _PWM_setTripZoneState_DCBEVT1
0000b22a   _PWM_setTripZoneState_DCAEVT2
0000b236   _PWM_setTripZoneState_DCAEVT1
0000b242   _PWM_setTripZoneDCEventSelect_DCBEVT2
0000b24e   _PWM_setTripZoneDCEventSelect_DCBEVT1
0000b25a   _PWM_setTripZoneDCEventSelect_DCAEVT2
0000b266   _PWM_setTripZoneDCEventSelect_DCAEVT1
0000b270   _PWM_setSyncMode
0000b274   _PWM_setSwSync
0000b277   _PWM_setSocBPulseSrc
0000b280   _PWM_setSocBPeriod
0000b289   _PWM_setSocAPulseSrc
0000b293   _PWM_setSocAPeriod
0000b29c   _PWM_setShadowMode_CmpB
0000b2a2   _PWM_setShadowMode_CmpA
0000b2a8   _PWM_setRunMode
0000b2ac   _PWM_setPhaseDir
0000b2b0   _PWM_setPhase
0000b2b2   _PWM_setPeriodLoad
0000b2b6   _PWM_setPeriodHr
0000b2bb   _PWM_setPeriod
0000b2bd   _PWM_setLoadMode_CmpB
0000b2c3   _PWM_setLoadMode_CmpA
0000b2c7   _PWM_setIntPeriod
0000b2ce   _PWM_setIntMode
0000b2d5   _PWM_setHrShadowMode
0000b2df   _PWM_setHrEdgeMode
0000b2e9   _PWM_setHrControlMode
0000b2f3   _PWM_setHighSpeedClkDiv
0000b2f7   _PWM_setDigitalCompareInput
0000b306   _PWM_setDigitalCompareFilterWindow
0000b309   _PWM_setDigitalCompareFilterSource
0000b313   _PWM_setDigitalCompareFilterOffset
0000b316   _PWM_setDigitalCompareBlankingPulse
0000b322   _PWM_setDigitalCompareBEvent2
0000b332   _PWM_setDigitalCompareBEvent1
0000b349   _PWM_setDigitalCompareAEvent2
0000b359   _PWM_setDigitalCompareAEvent1
0000b370   _PWM_setDeadBandRisingEdgeDelay
0000b373   _PWM_setDeadBandPolarity
0000b37a   _PWM_setDeadBandOutputMode
0000b381   _PWM_setDeadBandInputMode
0000b388   _PWM_setDeadBandFallingEdgeDelay
0000b38b   _PWM_setCounterMode
0000b38f   _PWM_setCount
0000b391   _PWM_setClkDiv
0000b395   _PWM_setChoppingPulseWidth
0000b39c   _PWM_setChoppingDutyCycle
0000b3a3   _PWM_setChoppingClkFreq
0000b3aa   _PWM_setActionQual_Zero_PwmB
0000b3b1   _PWM_setActionQual_Zero_PwmA
0000b3b8   _PWM_setActionQual_Period_PwmB
0000b3c1   _PWM_setActionQual_Period_PwmA
0000b3ca   _PWM_setActionQual_CntUp_CmpB_PwmB
0000b3d3   _PWM_setActionQual_CntUp_CmpB_PwmA
0000b3dc   _PWM_setActionQual_CntUp_CmpA_PwmB
0000b3e5   _PWM_setActionQual_CntUp_CmpA_PwmA
0000b3ee   _PWM_setActionQual_CntDown_CmpB_PwmB
0000b3f7   _PWM_setActionQual_CntDown_CmpB_PwmA
0000b400   _PWM_setActionQual_CntDown_CmpA_PwmB
0000b409   _PWM_setActionQual_CntDown_CmpA_PwmA
0000b412   _PWM_setActionQualContSWForce_PwmB
0000b41b   _PWM_setActionQualContSWForce_PwmA
0000b422   _PWM_init
0000b428   _PWM_incrementDeadBandRisingEdgeDelay
0000b42b   _PWM_incrementDeadBandFallingEdgeDelay
0000b42e   _PWM_getSocBCount
0000b433   _PWM_getSocACount
0000b438   _PWM_getShadowStatus_CmpB
0000b43c   _PWM_getShadowStatus_CmpA
0000b440   _PWM_getIntCount
0000b444   _PWM_getDeadBandRisingEdgeDelay
0000b447   _PWM_getDeadBandFallingEdgeDelay
0000b44a   _PWM_enableTripZoneSrc
0000b450   _PWM_enableTripZoneInt
0000b456   _PWM_enableSocBPulse
0000b45a   _PWM_enableSocAPulse
0000b45e   _PWM_enableInt
0000b462   _PWM_enableHrPhaseSync
0000b469   _PWM_enableHrPeriod
0000b470   _PWM_enableDigitalCompareBlankingWindowInversion
0000b477   _PWM_enableDigitalCompareBlankingWindow
0000b47e   _PWM_enableDeadBandHalfCycle
0000b482   _PWM_enableCounterLoad
0000b485   _PWM_enableChopping
0000b489   _PWM_enableAutoConvert
0000b490   _PWM_disableTripZones
0000b496   _PWM_disableTripZoneSrc
0000b49d   _PWM_disableTripZoneInt
0000b4a4   _PWM_disableSocBPulse
0000b4a8   _PWM_disableSocAPulse
0000b4ac   _PWM_disableInt
0000b4b0   _PWM_disableHrPhaseSync
0000b4b7   _PWM_disableHrPeriod
0000b4be   _PWM_disableDigitalCompareBlankingWindowInversion
0000b4c5   _PWM_disableDigitalCompareBlankingWindow
0000b4cc   _PWM_disableDeadBandHalfCycle
0000b4d0   _PWM_disableDeadBand
0000b4d3   _PWM_disableCounterLoad
0000b4d6   _PWM_disableChopping
0000b4da   _PWM_disableAutoConvert
0000b4e1   _PWM_decrementDeadBandRisingEdgeDelay
0000b4e4   _PWM_decrementDeadBandFallingEdgeDelay
0000b4e7   _PWM_clearTripZone
0000b760   _ADC_setupSocTrigSrc
0000b78b   _ADC_setVoltRefSrc
0000b79d   _ADC_setTempSensorSrc
0000b7af   _ADC_setSocTrigSrc
0000b7c2   _ADC_setSocSampleDelay
0000b7d5   _ADC_setSocFrcWord
0000b7dc   _ADC_setSocFrc
0000b7e6   _ADC_setSocChanNumber
0000b7f9   _ADC_setSampleOverlapMode
0000b80e   _ADC_setSampleMode
0000b826   _ADC_setOffTrim
0000b82d   _ADC_setIntSrc
0000b84a   _ADC_setIntPulseGenMode
0000b85c   _ADC_setIntMode
0000b879   _ADC_setDivideSelect
0000b88b   _ADC_reset
0000b896   _ADC_powerUp
0000b8a1   _ADC_powerDown
0000b8ac   _ADC_init
0000b8b3   _ADC_getDivideSelect
0000b8bb   _ADC_enableVoltRefLoConv
0000b8c6   _ADC_enableRefBuffers
0000b8d1   _ADC_enableNoOverlapMode
0000b8dc   _ADC_enableInt
0000b8f3   _ADC_enableBandGap
0000b8fe   _ADC_enable
0000b909   _ADC_disableVoltRefLoConv
0000b914   _ADC_disableRefBuffers
0000b91f   _ADC_disableNoOverlapMode
0000b92a   _ADC_disableInt
0000b945   _ADC_disableBandGap
0000b950   _ADC_disable
0000b95b   _STPOSCONV_run
0000bb4d   _MB_setTimHandle
0000bb4f   _MB_setSciHandle
0000bb51   _MB_setGpioHandle
0000bb53   _MB_init
0000bb59   _MB_PortEventPost
0000bb5f   _MB_PortSerialEnable
0000bb78   _MB_PortSerialPutByte
0000bb7d   _MB_RTUTransmitFSM
0000bba4   _MB_PortTimersDisable
0000bba8   _MB_RTUTimerFSM
0000bbb9   _MB_CRC16
0000bbdb   _MB_RTUSend
0000bc21   _MB_PortSerialGetByte
0000bc2a   _MB_PortTimersEnable
0000bc37   _MB_RTUReceiveFSM
0000bc6a   _MB_RTUReceive
0000bc7c   _MB_PortEventInit
0000bc7f   _MB_PortEventGet
0000bc8c   _MB_FuncWriteRegister
0000bc8d   _MB_FuncReadHoldingRegister
0000bca2   _MB_Poll
0000bce3   _GPIO_toggle
0000bcf6   _GPIO_setQualificationPeriod
0000bd3d   _GPIO_setQualification
0000bd7d   _GPIO_setPullup
0000bd98   _GPIO_setPortData
0000bda4   _GPIO_setMode
0000bdde   _GPIO_setLow
0000bdf1   _GPIO_setHigh
0000be04   _GPIO_setExtInt
0000be0f   _GPIO_setDirection
0000be2a   _GPIO_read
0000be50   _GPIO_lpmSelect
0000be5a   _GPIO_init
0000be60   _GPIO_getPortData
0000be67   _GPIO_getData
0000be77   _ENC_setup
0000bf23   _ENC_run
0000bfcf   _ENC_init
0000bfd6   _ENC_getSpeedRPM
0000bfe2   _ENC_calcElecAngle
0000c003   _CLK_setXClkInSrc
0000c00a   _CLK_setWatchDogSrc
0000c011   _CLK_setTimer2Src
0000c018   _CLK_setTimer2PreScale
0000c01f   _CLK_setOscSrc
0000c026   _CLK_setOsc2Src
0000c02d   _CLK_setLowSpdPreScaler
0000c033   _CLK_setClkOutPreScaler
0000c03a   _CLK_init
0000c040   _CLK_enableWatchDogHaltMode
0000c046   _CLK_enableTbClockSync
0000c04d   _CLK_enableSpibClock
0000c054   _CLK_enableSpiaClock
0000c05b   _CLK_enableScibClock
0000c062   _CLK_enableSciaClock
0000c069   _CLK_enablePwmClock
0000c072   _CLK_enableOsc2HaltMode
0000c078   _CLK_enableOsc2
0000c07e   _CLK_enableOsc1HaltMode
0000c084   _CLK_enableOsc1
0000c08a   _CLK_enableLinAClock
0000c091   _CLK_enableI2cClock
0000c098   _CLK_enableHrPwmClock
0000c09f   _CLK_enableGpioInputClock
0000c0a6   _CLK_enableEqep2Clock
0000c0ad   _CLK_enableEqep1Clock
0000c0b4   _CLK_enableEcap1Clock
0000c0bb   _CLK_enableEcanaClock
0000c0c2   _CLK_enableCrystalOsc
0000c0c8   _CLK_enableCpuTimerClock
0000c0ce   _CLK_enableCompClock
0000c0d4   _CLK_enableClkIn
0000c0da   _CLK_enableClaClock
0000c0e1   _CLK_enableAdcClock
0000c0e8   _CLK_disableWatchDogHaltMode
0000c0ee   _CLK_disableTbClockSync
0000c0f5   _CLK_disableSpibClock
0000c0f9   _CLK_disableSpiaClock
0000c100   _CLK_disableScibClock
0000c107   _CLK_disableSciaClock
0000c10e   _CLK_disablePwmClock
0000c118   _CLK_disableOsc2HaltMode
0000c11e   _CLK_disableOsc2
0000c124   _CLK_disableOsc1HaltMode
0000c12a   _CLK_disableOsc1
0000c130   _CLK_disableLinAClock
0000c137   _CLK_disableI2cClock
0000c13e   _CLK_disableHrPwmClock
0000c145   _CLK_disableGpioInputClock
0000c14c   _CLK_disableEqep2Clock
0000c153   _CLK_disableEqep1Clock
0000c15a   _CLK_disableEcap1Clock
0000c161   _CLK_disableEcanaClock
0000c168   _CLK_disableCrystalOsc
0000c16e   _CLK_disableCpuTimerClock
0000c175   _CLK_disableCompClock
0000c179   _CLK_disableClkIn
0000c17f   _CLK_disableClaClock
0000c186   _CLK_disableAdcClock
0000c18d   _mainISR
0000c289   _UART_TxReadyISR
0000c2ae   _UART_RxISR
0000c2da   _Timer1ISR
0000c2f8   _PIE_unregisterSystemIntHandler
0000c305   _PIE_unregisterPieIntHandler
0000c316   _PIE_setExtIntPolarity
0000c326   _PIE_setDefaultIntVectorTable
0000c332   _PIE_registerSystemIntHandler
0000c33d   _PIE_registerPieIntHandler
0000c34c   _PIE_init
0000c353   _PIE_getIntFlags
0000c35a   _PIE_getIntEnables
0000c361   _PIE_getExtIntCount
0000c369   _PIE_forceInt
0000c373   _PIE_enableTimer0Int
0000c376   _PIE_enablePwmTzInt
0000c37b   _PIE_enablePwmInt
0000c380   _PIE_enableInt
0000c38a   _PIE_enableExtInt
0000c3ad   _PIE_enableCaptureInt
0000c3b1   _PIE_enableAdcInt
0000c3cd   _PIE_enable
0000c3d0   _PIE_disableInt
0000c3db   _PIE_disableExtInt
0000c3e8   _PIE_disableCaptureInt
0000c3ec   _PIE_disableAllInts
0000c3f6   _PIE_disable
0000c3f9   _PIE_clearAllInts
0000c3fc   _PIE_clearAllFlags
0000c406   _SCI_setTxFifoIntLevel
0000c40d   _SCI_setTxDelay
0000c414   _SCI_setRxFifoIntLevel
0000c41b   _SCI_setPriority
0000c41e   _SCI_setParity
0000c422   _SCI_setNumStopBits
0000c426   _SCI_setMode
0000c42a   _SCI_setCharLength
0000c42e   _SCI_setBaudRate
0000c434   _SCI_resetTxFifo
0000c43e   _SCI_resetRxFifo
0000c448   _SCI_resetChannels
0000c452   _SCI_reset
0000c455   _SCI_putDataNonBlocking
0000c45d   _SCI_putDataBlocking
0000c462   _SCI_init
0000c468   _SCI_getTxFifoStatus
0000c46c   _SCI_getRxFifoStatus
0000c470   _SCI_getDataNonBlocking
0000c479   _SCI_getDataBlocking
0000c47d   _SCI_enableTxWake
0000c480   _SCI_enableTxInt
0000c483   _SCI_enableTxFifoInt
0000c487   _SCI_enableTxFifoEnh
0000c48b   _SCI_enableTxFifo
0000c48f   _SCI_enableTx
0000c492   _SCI_enableSleep
0000c495   _SCI_enableRxInt
0000c498   _SCI_enableRxFifoInt
0000c49c   _SCI_enableRxFifo
0000c4a0   _SCI_enableRxErrorInt
0000c4a3   _SCI_enableRx
0000c4a6   _SCI_enableParity
0000c4a9   _SCI_enableLoopBack
0000c4ac   _SCI_enableChannels
0000c4b0   _SCI_enableAutoBaudAlign
0000c4b4   _SCI_enable
0000c4b7   _SCI_disableTxWake
0000c4ba   _SCI_disableTxInt
0000c4bd   _SCI_disableTxFifoInt
0000c4c1   _SCI_disableTxFifoEnh
0000c4c5   _SCI_disableTx
0000c4c8   _SCI_disableSleep
0000c4cb   _SCI_disableRxInt
0000c4ce   _SCI_disableRxFifoInt
0000c4d2   _SCI_disableRxErrorInt
0000c4d5   _SCI_disableRx
0000c4d8   _SCI_disableParity
0000c4db   _SCI_disableLoopBack
0000c4de   _SCI_disableAutoBaudAlign
0000c4e2   _SCI_disable
0000c4e5   _SCI_clearTxFifoInt
0000c4e9   _SCI_clearRxFifoOvf
0000c4ed   _SCI_clearRxFifoInt
0000c4f1   _SCI_clearAutoBaudDetect
0000c4f5   _STPOSPLAN_init
0000c55f   _PLL_setLockPeriod
0000c564   _PLL_setDivideSelect
0000c56b   _PLL_setClkFreq
0000c571   _PLL_resetClkDetect
0000c577   _PLL_init
0000c57d   _PLL_getLockStatus
0000c580   _PLL_getDivideSelect
0000c583   _PLL_getClkStatus
0000c586   _PLL_getClkFreq
0000c58a   _PLL_enableOsc
0000c590   _PLL_enableNormRdy
0000c596   _PLL_enableClkDetect
0000c59c   _PLL_enable
0000c5a2   _PLL_disableOsc
0000c5a8   _PLL_disableNormRdy
0000c5ae   _PLL_disableClkDetect
0000c5b4   _PLL_disable
0000c5ba   _STPOSMOVE_init
0000c60c   _PWR_setNumStandByClocks
0000c61e   _PWR_setLowPowerMode
0000c630   _PWR_init
0000c637   _PWR_enableWatchDogInt
0000c642   _PWR_enableBrownOutReset
0000c645   _PWR_disableWatchDogInt
0000c650   _PWR_disableBrownOutReset
0000c653   _WDOG_setPreScaler
0000c65d   _WDOG_setCount
0000c65f   _WDOG_init
0000c665   _WDOG_getIntStatus
0000c668   _WDOG_enableOverRide
0000c66e   _WDOG_enableInt
0000c674   _WDOG_enable
0000c67d   _WDOG_disableOverRide
0000c683   _WDOG_disableInt
0000c689   _WDOG_disable
0000c691   _WDOG_clearCounter
0000c699   _OFFSET_setOffset
0000c69b   _OFFSET_setInitCond
0000c6aa   _OFFSET_setBeta
0000c6c0   _OFFSET_init
0000c6d1   _OFFSET_getBeta
0000c6de   _c_int00
0000c722   _STPOSCTL_init
0000c765   _ST_addPosRollOver
0000c7a1   _STPOSCONV_init
0000c7d6   _TIMER_setPreScaler
0000c7e4   _TIMER_setEmulationMode
0000c7e8   _TIMER_setDecimationFactor
0000c7f6   _TIMER_init
0000c7fc   _TIMER_getStatus
0000c7ff   _TIMER_enableInt
0000c802   _TIMER_disableInt
0000c805   _TIMER_clearFlag
0000c808   _ST_initVersion
0000c839   _OSC_setTrim
0000c842   _OSC_setFineTrim
0000c853   _OSC_setCoarseTrim
0000c860   _OSC_init
0000c866   _CPU_init
0000c86c   _CPU_enableProtectedRegisterWrite
0000c86f   _CPU_enableInt
0000c873   _CPU_enableGlobalInts
0000c876   _CPU_enableDebugInt
0000c879   _CPU_disableProtectedRegisterWrite
0000c87c   _CPU_disableInts
0000c87f   _CPU_disableInt
0000c884   _CPU_disableGlobalInts
0000c887   _CPU_disableDebugInt
0000c88a   _CPU_clearIntFlags
0000c88d   _FILTER_FO_setNumCoeffs
0000c891   _FILTER_FO_setInitialConditions
0000c896   _FILTER_FO_setDenCoeffs
0000c898   _FILTER_FO_init
0000c89e   _FILTER_FO_getNumCoeffs
0000c8a4   _FILTER_FO_getInitialConditions
0000c8ab   _FILTER_FO_getDenCoeffs
0000c8ae   FS$$TOUL
0000c8cf   _FLASH_init
0000c8d5   _FLASH_getStandbyWaitStatus
0000c8d9   _FLASH_getStandbyWaitCount
0000c8dc   _FLASH_getPowerMode
0000c8df   _FLASH_getActiveWaitStatus
0000c8e3   _FLASH_getActiveWaitCount
0000c8e6   _FLASH_get3VStatus
0000c8e9   _FLASH_clear3VStatus
0000c8ef   FS$$TOU
0000c90c   __args_main
0000c925   C$$EXIT
0000c925   _abort
0000c927   _exit
0000c93e   _SLIP_setup
0000c946   _SLIP_run
0000c951   _SLIP_init
0000c957   __register_unlock
0000c95b   __register_lock
0000c95f   __nop
0000c968   _QEP_init
0000c96e   _PIE_illegalIsr
0000c973   ___etext__
0000c973   etext
0000c978   __unlock
0000c97a   __lock
0000c97c   ___TI_cleanup_ptr
0000c97e   ___TI_dtors_ptr
0000c980   _gLEDcnt
0000c982   _gCounter_updateGlobals
0000c983   _Flag_Latch_softwareUpdate
0000c984   _encHandle
0000c986   _slipHandle
0000c988   _controller_obj
0000c98a   _MyMBhandle
0000c98c   _gMaxCurrentSlope
0000c98e   _gTorque_Ls_Id_Iq_pu_to_Nm_sf
0000c990   _gTorque_Flux_Iq_pu_to_Nm_sf
0000c992   _gFlux_pu_to_VpHz_sf
0000c994   _stHandle
0000c996   _gFlux_pu_to_Wb_sf
0000c998   _ctrlHandle
0000c99a   _halHandle
0000c99c   _gPwmData
0000c9a2   _slip
0000c9c0   _gAdcData
0000c9d6   _My_ModBus
0000ca00   _gMotorVars
0000ca80   _gUserParams
0000cb40   _enc
0000cc80   _st_obj
0000ce48   _cpu
0000ce80   _hal
0000cf26   _aucCRCHi
0000d026   _aucCRCLo
0000d152   __IQ24frac
0000d15d   __IQ24int
003f8000   _log
003f81d6   FD$$MPY
003f8259   FS$$DIV
003f82dc   _pow
003f8364   FS$$ADD
003f83d7   FS$$MPY
003f8472   _modf
003f84a3   L$$DIV
003f84b2   L$$MOD
003f84cd   FS$$TOL
003f84f6   FS$$TOI
003f853d   FD$$TOL
003f8579   FS$$TOFD
003f8595   I$$TOFS
003f85af   L$$TOFS
003f85c9   FS$$CMP
003f85f3   UL$$TOFS
003f8606   U$$TOFS
003f8616   FS$$NEG
003f861b   _EST_getState
003f861d   _EST_useZeroIq_ref
003f8679   _EST_isMotorIdentified
003f8713   _EST_updateState
003f89f5   _EST_updateId_ref_pu
003f8a18   _EST_setRs_pu
003f8adb   _EST_setMaxCurrentSlope_pu
003f8ae7   _EST_setLs_q_pu
003f8af1   _EST_setLs_qFmt
003f8b45   _EST_setLs_d_pu
003f8b63   _EST_setIq_ref_pu
003f8b67   _EST_setIdle_all
003f8b7a   _EST_setIdle
003f8b80   _EST_setId_ref_pu
003f8bd3   _EST_setFlag_enableRsRecalc
003f8bdb   _EST_setFlag_enableForceAngle
003f8c0d   _EST_getAngle_pu
003f927b   _EST_run
003f9378   _EST_isOnLine
003f937f   _EST_isLockRotor
003f9386   _EST_isIdle
003f938d   _EST_isError
003f9458   _EST_get_krpm_to_pu_sf
003f9513   _EST_getRs_Ohm
003f95ad   _EST_getRr_Ohm
003f95b3   _EST_getOneOverDcBus_pu
003f95bd   _EST_getMaxCurrentSlope_pu
003f95c9   _EST_getLs_q_pu
003f95ce   _EST_getLs_q_H
003f95f0   _EST_getLs_d_pu
003f95f5   _EST_getLs_d_H
003f95ff   _EST_getLs_coarse_max_pu
003f9632   _EST_getIdRated
003f968e   _EST_getFm_pu
003f96ab   _EST_getFlux_pu
003f96be   _EST_getFlux_VpHz
003f9758   _EST_doSpeedCtrl
003f9760   _EST_doCurrentCtrl
003f9806   _CTRL_setupTraj
003f996a   _CTRL_setupEstOnLineState
003f99a5   _CTRL_setupEstIdleState
003f9b43   _CTRL_setupCtrl
003f9d31   _CTRL_setUserMotorParams
003f9e64   _CTRL_setEstParams
003fa5d1   _CTRL_runTraj
003fa6fb   _CTRL_initCtrl
003fa721   _CTRL_getVersion
003fb65f   _s1_calc
003fb9ad   _s0_conf
003fb9dd   _s0_calc
003fbae7   _s2_calc
003fbb85   _s4_calc
003fbc34   _s4_conf
003fbc58   _s4_reset
003fbc6d   _spintac_rom_ver
003fec6c   __IQ20div
003fecb3   __IQ24div
003fee98   __IQ20sqrt
003feeda   __IQ24sqrt
003fef5e   __IQ20exp
003fef9b   __IQ24exp
003ff15a   __IQ24sinPU
003ff183   __IQ24cosPU
003ff1e8   __IQ30toF
003ff209   __IQ20log
003ff2a6   __IQ24log
ffffffff   ___binit__
ffffffff   ___c_args__
ffffffff   ___pinit__
ffffffff   binit
ffffffff   pinit

[648 symbols]
