******************************************************************************
             TMS320C2000 Linker PC v6.2.5                      
******************************************************************************
>> Linked Mon Aug 14 09:14:38 2017

OUTPUT FILE NAME:   <proj_lab01.out>
ENTRY POINT SYMBOL: "_c_int00"  address: 00009f72


MEMORY CONFIGURATION

         name            origin    length      used     unused   attr    fill
----------------------  --------  ---------  --------  --------  ----  --------
PAGE 0:
  BEGIN                 00000000   00000002  00000000  00000002  RWIX
  RAMM0                 00000050   000003b0  000000f2  000002be  RWIX
  RAML0_L8              00008000   0000b800  000024bf  00009341  RWIX
  FPUTABLES             003fd590   000006a0  00000000  000006a0  RWIX
  IQTABLES              003fdc30   00000b50  00000000  00000b50  RWIX
  IQTABLES2             003fe780   0000008c  00000000  0000008c  RWIX
  IQTABLES3             003fe80c   000000aa  00000000  000000aa  RWIX
  BOOTROM               003ff3b0   00000c10  00000000  00000c10  RWIX
  RESET                 003fffc0   00000002  00000000  00000002  RWIX

PAGE 1:
  BOOT_RSVD             00000002   0000004e  00000000  0000004e  RWIX
  RAMM1                 00000400   00000400  000003b0  00000050  RWIX
  USB_RAM               00040000   00000800  00000000  00000800  RWIX


SECTION ALLOCATION MAP

 output                                  attributes/
section   page    origin      length       input sections
--------  ----  ----------  ----------   ----------------
.pinit     0    00000050    00000000     UNINITIALIZED

.cinit     0    00000050    000000bc     
                  00000050    000000a2     proj_lab01.obj (.cinit)
                  000000f2    0000000a     rts2800_ml.lib : _lock.obj (.cinit)
                  000000fc    0000000a                    : exit.obj (.cinit)
                  00000106    00000004                    : errno.obj (.cinit)
                  0000010a    00000002     --HOLE-- [fill = 0]

ramfuncs   0    0000010c    00000036     
                  0000010c    00000032     flash.obj (ramfuncs)
                  0000013e    00000004     usDelay.obj (ramfuncs)

.text      0    00008000    0000227c     
                  00008000    00000a57     hal.obj (.text)
                  00008a57    00000464     user.obj (.text)
                  00008ebb    000002f1     pwm.obj (.text)
                  000091ac    000001fb     adc.obj (.text)
                  000093a7    00000194     gpio.obj (.text)
                  0000953b    0000018a     clk.obj (.text)
                  000096c5    0000011d     proj_lab01.obj (.text:retain)
                  000097e2    0000010e     pie.obj (.text)
                  000098f0    000000ef     sci.obj (.text)
                  000099df    000000aa     rts2800_ml.lib : log.obj (.text)
                  00009a89    0000009d                    : exp.obj (.text)
                  00009b26    0000008d                    : _log.obj (.text)
                  00009bb3    00000087                    : pow.obj (.text)
                  00009c3a    00000083                    : fd_mpy.obj (.text)
                  00009cbd    00000083                    : fs_div.obj (.text)
                  00009d40    00000078     proj_lab01.obj (.text)
                  00009db8    00000078     rts2800_ml.lib : fs_add.obj (.text)
                  00009e30    0000005b     pll.obj (.text)
                  00009e8b    0000005a     rts2800_ml.lib : fs_mpy.obj (.text)
                  00009ee5    00000047     pwr.obj (.text)
                  00009f2c    00000046     wdog.obj (.text)
                  00009f72    00000044     rts2800_ml.lib : boot.obj (.text)
                  00009fb6    0000003f                    : ldexp.obj (.text)
                  00009ff5    00000032     timer.obj (.text)
                  0000a027    00000031     rts2800_ml.lib : modf.obj (.text)
                  0000a058    0000002d     osc.obj (.text)
                  0000a085    00000029     rts2800_ml.lib : fs_tol.obj (.text)
                  0000a0ae    00000027     cpu.obj (.text)
                  0000a0d5    00000025     rts2800_ml.lib : fs_toi.obj (.text)
                  0000a0fa    00000022                    : i_div.obj (.text)
                  0000a11c    00000021                    : fs_toul.obj (.text)
                  0000a13d    00000020     flash.obj (.text)
                  0000a15d    0000001f     rts2800_ml.lib : fd_tol.obj (.text)
                  0000a17c    0000001d                    : fs_tou.obj (.text)
                  0000a199    0000001c                    : fs_tofd.obj (.text)
                  0000a1b5    0000001a                    : i_tofs.obj (.text)
                  0000a1cf    0000001a                    : l_tofs.obj (.text)
                  0000a1e9    00000019                    : args_main.obj (.text)
                  0000a202    00000019                    : exit.obj (.text)
                  0000a21b    00000017                    : fs_cmp.obj (.text)
                  0000a232    00000014                    : frexp.obj (.text)
                  0000a246    00000013                    : ul_tofs.obj (.text)
                  0000a259    00000010                    : u_tofs.obj (.text)
                  0000a269    00000009                    : _lock.obj (.text)
                  0000a272    00000005     pie.obj (.text:retain)
                  0000a277    00000005     rts2800_ml.lib : fs_neg.obj (.text)

.ebss      0    0000a27c    00000220     UNINITIALIZED
                  0000a27c    00000004     rts2800_ml.lib : _lock.obj (.ebss)
                  0000a280    0000016c     proj_lab01.obj (.ebss)
                  0000a3ec    00000004     rts2800_ml.lib : exit.obj (.ebss)
                  0000a3f0    00000001     cpu.obj (.ebss)
                  0000a3f1    00000001     rts2800_ml.lib : errno.obj (.ebss)
                  0000a3f2    0000000e     --HOLE--
                  0000a400    0000009c     hal.obj (.ebss)

IQmath     0    0000a49c    00000014     
                  0000a49c    00000014     IQmath.lib : IQ30toF.obj (IQmath)

.econst    0    0000a4b0    0000000f     
                  0000a4b0    00000008     user.obj (.econst)
                  0000a4b8    00000004     hal.obj (.econst)
                  0000a4bc    00000003     proj_lab01.obj (.econst:.string)

.reset     0    003fffc0    00000002     DSECT
                  003fffc0    00000002     rts2800_ml.lib : boot.obj (.reset)

.stack     1    00000400    000003b0     UNINITIALIZED
                  00000400    000003b0     --HOLE--


GLOBAL DATA SYMBOLS: SORTED BY DATA PAGE

address     data page           name
--------    ----------------    ----
00000400      10 (00000400)     __stack

0000a27c     289 (0000a240)     __unlock
0000a27e     289 (0000a240)     __lock

0000a280     28a (0000a280)     _sdataA
0000a282     28a (0000a280)     _gLEDcnt
0000a284     28a (0000a280)     _halHandle
0000a286     28a (0000a280)     _rdataA
0000a28a     28a (0000a280)     _gPwmData
0000a290     28a (0000a280)     _gAdcData

0000a2c0     28b (0000a2c0)     _gMotorVars

0000a340     28d (0000a340)     _gUserParams

0000a3ec     28f (0000a3c0)     ___TI_cleanup_ptr
0000a3ee     28f (0000a3c0)     ___TI_dtors_ptr
0000a3f0     28f (0000a3c0)     _cpu
0000a3f1     28f (0000a3c0)     _errno

0000a400     290 (0000a400)     _hal

0000a49c     292 (0000a480)     __IQ30toF


GLOBAL SYMBOLS: SORTED ALPHABETICALLY BY Name 

address    name
--------   ----
00008000   .text
0000a202   C$$EXIT
00009c3a   FD$$MPY
0000a15d   FD$$TOL
00009dbd   FS$$ADD
0000a21b   FS$$CMP
00009cbd   FS$$DIV
00009e8b   FS$$MPY
0000a277   FS$$NEG
00009db8   FS$$SUB
0000a199   FS$$TOFD
0000a0d5   FS$$TOI
0000a085   FS$$TOL
0000a17c   FS$$TOU
0000a11c   FS$$TOUL
0000a0fa   I$$DIV
0000a10b   I$$MOD
0000a1b5   I$$TOFS
0000a1cf   L$$TOFS
0000a259   U$$TOFS
0000a246   UL$$TOFS
0000939c   _ADC_disable
00009391   _ADC_disableBandGap
00009376   _ADC_disableInt
0000936b   _ADC_disableNoOverlapMode
00009360   _ADC_disableRefBuffers
00009355   _ADC_disableVoltRefLoConv
0000934a   _ADC_enable
0000933f   _ADC_enableBandGap
00009328   _ADC_enableInt
0000931d   _ADC_enableNoOverlapMode
00009312   _ADC_enableRefBuffers
00009307   _ADC_enableVoltRefLoConv
000092ff   _ADC_getDivideSelect
000092f8   _ADC_init
000092ed   _ADC_powerDown
000092e2   _ADC_powerUp
000092d7   _ADC_reset
000092c5   _ADC_setDivideSelect
000092a8   _ADC_setIntMode
00009296   _ADC_setIntPulseGenMode
00009279   _ADC_setIntSrc
00009272   _ADC_setOffTrim
0000925a   _ADC_setSampleMode
00009245   _ADC_setSampleOverlapMode
00009232   _ADC_setSocChanNumber
00009228   _ADC_setSocFrc
00009221   _ADC_setSocFrcWord
0000920e   _ADC_setSocSampleDelay
000091fb   _ADC_setSocTrigSrc
000091e9   _ADC_setTempSensorSrc
000091d7   _ADC_setVoltRefSrc
000091ac   _ADC_setupSocTrigSrc
000096be   _CLK_disableAdcClock
000096b7   _CLK_disableClaClock
000096b1   _CLK_disableClkIn
000096ad   _CLK_disableCompClock
000096a6   _CLK_disableCpuTimerClock
000096a0   _CLK_disableCrystalOsc
00009699   _CLK_disableEcanaClock
00009692   _CLK_disableEcap1Clock
0000968b   _CLK_disableEqep1Clock
00009684   _CLK_disableEqep2Clock
0000967d   _CLK_disableGpioInputClock
00009676   _CLK_disableHrPwmClock
0000966f   _CLK_disableI2cClock
00009668   _CLK_disableLinAClock
00009662   _CLK_disableOsc1
0000965c   _CLK_disableOsc1HaltMode
00009656   _CLK_disableOsc2
00009650   _CLK_disableOsc2HaltMode
00009646   _CLK_disablePwmClock
0000963f   _CLK_disableSciaClock
00009638   _CLK_disableScibClock
00009631   _CLK_disableSpiaClock
0000962d   _CLK_disableSpibClock
00009626   _CLK_disableTbClockSync
00009620   _CLK_disableWatchDogHaltMode
00009619   _CLK_enableAdcClock
00009612   _CLK_enableClaClock
0000960c   _CLK_enableClkIn
00009606   _CLK_enableCompClock
00009600   _CLK_enableCpuTimerClock
000095fa   _CLK_enableCrystalOsc
000095f3   _CLK_enableEcanaClock
000095ec   _CLK_enableEcap1Clock
000095e5   _CLK_enableEqep1Clock
000095de   _CLK_enableEqep2Clock
000095d7   _CLK_enableGpioInputClock
000095d0   _CLK_enableHrPwmClock
000095c9   _CLK_enableI2cClock
000095c2   _CLK_enableLinAClock
000095bc   _CLK_enableOsc1
000095b6   _CLK_enableOsc1HaltMode
000095b0   _CLK_enableOsc2
000095aa   _CLK_enableOsc2HaltMode
000095a1   _CLK_enablePwmClock
0000959a   _CLK_enableSciaClock
00009593   _CLK_enableScibClock
0000958c   _CLK_enableSpiaClock
00009585   _CLK_enableSpibClock
0000957e   _CLK_enableTbClockSync
00009578   _CLK_enableWatchDogHaltMode
00009572   _CLK_init
0000956b   _CLK_setClkOutPreScaler
00009565   _CLK_setLowSpdPreScaler
0000955e   _CLK_setOsc2Src
00009557   _CLK_setOscSrc
00009550   _CLK_setTimer2PreScale
00009549   _CLK_setTimer2Src
00009542   _CLK_setWatchDogSrc
0000953b   _CLK_setXClkInSrc
0000a0d2   _CPU_clearIntFlags
0000a0cf   _CPU_disableDebugInt
0000a0cc   _CPU_disableGlobalInts
0000a0c7   _CPU_disableInt
0000a0c4   _CPU_disableInts
0000a0c1   _CPU_disableProtectedRegisterWrite
0000a0be   _CPU_enableDebugInt
0000a0bb   _CPU_enableGlobalInts
0000a0b7   _CPU_enableInt
0000a0b4   _CPU_enableProtectedRegisterWrite
0000a0ae   _CPU_init
003fa83e   _CTRL_setGains
003f96ab   _EST_getFlux_pu
003f95ff   _EST_getLs_coarse_max_pu
003f95f5   _EST_getLs_d_H
003f95f0   _EST_getLs_d_pu
003f95ce   _EST_getLs_q_H
003f95c9   _EST_getLs_q_pu
003f9513   _EST_getRs_Ohm
003f8b45   _EST_setLs_d_pu
003f8af1   _EST_setLs_qFmt
003f8ae7   _EST_setLs_q_pu
0000a157   _FLASH_clear3VStatus
00000138   _FLASH_disablePipelineMode
00000132   _FLASH_enablePipelineMode
0000a154   _FLASH_get3VStatus
0000a151   _FLASH_getActiveWaitCount
0000a14d   _FLASH_getActiveWaitStatus
0000a14a   _FLASH_getPowerMode
0000a147   _FLASH_getStandbyWaitCount
0000a143   _FLASH_getStandbyWaitStatus
0000a13d   _FLASH_init
0000012d   _FLASH_setActiveWaitCount
00000126   _FLASH_setNumPagedReadWaitStates
0000011f   _FLASH_setNumRandomReadWaitStates
00000118   _FLASH_setOtpWaitStates
00000111   _FLASH_setPowerMode
0000010c   _FLASH_setStandbyWaitCount
0000952b   _GPIO_getData
00009524   _GPIO_getPortData
0000951e   _GPIO_init
00009514   _GPIO_lpmSelect
000094ee   _GPIO_read
000094d3   _GPIO_setDirection
000094c8   _GPIO_setExtInt
000094b5   _GPIO_setHigh
000094a2   _GPIO_setLow
00009468   _GPIO_setMode
0000945c   _GPIO_setPortData
00009441   _GPIO_setPullup
00009401   _GPIO_setQualification
000093ba   _GPIO_setQualificationPeriod
000093a7   _GPIO_toggle
00008557   _HAL_AdcCalChanSelect
000085ae   _HAL_AdcCalConversion
00008706   _HAL_AdcOffsetSelfCal
000087cb   _HAL_OscTempComp
0000881e   _HAL_cal
00008a53   _HAL_disableGlobalInts
0000894a   _HAL_disableWdog
00008a42   _HAL_enableAdcInts
00008a3e   _HAL_enableDebugInt
00008a3a   _HAL_enableGlobalInts
00008a29   _HAL_enablePwmInt
00008a0c   _HAL_enableSciInt
00008739   _HAL_getOscTrimValue
0000894f   _HAL_init
0000874d   _HAL_osc1Comp
0000878c   _HAL_osc2Comp
00008935   _HAL_setDacParameters
00008835   _HAL_setParams
000084a0   _HAL_setupAdcs
00008484   _HAL_setupClks
0000845b   _HAL_setupFaults
0000843d   _HAL_setupFlash
00008290   _HAL_setupGpios
00008243   _HAL_setupPeripheralClks
00008227   _HAL_setupPie
000081e9   _HAL_setupPll
0000815e   _HAL_setupPwmDacs
00008096   _HAL_setupPwms
00008050   _HAL_setupScia
00008000   _HAL_setupTimers
003fb4dc   _OFFSET_init
003fb4c6   _OFFSET_setBeta
003fb4bd   _OFFSET_setInitCond
003fb4bb   _OFFSET_setOffset
0000a07f   _OSC_init
0000a072   _OSC_setCoarseTrim
0000a061   _OSC_setFineTrim
0000a058   _OSC_setTrim
000098e6   _PIE_clearAllFlags
000098e3   _PIE_clearAllInts
000098e0   _PIE_disable
000098d6   _PIE_disableAllInts
000098d2   _PIE_disableCaptureInt
000098c5   _PIE_disableExtInt
000098ba   _PIE_disableInt
000098b7   _PIE_enable
0000989b   _PIE_enableAdcInt
00009897   _PIE_enableCaptureInt
00009874   _PIE_enableExtInt
0000986a   _PIE_enableInt
00009865   _PIE_enablePwmInt
00009860   _PIE_enablePwmTzInt
0000985d   _PIE_enableTimer0Int
00009853   _PIE_forceInt
0000984b   _PIE_getExtIntCount
00009844   _PIE_getIntEnables
0000983d   _PIE_getIntFlags
0000a272   _PIE_illegalIsr
00009836   _PIE_init
00009827   _PIE_registerPieIntHandler
0000981c   _PIE_registerSystemIntHandler
00009810   _PIE_setDefaultIntVectorTable
00009800   _PIE_setExtIntPolarity
000097ef   _PIE_unregisterPieIntHandler
000097e2   _PIE_unregisterSystemIntHandler
00009e85   _PLL_disable
00009e7f   _PLL_disableClkDetect
00009e79   _PLL_disableNormRdy
00009e73   _PLL_disableOsc
00009e6d   _PLL_enable
00009e67   _PLL_enableClkDetect
00009e61   _PLL_enableNormRdy
00009e5b   _PLL_enableOsc
00009e57   _PLL_getClkFreq
00009e54   _PLL_getClkStatus
00009e51   _PLL_getDivideSelect
00009e4e   _PLL_getLockStatus
00009e48   _PLL_init
00009e42   _PLL_resetClkDetect
00009e3c   _PLL_setClkFreq
00009e35   _PLL_setDivideSelect
00009e30   _PLL_setLockPeriod
000091a6   _PWM_clearTripZone
000091a3   _PWM_decrementDeadBandFallingEdgeDelay
000091a0   _PWM_decrementDeadBandRisingEdgeDelay
00009199   _PWM_disableAutoConvert
00009195   _PWM_disableChopping
00009192   _PWM_disableCounterLoad
0000918f   _PWM_disableDeadBand
0000918b   _PWM_disableDeadBandHalfCycle
00009184   _PWM_disableDigitalCompareBlankingWindow
0000917d   _PWM_disableDigitalCompareBlankingWindowInversion
00009176   _PWM_disableHrPeriod
0000916f   _PWM_disableHrPhaseSync
0000916b   _PWM_disableInt
00009167   _PWM_disableSocAPulse
00009163   _PWM_disableSocBPulse
0000915c   _PWM_disableTripZoneInt
00009155   _PWM_disableTripZoneSrc
0000914f   _PWM_disableTripZones
00009148   _PWM_enableAutoConvert
00009144   _PWM_enableChopping
00009141   _PWM_enableCounterLoad
0000913d   _PWM_enableDeadBandHalfCycle
00009136   _PWM_enableDigitalCompareBlankingWindow
0000912f   _PWM_enableDigitalCompareBlankingWindowInversion
00009128   _PWM_enableHrPeriod
00009121   _PWM_enableHrPhaseSync
0000911d   _PWM_enableInt
00009119   _PWM_enableSocAPulse
00009115   _PWM_enableSocBPulse
0000910f   _PWM_enableTripZoneInt
00009109   _PWM_enableTripZoneSrc
00009106   _PWM_getDeadBandFallingEdgeDelay
00009103   _PWM_getDeadBandRisingEdgeDelay
000090ff   _PWM_getIntCount
000090fb   _PWM_getShadowStatus_CmpA
000090f7   _PWM_getShadowStatus_CmpB
000090f2   _PWM_getSocACount
000090ed   _PWM_getSocBCount
000090ea   _PWM_incrementDeadBandFallingEdgeDelay
000090e7   _PWM_incrementDeadBandRisingEdgeDelay
000090e1   _PWM_init
000090da   _PWM_setActionQualContSWForce_PwmA
000090d1   _PWM_setActionQualContSWForce_PwmB
000090c8   _PWM_setActionQual_CntDown_CmpA_PwmA
000090bf   _PWM_setActionQual_CntDown_CmpA_PwmB
000090b6   _PWM_setActionQual_CntDown_CmpB_PwmA
000090ad   _PWM_setActionQual_CntDown_CmpB_PwmB
000090a4   _PWM_setActionQual_CntUp_CmpA_PwmA
0000909b   _PWM_setActionQual_CntUp_CmpA_PwmB
00009092   _PWM_setActionQual_CntUp_CmpB_PwmA
00009089   _PWM_setActionQual_CntUp_CmpB_PwmB
00009080   _PWM_setActionQual_Period_PwmA
00009077   _PWM_setActionQual_Period_PwmB
00009070   _PWM_setActionQual_Zero_PwmA
00009069   _PWM_setActionQual_Zero_PwmB
00009062   _PWM_setChoppingClkFreq
0000905b   _PWM_setChoppingDutyCycle
00009054   _PWM_setChoppingPulseWidth
00009050   _PWM_setClkDiv
0000904e   _PWM_setCount
0000904a   _PWM_setCounterMode
00009047   _PWM_setDeadBandFallingEdgeDelay
00009040   _PWM_setDeadBandInputMode
00009039   _PWM_setDeadBandOutputMode
00009032   _PWM_setDeadBandPolarity
0000902f   _PWM_setDeadBandRisingEdgeDelay
00009018   _PWM_setDigitalCompareAEvent1
00009008   _PWM_setDigitalCompareAEvent2
00008ff1   _PWM_setDigitalCompareBEvent1
00008fe1   _PWM_setDigitalCompareBEvent2
00008fd5   _PWM_setDigitalCompareBlankingPulse
00008fd2   _PWM_setDigitalCompareFilterOffset
00008fc8   _PWM_setDigitalCompareFilterSource
00008fc5   _PWM_setDigitalCompareFilterWindow
00008fb6   _PWM_setDigitalCompareInput
00008fb2   _PWM_setHighSpeedClkDiv
00008fa8   _PWM_setHrControlMode
00008f9e   _PWM_setHrEdgeMode
00008f94   _PWM_setHrShadowMode
00008f8d   _PWM_setIntMode
00008f86   _PWM_setIntPeriod
00008f82   _PWM_setLoadMode_CmpA
00008f7c   _PWM_setLoadMode_CmpB
00008f7a   _PWM_setPeriod
00008f75   _PWM_setPeriodHr
00008f71   _PWM_setPeriodLoad
00008f6f   _PWM_setPhase
00008f6b   _PWM_setPhaseDir
00008f67   _PWM_setRunMode
00008f61   _PWM_setShadowMode_CmpA
00008f5b   _PWM_setShadowMode_CmpB
00008f52   _PWM_setSocAPeriod
00008f48   _PWM_setSocAPulseSrc
00008f3f   _PWM_setSocBPeriod
00008f36   _PWM_setSocBPulseSrc
00008f33   _PWM_setSwSync
00008f2f   _PWM_setSyncMode
00008f25   _PWM_setTripZoneDCEventSelect_DCAEVT1
00008f19   _PWM_setTripZoneDCEventSelect_DCAEVT2
00008f0d   _PWM_setTripZoneDCEventSelect_DCBEVT1
00008f01   _PWM_setTripZoneDCEventSelect_DCBEVT2
00008ef5   _PWM_setTripZoneState_DCAEVT1
00008ee9   _PWM_setTripZoneState_DCAEVT2
00008edd   _PWM_setTripZoneState_DCBEVT1
00008ed1   _PWM_setTripZoneState_DCBEVT2
00008ec7   _PWM_setTripZoneState_TZA
00008ebb   _PWM_setTripZoneState_TZB
00009f29   _PWR_disableBrownOutReset
00009f1e   _PWR_disableWatchDogInt
00009f1b   _PWR_enableBrownOutReset
00009f10   _PWR_enableWatchDogInt
00009f09   _PWR_init
00009ef7   _PWR_setLowPowerMode
00009ee5   _PWR_setNumStandByClocks
00000142   _RamfuncsLoadEnd
00000036   _RamfuncsLoadSize
0000010c   _RamfuncsLoadStart
0000010c   _RamfuncsRunStart
000097b4   _RsISR
000099db   _SCI_clearAutoBaudDetect
000099d7   _SCI_clearRxFifoInt
000099d3   _SCI_clearRxFifoOvf
000099cf   _SCI_clearTxFifoInt
000099cc   _SCI_disable
000099c8   _SCI_disableAutoBaudAlign
000099c5   _SCI_disableLoopBack
000099c2   _SCI_disableParity
000099bf   _SCI_disableRx
000099bc   _SCI_disableRxErrorInt
000099b8   _SCI_disableRxFifoInt
000099b5   _SCI_disableRxInt
000099b2   _SCI_disableSleep
000099af   _SCI_disableTx
000099ab   _SCI_disableTxFifoEnh
000099a7   _SCI_disableTxFifoInt
000099a4   _SCI_disableTxInt
000099a1   _SCI_disableTxWake
0000999e   _SCI_enable
0000999a   _SCI_enableAutoBaudAlign
00009996   _SCI_enableChannels
00009993   _SCI_enableLoopBack
00009990   _SCI_enableParity
0000998d   _SCI_enableRx
0000998a   _SCI_enableRxErrorInt
00009986   _SCI_enableRxFifo
00009982   _SCI_enableRxFifoInt
0000997f   _SCI_enableRxInt
0000997c   _SCI_enableSleep
00009979   _SCI_enableTx
00009975   _SCI_enableTxFifo
00009971   _SCI_enableTxFifoEnh
0000996d   _SCI_enableTxFifoInt
0000996a   _SCI_enableTxInt
00009967   _SCI_enableTxWake
00009963   _SCI_getDataBlocking
0000995a   _SCI_getDataNonBlocking
00009956   _SCI_getRxFifoStatus
00009952   _SCI_getTxFifoStatus
0000994c   _SCI_init
00009947   _SCI_putDataBlocking
0000993f   _SCI_putDataNonBlocking
0000993c   _SCI_reset
00009932   _SCI_resetChannels
00009928   _SCI_resetRxFifo
0000991e   _SCI_resetTxFifo
00009918   _SCI_setBaudRate
00009914   _SCI_setCharLength
00009910   _SCI_setMode
0000990c   _SCI_setNumStopBits
00009908   _SCI_setParity
00009905   _SCI_setPriority
000098fe   _SCI_setRxFifoIntLevel
000098f7   _SCI_setTxDelay
000098f0   _SCI_setTxFifoIntLevel
0000a024   _TIMER_clearFlag
0000a021   _TIMER_disableInt
0000a01e   _TIMER_enableInt
0000a01b   _TIMER_getStatus
0000a015   _TIMER_init
0000a007   _TIMER_setDecimationFactor
0000a003   _TIMER_setEmulationMode
00009ff5   _TIMER_setPreScaler
00008e0a   _USER_calcPIgains
00008e06   _USER_checkForErrors
00008df8   _USER_computeFlux
00008dad   _USER_computeFlux_pu_to_VpHz_sf
00008d62   _USER_computeFlux_pu_to_Wb_sf
00008d17   _USER_computeTorque_Flux_Iq_pu_to_Nm_sf
00008cce   _USER_computeTorque_Ls_Id_Iq_pu_to_Nm_sf
00008c82   _USER_computeTorque_Nm
00008c2b   _USER_computeTorque_lbin
00008c28   _USER_getErrorCode
00008c25   _USER_setErrorCode
00008ae5   _USER_setParams
00008a57   _USER_softwareUpdate1p6
00009f6a   _WDOG_clearCounter
00009f62   _WDOG_disable
00009f5c   _WDOG_disableInt
00009f56   _WDOG_disableOverRide
00009f4d   _WDOG_enable
00009f47   _WDOG_enableInt
00009f41   _WDOG_enableOverRide
00009f3e   _WDOG_getIntStatus
00009f38   _WDOG_init
00009f36   _WDOG_setCount
00009f2c   _WDOG_setPreScaler
0000a49c   __IQ30toF
000007b0   __STACK_END
000003b0   __STACK_SIZE
00000001   __TI_args_main
0000a3ec   ___TI_cleanup_ptr
0000a3ee   ___TI_dtors_ptr
ffffffff   ___binit__
ffffffff   ___c_args__
00000050   ___cinit__
0000a27c   ___etext__
ffffffff   ___pinit__
00008000   ___text__
0000a1e9   __args_main
0000a27e   __lock
00009b26   __log
0000a271   __nop
0000a26d   __register_lock
0000a269   __register_unlock
00000400   __stack
0000a27c   __unlock
0000a202   _abort
00009f72   _c_int00
0000a3f0   _cpu
0000a3f1   _errno
0000a204   _exit
00009a89   _exp
0000a232   _frexp
0000a290   _gAdcData
0000a282   _gLEDcnt
0000a2c0   _gMotorVars
0000a28a   _gPwmData
0000a340   _gUserParams
0000a400   _hal
0000a284   _halHandle
00009fb6   _ldexp
000099df   _log
00009d4f   _main
000096fd   _mainISR
0000a027   _modf
00009bb3   _pow
0000a286   _rdataA
000096c5   _sciaTxFifoIsr
00009d40   _scia_msg
0000a280   _sdataA
0000013e   _usDelay
ffffffff   binit
00000050   cinit
0000a27c   etext
ffffffff   pinit


GLOBAL SYMBOLS: SORTED BY Symbol Address 

address    name
--------   ----
00000001   __TI_args_main
00000036   _RamfuncsLoadSize
00000050   ___cinit__
00000050   cinit
0000010c   _FLASH_setStandbyWaitCount
0000010c   _RamfuncsLoadStart
0000010c   _RamfuncsRunStart
00000111   _FLASH_setPowerMode
00000118   _FLASH_setOtpWaitStates
0000011f   _FLASH_setNumRandomReadWaitStates
00000126   _FLASH_setNumPagedReadWaitStates
0000012d   _FLASH_setActiveWaitCount
00000132   _FLASH_enablePipelineMode
00000138   _FLASH_disablePipelineMode
0000013e   _usDelay
00000142   _RamfuncsLoadEnd
000003b0   __STACK_SIZE
00000400   __stack
000007b0   __STACK_END
00008000   .text
00008000   _HAL_setupTimers
00008000   ___text__
00008050   _HAL_setupScia
00008096   _HAL_setupPwms
0000815e   _HAL_setupPwmDacs
000081e9   _HAL_setupPll
00008227   _HAL_setupPie
00008243   _HAL_setupPeripheralClks
00008290   _HAL_setupGpios
0000843d   _HAL_setupFlash
0000845b   _HAL_setupFaults
00008484   _HAL_setupClks
000084a0   _HAL_setupAdcs
00008557   _HAL_AdcCalChanSelect
000085ae   _HAL_AdcCalConversion
00008706   _HAL_AdcOffsetSelfCal
00008739   _HAL_getOscTrimValue
0000874d   _HAL_osc1Comp
0000878c   _HAL_osc2Comp
000087cb   _HAL_OscTempComp
0000881e   _HAL_cal
00008835   _HAL_setParams
00008935   _HAL_setDacParameters
0000894a   _HAL_disableWdog
0000894f   _HAL_init
00008a0c   _HAL_enableSciInt
00008a29   _HAL_enablePwmInt
00008a3a   _HAL_enableGlobalInts
00008a3e   _HAL_enableDebugInt
00008a42   _HAL_enableAdcInts
00008a53   _HAL_disableGlobalInts
00008a57   _USER_softwareUpdate1p6
00008ae5   _USER_setParams
00008c25   _USER_setErrorCode
00008c28   _USER_getErrorCode
00008c2b   _USER_computeTorque_lbin
00008c82   _USER_computeTorque_Nm
00008cce   _USER_computeTorque_Ls_Id_Iq_pu_to_Nm_sf
00008d17   _USER_computeTorque_Flux_Iq_pu_to_Nm_sf
00008d62   _USER_computeFlux_pu_to_Wb_sf
00008dad   _USER_computeFlux_pu_to_VpHz_sf
00008df8   _USER_computeFlux
00008e06   _USER_checkForErrors
00008e0a   _USER_calcPIgains
00008ebb   _PWM_setTripZoneState_TZB
00008ec7   _PWM_setTripZoneState_TZA
00008ed1   _PWM_setTripZoneState_DCBEVT2
00008edd   _PWM_setTripZoneState_DCBEVT1
00008ee9   _PWM_setTripZoneState_DCAEVT2
00008ef5   _PWM_setTripZoneState_DCAEVT1
00008f01   _PWM_setTripZoneDCEventSelect_DCBEVT2
00008f0d   _PWM_setTripZoneDCEventSelect_DCBEVT1
00008f19   _PWM_setTripZoneDCEventSelect_DCAEVT2
00008f25   _PWM_setTripZoneDCEventSelect_DCAEVT1
00008f2f   _PWM_setSyncMode
00008f33   _PWM_setSwSync
00008f36   _PWM_setSocBPulseSrc
00008f3f   _PWM_setSocBPeriod
00008f48   _PWM_setSocAPulseSrc
00008f52   _PWM_setSocAPeriod
00008f5b   _PWM_setShadowMode_CmpB
00008f61   _PWM_setShadowMode_CmpA
00008f67   _PWM_setRunMode
00008f6b   _PWM_setPhaseDir
00008f6f   _PWM_setPhase
00008f71   _PWM_setPeriodLoad
00008f75   _PWM_setPeriodHr
00008f7a   _PWM_setPeriod
00008f7c   _PWM_setLoadMode_CmpB
00008f82   _PWM_setLoadMode_CmpA
00008f86   _PWM_setIntPeriod
00008f8d   _PWM_setIntMode
00008f94   _PWM_setHrShadowMode
00008f9e   _PWM_setHrEdgeMode
00008fa8   _PWM_setHrControlMode
00008fb2   _PWM_setHighSpeedClkDiv
00008fb6   _PWM_setDigitalCompareInput
00008fc5   _PWM_setDigitalCompareFilterWindow
00008fc8   _PWM_setDigitalCompareFilterSource
00008fd2   _PWM_setDigitalCompareFilterOffset
00008fd5   _PWM_setDigitalCompareBlankingPulse
00008fe1   _PWM_setDigitalCompareBEvent2
00008ff1   _PWM_setDigitalCompareBEvent1
00009008   _PWM_setDigitalCompareAEvent2
00009018   _PWM_setDigitalCompareAEvent1
0000902f   _PWM_setDeadBandRisingEdgeDelay
00009032   _PWM_setDeadBandPolarity
00009039   _PWM_setDeadBandOutputMode
00009040   _PWM_setDeadBandInputMode
00009047   _PWM_setDeadBandFallingEdgeDelay
0000904a   _PWM_setCounterMode
0000904e   _PWM_setCount
00009050   _PWM_setClkDiv
00009054   _PWM_setChoppingPulseWidth
0000905b   _PWM_setChoppingDutyCycle
00009062   _PWM_setChoppingClkFreq
00009069   _PWM_setActionQual_Zero_PwmB
00009070   _PWM_setActionQual_Zero_PwmA
00009077   _PWM_setActionQual_Period_PwmB
00009080   _PWM_setActionQual_Period_PwmA
00009089   _PWM_setActionQual_CntUp_CmpB_PwmB
00009092   _PWM_setActionQual_CntUp_CmpB_PwmA
0000909b   _PWM_setActionQual_CntUp_CmpA_PwmB
000090a4   _PWM_setActionQual_CntUp_CmpA_PwmA
000090ad   _PWM_setActionQual_CntDown_CmpB_PwmB
000090b6   _PWM_setActionQual_CntDown_CmpB_PwmA
000090bf   _PWM_setActionQual_CntDown_CmpA_PwmB
000090c8   _PWM_setActionQual_CntDown_CmpA_PwmA
000090d1   _PWM_setActionQualContSWForce_PwmB
000090da   _PWM_setActionQualContSWForce_PwmA
000090e1   _PWM_init
000090e7   _PWM_incrementDeadBandRisingEdgeDelay
000090ea   _PWM_incrementDeadBandFallingEdgeDelay
000090ed   _PWM_getSocBCount
000090f2   _PWM_getSocACount
000090f7   _PWM_getShadowStatus_CmpB
000090fb   _PWM_getShadowStatus_CmpA
000090ff   _PWM_getIntCount
00009103   _PWM_getDeadBandRisingEdgeDelay
00009106   _PWM_getDeadBandFallingEdgeDelay
00009109   _PWM_enableTripZoneSrc
0000910f   _PWM_enableTripZoneInt
00009115   _PWM_enableSocBPulse
00009119   _PWM_enableSocAPulse
0000911d   _PWM_enableInt
00009121   _PWM_enableHrPhaseSync
00009128   _PWM_enableHrPeriod
0000912f   _PWM_enableDigitalCompareBlankingWindowInversion
00009136   _PWM_enableDigitalCompareBlankingWindow
0000913d   _PWM_enableDeadBandHalfCycle
00009141   _PWM_enableCounterLoad
00009144   _PWM_enableChopping
00009148   _PWM_enableAutoConvert
0000914f   _PWM_disableTripZones
00009155   _PWM_disableTripZoneSrc
0000915c   _PWM_disableTripZoneInt
00009163   _PWM_disableSocBPulse
00009167   _PWM_disableSocAPulse
0000916b   _PWM_disableInt
0000916f   _PWM_disableHrPhaseSync
00009176   _PWM_disableHrPeriod
0000917d   _PWM_disableDigitalCompareBlankingWindowInversion
00009184   _PWM_disableDigitalCompareBlankingWindow
0000918b   _PWM_disableDeadBandHalfCycle
0000918f   _PWM_disableDeadBand
00009192   _PWM_disableCounterLoad
00009195   _PWM_disableChopping
00009199   _PWM_disableAutoConvert
000091a0   _PWM_decrementDeadBandRisingEdgeDelay
000091a3   _PWM_decrementDeadBandFallingEdgeDelay
000091a6   _PWM_clearTripZone
000091ac   _ADC_setupSocTrigSrc
000091d7   _ADC_setVoltRefSrc
000091e9   _ADC_setTempSensorSrc
000091fb   _ADC_setSocTrigSrc
0000920e   _ADC_setSocSampleDelay
00009221   _ADC_setSocFrcWord
00009228   _ADC_setSocFrc
00009232   _ADC_setSocChanNumber
00009245   _ADC_setSampleOverlapMode
0000925a   _ADC_setSampleMode
00009272   _ADC_setOffTrim
00009279   _ADC_setIntSrc
00009296   _ADC_setIntPulseGenMode
000092a8   _ADC_setIntMode
000092c5   _ADC_setDivideSelect
000092d7   _ADC_reset
000092e2   _ADC_powerUp
000092ed   _ADC_powerDown
000092f8   _ADC_init
000092ff   _ADC_getDivideSelect
00009307   _ADC_enableVoltRefLoConv
00009312   _ADC_enableRefBuffers
0000931d   _ADC_enableNoOverlapMode
00009328   _ADC_enableInt
0000933f   _ADC_enableBandGap
0000934a   _ADC_enable
00009355   _ADC_disableVoltRefLoConv
00009360   _ADC_disableRefBuffers
0000936b   _ADC_disableNoOverlapMode
00009376   _ADC_disableInt
00009391   _ADC_disableBandGap
0000939c   _ADC_disable
000093a7   _GPIO_toggle
000093ba   _GPIO_setQualificationPeriod
00009401   _GPIO_setQualification
00009441   _GPIO_setPullup
0000945c   _GPIO_setPortData
00009468   _GPIO_setMode
000094a2   _GPIO_setLow
000094b5   _GPIO_setHigh
000094c8   _GPIO_setExtInt
000094d3   _GPIO_setDirection
000094ee   _GPIO_read
00009514   _GPIO_lpmSelect
0000951e   _GPIO_init
00009524   _GPIO_getPortData
0000952b   _GPIO_getData
0000953b   _CLK_setXClkInSrc
00009542   _CLK_setWatchDogSrc
00009549   _CLK_setTimer2Src
00009550   _CLK_setTimer2PreScale
00009557   _CLK_setOscSrc
0000955e   _CLK_setOsc2Src
00009565   _CLK_setLowSpdPreScaler
0000956b   _CLK_setClkOutPreScaler
00009572   _CLK_init
00009578   _CLK_enableWatchDogHaltMode
0000957e   _CLK_enableTbClockSync
00009585   _CLK_enableSpibClock
0000958c   _CLK_enableSpiaClock
00009593   _CLK_enableScibClock
0000959a   _CLK_enableSciaClock
000095a1   _CLK_enablePwmClock
000095aa   _CLK_enableOsc2HaltMode
000095b0   _CLK_enableOsc2
000095b6   _CLK_enableOsc1HaltMode
000095bc   _CLK_enableOsc1
000095c2   _CLK_enableLinAClock
000095c9   _CLK_enableI2cClock
000095d0   _CLK_enableHrPwmClock
000095d7   _CLK_enableGpioInputClock
000095de   _CLK_enableEqep2Clock
000095e5   _CLK_enableEqep1Clock
000095ec   _CLK_enableEcap1Clock
000095f3   _CLK_enableEcanaClock
000095fa   _CLK_enableCrystalOsc
00009600   _CLK_enableCpuTimerClock
00009606   _CLK_enableCompClock
0000960c   _CLK_enableClkIn
00009612   _CLK_enableClaClock
00009619   _CLK_enableAdcClock
00009620   _CLK_disableWatchDogHaltMode
00009626   _CLK_disableTbClockSync
0000962d   _CLK_disableSpibClock
00009631   _CLK_disableSpiaClock
00009638   _CLK_disableScibClock
0000963f   _CLK_disableSciaClock
00009646   _CLK_disablePwmClock
00009650   _CLK_disableOsc2HaltMode
00009656   _CLK_disableOsc2
0000965c   _CLK_disableOsc1HaltMode
00009662   _CLK_disableOsc1
00009668   _CLK_disableLinAClock
0000966f   _CLK_disableI2cClock
00009676   _CLK_disableHrPwmClock
0000967d   _CLK_disableGpioInputClock
00009684   _CLK_disableEqep2Clock
0000968b   _CLK_disableEqep1Clock
00009692   _CLK_disableEcap1Clock
00009699   _CLK_disableEcanaClock
000096a0   _CLK_disableCrystalOsc
000096a6   _CLK_disableCpuTimerClock
000096ad   _CLK_disableCompClock
000096b1   _CLK_disableClkIn
000096b7   _CLK_disableClaClock
000096be   _CLK_disableAdcClock
000096c5   _sciaTxFifoIsr
000096fd   _mainISR
000097b4   _RsISR
000097e2   _PIE_unregisterSystemIntHandler
000097ef   _PIE_unregisterPieIntHandler
00009800   _PIE_setExtIntPolarity
00009810   _PIE_setDefaultIntVectorTable
0000981c   _PIE_registerSystemIntHandler
00009827   _PIE_registerPieIntHandler
00009836   _PIE_init
0000983d   _PIE_getIntFlags
00009844   _PIE_getIntEnables
0000984b   _PIE_getExtIntCount
00009853   _PIE_forceInt
0000985d   _PIE_enableTimer0Int
00009860   _PIE_enablePwmTzInt
00009865   _PIE_enablePwmInt
0000986a   _PIE_enableInt
00009874   _PIE_enableExtInt
00009897   _PIE_enableCaptureInt
0000989b   _PIE_enableAdcInt
000098b7   _PIE_enable
000098ba   _PIE_disableInt
000098c5   _PIE_disableExtInt
000098d2   _PIE_disableCaptureInt
000098d6   _PIE_disableAllInts
000098e0   _PIE_disable
000098e3   _PIE_clearAllInts
000098e6   _PIE_clearAllFlags
000098f0   _SCI_setTxFifoIntLevel
000098f7   _SCI_setTxDelay
000098fe   _SCI_setRxFifoIntLevel
00009905   _SCI_setPriority
00009908   _SCI_setParity
0000990c   _SCI_setNumStopBits
00009910   _SCI_setMode
00009914   _SCI_setCharLength
00009918   _SCI_setBaudRate
0000991e   _SCI_resetTxFifo
00009928   _SCI_resetRxFifo
00009932   _SCI_resetChannels
0000993c   _SCI_reset
0000993f   _SCI_putDataNonBlocking
00009947   _SCI_putDataBlocking
0000994c   _SCI_init
00009952   _SCI_getTxFifoStatus
00009956   _SCI_getRxFifoStatus
0000995a   _SCI_getDataNonBlocking
00009963   _SCI_getDataBlocking
00009967   _SCI_enableTxWake
0000996a   _SCI_enableTxInt
0000996d   _SCI_enableTxFifoInt
00009971   _SCI_enableTxFifoEnh
00009975   _SCI_enableTxFifo
00009979   _SCI_enableTx
0000997c   _SCI_enableSleep
0000997f   _SCI_enableRxInt
00009982   _SCI_enableRxFifoInt
00009986   _SCI_enableRxFifo
0000998a   _SCI_enableRxErrorInt
0000998d   _SCI_enableRx
00009990   _SCI_enableParity
00009993   _SCI_enableLoopBack
00009996   _SCI_enableChannels
0000999a   _SCI_enableAutoBaudAlign
0000999e   _SCI_enable
000099a1   _SCI_disableTxWake
000099a4   _SCI_disableTxInt
000099a7   _SCI_disableTxFifoInt
000099ab   _SCI_disableTxFifoEnh
000099af   _SCI_disableTx
000099b2   _SCI_disableSleep
000099b5   _SCI_disableRxInt
000099b8   _SCI_disableRxFifoInt
000099bc   _SCI_disableRxErrorInt
000099bf   _SCI_disableRx
000099c2   _SCI_disableParity
000099c5   _SCI_disableLoopBack
000099c8   _SCI_disableAutoBaudAlign
000099cc   _SCI_disable
000099cf   _SCI_clearTxFifoInt
000099d3   _SCI_clearRxFifoOvf
000099d7   _SCI_clearRxFifoInt
000099db   _SCI_clearAutoBaudDetect
000099df   _log
00009a89   _exp
00009b26   __log
00009bb3   _pow
00009c3a   FD$$MPY
00009cbd   FS$$DIV
00009d40   _scia_msg
00009d4f   _main
00009db8   FS$$SUB
00009dbd   FS$$ADD
00009e30   _PLL_setLockPeriod
00009e35   _PLL_setDivideSelect
00009e3c   _PLL_setClkFreq
00009e42   _PLL_resetClkDetect
00009e48   _PLL_init
00009e4e   _PLL_getLockStatus
00009e51   _PLL_getDivideSelect
00009e54   _PLL_getClkStatus
00009e57   _PLL_getClkFreq
00009e5b   _PLL_enableOsc
00009e61   _PLL_enableNormRdy
00009e67   _PLL_enableClkDetect
00009e6d   _PLL_enable
00009e73   _PLL_disableOsc
00009e79   _PLL_disableNormRdy
00009e7f   _PLL_disableClkDetect
00009e85   _PLL_disable
00009e8b   FS$$MPY
00009ee5   _PWR_setNumStandByClocks
00009ef7   _PWR_setLowPowerMode
00009f09   _PWR_init
00009f10   _PWR_enableWatchDogInt
00009f1b   _PWR_enableBrownOutReset
00009f1e   _PWR_disableWatchDogInt
00009f29   _PWR_disableBrownOutReset
00009f2c   _WDOG_setPreScaler
00009f36   _WDOG_setCount
00009f38   _WDOG_init
00009f3e   _WDOG_getIntStatus
00009f41   _WDOG_enableOverRide
00009f47   _WDOG_enableInt
00009f4d   _WDOG_enable
00009f56   _WDOG_disableOverRide
00009f5c   _WDOG_disableInt
00009f62   _WDOG_disable
00009f6a   _WDOG_clearCounter
00009f72   _c_int00
00009fb6   _ldexp
00009ff5   _TIMER_setPreScaler
0000a003   _TIMER_setEmulationMode
0000a007   _TIMER_setDecimationFactor
0000a015   _TIMER_init
0000a01b   _TIMER_getStatus
0000a01e   _TIMER_enableInt
0000a021   _TIMER_disableInt
0000a024   _TIMER_clearFlag
0000a027   _modf
0000a058   _OSC_setTrim
0000a061   _OSC_setFineTrim
0000a072   _OSC_setCoarseTrim
0000a07f   _OSC_init
0000a085   FS$$TOL
0000a0ae   _CPU_init
0000a0b4   _CPU_enableProtectedRegisterWrite
0000a0b7   _CPU_enableInt
0000a0bb   _CPU_enableGlobalInts
0000a0be   _CPU_enableDebugInt
0000a0c1   _CPU_disableProtectedRegisterWrite
0000a0c4   _CPU_disableInts
0000a0c7   _CPU_disableInt
0000a0cc   _CPU_disableGlobalInts
0000a0cf   _CPU_disableDebugInt
0000a0d2   _CPU_clearIntFlags
0000a0d5   FS$$TOI
0000a0fa   I$$DIV
0000a10b   I$$MOD
0000a11c   FS$$TOUL
0000a13d   _FLASH_init
0000a143   _FLASH_getStandbyWaitStatus
0000a147   _FLASH_getStandbyWaitCount
0000a14a   _FLASH_getPowerMode
0000a14d   _FLASH_getActiveWaitStatus
0000a151   _FLASH_getActiveWaitCount
0000a154   _FLASH_get3VStatus
0000a157   _FLASH_clear3VStatus
0000a15d   FD$$TOL
0000a17c   FS$$TOU
0000a199   FS$$TOFD
0000a1b5   I$$TOFS
0000a1cf   L$$TOFS
0000a1e9   __args_main
0000a202   C$$EXIT
0000a202   _abort
0000a204   _exit
0000a21b   FS$$CMP
0000a232   _frexp
0000a246   UL$$TOFS
0000a259   U$$TOFS
0000a269   __register_unlock
0000a26d   __register_lock
0000a271   __nop
0000a272   _PIE_illegalIsr
0000a277   FS$$NEG
0000a27c   ___etext__
0000a27c   __unlock
0000a27c   etext
0000a27e   __lock
0000a280   _sdataA
0000a282   _gLEDcnt
0000a284   _halHandle
0000a286   _rdataA
0000a28a   _gPwmData
0000a290   _gAdcData
0000a2c0   _gMotorVars
0000a340   _gUserParams
0000a3ec   ___TI_cleanup_ptr
0000a3ee   ___TI_dtors_ptr
0000a3f0   _cpu
0000a3f1   _errno
0000a400   _hal
0000a49c   __IQ30toF
003f8ae7   _EST_setLs_q_pu
003f8af1   _EST_setLs_qFmt
003f8b45   _EST_setLs_d_pu
003f9513   _EST_getRs_Ohm
003f95c9   _EST_getLs_q_pu
003f95ce   _EST_getLs_q_H
003f95f0   _EST_getLs_d_pu
003f95f5   _EST_getLs_d_H
003f95ff   _EST_getLs_coarse_max_pu
003f96ab   _EST_getFlux_pu
003fa83e   _CTRL_setGains
003fb4bb   _OFFSET_setOffset
003fb4bd   _OFFSET_setInitCond
003fb4c6   _OFFSET_setBeta
003fb4dc   _OFFSET_init
ffffffff   ___binit__
ffffffff   ___c_args__
ffffffff   ___pinit__
ffffffff   binit
ffffffff   pinit

[502 symbols]
