******************************************************************************
             TMS320C2000 Linker PC v6.2.5                      
******************************************************************************
>> Linked Wed Nov 22 14:51:58 2017

OUTPUT FILE NAME:   <proj_lab13c.out>
ENTRY POINT SYMBOL: "_c_int00"  address: 0000e1b2


MEMORY CONFIGURATION

         name            origin    length      used     unused   attr    fill
----------------------  --------  ---------  --------  --------  ----  --------
PAGE 0:
  BEGIN                 00000000   00000002  00000002  00000000  RWIX
  RAMM0                 00000050   000003b0  00000083  0000032d  RWIX
  RAML0_L8              00008000   0000b800  00006f22  000048de  RWIX
  FPUTABLES             003fd590   000006a0  00000000  000006a0  RWIX
  IQTABLES              003fdc30   00000b50  00000000  00000b50  RWIX
  IQTABLES2             003fe780   0000008c  00000000  0000008c  RWIX
  IQTABLES3             003fe80c   000000aa  00000000  000000aa  RWIX
  BOOTROM               003ff3b0   00000c10  00000000  00000c10  RWIX
  RESET                 003fffc0   00000002  00000000  00000002  RWIX

PAGE 1:
  BOOT_RSVD             00000002   0000004e  00000000  0000004e  RWIX
  RAMM1                 00000400   00000400  000003b0  00000050  RWIX
  USB_RAM               00040000   00000800  00000000  00000800  RWIX


SECTION ALLOCATION MAP

 output                                  attributes/
section   page    origin      length       input sections
--------  ----  ----------  ----------   ----------------
codestart 
*          0    00000000    00000002     
                  00000000    00000002     CodeStartBranch.obj (codestart)

.pinit     0    00000050    00000000     UNINITIALIZED

.cinit     0    00000050    0000004d     
                  00000050    00000027     process_ctrl.obj (.cinit)
                  00000077    0000000c     proj_bm1000.obj (.cinit)
                  00000083    0000000a     rts2800_ml.lib : _lock.obj (.cinit)
                  0000008d    0000000a                    : exit.obj (.cinit)
                  00000097    00000004     fsm.obj (.cinit)
                  0000009b    00000002     --HOLE-- [fill = 0]

ramfuncs   0    0000009d    00000036     
                  0000009d    00000032     flash.obj (ramfuncs)
                  000000cf    00000004     usDelay.obj (ramfuncs)

.text      0    00008000    00006453     
                  00008000    00000e8f     SpinTAC.lib : spintac_pos_move.obj (.text:_STPOSMOVE_run)
                  00008e8f    00000bdc     hal.obj (.text)
                  00009a6b    00000b3a     user.obj (.text)
                  0000a5a5    00000952     ctrl.obj (.text)
                  0000aef7    00000940     process_ctrl.obj (.text)
                  0000b837    00000854     fsm.obj (.text)
                  0000c08b    000004ba     mb.obj (.text)
                  0000c545    0000039d     SpinTAC.lib : spintac_pos_ctl.obj (.text:_STPOSCTL_run)
                  0000c8e2    000002f1     pwm.obj (.text)
                  0000cbd3    000002c0     proj_bm1000.obj (.text)
                  0000ce93    00000273     SpinTAC.lib : spintac_pos_move.obj (.text:_s31_calc)
                  0000d106    0000023b     proj_bm1000.obj (.text:retain)
                  0000d341    000001fb     adc.obj (.text)
                  0000d53c    000001f4     motor.obj (.text)
                  0000d730    000001f2     SpinTAC.lib : spintac_pos_conv.obj (.text:_STPOSCONV_run)
                  0000d922    00000194     gpio.obj (.text)
                  0000dab6    0000018c     enc.obj (.text)
                  0000dc42    0000018a     clk.obj (.text)
                  0000ddcc    0000010e     pie.obj (.text)
                  0000deda    000000ef     sci.obj (.text)
                  0000dfc9    0000006a     SpinTAC.lib : spintac_pos_plan.obj (.text:_STPOSPLAN_init)
                  0000e033    0000005b     pll.obj (.text)
                  0000e08e    00000052     SpinTAC.lib : spintac_pos_move.obj (.text:_STPOSMOVE_init)
                  0000e0e0    00000047     pwr.obj (.text)
                  0000e127    00000046     wdog.obj (.text)
                  0000e16d    00000045     offset.obj (.text)
                  0000e1b2    00000044     rts2800_ml.lib : boot.obj (.text)
                  0000e1f6    00000043     SpinTAC.lib : spintac_pos_ctl.obj (.text:_STPOSCTL_init)
                  0000e239    0000003c                 : spintac_pos_roadd.obj (.text:_ST_addPosRollOver)
                  0000e275    00000035                 : spintac_pos_conv.obj (.text:_STPOSCONV_init)
                  0000e2aa    00000032     timer.obj (.text)
                  0000e2dc    00000031     SpinTAC.lib : spintac_version.obj (.text:_ST_initVersion)
                  0000e30d    0000002d     osc.obj (.text)
                  0000e33a    00000027     cpu.obj (.text)
                  0000e361    00000021     filter_fo.obj (.text)
                  0000e382    00000021     rts2800_ml.lib : fs_toul.obj (.text)
                  0000e3a3    00000020     flash.obj (.text)
                  0000e3c3    0000001d     rts2800_ml.lib : fs_tou.obj (.text)
                  0000e3e0    00000019                    : args_main.obj (.text)
                  0000e3f9    00000019                    : exit.obj (.text)
                  0000e412    00000019     slip.obj (.text)
                  0000e42b    00000009     rts2800_ml.lib : _lock.obj (.text)
                  0000e434    00000008     CodeStartBranch.obj (.text)
                  0000e43c    00000006     brake.obj (.text)
                  0000e442    00000006     flyingStart.obj (.text)
                  0000e448    00000006     qep.obj (.text)
                  0000e44e    00000005     pie.obj (.text:retain)

.ebss      0    0000e454    000006b7     UNINITIALIZED
                  0000e454    00000010     process_ctrl.obj (.ebss)
                  0000e464    00000004     rts2800_ml.lib : _lock.obj (.ebss)
                  0000e468    00000004                    : exit.obj (.ebss)
                  0000e46c    00000001     cpu.obj (.ebss)
                  0000e46d    00000013     --HOLE--
                  0000e480    00000528     proj_bm1000.obj (.ebss)
                  0000e9a8    00000018     --HOLE--
                  0000e9c0    000000aa     hal.obj (.ebss)
                  0000ea6a    00000016     --HOLE--
                  0000ea80    0000008b     fsm.obj (.ebss)

.econst    0    0000eb0c    000003f0     
                  0000eb0c    00000100     mb.obj (.econst:.string:_aucCRCHi)
                  0000ec0c    00000100     mb.obj (.econst:.string:_aucCRCLo)
                  0000ed0c    0000009a     user.obj (.econst:_MOTOR_DATA)
                  0000eda6    0000005a     fsm.obj (.econst:_JM_FSM_Vars)
                  0000ee00    00000038     user.obj (.econst:_BOARD_Params)
                  0000ee38    00000030     fsm.obj (.econst:_JM_FSM_MotorFunc)
                  0000ee68    0000001c     ctrl.obj (.econst)
                  0000ee84    00000016     fsm.obj (.econst:_FSM_ActionFunc)
                  0000ee9a    00000016     fsm.obj (.econst:_FSM_CondFunc)
                  0000eeb0    00000010     fsm.obj (.econst:_FSM_MaxTorque)
                  0000eec0    0000000c     process_ctrl.obj (.econst:_DE5_Board_Bias)
                  0000eecc    0000000b     fsm.obj (.econst:_FSM_EventTab)
                  0000eed7    00000001     --HOLE-- [fill = 0]
                  0000eed8    00000008     process_ctrl.obj (.econst)
                  0000eee0    00000008     user.obj (.econst)
                  0000eee8    00000004     fsm.obj (.econst)
                  0000eeec    00000004     hal.obj (.econst)
                  0000eef0    00000004     mb.obj (.econst)
                  0000eef4    00000004     motor.obj (.econst)
                  0000eef8    00000004     proj_bm1000.obj (.econst)

IQmath     0    0000eefc    00000028     
                  0000eefc    0000000b     IQmath.lib : IQ24frac.obj (IQmath)
                  0000ef07    0000000b                : IQ7frac.obj (IQmath)
                  0000ef12    00000009                : IQ24int.obj (IQmath)
                  0000ef1b    00000009                : IQ7int.obj (IQmath)

.reset     0    003fffc0    00000002     DSECT
                  003fffc0    00000002     rts2800_ml.lib : boot.obj (.reset)

.stack     1    00000400    000003b0     UNINITIALIZED
                  00000400    000003b0     --HOLE--


GLOBAL DATA SYMBOLS: SORTED BY DATA PAGE

address     data page           name
--------    ----------------    ----
00000400      10 (00000400)     __stack

0000e464     391 (0000e440)     __unlock
0000e466     391 (0000e440)     __lock
0000e468     391 (0000e440)     ___TI_cleanup_ptr
0000e46a     391 (0000e440)     ___TI_dtors_ptr
0000e46c     391 (0000e440)     _cpu

0000e482     392 (0000e480)     _gLEDcnt
0000e484     392 (0000e480)     _ctrlHandle
0000e486     392 (0000e480)     _proctrlHandle
0000e488     392 (0000e480)     _controller_obj
0000e48a     392 (0000e480)     _halHandle

0000e4c0     393 (0000e4c0)     _gUserParams

0000e580     396 (0000e580)     _MyProcessCtrl

0000e9c0     3a7 (0000e9c0)     _hal

0000eac0     3ab (0000eac0)     _FSM_State_Box

0000eb0c     3ac (0000eb00)     _aucCRCHi

0000ec0c     3b0 (0000ec00)     _aucCRCLo

0000ed0c     3b4 (0000ed00)     _MOTOR_DATA

0000eda6     3b6 (0000ed80)     _JM_FSM_Vars

0000ee00     3b8 (0000ee00)     _BOARD_Params
0000ee38     3b8 (0000ee00)     _JM_FSM_MotorFunc

0000ee84     3ba (0000ee80)     _FSM_ActionFunc
0000ee9a     3ba (0000ee80)     _FSM_CondFunc
0000eeb0     3ba (0000ee80)     _FSM_MaxTorque

0000eec0     3bb (0000eec0)     _DE5_Board_Bias
0000eecc     3bb (0000eec0)     _FSM_EventTab
0000eefc     3bb (0000eec0)     __IQ24frac

0000ef07     3bc (0000ef00)     __IQ7frac
0000ef12     3bc (0000ef00)     __IQ24int
0000ef1b     3bc (0000ef00)     __IQ7int


GLOBAL SYMBOLS: SORTED ALPHABETICALLY BY Name 

address    name
--------   ----
00008000   .text
0000e3f9   C$$EXIT
003f81d6   FD$$MPY
003f853d   FD$$TOL
003f8364   FS$$ADD
003f85c9   FS$$CMP
003f8259   FS$$DIV
003f83d7   FS$$MPY
003f8616   FS$$NEG
003f835f   FS$$SUB
003f8579   FS$$TOFD
003f84f6   FS$$TOI
003f84cd   FS$$TOL
0000e3c3   FS$$TOU
0000e382   FS$$TOUL
003f8595   I$$TOFS
003f84a3   L$$DIV
003f84b2   L$$MOD
003f85af   L$$TOFS
003f8606   U$$TOFS
003f85f3   UL$$TOFS
0000d531   _ADC_disable
0000d526   _ADC_disableBandGap
0000d50b   _ADC_disableInt
0000d500   _ADC_disableNoOverlapMode
0000d4f5   _ADC_disableRefBuffers
0000d4ea   _ADC_disableVoltRefLoConv
0000d4df   _ADC_enable
0000d4d4   _ADC_enableBandGap
0000d4bd   _ADC_enableInt
0000d4b2   _ADC_enableNoOverlapMode
0000d4a7   _ADC_enableRefBuffers
0000d49c   _ADC_enableVoltRefLoConv
0000d494   _ADC_getDivideSelect
0000d48d   _ADC_init
0000d482   _ADC_powerDown
0000d477   _ADC_powerUp
0000d46c   _ADC_reset
0000d45a   _ADC_setDivideSelect
0000d43d   _ADC_setIntMode
0000d42b   _ADC_setIntPulseGenMode
0000d40e   _ADC_setIntSrc
0000d407   _ADC_setOffTrim
0000d3ef   _ADC_setSampleMode
0000d3da   _ADC_setSampleOverlapMode
0000d3c7   _ADC_setSocChanNumber
0000d3bd   _ADC_setSocFrc
0000d3b6   _ADC_setSocFrcWord
0000d3a3   _ADC_setSocSampleDelay
0000d390   _ADC_setSocTrigSrc
0000d37e   _ADC_setTempSensorSrc
0000d36c   _ADC_setVoltRefSrc
0000d341   _ADC_setupSocTrigSrc
0000ee00   _BOARD_Params
0000e43c   _Brake_init
0000ddc5   _CLK_disableAdcClock
0000ddbe   _CLK_disableClaClock
0000ddb8   _CLK_disableClkIn
0000ddb4   _CLK_disableCompClock
0000ddad   _CLK_disableCpuTimerClock
0000dda7   _CLK_disableCrystalOsc
0000dda0   _CLK_disableEcanaClock
0000dd99   _CLK_disableEcap1Clock
0000dd92   _CLK_disableEqep1Clock
0000dd8b   _CLK_disableEqep2Clock
0000dd84   _CLK_disableGpioInputClock
0000dd7d   _CLK_disableHrPwmClock
0000dd76   _CLK_disableI2cClock
0000dd6f   _CLK_disableLinAClock
0000dd69   _CLK_disableOsc1
0000dd63   _CLK_disableOsc1HaltMode
0000dd5d   _CLK_disableOsc2
0000dd57   _CLK_disableOsc2HaltMode
0000dd4d   _CLK_disablePwmClock
0000dd46   _CLK_disableSciaClock
0000dd3f   _CLK_disableScibClock
0000dd38   _CLK_disableSpiaClock
0000dd34   _CLK_disableSpibClock
0000dd2d   _CLK_disableTbClockSync
0000dd27   _CLK_disableWatchDogHaltMode
0000dd20   _CLK_enableAdcClock
0000dd19   _CLK_enableClaClock
0000dd13   _CLK_enableClkIn
0000dd0d   _CLK_enableCompClock
0000dd07   _CLK_enableCpuTimerClock
0000dd01   _CLK_enableCrystalOsc
0000dcfa   _CLK_enableEcanaClock
0000dcf3   _CLK_enableEcap1Clock
0000dcec   _CLK_enableEqep1Clock
0000dce5   _CLK_enableEqep2Clock
0000dcde   _CLK_enableGpioInputClock
0000dcd7   _CLK_enableHrPwmClock
0000dcd0   _CLK_enableI2cClock
0000dcc9   _CLK_enableLinAClock
0000dcc3   _CLK_enableOsc1
0000dcbd   _CLK_enableOsc1HaltMode
0000dcb7   _CLK_enableOsc2
0000dcb1   _CLK_enableOsc2HaltMode
0000dca8   _CLK_enablePwmClock
0000dca1   _CLK_enableSciaClock
0000dc9a   _CLK_enableScibClock
0000dc93   _CLK_enableSpiaClock
0000dc8c   _CLK_enableSpibClock
0000dc85   _CLK_enableTbClockSync
0000dc7f   _CLK_enableWatchDogHaltMode
0000dc79   _CLK_init
0000dc72   _CLK_setClkOutPreScaler
0000dc6c   _CLK_setLowSpdPreScaler
0000dc65   _CLK_setOsc2Src
0000dc5e   _CLK_setOscSrc
0000dc57   _CLK_setTimer2PreScale
0000dc50   _CLK_setTimer2Src
0000dc49   _CLK_setWatchDogSrc
0000dc42   _CLK_setXClkInSrc
0000e35e   _CPU_clearIntFlags
0000e35b   _CPU_disableDebugInt
0000e358   _CPU_disableGlobalInts
0000e353   _CPU_disableInt
0000e350   _CPU_disableInts
0000e34d   _CPU_disableProtectedRegisterWrite
0000e34a   _CPU_enableDebugInt
0000e347   _CPU_enableGlobalInts
0000e343   _CPU_enableInt
0000e340   _CPU_enableProtectedRegisterWrite
0000e33a   _CPU_init
0000aebb   _CTRL_getGains
0000aeb3   _CTRL_getIab_filt_pu
0000aeab   _CTRL_getIab_in_pu
0000aea3   _CTRL_getIdq_in_pu
0000ae9b   _CTRL_getIdq_ref_pu
0000aef4   _CTRL_getMagCurrent_pu
0000aef1   _CTRL_getMaximumSpeed_pu
0000ae93   _CTRL_getVab_in_pu
0000ae8b   _CTRL_getVab_out_pu
0000ae83   _CTRL_getVdq_out_pu
003fa721   _CTRL_getVersion
0000ae7a   _CTRL_getWaitTimes
003fa6fb   _CTRL_initCtrl
0000a951   _CTRL_run
003fa5d1   _CTRL_runTraj
0000a6b2   _CTRL_setBrake
003f9e64   _CTRL_setEstParams
0000a6c0   _CTRL_setGains
0000aeeb   _CTRL_setMagCurrent_pu
0000aeee   _CTRL_setMaximumSpeed_pu
0000a6e8   _CTRL_setParams
0000a69f   _CTRL_setSpd_ref_krpm
0000a69c   _CTRL_setSpd_ref_pu
003f9d31   _CTRL_setUserMotorParams
0000a693   _CTRL_setWaitTimes
0000a689   _CTRL_setup
0000a66d   _CTRL_setupClarke_I
0000a657   _CTRL_setupClarke_V
003f9b43   _CTRL_setupCtrl
003f99a5   _CTRL_setupEstIdleState
003f996a   _CTRL_setupEstOnLineState
003f9806   _CTRL_setupTraj
0000a5a5   _CTRL_updateState
0000eec0   _DE5_Board_Bias
0000dc21   _ENC_calcElecAngle
0000dc15   _ENC_getSpeedRPM
0000dc0e   _ENC_init
0000db62   _ENC_run
0000dab6   _ENC_setup
003f86ad   _EST_computeDirection_qFmt
003f9760   _EST_doCurrentCtrl
003f9758   _EST_doSpeedCtrl
003f8c0d   _EST_getAngle_pu
003f96be   _EST_getFlux_VpHz
003f96ab   _EST_getFlux_pu
003f968e   _EST_getFm_pu
003f9632   _EST_getIdRated
003f95ff   _EST_getLs_coarse_max_pu
003f95f5   _EST_getLs_d_H
003f95f0   _EST_getLs_d_pu
003f95ce   _EST_getLs_q_H
003f95c9   _EST_getLs_q_pu
003f95bd   _EST_getMaxCurrentSlope_pu
003f95b3   _EST_getOneOverDcBus_pu
003f95ad   _EST_getRr_Ohm
003f9513   _EST_getRs_Ohm
003f861b   _EST_getState
003f9458   _EST_get_krpm_to_pu_sf
003f938d   _EST_isError
003f9386   _EST_isIdle
003f937f   _EST_isLockRotor
003f8679   _EST_isMotorIdentified
003f9378   _EST_isOnLine
003f927b   _EST_run
003f8bf5   _EST_setDir_qFmt
003f8be8   _EST_setFe_neg_max_pu
003f8be4   _EST_setFe_pos_min_pu
003f8bdb   _EST_setFlag_enableForceAngle
003f8bd3   _EST_setFlag_enableRsRecalc
003f8b80   _EST_setId_ref_pu
003f8b7a   _EST_setIdle
003f8b67   _EST_setIdle_all
003f8b63   _EST_setIq_ref_pu
003f8b45   _EST_setLs_d_pu
003f8af1   _EST_setLs_qFmt
003f8ae7   _EST_setLs_q_pu
003f8adb   _EST_setMaxCurrentSlope_pu
003f8a18   _EST_setRs_pu
003f89f5   _EST_updateId_ref_pu
003f8713   _EST_updateState
003f861d   _EST_useZeroIq_ref
0000e37f   _FILTER_FO_getDenCoeffs
0000e378   _FILTER_FO_getInitialConditions
0000e372   _FILTER_FO_getNumCoeffs
0000e36c   _FILTER_FO_init
0000e36a   _FILTER_FO_setDenCoeffs
0000e365   _FILTER_FO_setInitialConditions
0000e361   _FILTER_FO_setNumCoeffs
0000e3bd   _FLASH_clear3VStatus
000000c9   _FLASH_disablePipelineMode
000000c3   _FLASH_enablePipelineMode
0000e3ba   _FLASH_get3VStatus
0000e3b7   _FLASH_getActiveWaitCount
0000e3b3   _FLASH_getActiveWaitStatus
0000e3b0   _FLASH_getPowerMode
0000e3ad   _FLASH_getStandbyWaitCount
0000e3a9   _FLASH_getStandbyWaitStatus
0000e3a3   _FLASH_init
000000be   _FLASH_setActiveWaitCount
000000b7   _FLASH_setNumPagedReadWaitStates
000000b0   _FLASH_setNumRandomReadWaitStates
000000a9   _FLASH_setOtpWaitStates
000000a2   _FLASH_setPowerMode
0000009d   _FLASH_setStandbyWaitCount
0000c055   _FSM_485Edit_State_Box
0000c024   _FSM_485Read_State_Box
0000ee84   _FSM_ActionFunc
0000beff   _FSM_Check485Start
0000beba   _FSM_CheckAnalogSensor1
0000be99   _FSM_CheckAnalogSensor2
0000be87   _FSM_CheckContactSensor1
0000be75   _FSM_CheckContactSensor2
0000bdf8   _FSM_CheckCoverSensor
0000bc57   _FSM_CheckErrors
0000beed   _FSM_CheckKeySensor1
0000bedb   _FSM_CheckKeySensor2
0000be4c   _FSM_CheckMoveStatus
0000bd91   _FSM_CheckPosition
0000bf08   _FSM_CheckSpeed
0000be3f   _FSM_CheckTimes
0000be6b   _FSM_CheckZeroSpeed
0000ee9a   _FSM_CondFunc
0000eecc   _FSM_EventTab
0000eeb0   _FSM_MaxTorque
0000bf81   _FSM_ParamInit
0000bf66   _FSM_RecordZeroPoint
0000bbdb   _FSM_ReportResults
0000bf1a   _FSM_Run
0000bd74   _FSM_RunConfig
0000bd4a   _FSM_RunPolling
0000bd31   _FSM_RunRetire
0000bcd2   _FSM_RunSpinTAC_Position
0000bbf7   _FSM_RunSpinTAC_Velocity
0000bcb5   _FSM_RunTrans
0000bc4c   _FSM_RunVelocityMode
0000bbf0   _FSM_Run_IDLE
0000bbea   _FSM_Run_ReleaseDcBrake
0000bbe2   _FSM_Run_STOP
0000b959   _FSM_SelectMode
0000bbce   _FSM_SetPosStep
0000bbb9   _FSM_SetVelocity
0000bb8a   _FSM_SetupFsmMode
0000bb83   _FSM_ShutDowm
0000eac0   _FSM_State_Box
0000bb29   _FSM_State_Box_Init
0000b8f9   _FSM_VelTransToPos
0000b8c7   _FSM_calcCoordinate
0000b8ac   _FSM_calcRelativePos
0000b870   _FSM_calcSensorPos
0000b84e   _FSM_clrOverCurrentReg
0000b847   _FSM_getPortStatus
0000b83d   _FSM_init
0000b83b   _FSM_setHalHandle
0000b839   _FSM_setMotorHandle
0000b837   _FSM_setStHandle
0000e442   _FS_init
0000daa6   _GPIO_getData
0000da9f   _GPIO_getPortData
0000da99   _GPIO_init
0000da8f   _GPIO_lpmSelect
0000da69   _GPIO_read
0000da4e   _GPIO_setDirection
0000da43   _GPIO_setExtInt
0000da30   _GPIO_setHigh
0000da1d   _GPIO_setLow
0000d9e3   _GPIO_setMode
0000d9d7   _GPIO_setPortData
0000d9bc   _GPIO_setPullup
0000d97c   _GPIO_setQualification
0000d935   _GPIO_setQualificationPeriod
0000d922   _GPIO_toggle
00009541   _HAL_AdcCalChanSelect
00009598   _HAL_AdcCalConversion
000096f0   _HAL_AdcOffsetSelfCal
00009723   _HAL_GetBoardNum
00009820   _HAL_OscTempComp
00009873   _HAL_cal
00009a67   _HAL_disableGlobalInts
00009945   _HAL_disableWdog
00009a56   _HAL_enableAdcInts
00009a52   _HAL_enableDebugInt
00009a4e   _HAL_enableGlobalInts
00009a3d   _HAL_enablePwmInt
00009a20   _HAL_enableSciaInt
00009a0e   _HAL_enableTimer1Int
0000978e   _HAL_getOscTrimValue
0000994a   _HAL_init
000097a2   _HAL_osc1Comp
000097e1   _HAL_osc2Comp
00009930   _HAL_setDacParameters
0000988d   _HAL_setParams
000094d9   _HAL_setupAdcParams
000093de   _HAL_setupAdcs
000093c2   _HAL_setupClks
00009399   _HAL_setupFaults
0000937b   _HAL_setupFlash
00009198   _HAL_setupGpios
00009145   _HAL_setupPeripheralClks
00009129   _HAL_setupPie
000090eb   _HAL_setupPll
00009060   _HAL_setupPwmDacs
00008f90   _HAL_setupPwms
00008f21   _HAL_setupQEP
00008edf   _HAL_setupScia
00008e8f   _HAL_setupTimers
0000ee38   _JM_FSM_MotorFunc
0000eda6   _JM_FSM_Vars
0000c110   _MB_CRC16
0000c37b   _MB_FloatTransToIQ7
0000c361   _MB_FloatTransToIQ7X1000
0000c34d   _MB_FloatTransToIQ8
0000c391   _MB_FuncReadHoldingRegister
0000c2bc   _MB_FuncWriteCoilsRegister
0000c1ed   _MB_FuncWriteHoldingRegister
0000c4fb   _MB_Poll
0000c1e0   _MB_PortEventGet
0000c1dd   _MB_PortEventInit
0000c09c   _MB_PortEventPost
0000c0a2   _MB_PortSerialEnable
0000c17c   _MB_PortSerialGetByte
0000c0cf   _MB_PortSerialPutByte
0000c0fb   _MB_PortTimersDisable
0000c18a   _MB_PortTimersEnable
0000c1ca   _MB_RTUReceive
0000c197   _MB_RTUReceiveFSM
0000c132   _MB_RTUSend
0000c0ff   _MB_RTUTimerFSM
0000c0d4   _MB_RTUTransmitFSM
0000c096   _MB_init
0000c094   _MB_setFsmHandle
0000c092   _MB_setGpioHandle
0000c090   _MB_setMotorHandle
0000c08d   _MB_setSciHandle
0000c08b   _MB_setTimHandle
0000d726   _MOTOR_CtrlVersion_Init
0000ed0c   _MOTOR_DATA
0000d69c   _MOTOR_MotorVars_Init
0000d636   _MOTOR_SpinTAC_Vars_Init
0000d631   _MOTOR_getMaxCurrent
0000d5f0   _MOTOR_getMotorFlag
0000d542   _MOTOR_setMotorFlag
0000d53c   _Motor_init
0000e580   _MyProcessCtrl
0000e1a5   _OFFSET_getBeta
0000e194   _OFFSET_init
0000e17e   _OFFSET_setBeta
0000e16f   _OFFSET_setInitCond
0000e16d   _OFFSET_setOffset
0000e334   _OSC_init
0000e327   _OSC_setCoarseTrim
0000e316   _OSC_setFineTrim
0000e30d   _OSC_setTrim
0000ded0   _PIE_clearAllFlags
0000decd   _PIE_clearAllInts
0000deca   _PIE_disable
0000dec0   _PIE_disableAllInts
0000debc   _PIE_disableCaptureInt
0000deaf   _PIE_disableExtInt
0000dea4   _PIE_disableInt
0000dea1   _PIE_enable
0000de85   _PIE_enableAdcInt
0000de81   _PIE_enableCaptureInt
0000de5e   _PIE_enableExtInt
0000de54   _PIE_enableInt
0000de4f   _PIE_enablePwmInt
0000de4a   _PIE_enablePwmTzInt
0000de47   _PIE_enableTimer0Int
0000de3d   _PIE_forceInt
0000de35   _PIE_getExtIntCount
0000de2e   _PIE_getIntEnables
0000de27   _PIE_getIntFlags
0000e44e   _PIE_illegalIsr
0000de20   _PIE_init
0000de11   _PIE_registerPieIntHandler
0000de06   _PIE_registerSystemIntHandler
0000ddfa   _PIE_setDefaultIntVectorTable
0000ddea   _PIE_setExtIntPolarity
0000ddd9   _PIE_unregisterPieIntHandler
0000ddcc   _PIE_unregisterSystemIntHandler
0000e088   _PLL_disable
0000e082   _PLL_disableClkDetect
0000e07c   _PLL_disableNormRdy
0000e076   _PLL_disableOsc
0000e070   _PLL_enable
0000e06a   _PLL_enableClkDetect
0000e064   _PLL_enableNormRdy
0000e05e   _PLL_enableOsc
0000e05a   _PLL_getClkFreq
0000e057   _PLL_getClkStatus
0000e054   _PLL_getDivideSelect
0000e051   _PLL_getLockStatus
0000e04b   _PLL_init
0000e045   _PLL_resetClkDetect
0000e03f   _PLL_setClkFreq
0000e038   _PLL_setDivideSelect
0000e033   _PLL_setLockPeriod
0000b830   _PROCTRL_CheckMotorError
0000b7c2   _PROCTRL_MainLoop
0000b762   _PROCTRL_UpdateCurrentAmpVar
0000b71e   _PROCTRL_UpdateIqRef
0000b70a   _PROCTRL_UpdateMotorSpeed
0000b6f6   _PROCTRL_UpdateMotorTorque
0000b6b2   _PROCTRL_UpdateMotorVar
0000b627   _PROCTRL_UpdateSpinTAC
0000b5fb   _PROCTRL_UpdateVoltageVar
0000b5e8   _PROCTRL_Update_Est_State
0000b51c   _PROCTRL_chkError
0000b41d   _PROCTRL_chkMotorIdentified
0000b3f2   _PROCTRL_getBoardBias
0000b3ba   _PROCTRL_getChipTemperture
0000b3a4   _PROCTRL_getDCbusVoltage
0000b39e   _PROCTRL_getPortData
0000b37f   _PROCTRL_getScaleActors
0000b320   _PROCTRL_getSensorData
0000b29c   _PROCTRL_init
0000b219   _PROCTRL_setBoardBias
0000b217   _PROCTRL_setCtrlHandle
0000b1ed   _PROCTRL_setDcBrakeCurrent
0000b1e0   _PROCTRL_setDcBrakeEnable
0000b1de   _PROCTRL_setHalHandle
0000b1db   _PROCTRL_setMotorHandle
0000b1d9   _PROCTRL_setUserParams
0000b1c3   _PROCTRL_setupFSM
0000b19e   _PROCTRL_setupFlyingStart
0000b179   _PROCTRL_setupModbus
0000b174   _PROCTRL_setupMotors
0000b13b   _PROCTRL_setupSpinTAC
0000b110   _PROCTRL_updateKpKiGains
0000cbcd   _PWM_clearTripZone
0000cbca   _PWM_decrementDeadBandFallingEdgeDelay
0000cbc7   _PWM_decrementDeadBandRisingEdgeDelay
0000cbc0   _PWM_disableAutoConvert
0000cbbc   _PWM_disableChopping
0000cbb9   _PWM_disableCounterLoad
0000cbb6   _PWM_disableDeadBand
0000cbb2   _PWM_disableDeadBandHalfCycle
0000cbab   _PWM_disableDigitalCompareBlankingWindow
0000cba4   _PWM_disableDigitalCompareBlankingWindowInversion
0000cb9d   _PWM_disableHrPeriod
0000cb96   _PWM_disableHrPhaseSync
0000cb92   _PWM_disableInt
0000cb8e   _PWM_disableSocAPulse
0000cb8a   _PWM_disableSocBPulse
0000cb83   _PWM_disableTripZoneInt
0000cb7c   _PWM_disableTripZoneSrc
0000cb76   _PWM_disableTripZones
0000cb6f   _PWM_enableAutoConvert
0000cb6b   _PWM_enableChopping
0000cb68   _PWM_enableCounterLoad
0000cb64   _PWM_enableDeadBandHalfCycle
0000cb5d   _PWM_enableDigitalCompareBlankingWindow
0000cb56   _PWM_enableDigitalCompareBlankingWindowInversion
0000cb4f   _PWM_enableHrPeriod
0000cb48   _PWM_enableHrPhaseSync
0000cb44   _PWM_enableInt
0000cb40   _PWM_enableSocAPulse
0000cb3c   _PWM_enableSocBPulse
0000cb36   _PWM_enableTripZoneInt
0000cb30   _PWM_enableTripZoneSrc
0000cb2d   _PWM_getDeadBandFallingEdgeDelay
0000cb2a   _PWM_getDeadBandRisingEdgeDelay
0000cb26   _PWM_getIntCount
0000cb22   _PWM_getShadowStatus_CmpA
0000cb1e   _PWM_getShadowStatus_CmpB
0000cb19   _PWM_getSocACount
0000cb14   _PWM_getSocBCount
0000cb11   _PWM_incrementDeadBandFallingEdgeDelay
0000cb0e   _PWM_incrementDeadBandRisingEdgeDelay
0000cb08   _PWM_init
0000cb01   _PWM_setActionQualContSWForce_PwmA
0000caf8   _PWM_setActionQualContSWForce_PwmB
0000caef   _PWM_setActionQual_CntDown_CmpA_PwmA
0000cae6   _PWM_setActionQual_CntDown_CmpA_PwmB
0000cadd   _PWM_setActionQual_CntDown_CmpB_PwmA
0000cad4   _PWM_setActionQual_CntDown_CmpB_PwmB
0000cacb   _PWM_setActionQual_CntUp_CmpA_PwmA
0000cac2   _PWM_setActionQual_CntUp_CmpA_PwmB
0000cab9   _PWM_setActionQual_CntUp_CmpB_PwmA
0000cab0   _PWM_setActionQual_CntUp_CmpB_PwmB
0000caa7   _PWM_setActionQual_Period_PwmA
0000ca9e   _PWM_setActionQual_Period_PwmB
0000ca97   _PWM_setActionQual_Zero_PwmA
0000ca90   _PWM_setActionQual_Zero_PwmB
0000ca89   _PWM_setChoppingClkFreq
0000ca82   _PWM_setChoppingDutyCycle
0000ca7b   _PWM_setChoppingPulseWidth
0000ca77   _PWM_setClkDiv
0000ca75   _PWM_setCount
0000ca71   _PWM_setCounterMode
0000ca6e   _PWM_setDeadBandFallingEdgeDelay
0000ca67   _PWM_setDeadBandInputMode
0000ca60   _PWM_setDeadBandOutputMode
0000ca59   _PWM_setDeadBandPolarity
0000ca56   _PWM_setDeadBandRisingEdgeDelay
0000ca3f   _PWM_setDigitalCompareAEvent1
0000ca2f   _PWM_setDigitalCompareAEvent2
0000ca18   _PWM_setDigitalCompareBEvent1
0000ca08   _PWM_setDigitalCompareBEvent2
0000c9fc   _PWM_setDigitalCompareBlankingPulse
0000c9f9   _PWM_setDigitalCompareFilterOffset
0000c9ef   _PWM_setDigitalCompareFilterSource
0000c9ec   _PWM_setDigitalCompareFilterWindow
0000c9dd   _PWM_setDigitalCompareInput
0000c9d9   _PWM_setHighSpeedClkDiv
0000c9cf   _PWM_setHrControlMode
0000c9c5   _PWM_setHrEdgeMode
0000c9bb   _PWM_setHrShadowMode
0000c9b4   _PWM_setIntMode
0000c9ad   _PWM_setIntPeriod
0000c9a9   _PWM_setLoadMode_CmpA
0000c9a3   _PWM_setLoadMode_CmpB
0000c9a1   _PWM_setPeriod
0000c99c   _PWM_setPeriodHr
0000c998   _PWM_setPeriodLoad
0000c996   _PWM_setPhase
0000c992   _PWM_setPhaseDir
0000c98e   _PWM_setRunMode
0000c988   _PWM_setShadowMode_CmpA
0000c982   _PWM_setShadowMode_CmpB
0000c979   _PWM_setSocAPeriod
0000c96f   _PWM_setSocAPulseSrc
0000c966   _PWM_setSocBPeriod
0000c95d   _PWM_setSocBPulseSrc
0000c95a   _PWM_setSwSync
0000c956   _PWM_setSyncMode
0000c94c   _PWM_setTripZoneDCEventSelect_DCAEVT1
0000c940   _PWM_setTripZoneDCEventSelect_DCAEVT2
0000c934   _PWM_setTripZoneDCEventSelect_DCBEVT1
0000c928   _PWM_setTripZoneDCEventSelect_DCBEVT2
0000c91c   _PWM_setTripZoneState_DCAEVT1
0000c910   _PWM_setTripZoneState_DCAEVT2
0000c904   _PWM_setTripZoneState_DCBEVT1
0000c8f8   _PWM_setTripZoneState_DCBEVT2
0000c8ee   _PWM_setTripZoneState_TZA
0000c8e2   _PWM_setTripZoneState_TZB
0000e124   _PWR_disableBrownOutReset
0000e119   _PWR_disableWatchDogInt
0000e116   _PWR_enableBrownOutReset
0000e10b   _PWR_enableWatchDogInt
0000e104   _PWR_init
0000e0f2   _PWR_setLowPowerMode
0000e0e0   _PWR_setNumStandByClocks
0000e448   _QEP_init
000000d3   _RamfuncsLoadEnd
00000036   _RamfuncsLoadSize
0000009d   _RamfuncsLoadStart
0000009d   _RamfuncsRunStart
0000dfc5   _SCI_clearAutoBaudDetect
0000dfc1   _SCI_clearRxFifoInt
0000dfbd   _SCI_clearRxFifoOvf
0000dfb9   _SCI_clearTxFifoInt
0000dfb6   _SCI_disable
0000dfb2   _SCI_disableAutoBaudAlign
0000dfaf   _SCI_disableLoopBack
0000dfac   _SCI_disableParity
0000dfa9   _SCI_disableRx
0000dfa6   _SCI_disableRxErrorInt
0000dfa2   _SCI_disableRxFifoInt
0000df9f   _SCI_disableRxInt
0000df9c   _SCI_disableSleep
0000df99   _SCI_disableTx
0000df95   _SCI_disableTxFifoEnh
0000df91   _SCI_disableTxFifoInt
0000df8e   _SCI_disableTxInt
0000df8b   _SCI_disableTxWake
0000df88   _SCI_enable
0000df84   _SCI_enableAutoBaudAlign
0000df80   _SCI_enableChannels
0000df7d   _SCI_enableLoopBack
0000df7a   _SCI_enableParity
0000df77   _SCI_enableRx
0000df74   _SCI_enableRxErrorInt
0000df70   _SCI_enableRxFifo
0000df6c   _SCI_enableRxFifoInt
0000df69   _SCI_enableRxInt
0000df66   _SCI_enableSleep
0000df63   _SCI_enableTx
0000df5f   _SCI_enableTxFifo
0000df5b   _SCI_enableTxFifoEnh
0000df57   _SCI_enableTxFifoInt
0000df54   _SCI_enableTxInt
0000df51   _SCI_enableTxWake
0000df4d   _SCI_getDataBlocking
0000df44   _SCI_getDataNonBlocking
0000df40   _SCI_getRxFifoStatus
0000df3c   _SCI_getTxFifoStatus
0000df36   _SCI_init
0000df31   _SCI_putDataBlocking
0000df29   _SCI_putDataNonBlocking
0000df26   _SCI_reset
0000df1c   _SCI_resetChannels
0000df12   _SCI_resetRxFifo
0000df08   _SCI_resetTxFifo
0000df02   _SCI_setBaudRate
0000defe   _SCI_setCharLength
0000defa   _SCI_setMode
0000def6   _SCI_setNumStopBits
0000def2   _SCI_setParity
0000deef   _SCI_setPriority
0000dee8   _SCI_setRxFifoIntLevel
0000dee1   _SCI_setTxDelay
0000deda   _SCI_setTxFifoIntLevel
0000e425   _SLIP_init
0000e41a   _SLIP_run
0000e412   _SLIP_setup
0000e275   _STPOSCONV_init
0000d730   _STPOSCONV_run
0000e1f6   _STPOSCTL_init
0000c545   _STPOSCTL_run
0000e08e   _STPOSMOVE_init
00008000   _STPOSMOVE_run
0000dfc9   _STPOSPLAN_init
0000e239   _ST_addPosRollOver
0000e2dc   _ST_initVersion
0000b0d4   _ST_runPosConv
0000b099   _ST_runPosCtl
0000b090   _ST_runPosMove
0000e2d9   _TIMER_clearFlag
0000e2d6   _TIMER_disableInt
0000e2d3   _TIMER_enableInt
0000e2d0   _TIMER_getStatus
0000e2ca   _TIMER_init
0000e2bc   _TIMER_setDecimationFactor
0000e2b8   _TIMER_setEmulationMode
0000e2aa   _TIMER_setPreScaler
0000d321   _Timer1ISR
0000d2f3   _UART_RxISR
0000d2cc   _UART_TxReadyISR
0000a4fc   _USER_calcPIgains
0000a4d5   _USER_checkDefErrors
00009f3d   _USER_checkForErrors
00009f2f   _USER_computeFlux
00009ed0   _USER_computeFlux_pu_to_VpHz_sf
00009e71   _USER_computeFlux_pu_to_Wb_sf
00009df6   _USER_computeTorque_Flux_Iq_pu_to_Nm_sf
00009d7c   _USER_computeTorque_Ls_Id_Iq_pu_to_Nm_sf
00009d30   _USER_computeTorque_Nm
00009cd9   _USER_computeTorque_lbin
00009cd6   _USER_getErrorCode
00009c70   _USER_setBoardParams
00009c6d   _USER_setErrorCode
00009c6a   _USER_setMotorIDs
00009bff   _USER_setMotorParams
00009b97   _USER_setParams
00009b80   _USER_setSysParams
00009afb   _USER_setWaitTimeParams
00009a6b   _USER_softwareUpdate1p6
0000e165   _WDOG_clearCounter
0000e15d   _WDOG_disable
0000e157   _WDOG_disableInt
0000e151   _WDOG_disableOverRide
0000e148   _WDOG_enable
0000e142   _WDOG_enableInt
0000e13c   _WDOG_enableOverRide
0000e139   _WDOG_getIntStatus
0000e133   _WDOG_init
0000e131   _WDOG_setCount
0000e127   _WDOG_setPreScaler
003fec6c   __IQ20div
003fef5e   __IQ20exp
003ff209   __IQ20log
003fee98   __IQ20sqrt
003ff183   __IQ24cosPU
003fecb3   __IQ24div
003fef9b   __IQ24exp
0000eefc   __IQ24frac
0000ef12   __IQ24int
003ff2a6   __IQ24log
003ff15a   __IQ24sinPU
003feeda   __IQ24sqrt
003ff1e8   __IQ30toF
0000ef07   __IQ7frac
0000ef1b   __IQ7int
000007b0   __STACK_END
000003b0   __STACK_SIZE
00000001   __TI_args_main
0000e468   ___TI_cleanup_ptr
0000e46a   ___TI_dtors_ptr
ffffffff   ___binit__
ffffffff   ___c_args__
00000050   ___cinit__
0000e453   ___etext__
ffffffff   ___pinit__
00008000   ___text__
0000e3e0   __args_main
0000e466   __lock
0000e433   __nop
0000e42f   __register_lock
0000e42b   __register_unlock
00000400   __stack
0000e464   __unlock
0000e3f9   _abort
0000b07a   _acim_Dir_qFmtCalc
0000eb0c   _aucCRCHi
0000ec0c   _aucCRCLo
0000e1b2   _c_int00
0000e488   _controller_obj
0000e46c   _cpu
0000e484   _ctrlHandle
0000e3fb   _exit
0000e482   _gLEDcnt
0000e4c0   _gUserParams
0000e9c0   _hal
0000e48a   _halHandle
003f8000   _log
0000cbd3   _main
0000d106   _mainISR
003f8472   _modf
0000afa1   _motor_RunCtrl
0000af8e   _motor_StopCtrl
003f82dc   _pow
0000e486   _proctrlHandle
0000af1d   _recalcKpKi
003fb9dd   _s0_calc
003fb9ad   _s0_conf
003fb65f   _s1_calc
003fbae7   _s2_calc
003fbb85   _s4_calc
003fbc34   _s4_conf
003fbc58   _s4_reset
0000aef7   _setFeLimitZero
003fbc6d   _spintac_rom_ver
000000cf   _usDelay
ffffffff   binit
00000050   cinit
00000000   code_start
0000e453   etext
ffffffff   pinit


GLOBAL SYMBOLS: SORTED BY Symbol Address 

address    name
--------   ----
00000000   code_start
00000001   __TI_args_main
00000036   _RamfuncsLoadSize
00000050   ___cinit__
00000050   cinit
0000009d   _FLASH_setStandbyWaitCount
0000009d   _RamfuncsLoadStart
0000009d   _RamfuncsRunStart
000000a2   _FLASH_setPowerMode
000000a9   _FLASH_setOtpWaitStates
000000b0   _FLASH_setNumRandomReadWaitStates
000000b7   _FLASH_setNumPagedReadWaitStates
000000be   _FLASH_setActiveWaitCount
000000c3   _FLASH_enablePipelineMode
000000c9   _FLASH_disablePipelineMode
000000cf   _usDelay
000000d3   _RamfuncsLoadEnd
000003b0   __STACK_SIZE
00000400   __stack
000007b0   __STACK_END
00008000   .text
00008000   _STPOSMOVE_run
00008000   ___text__
00008e8f   _HAL_setupTimers
00008edf   _HAL_setupScia
00008f21   _HAL_setupQEP
00008f90   _HAL_setupPwms
00009060   _HAL_setupPwmDacs
000090eb   _HAL_setupPll
00009129   _HAL_setupPie
00009145   _HAL_setupPeripheralClks
00009198   _HAL_setupGpios
0000937b   _HAL_setupFlash
00009399   _HAL_setupFaults
000093c2   _HAL_setupClks
000093de   _HAL_setupAdcs
000094d9   _HAL_setupAdcParams
00009541   _HAL_AdcCalChanSelect
00009598   _HAL_AdcCalConversion
000096f0   _HAL_AdcOffsetSelfCal
00009723   _HAL_GetBoardNum
0000978e   _HAL_getOscTrimValue
000097a2   _HAL_osc1Comp
000097e1   _HAL_osc2Comp
00009820   _HAL_OscTempComp
00009873   _HAL_cal
0000988d   _HAL_setParams
00009930   _HAL_setDacParameters
00009945   _HAL_disableWdog
0000994a   _HAL_init
00009a0e   _HAL_enableTimer1Int
00009a20   _HAL_enableSciaInt
00009a3d   _HAL_enablePwmInt
00009a4e   _HAL_enableGlobalInts
00009a52   _HAL_enableDebugInt
00009a56   _HAL_enableAdcInts
00009a67   _HAL_disableGlobalInts
00009a6b   _USER_softwareUpdate1p6
00009afb   _USER_setWaitTimeParams
00009b80   _USER_setSysParams
00009b97   _USER_setParams
00009bff   _USER_setMotorParams
00009c6a   _USER_setMotorIDs
00009c6d   _USER_setErrorCode
00009c70   _USER_setBoardParams
00009cd6   _USER_getErrorCode
00009cd9   _USER_computeTorque_lbin
00009d30   _USER_computeTorque_Nm
00009d7c   _USER_computeTorque_Ls_Id_Iq_pu_to_Nm_sf
00009df6   _USER_computeTorque_Flux_Iq_pu_to_Nm_sf
00009e71   _USER_computeFlux_pu_to_Wb_sf
00009ed0   _USER_computeFlux_pu_to_VpHz_sf
00009f2f   _USER_computeFlux
00009f3d   _USER_checkForErrors
0000a4d5   _USER_checkDefErrors
0000a4fc   _USER_calcPIgains
0000a5a5   _CTRL_updateState
0000a657   _CTRL_setupClarke_V
0000a66d   _CTRL_setupClarke_I
0000a689   _CTRL_setup
0000a693   _CTRL_setWaitTimes
0000a69c   _CTRL_setSpd_ref_pu
0000a69f   _CTRL_setSpd_ref_krpm
0000a6b2   _CTRL_setBrake
0000a6c0   _CTRL_setGains
0000a6e8   _CTRL_setParams
0000a951   _CTRL_run
0000ae7a   _CTRL_getWaitTimes
0000ae83   _CTRL_getVdq_out_pu
0000ae8b   _CTRL_getVab_out_pu
0000ae93   _CTRL_getVab_in_pu
0000ae9b   _CTRL_getIdq_ref_pu
0000aea3   _CTRL_getIdq_in_pu
0000aeab   _CTRL_getIab_in_pu
0000aeb3   _CTRL_getIab_filt_pu
0000aebb   _CTRL_getGains
0000aeeb   _CTRL_setMagCurrent_pu
0000aeee   _CTRL_setMaximumSpeed_pu
0000aef1   _CTRL_getMaximumSpeed_pu
0000aef4   _CTRL_getMagCurrent_pu
0000aef7   _setFeLimitZero
0000af1d   _recalcKpKi
0000af8e   _motor_StopCtrl
0000afa1   _motor_RunCtrl
0000b07a   _acim_Dir_qFmtCalc
0000b090   _ST_runPosMove
0000b099   _ST_runPosCtl
0000b0d4   _ST_runPosConv
0000b110   _PROCTRL_updateKpKiGains
0000b13b   _PROCTRL_setupSpinTAC
0000b174   _PROCTRL_setupMotors
0000b179   _PROCTRL_setupModbus
0000b19e   _PROCTRL_setupFlyingStart
0000b1c3   _PROCTRL_setupFSM
0000b1d9   _PROCTRL_setUserParams
0000b1db   _PROCTRL_setMotorHandle
0000b1de   _PROCTRL_setHalHandle
0000b1e0   _PROCTRL_setDcBrakeEnable
0000b1ed   _PROCTRL_setDcBrakeCurrent
0000b217   _PROCTRL_setCtrlHandle
0000b219   _PROCTRL_setBoardBias
0000b29c   _PROCTRL_init
0000b320   _PROCTRL_getSensorData
0000b37f   _PROCTRL_getScaleActors
0000b39e   _PROCTRL_getPortData
0000b3a4   _PROCTRL_getDCbusVoltage
0000b3ba   _PROCTRL_getChipTemperture
0000b3f2   _PROCTRL_getBoardBias
0000b41d   _PROCTRL_chkMotorIdentified
0000b51c   _PROCTRL_chkError
0000b5e8   _PROCTRL_Update_Est_State
0000b5fb   _PROCTRL_UpdateVoltageVar
0000b627   _PROCTRL_UpdateSpinTAC
0000b6b2   _PROCTRL_UpdateMotorVar
0000b6f6   _PROCTRL_UpdateMotorTorque
0000b70a   _PROCTRL_UpdateMotorSpeed
0000b71e   _PROCTRL_UpdateIqRef
0000b762   _PROCTRL_UpdateCurrentAmpVar
0000b7c2   _PROCTRL_MainLoop
0000b830   _PROCTRL_CheckMotorError
0000b837   _FSM_setStHandle
0000b839   _FSM_setMotorHandle
0000b83b   _FSM_setHalHandle
0000b83d   _FSM_init
0000b847   _FSM_getPortStatus
0000b84e   _FSM_clrOverCurrentReg
0000b870   _FSM_calcSensorPos
0000b8ac   _FSM_calcRelativePos
0000b8c7   _FSM_calcCoordinate
0000b8f9   _FSM_VelTransToPos
0000b959   _FSM_SelectMode
0000bb29   _FSM_State_Box_Init
0000bb83   _FSM_ShutDowm
0000bb8a   _FSM_SetupFsmMode
0000bbb9   _FSM_SetVelocity
0000bbce   _FSM_SetPosStep
0000bbdb   _FSM_ReportResults
0000bbe2   _FSM_Run_STOP
0000bbea   _FSM_Run_ReleaseDcBrake
0000bbf0   _FSM_Run_IDLE
0000bbf7   _FSM_RunSpinTAC_Velocity
0000bc4c   _FSM_RunVelocityMode
0000bc57   _FSM_CheckErrors
0000bcb5   _FSM_RunTrans
0000bcd2   _FSM_RunSpinTAC_Position
0000bd31   _FSM_RunRetire
0000bd4a   _FSM_RunPolling
0000bd74   _FSM_RunConfig
0000bd91   _FSM_CheckPosition
0000bdf8   _FSM_CheckCoverSensor
0000be3f   _FSM_CheckTimes
0000be4c   _FSM_CheckMoveStatus
0000be6b   _FSM_CheckZeroSpeed
0000be75   _FSM_CheckContactSensor2
0000be87   _FSM_CheckContactSensor1
0000be99   _FSM_CheckAnalogSensor2
0000beba   _FSM_CheckAnalogSensor1
0000bedb   _FSM_CheckKeySensor2
0000beed   _FSM_CheckKeySensor1
0000beff   _FSM_Check485Start
0000bf08   _FSM_CheckSpeed
0000bf1a   _FSM_Run
0000bf66   _FSM_RecordZeroPoint
0000bf81   _FSM_ParamInit
0000c024   _FSM_485Read_State_Box
0000c055   _FSM_485Edit_State_Box
0000c08b   _MB_setTimHandle
0000c08d   _MB_setSciHandle
0000c090   _MB_setMotorHandle
0000c092   _MB_setGpioHandle
0000c094   _MB_setFsmHandle
0000c096   _MB_init
0000c09c   _MB_PortEventPost
0000c0a2   _MB_PortSerialEnable
0000c0cf   _MB_PortSerialPutByte
0000c0d4   _MB_RTUTransmitFSM
0000c0fb   _MB_PortTimersDisable
0000c0ff   _MB_RTUTimerFSM
0000c110   _MB_CRC16
0000c132   _MB_RTUSend
0000c17c   _MB_PortSerialGetByte
0000c18a   _MB_PortTimersEnable
0000c197   _MB_RTUReceiveFSM
0000c1ca   _MB_RTUReceive
0000c1dd   _MB_PortEventInit
0000c1e0   _MB_PortEventGet
0000c1ed   _MB_FuncWriteHoldingRegister
0000c2bc   _MB_FuncWriteCoilsRegister
0000c34d   _MB_FloatTransToIQ8
0000c361   _MB_FloatTransToIQ7X1000
0000c37b   _MB_FloatTransToIQ7
0000c391   _MB_FuncReadHoldingRegister
0000c4fb   _MB_Poll
0000c545   _STPOSCTL_run
0000c8e2   _PWM_setTripZoneState_TZB
0000c8ee   _PWM_setTripZoneState_TZA
0000c8f8   _PWM_setTripZoneState_DCBEVT2
0000c904   _PWM_setTripZoneState_DCBEVT1
0000c910   _PWM_setTripZoneState_DCAEVT2
0000c91c   _PWM_setTripZoneState_DCAEVT1
0000c928   _PWM_setTripZoneDCEventSelect_DCBEVT2
0000c934   _PWM_setTripZoneDCEventSelect_DCBEVT1
0000c940   _PWM_setTripZoneDCEventSelect_DCAEVT2
0000c94c   _PWM_setTripZoneDCEventSelect_DCAEVT1
0000c956   _PWM_setSyncMode
0000c95a   _PWM_setSwSync
0000c95d   _PWM_setSocBPulseSrc
0000c966   _PWM_setSocBPeriod
0000c96f   _PWM_setSocAPulseSrc
0000c979   _PWM_setSocAPeriod
0000c982   _PWM_setShadowMode_CmpB
0000c988   _PWM_setShadowMode_CmpA
0000c98e   _PWM_setRunMode
0000c992   _PWM_setPhaseDir
0000c996   _PWM_setPhase
0000c998   _PWM_setPeriodLoad
0000c99c   _PWM_setPeriodHr
0000c9a1   _PWM_setPeriod
0000c9a3   _PWM_setLoadMode_CmpB
0000c9a9   _PWM_setLoadMode_CmpA
0000c9ad   _PWM_setIntPeriod
0000c9b4   _PWM_setIntMode
0000c9bb   _PWM_setHrShadowMode
0000c9c5   _PWM_setHrEdgeMode
0000c9cf   _PWM_setHrControlMode
0000c9d9   _PWM_setHighSpeedClkDiv
0000c9dd   _PWM_setDigitalCompareInput
0000c9ec   _PWM_setDigitalCompareFilterWindow
0000c9ef   _PWM_setDigitalCompareFilterSource
0000c9f9   _PWM_setDigitalCompareFilterOffset
0000c9fc   _PWM_setDigitalCompareBlankingPulse
0000ca08   _PWM_setDigitalCompareBEvent2
0000ca18   _PWM_setDigitalCompareBEvent1
0000ca2f   _PWM_setDigitalCompareAEvent2
0000ca3f   _PWM_setDigitalCompareAEvent1
0000ca56   _PWM_setDeadBandRisingEdgeDelay
0000ca59   _PWM_setDeadBandPolarity
0000ca60   _PWM_setDeadBandOutputMode
0000ca67   _PWM_setDeadBandInputMode
0000ca6e   _PWM_setDeadBandFallingEdgeDelay
0000ca71   _PWM_setCounterMode
0000ca75   _PWM_setCount
0000ca77   _PWM_setClkDiv
0000ca7b   _PWM_setChoppingPulseWidth
0000ca82   _PWM_setChoppingDutyCycle
0000ca89   _PWM_setChoppingClkFreq
0000ca90   _PWM_setActionQual_Zero_PwmB
0000ca97   _PWM_setActionQual_Zero_PwmA
0000ca9e   _PWM_setActionQual_Period_PwmB
0000caa7   _PWM_setActionQual_Period_PwmA
0000cab0   _PWM_setActionQual_CntUp_CmpB_PwmB
0000cab9   _PWM_setActionQual_CntUp_CmpB_PwmA
0000cac2   _PWM_setActionQual_CntUp_CmpA_PwmB
0000cacb   _PWM_setActionQual_CntUp_CmpA_PwmA
0000cad4   _PWM_setActionQual_CntDown_CmpB_PwmB
0000cadd   _PWM_setActionQual_CntDown_CmpB_PwmA
0000cae6   _PWM_setActionQual_CntDown_CmpA_PwmB
0000caef   _PWM_setActionQual_CntDown_CmpA_PwmA
0000caf8   _PWM_setActionQualContSWForce_PwmB
0000cb01   _PWM_setActionQualContSWForce_PwmA
0000cb08   _PWM_init
0000cb0e   _PWM_incrementDeadBandRisingEdgeDelay
0000cb11   _PWM_incrementDeadBandFallingEdgeDelay
0000cb14   _PWM_getSocBCount
0000cb19   _PWM_getSocACount
0000cb1e   _PWM_getShadowStatus_CmpB
0000cb22   _PWM_getShadowStatus_CmpA
0000cb26   _PWM_getIntCount
0000cb2a   _PWM_getDeadBandRisingEdgeDelay
0000cb2d   _PWM_getDeadBandFallingEdgeDelay
0000cb30   _PWM_enableTripZoneSrc
0000cb36   _PWM_enableTripZoneInt
0000cb3c   _PWM_enableSocBPulse
0000cb40   _PWM_enableSocAPulse
0000cb44   _PWM_enableInt
0000cb48   _PWM_enableHrPhaseSync
0000cb4f   _PWM_enableHrPeriod
0000cb56   _PWM_enableDigitalCompareBlankingWindowInversion
0000cb5d   _PWM_enableDigitalCompareBlankingWindow
0000cb64   _PWM_enableDeadBandHalfCycle
0000cb68   _PWM_enableCounterLoad
0000cb6b   _PWM_enableChopping
0000cb6f   _PWM_enableAutoConvert
0000cb76   _PWM_disableTripZones
0000cb7c   _PWM_disableTripZoneSrc
0000cb83   _PWM_disableTripZoneInt
0000cb8a   _PWM_disableSocBPulse
0000cb8e   _PWM_disableSocAPulse
0000cb92   _PWM_disableInt
0000cb96   _PWM_disableHrPhaseSync
0000cb9d   _PWM_disableHrPeriod
0000cba4   _PWM_disableDigitalCompareBlankingWindowInversion
0000cbab   _PWM_disableDigitalCompareBlankingWindow
0000cbb2   _PWM_disableDeadBandHalfCycle
0000cbb6   _PWM_disableDeadBand
0000cbb9   _PWM_disableCounterLoad
0000cbbc   _PWM_disableChopping
0000cbc0   _PWM_disableAutoConvert
0000cbc7   _PWM_decrementDeadBandRisingEdgeDelay
0000cbca   _PWM_decrementDeadBandFallingEdgeDelay
0000cbcd   _PWM_clearTripZone
0000cbd3   _main
0000d106   _mainISR
0000d2cc   _UART_TxReadyISR
0000d2f3   _UART_RxISR
0000d321   _Timer1ISR
0000d341   _ADC_setupSocTrigSrc
0000d36c   _ADC_setVoltRefSrc
0000d37e   _ADC_setTempSensorSrc
0000d390   _ADC_setSocTrigSrc
0000d3a3   _ADC_setSocSampleDelay
0000d3b6   _ADC_setSocFrcWord
0000d3bd   _ADC_setSocFrc
0000d3c7   _ADC_setSocChanNumber
0000d3da   _ADC_setSampleOverlapMode
0000d3ef   _ADC_setSampleMode
0000d407   _ADC_setOffTrim
0000d40e   _ADC_setIntSrc
0000d42b   _ADC_setIntPulseGenMode
0000d43d   _ADC_setIntMode
0000d45a   _ADC_setDivideSelect
0000d46c   _ADC_reset
0000d477   _ADC_powerUp
0000d482   _ADC_powerDown
0000d48d   _ADC_init
0000d494   _ADC_getDivideSelect
0000d49c   _ADC_enableVoltRefLoConv
0000d4a7   _ADC_enableRefBuffers
0000d4b2   _ADC_enableNoOverlapMode
0000d4bd   _ADC_enableInt
0000d4d4   _ADC_enableBandGap
0000d4df   _ADC_enable
0000d4ea   _ADC_disableVoltRefLoConv
0000d4f5   _ADC_disableRefBuffers
0000d500   _ADC_disableNoOverlapMode
0000d50b   _ADC_disableInt
0000d526   _ADC_disableBandGap
0000d531   _ADC_disable
0000d53c   _Motor_init
0000d542   _MOTOR_setMotorFlag
0000d5f0   _MOTOR_getMotorFlag
0000d631   _MOTOR_getMaxCurrent
0000d636   _MOTOR_SpinTAC_Vars_Init
0000d69c   _MOTOR_MotorVars_Init
0000d726   _MOTOR_CtrlVersion_Init
0000d730   _STPOSCONV_run
0000d922   _GPIO_toggle
0000d935   _GPIO_setQualificationPeriod
0000d97c   _GPIO_setQualification
0000d9bc   _GPIO_setPullup
0000d9d7   _GPIO_setPortData
0000d9e3   _GPIO_setMode
0000da1d   _GPIO_setLow
0000da30   _GPIO_setHigh
0000da43   _GPIO_setExtInt
0000da4e   _GPIO_setDirection
0000da69   _GPIO_read
0000da8f   _GPIO_lpmSelect
0000da99   _GPIO_init
0000da9f   _GPIO_getPortData
0000daa6   _GPIO_getData
0000dab6   _ENC_setup
0000db62   _ENC_run
0000dc0e   _ENC_init
0000dc15   _ENC_getSpeedRPM
0000dc21   _ENC_calcElecAngle
0000dc42   _CLK_setXClkInSrc
0000dc49   _CLK_setWatchDogSrc
0000dc50   _CLK_setTimer2Src
0000dc57   _CLK_setTimer2PreScale
0000dc5e   _CLK_setOscSrc
0000dc65   _CLK_setOsc2Src
0000dc6c   _CLK_setLowSpdPreScaler
0000dc72   _CLK_setClkOutPreScaler
0000dc79   _CLK_init
0000dc7f   _CLK_enableWatchDogHaltMode
0000dc85   _CLK_enableTbClockSync
0000dc8c   _CLK_enableSpibClock
0000dc93   _CLK_enableSpiaClock
0000dc9a   _CLK_enableScibClock
0000dca1   _CLK_enableSciaClock
0000dca8   _CLK_enablePwmClock
0000dcb1   _CLK_enableOsc2HaltMode
0000dcb7   _CLK_enableOsc2
0000dcbd   _CLK_enableOsc1HaltMode
0000dcc3   _CLK_enableOsc1
0000dcc9   _CLK_enableLinAClock
0000dcd0   _CLK_enableI2cClock
0000dcd7   _CLK_enableHrPwmClock
0000dcde   _CLK_enableGpioInputClock
0000dce5   _CLK_enableEqep2Clock
0000dcec   _CLK_enableEqep1Clock
0000dcf3   _CLK_enableEcap1Clock
0000dcfa   _CLK_enableEcanaClock
0000dd01   _CLK_enableCrystalOsc
0000dd07   _CLK_enableCpuTimerClock
0000dd0d   _CLK_enableCompClock
0000dd13   _CLK_enableClkIn
0000dd19   _CLK_enableClaClock
0000dd20   _CLK_enableAdcClock
0000dd27   _CLK_disableWatchDogHaltMode
0000dd2d   _CLK_disableTbClockSync
0000dd34   _CLK_disableSpibClock
0000dd38   _CLK_disableSpiaClock
0000dd3f   _CLK_disableScibClock
0000dd46   _CLK_disableSciaClock
0000dd4d   _CLK_disablePwmClock
0000dd57   _CLK_disableOsc2HaltMode
0000dd5d   _CLK_disableOsc2
0000dd63   _CLK_disableOsc1HaltMode
0000dd69   _CLK_disableOsc1
0000dd6f   _CLK_disableLinAClock
0000dd76   _CLK_disableI2cClock
0000dd7d   _CLK_disableHrPwmClock
0000dd84   _CLK_disableGpioInputClock
0000dd8b   _CLK_disableEqep2Clock
0000dd92   _CLK_disableEqep1Clock
0000dd99   _CLK_disableEcap1Clock
0000dda0   _CLK_disableEcanaClock
0000dda7   _CLK_disableCrystalOsc
0000ddad   _CLK_disableCpuTimerClock
0000ddb4   _CLK_disableCompClock
0000ddb8   _CLK_disableClkIn
0000ddbe   _CLK_disableClaClock
0000ddc5   _CLK_disableAdcClock
0000ddcc   _PIE_unregisterSystemIntHandler
0000ddd9   _PIE_unregisterPieIntHandler
0000ddea   _PIE_setExtIntPolarity
0000ddfa   _PIE_setDefaultIntVectorTable
0000de06   _PIE_registerSystemIntHandler
0000de11   _PIE_registerPieIntHandler
0000de20   _PIE_init
0000de27   _PIE_getIntFlags
0000de2e   _PIE_getIntEnables
0000de35   _PIE_getExtIntCount
0000de3d   _PIE_forceInt
0000de47   _PIE_enableTimer0Int
0000de4a   _PIE_enablePwmTzInt
0000de4f   _PIE_enablePwmInt
0000de54   _PIE_enableInt
0000de5e   _PIE_enableExtInt
0000de81   _PIE_enableCaptureInt
0000de85   _PIE_enableAdcInt
0000dea1   _PIE_enable
0000dea4   _PIE_disableInt
0000deaf   _PIE_disableExtInt
0000debc   _PIE_disableCaptureInt
0000dec0   _PIE_disableAllInts
0000deca   _PIE_disable
0000decd   _PIE_clearAllInts
0000ded0   _PIE_clearAllFlags
0000deda   _SCI_setTxFifoIntLevel
0000dee1   _SCI_setTxDelay
0000dee8   _SCI_setRxFifoIntLevel
0000deef   _SCI_setPriority
0000def2   _SCI_setParity
0000def6   _SCI_setNumStopBits
0000defa   _SCI_setMode
0000defe   _SCI_setCharLength
0000df02   _SCI_setBaudRate
0000df08   _SCI_resetTxFifo
0000df12   _SCI_resetRxFifo
0000df1c   _SCI_resetChannels
0000df26   _SCI_reset
0000df29   _SCI_putDataNonBlocking
0000df31   _SCI_putDataBlocking
0000df36   _SCI_init
0000df3c   _SCI_getTxFifoStatus
0000df40   _SCI_getRxFifoStatus
0000df44   _SCI_getDataNonBlocking
0000df4d   _SCI_getDataBlocking
0000df51   _SCI_enableTxWake
0000df54   _SCI_enableTxInt
0000df57   _SCI_enableTxFifoInt
0000df5b   _SCI_enableTxFifoEnh
0000df5f   _SCI_enableTxFifo
0000df63   _SCI_enableTx
0000df66   _SCI_enableSleep
0000df69   _SCI_enableRxInt
0000df6c   _SCI_enableRxFifoInt
0000df70   _SCI_enableRxFifo
0000df74   _SCI_enableRxErrorInt
0000df77   _SCI_enableRx
0000df7a   _SCI_enableParity
0000df7d   _SCI_enableLoopBack
0000df80   _SCI_enableChannels
0000df84   _SCI_enableAutoBaudAlign
0000df88   _SCI_enable
0000df8b   _SCI_disableTxWake
0000df8e   _SCI_disableTxInt
0000df91   _SCI_disableTxFifoInt
0000df95   _SCI_disableTxFifoEnh
0000df99   _SCI_disableTx
0000df9c   _SCI_disableSleep
0000df9f   _SCI_disableRxInt
0000dfa2   _SCI_disableRxFifoInt
0000dfa6   _SCI_disableRxErrorInt
0000dfa9   _SCI_disableRx
0000dfac   _SCI_disableParity
0000dfaf   _SCI_disableLoopBack
0000dfb2   _SCI_disableAutoBaudAlign
0000dfb6   _SCI_disable
0000dfb9   _SCI_clearTxFifoInt
0000dfbd   _SCI_clearRxFifoOvf
0000dfc1   _SCI_clearRxFifoInt
0000dfc5   _SCI_clearAutoBaudDetect
0000dfc9   _STPOSPLAN_init
0000e033   _PLL_setLockPeriod
0000e038   _PLL_setDivideSelect
0000e03f   _PLL_setClkFreq
0000e045   _PLL_resetClkDetect
0000e04b   _PLL_init
0000e051   _PLL_getLockStatus
0000e054   _PLL_getDivideSelect
0000e057   _PLL_getClkStatus
0000e05a   _PLL_getClkFreq
0000e05e   _PLL_enableOsc
0000e064   _PLL_enableNormRdy
0000e06a   _PLL_enableClkDetect
0000e070   _PLL_enable
0000e076   _PLL_disableOsc
0000e07c   _PLL_disableNormRdy
0000e082   _PLL_disableClkDetect
0000e088   _PLL_disable
0000e08e   _STPOSMOVE_init
0000e0e0   _PWR_setNumStandByClocks
0000e0f2   _PWR_setLowPowerMode
0000e104   _PWR_init
0000e10b   _PWR_enableWatchDogInt
0000e116   _PWR_enableBrownOutReset
0000e119   _PWR_disableWatchDogInt
0000e124   _PWR_disableBrownOutReset
0000e127   _WDOG_setPreScaler
0000e131   _WDOG_setCount
0000e133   _WDOG_init
0000e139   _WDOG_getIntStatus
0000e13c   _WDOG_enableOverRide
0000e142   _WDOG_enableInt
0000e148   _WDOG_enable
0000e151   _WDOG_disableOverRide
0000e157   _WDOG_disableInt
0000e15d   _WDOG_disable
0000e165   _WDOG_clearCounter
0000e16d   _OFFSET_setOffset
0000e16f   _OFFSET_setInitCond
0000e17e   _OFFSET_setBeta
0000e194   _OFFSET_init
0000e1a5   _OFFSET_getBeta
0000e1b2   _c_int00
0000e1f6   _STPOSCTL_init
0000e239   _ST_addPosRollOver
0000e275   _STPOSCONV_init
0000e2aa   _TIMER_setPreScaler
0000e2b8   _TIMER_setEmulationMode
0000e2bc   _TIMER_setDecimationFactor
0000e2ca   _TIMER_init
0000e2d0   _TIMER_getStatus
0000e2d3   _TIMER_enableInt
0000e2d6   _TIMER_disableInt
0000e2d9   _TIMER_clearFlag
0000e2dc   _ST_initVersion
0000e30d   _OSC_setTrim
0000e316   _OSC_setFineTrim
0000e327   _OSC_setCoarseTrim
0000e334   _OSC_init
0000e33a   _CPU_init
0000e340   _CPU_enableProtectedRegisterWrite
0000e343   _CPU_enableInt
0000e347   _CPU_enableGlobalInts
0000e34a   _CPU_enableDebugInt
0000e34d   _CPU_disableProtectedRegisterWrite
0000e350   _CPU_disableInts
0000e353   _CPU_disableInt
0000e358   _CPU_disableGlobalInts
0000e35b   _CPU_disableDebugInt
0000e35e   _CPU_clearIntFlags
0000e361   _FILTER_FO_setNumCoeffs
0000e365   _FILTER_FO_setInitialConditions
0000e36a   _FILTER_FO_setDenCoeffs
0000e36c   _FILTER_FO_init
0000e372   _FILTER_FO_getNumCoeffs
0000e378   _FILTER_FO_getInitialConditions
0000e37f   _FILTER_FO_getDenCoeffs
0000e382   FS$$TOUL
0000e3a3   _FLASH_init
0000e3a9   _FLASH_getStandbyWaitStatus
0000e3ad   _FLASH_getStandbyWaitCount
0000e3b0   _FLASH_getPowerMode
0000e3b3   _FLASH_getActiveWaitStatus
0000e3b7   _FLASH_getActiveWaitCount
0000e3ba   _FLASH_get3VStatus
0000e3bd   _FLASH_clear3VStatus
0000e3c3   FS$$TOU
0000e3e0   __args_main
0000e3f9   C$$EXIT
0000e3f9   _abort
0000e3fb   _exit
0000e412   _SLIP_setup
0000e41a   _SLIP_run
0000e425   _SLIP_init
0000e42b   __register_unlock
0000e42f   __register_lock
0000e433   __nop
0000e43c   _Brake_init
0000e442   _FS_init
0000e448   _QEP_init
0000e44e   _PIE_illegalIsr
0000e453   ___etext__
0000e453   etext
0000e464   __unlock
0000e466   __lock
0000e468   ___TI_cleanup_ptr
0000e46a   ___TI_dtors_ptr
0000e46c   _cpu
0000e482   _gLEDcnt
0000e484   _ctrlHandle
0000e486   _proctrlHandle
0000e488   _controller_obj
0000e48a   _halHandle
0000e4c0   _gUserParams
0000e580   _MyProcessCtrl
0000e9c0   _hal
0000eac0   _FSM_State_Box
0000eb0c   _aucCRCHi
0000ec0c   _aucCRCLo
0000ed0c   _MOTOR_DATA
0000eda6   _JM_FSM_Vars
0000ee00   _BOARD_Params
0000ee38   _JM_FSM_MotorFunc
0000ee84   _FSM_ActionFunc
0000ee9a   _FSM_CondFunc
0000eeb0   _FSM_MaxTorque
0000eec0   _DE5_Board_Bias
0000eecc   _FSM_EventTab
0000eefc   __IQ24frac
0000ef07   __IQ7frac
0000ef12   __IQ24int
0000ef1b   __IQ7int
003f8000   _log
003f81d6   FD$$MPY
003f8259   FS$$DIV
003f82dc   _pow
003f835f   FS$$SUB
003f8364   FS$$ADD
003f83d7   FS$$MPY
003f8472   _modf
003f84a3   L$$DIV
003f84b2   L$$MOD
003f84cd   FS$$TOL
003f84f6   FS$$TOI
003f853d   FD$$TOL
003f8579   FS$$TOFD
003f8595   I$$TOFS
003f85af   L$$TOFS
003f85c9   FS$$CMP
003f85f3   UL$$TOFS
003f8606   U$$TOFS
003f8616   FS$$NEG
003f861b   _EST_getState
003f861d   _EST_useZeroIq_ref
003f8679   _EST_isMotorIdentified
003f86ad   _EST_computeDirection_qFmt
003f8713   _EST_updateState
003f89f5   _EST_updateId_ref_pu
003f8a18   _EST_setRs_pu
003f8adb   _EST_setMaxCurrentSlope_pu
003f8ae7   _EST_setLs_q_pu
003f8af1   _EST_setLs_qFmt
003f8b45   _EST_setLs_d_pu
003f8b63   _EST_setIq_ref_pu
003f8b67   _EST_setIdle_all
003f8b7a   _EST_setIdle
003f8b80   _EST_setId_ref_pu
003f8bd3   _EST_setFlag_enableRsRecalc
003f8bdb   _EST_setFlag_enableForceAngle
003f8be4   _EST_setFe_pos_min_pu
003f8be8   _EST_setFe_neg_max_pu
003f8bf5   _EST_setDir_qFmt
003f8c0d   _EST_getAngle_pu
003f927b   _EST_run
003f9378   _EST_isOnLine
003f937f   _EST_isLockRotor
003f9386   _EST_isIdle
003f938d   _EST_isError
003f9458   _EST_get_krpm_to_pu_sf
003f9513   _EST_getRs_Ohm
003f95ad   _EST_getRr_Ohm
003f95b3   _EST_getOneOverDcBus_pu
003f95bd   _EST_getMaxCurrentSlope_pu
003f95c9   _EST_getLs_q_pu
003f95ce   _EST_getLs_q_H
003f95f0   _EST_getLs_d_pu
003f95f5   _EST_getLs_d_H
003f95ff   _EST_getLs_coarse_max_pu
003f9632   _EST_getIdRated
003f968e   _EST_getFm_pu
003f96ab   _EST_getFlux_pu
003f96be   _EST_getFlux_VpHz
003f9758   _EST_doSpeedCtrl
003f9760   _EST_doCurrentCtrl
003f9806   _CTRL_setupTraj
003f996a   _CTRL_setupEstOnLineState
003f99a5   _CTRL_setupEstIdleState
003f9b43   _CTRL_setupCtrl
003f9d31   _CTRL_setUserMotorParams
003f9e64   _CTRL_setEstParams
003fa5d1   _CTRL_runTraj
003fa6fb   _CTRL_initCtrl
003fa721   _CTRL_getVersion
003fb65f   _s1_calc
003fb9ad   _s0_conf
003fb9dd   _s0_calc
003fbae7   _s2_calc
003fbb85   _s4_calc
003fbc34   _s4_conf
003fbc58   _s4_reset
003fbc6d   _spintac_rom_ver
003fec6c   __IQ20div
003fecb3   __IQ24div
003fee98   __IQ20sqrt
003feeda   __IQ24sqrt
003fef5e   __IQ20exp
003fef9b   __IQ24exp
003ff15a   __IQ24sinPU
003ff183   __IQ24cosPU
003ff1e8   __IQ30toF
003ff209   __IQ20log
003ff2a6   __IQ24log
ffffffff   ___binit__
ffffffff   ___c_args__
ffffffff   ___pinit__
ffffffff   binit
ffffffff   pinit

[753 symbols]
