******************************************************************************
             TMS320C2000 Linker PC v6.2.5                      
******************************************************************************
>> Linked Fri Nov 17 17:13:20 2017

OUTPUT FILE NAME:   <proj_lab13c.out>
ENTRY POINT SYMBOL: "_c_int00"  address: 0000e12a


MEMORY CONFIGURATION

         name            origin    length      used     unused   attr    fill
----------------------  --------  ---------  --------  --------  ----  --------
PAGE 0:
  BEGIN                 00000000   00000002  00000002  00000000  RWIX
  RAMM0                 00000050   000003b0  000000ca  000002e6  RWIX
  RAML0_L8              00008000   0000b800  00006ea2  0000495e  RWIX
  FPUTABLES             003fd590   000006a0  00000000  000006a0  RWIX
  IQTABLES              003fdc30   00000b50  00000000  00000b50  RWIX
  IQTABLES2             003fe780   0000008c  00000000  0000008c  RWIX
  IQTABLES3             003fe80c   000000aa  00000000  000000aa  RWIX
  BOOTROM               003ff3b0   00000c10  00000000  00000c10  RWIX
  RESET                 003fffc0   00000002  00000000  00000002  RWIX

PAGE 1:
  BOOT_RSVD             00000002   0000004e  00000000  0000004e  RWIX
  RAMM1                 00000400   00000400  000003b0  00000050  RWIX
  USB_RAM               00040000   00000800  00000000  00000800  RWIX


SECTION ALLOCATION MAP

 output                                  attributes/
section   page    origin      length       input sections
--------  ----  ----------  ----------   ----------------
codestart 
*          0    00000000    00000002     
                  00000000    00000002     CodeStartBranch.obj (codestart)

.pinit     0    00000050    00000000     UNINITIALIZED

.cinit     0    00000050    00000052     
                  00000050    0000002c     process_ctrl.obj (.cinit)
                  0000007c    0000000c     proj_bm1000.obj (.cinit)
                  00000088    0000000a     rts2800_ml.lib : _lock.obj (.cinit)
                  00000092    0000000a                    : exit.obj (.cinit)
                  0000009c    00000004     fsm.obj (.cinit)
                  000000a0    00000002     --HOLE-- [fill = 0]

.switch    0    000000a2    00000042     
                  000000a2    00000042     mb.obj (.switch:_MB_FuncReadHoldingRegister)

ramfuncs   0    000000e4    00000036     
                  000000e4    00000032     flash.obj (ramfuncs)
                  00000116    00000004     usDelay.obj (ramfuncs)

.text      0    00008000    000063cb     
                  00008000    00000e8f     SpinTAC.lib : spintac_pos_move.obj (.text:_STPOSMOVE_run)
                  00008e8f    00000bd1     hal.obj (.text)
                  00009a60    00000b3a     user.obj (.text)
                  0000a59a    000009b0     ctrl.obj (.text)
                  0000af4a    000009ac     process_ctrl.obj (.text)
                  0000b8f6    0000083e     fsm.obj (.text)
                  0000c134    0000039d     SpinTAC.lib : spintac_pos_ctl.obj (.text:_STPOSCTL_run)
                  0000c4d1    0000038f     mb.obj (.text)
                  0000c860    000002f1     pwm.obj (.text)
                  0000cb51    000002b8     proj_bm1000.obj (.text)
                  0000ce09    00000273     SpinTAC.lib : spintac_pos_move.obj (.text:_s31_calc)
                  0000d07c    0000023d     proj_bm1000.obj (.text:retain)
                  0000d2b9    000001fb     adc.obj (.text)
                  0000d4b4    000001f4     motor.obj (.text)
                  0000d6a8    000001f2     SpinTAC.lib : spintac_pos_conv.obj (.text:_STPOSCONV_run)
                  0000d89a    00000194     gpio.obj (.text)
                  0000da2e    0000018c     enc.obj (.text)
                  0000dbba    0000018a     clk.obj (.text)
                  0000dd44    0000010e     pie.obj (.text)
                  0000de52    000000ef     sci.obj (.text)
                  0000df41    0000006a     SpinTAC.lib : spintac_pos_plan.obj (.text:_STPOSPLAN_init)
                  0000dfab    0000005b     pll.obj (.text)
                  0000e006    00000052     SpinTAC.lib : spintac_pos_move.obj (.text:_STPOSMOVE_init)
                  0000e058    00000047     pwr.obj (.text)
                  0000e09f    00000046     wdog.obj (.text)
                  0000e0e5    00000045     offset.obj (.text)
                  0000e12a    00000044     rts2800_ml.lib : boot.obj (.text)
                  0000e16e    00000043     SpinTAC.lib : spintac_pos_ctl.obj (.text:_STPOSCTL_init)
                  0000e1b1    0000003c                 : spintac_pos_roadd.obj (.text:_ST_addPosRollOver)
                  0000e1ed    00000035                 : spintac_pos_conv.obj (.text:_STPOSCONV_init)
                  0000e222    00000032     timer.obj (.text)
                  0000e254    00000031     SpinTAC.lib : spintac_version.obj (.text:_ST_initVersion)
                  0000e285    0000002d     osc.obj (.text)
                  0000e2b2    00000027     cpu.obj (.text)
                  0000e2d9    00000021     filter_fo.obj (.text)
                  0000e2fa    00000021     rts2800_ml.lib : fs_toul.obj (.text)
                  0000e31b    00000020     flash.obj (.text)
                  0000e33b    0000001d     rts2800_ml.lib : fs_tou.obj (.text)
                  0000e358    00000019                    : args_main.obj (.text)
                  0000e371    00000019                    : exit.obj (.text)
                  0000e38a    00000019     slip.obj (.text)
                  0000e3a3    00000009     rts2800_ml.lib : _lock.obj (.text)
                  0000e3ac    00000008     CodeStartBranch.obj (.text)
                  0000e3b4    00000006     brake.obj (.text)
                  0000e3ba    00000006     flyingStart.obj (.text)
                  0000e3c0    00000006     qep.obj (.text)
                  0000e3c6    00000005     pie.obj (.text:retain)

.ebss      0    0000e3cc    000006bf     UNINITIALIZED
                  0000e3cc    00000012     process_ctrl.obj (.ebss)
                  0000e3de    00000004     mb.obj (.ebss)
                  0000e3e2    00000004     rts2800_ml.lib : _lock.obj (.ebss)
                  0000e3e6    00000004                    : exit.obj (.ebss)
                  0000e3ea    00000001     cpu.obj (.ebss)
                  0000e3eb    00000015     --HOLE--
                  0000e400    0000052c     proj_bm1000.obj (.ebss)
                  0000e92c    00000014     --HOLE--
                  0000e940    000000aa     hal.obj (.ebss)
                  0000e9ea    00000016     --HOLE--
                  0000ea00    0000008b     fsm.obj (.ebss)

.econst    0    0000ea8c    000003f0     
                  0000ea8c    00000100     mb.obj (.econst:.string:_aucCRCHi)
                  0000eb8c    00000100     mb.obj (.econst:.string:_aucCRCLo)
                  0000ec8c    0000009a     user.obj (.econst:_MOTOR_DATA)
                  0000ed26    0000005a     fsm.obj (.econst:_JM_FSM_Vars)
                  0000ed80    00000038     user.obj (.econst:_BOARD_Params)
                  0000edb8    00000030     fsm.obj (.econst:_JM_FSM_MotorFunc)
                  0000ede8    0000001c     ctrl.obj (.econst)
                  0000ee04    00000016     fsm.obj (.econst:_FSM_ActionFunc)
                  0000ee1a    00000016     fsm.obj (.econst:_FSM_CondFunc)
                  0000ee30    00000010     fsm.obj (.econst:_FSM_MaxTorque)
                  0000ee40    0000000c     process_ctrl.obj (.econst:_DE5_Board_Bias)
                  0000ee4c    0000000b     fsm.obj (.econst:_FSM_EventTab)
                  0000ee57    00000001     --HOLE-- [fill = 0]
                  0000ee58    00000008     process_ctrl.obj (.econst)
                  0000ee60    00000008     user.obj (.econst)
                  0000ee68    00000004     fsm.obj (.econst)
                  0000ee6c    00000004     hal.obj (.econst)
                  0000ee70    00000004     mb.obj (.econst)
                  0000ee74    00000004     motor.obj (.econst)
                  0000ee78    00000004     proj_bm1000.obj (.econst)

IQmath     0    0000ee7c    00000028     
                  0000ee7c    0000000b     IQmath.lib : IQ24frac.obj (IQmath)
                  0000ee87    0000000b                : IQ7frac.obj (IQmath)
                  0000ee92    00000009                : IQ24int.obj (IQmath)
                  0000ee9b    00000009                : IQ7int.obj (IQmath)

.reset     0    003fffc0    00000002     DSECT
                  003fffc0    00000002     rts2800_ml.lib : boot.obj (.reset)

.stack     1    00000400    000003b0     UNINITIALIZED
                  00000400    000003b0     --HOLE--


GLOBAL DATA SYMBOLS: SORTED BY DATA PAGE

address     data page           name
--------    ----------------    ----
00000400      10 (00000400)     __stack

0000e3e2     38f (0000e3c0)     __unlock
0000e3e4     38f (0000e3c0)     __lock
0000e3e6     38f (0000e3c0)     ___TI_cleanup_ptr
0000e3e8     38f (0000e3c0)     ___TI_dtors_ptr
0000e3ea     38f (0000e3c0)     _cpu

0000e402     390 (0000e400)     _gLEDcnt
0000e404     390 (0000e400)     _ctrlHandle
0000e406     390 (0000e400)     _proctrlHandle
0000e408     390 (0000e400)     _controller_obj
0000e40a     390 (0000e400)     _halHandle

0000e440     391 (0000e440)     _gUserParams

0000e500     394 (0000e500)     _MyProcessCtrl

0000e940     3a5 (0000e940)     _hal

0000ea40     3a9 (0000ea40)     _FSM_State_Box

0000ea8c     3aa (0000ea80)     _aucCRCHi

0000eb8c     3ae (0000eb80)     _aucCRCLo

0000ec8c     3b2 (0000ec80)     _MOTOR_DATA

0000ed26     3b4 (0000ed00)     _JM_FSM_Vars

0000ed80     3b6 (0000ed80)     _BOARD_Params
0000edb8     3b6 (0000ed80)     _JM_FSM_MotorFunc

0000ee04     3b8 (0000ee00)     _FSM_ActionFunc
0000ee1a     3b8 (0000ee00)     _FSM_CondFunc
0000ee30     3b8 (0000ee00)     _FSM_MaxTorque

0000ee40     3b9 (0000ee40)     _DE5_Board_Bias
0000ee4c     3b9 (0000ee40)     _FSM_EventTab
0000ee7c     3b9 (0000ee40)     __IQ24frac

0000ee87     3ba (0000ee80)     __IQ7frac
0000ee92     3ba (0000ee80)     __IQ24int
0000ee9b     3ba (0000ee80)     __IQ7int


GLOBAL SYMBOLS: SORTED ALPHABETICALLY BY Name 

address    name
--------   ----
00008000   .text
0000e371   C$$EXIT
003f81d6   FD$$MPY
003f853d   FD$$TOL
003f8364   FS$$ADD
003f85c9   FS$$CMP
003f8259   FS$$DIV
003f83d7   FS$$MPY
003f8616   FS$$NEG
003f835f   FS$$SUB
003f8579   FS$$TOFD
003f84f6   FS$$TOI
003f84cd   FS$$TOL
0000e33b   FS$$TOU
0000e2fa   FS$$TOUL
003f8595   I$$TOFS
003f84a3   L$$DIV
003f84b2   L$$MOD
003f85af   L$$TOFS
003f8606   U$$TOFS
003f85f3   UL$$TOFS
0000d4a9   _ADC_disable
0000d49e   _ADC_disableBandGap
0000d483   _ADC_disableInt
0000d478   _ADC_disableNoOverlapMode
0000d46d   _ADC_disableRefBuffers
0000d462   _ADC_disableVoltRefLoConv
0000d457   _ADC_enable
0000d44c   _ADC_enableBandGap
0000d435   _ADC_enableInt
0000d42a   _ADC_enableNoOverlapMode
0000d41f   _ADC_enableRefBuffers
0000d414   _ADC_enableVoltRefLoConv
0000d40c   _ADC_getDivideSelect
0000d405   _ADC_init
0000d3fa   _ADC_powerDown
0000d3ef   _ADC_powerUp
0000d3e4   _ADC_reset
0000d3d2   _ADC_setDivideSelect
0000d3b5   _ADC_setIntMode
0000d3a3   _ADC_setIntPulseGenMode
0000d386   _ADC_setIntSrc
0000d37f   _ADC_setOffTrim
0000d367   _ADC_setSampleMode
0000d352   _ADC_setSampleOverlapMode
0000d33f   _ADC_setSocChanNumber
0000d335   _ADC_setSocFrc
0000d32e   _ADC_setSocFrcWord
0000d31b   _ADC_setSocSampleDelay
0000d308   _ADC_setSocTrigSrc
0000d2f6   _ADC_setTempSensorSrc
0000d2e4   _ADC_setVoltRefSrc
0000d2b9   _ADC_setupSocTrigSrc
0000ed80   _BOARD_Params
0000e3b4   _Brake_init
0000dd3d   _CLK_disableAdcClock
0000dd36   _CLK_disableClaClock
0000dd30   _CLK_disableClkIn
0000dd2c   _CLK_disableCompClock
0000dd25   _CLK_disableCpuTimerClock
0000dd1f   _CLK_disableCrystalOsc
0000dd18   _CLK_disableEcanaClock
0000dd11   _CLK_disableEcap1Clock
0000dd0a   _CLK_disableEqep1Clock
0000dd03   _CLK_disableEqep2Clock
0000dcfc   _CLK_disableGpioInputClock
0000dcf5   _CLK_disableHrPwmClock
0000dcee   _CLK_disableI2cClock
0000dce7   _CLK_disableLinAClock
0000dce1   _CLK_disableOsc1
0000dcdb   _CLK_disableOsc1HaltMode
0000dcd5   _CLK_disableOsc2
0000dccf   _CLK_disableOsc2HaltMode
0000dcc5   _CLK_disablePwmClock
0000dcbe   _CLK_disableSciaClock
0000dcb7   _CLK_disableScibClock
0000dcb0   _CLK_disableSpiaClock
0000dcac   _CLK_disableSpibClock
0000dca5   _CLK_disableTbClockSync
0000dc9f   _CLK_disableWatchDogHaltMode
0000dc98   _CLK_enableAdcClock
0000dc91   _CLK_enableClaClock
0000dc8b   _CLK_enableClkIn
0000dc85   _CLK_enableCompClock
0000dc7f   _CLK_enableCpuTimerClock
0000dc79   _CLK_enableCrystalOsc
0000dc72   _CLK_enableEcanaClock
0000dc6b   _CLK_enableEcap1Clock
0000dc64   _CLK_enableEqep1Clock
0000dc5d   _CLK_enableEqep2Clock
0000dc56   _CLK_enableGpioInputClock
0000dc4f   _CLK_enableHrPwmClock
0000dc48   _CLK_enableI2cClock
0000dc41   _CLK_enableLinAClock
0000dc3b   _CLK_enableOsc1
0000dc35   _CLK_enableOsc1HaltMode
0000dc2f   _CLK_enableOsc2
0000dc29   _CLK_enableOsc2HaltMode
0000dc20   _CLK_enablePwmClock
0000dc19   _CLK_enableSciaClock
0000dc12   _CLK_enableScibClock
0000dc0b   _CLK_enableSpiaClock
0000dc04   _CLK_enableSpibClock
0000dbfd   _CLK_enableTbClockSync
0000dbf7   _CLK_enableWatchDogHaltMode
0000dbf1   _CLK_init
0000dbea   _CLK_setClkOutPreScaler
0000dbe4   _CLK_setLowSpdPreScaler
0000dbdd   _CLK_setOsc2Src
0000dbd6   _CLK_setOscSrc
0000dbcf   _CLK_setTimer2PreScale
0000dbc8   _CLK_setTimer2Src
0000dbc1   _CLK_setWatchDogSrc
0000dbba   _CLK_setXClkInSrc
0000e2d6   _CPU_clearIntFlags
0000e2d3   _CPU_disableDebugInt
0000e2d0   _CPU_disableGlobalInts
0000e2cb   _CPU_disableInt
0000e2c8   _CPU_disableInts
0000e2c5   _CPU_disableProtectedRegisterWrite
0000e2c2   _CPU_enableDebugInt
0000e2bf   _CPU_enableGlobalInts
0000e2bb   _CPU_enableInt
0000e2b8   _CPU_enableProtectedRegisterWrite
0000e2b2   _CPU_init
0000af0e   _CTRL_getGains
0000af06   _CTRL_getIab_filt_pu
0000aefe   _CTRL_getIab_in_pu
0000aef6   _CTRL_getIdq_in_pu
0000aeee   _CTRL_getIdq_ref_pu
0000af47   _CTRL_getMagCurrent_pu
0000af44   _CTRL_getMaximumSpeed_pu
0000aee6   _CTRL_getVab_in_pu
0000aede   _CTRL_getVab_out_pu
0000aed6   _CTRL_getVdq_out_pu
003fa721   _CTRL_getVersion
0000aecd   _CTRL_getWaitTimes
003fa6fb   _CTRL_initCtrl
0000a94a   _CTRL_run
003fa5d1   _CTRL_runTraj
0000a6a7   _CTRL_setBrake
003f9e64   _CTRL_setEstParams
0000a6b6   _CTRL_setGains
0000af3e   _CTRL_setMagCurrent_pu
0000af41   _CTRL_setMaximumSpeed_pu
0000a6de   _CTRL_setParams
0000a694   _CTRL_setSpd_ref_krpm
0000a691   _CTRL_setSpd_ref_pu
003f9d31   _CTRL_setUserMotorParams
0000a688   _CTRL_setWaitTimes
0000a67e   _CTRL_setup
0000a662   _CTRL_setupClarke_I
0000a64c   _CTRL_setupClarke_V
003f9b43   _CTRL_setupCtrl
003f99a5   _CTRL_setupEstIdleState
003f996a   _CTRL_setupEstOnLineState
003f9806   _CTRL_setupTraj
0000a59a   _CTRL_updateState
0000ee40   _DE5_Board_Bias
0000db99   _ENC_calcElecAngle
0000db8d   _ENC_getSpeedRPM
0000db86   _ENC_init
0000dada   _ENC_run
0000da2e   _ENC_setup
003f86ad   _EST_computeDirection_qFmt
003f9760   _EST_doCurrentCtrl
003f9758   _EST_doSpeedCtrl
003f8c0d   _EST_getAngle_pu
003f96be   _EST_getFlux_VpHz
003f96ab   _EST_getFlux_pu
003f968e   _EST_getFm_pu
003f9632   _EST_getIdRated
003f95ff   _EST_getLs_coarse_max_pu
003f95f5   _EST_getLs_d_H
003f95f0   _EST_getLs_d_pu
003f95ce   _EST_getLs_q_H
003f95c9   _EST_getLs_q_pu
003f95bd   _EST_getMaxCurrentSlope_pu
003f95b3   _EST_getOneOverDcBus_pu
003f95ad   _EST_getRr_Ohm
003f9513   _EST_getRs_Ohm
003f861b   _EST_getState
003f9458   _EST_get_krpm_to_pu_sf
003f938d   _EST_isError
003f9386   _EST_isIdle
003f937f   _EST_isLockRotor
003f8679   _EST_isMotorIdentified
003f9378   _EST_isOnLine
003f927b   _EST_run
003f8bf5   _EST_setDir_qFmt
003f8be8   _EST_setFe_neg_max_pu
003f8be4   _EST_setFe_pos_min_pu
003f8bdb   _EST_setFlag_enableForceAngle
003f8bd3   _EST_setFlag_enableRsRecalc
003f8b80   _EST_setId_ref_pu
003f8b7a   _EST_setIdle
003f8b67   _EST_setIdle_all
003f8b63   _EST_setIq_ref_pu
003f8b45   _EST_setLs_d_pu
003f8af1   _EST_setLs_qFmt
003f8ae7   _EST_setLs_q_pu
003f8adb   _EST_setMaxCurrentSlope_pu
003f8a18   _EST_setRs_pu
003f89f5   _EST_updateId_ref_pu
003f8713   _EST_updateState
003f861d   _EST_useZeroIq_ref
0000e2f7   _FILTER_FO_getDenCoeffs
0000e2f0   _FILTER_FO_getInitialConditions
0000e2ea   _FILTER_FO_getNumCoeffs
0000e2e4   _FILTER_FO_init
0000e2e2   _FILTER_FO_setDenCoeffs
0000e2dd   _FILTER_FO_setInitialConditions
0000e2d9   _FILTER_FO_setNumCoeffs
0000e335   _FLASH_clear3VStatus
00000110   _FLASH_disablePipelineMode
0000010a   _FLASH_enablePipelineMode
0000e332   _FLASH_get3VStatus
0000e32f   _FLASH_getActiveWaitCount
0000e32b   _FLASH_getActiveWaitStatus
0000e328   _FLASH_getPowerMode
0000e325   _FLASH_getStandbyWaitCount
0000e321   _FLASH_getStandbyWaitStatus
0000e31b   _FLASH_init
00000105   _FLASH_setActiveWaitCount
000000fe   _FLASH_setNumPagedReadWaitStates
000000f7   _FLASH_setNumRandomReadWaitStates
000000f0   _FLASH_setOtpWaitStates
000000e9   _FLASH_setPowerMode
000000e4   _FLASH_setStandbyWaitCount
0000c0fe   _FSM_485Edit_State_Box
0000c0cd   _FSM_485Read_State_Box
0000ee04   _FSM_ActionFunc
0000bfab   _FSM_Check485Start
0000bf66   _FSM_CheckAnalogSensor1
0000bf45   _FSM_CheckAnalogSensor2
0000bf33   _FSM_CheckContactSensor1
0000bf21   _FSM_CheckContactSensor2
0000bea4   _FSM_CheckCoverSensor
0000bd04   _FSM_CheckErrors
0000bf99   _FSM_CheckKeySensor1
0000bf87   _FSM_CheckKeySensor2
0000bef8   _FSM_CheckMoveStatus
0000be3d   _FSM_CheckPosition
0000bfb4   _FSM_CheckSpeed
0000beeb   _FSM_CheckTimes
0000bf17   _FSM_CheckZeroSpeed
0000ee1a   _FSM_CondFunc
0000ee4c   _FSM_EventTab
0000ee30   _FSM_MaxTorque
0000c02d   _FSM_ParamInit
0000c012   _FSM_RecordZeroPoint
0000bc89   _FSM_ReportResults
0000bfc6   _FSM_Run
0000be20   _FSM_RunConfig
0000bdf6   _FSM_RunPolling
0000bddd   _FSM_RunRetire
0000bd7f   _FSM_RunSpinTAC_Position
0000bca5   _FSM_RunSpinTAC_Velocity
0000bd62   _FSM_RunTrans
0000bcf9   _FSM_RunVelocityMode
0000bc9e   _FSM_Run_IDLE
0000bc98   _FSM_Run_ReleaseDcBrake
0000bc90   _FSM_Run_STOP
0000ba0a   _FSM_SelectMode
0000bc7c   _FSM_SetPosStep
0000bc67   _FSM_SetVelocity
0000bc34   _FSM_SetupFsmMode
0000ea40   _FSM_State_Box
0000bbda   _FSM_State_Box_Init
0000b9aa   _FSM_VelTransToPos
0000b978   _FSM_calcCoordinate
0000b95d   _FSM_calcRelativePos
0000b921   _FSM_calcSensorPos
0000b90d   _FSM_clrOverCurrentReg
0000b906   _FSM_getPortStatus
0000b8fc   _FSM_init
0000b8fa   _FSM_setHalHandle
0000b8f8   _FSM_setMotorHandle
0000b8f6   _FSM_setStHandle
0000e3ba   _FS_init
0000da1e   _GPIO_getData
0000da17   _GPIO_getPortData
0000da11   _GPIO_init
0000da07   _GPIO_lpmSelect
0000d9e1   _GPIO_read
0000d9c6   _GPIO_setDirection
0000d9bb   _GPIO_setExtInt
0000d9a8   _GPIO_setHigh
0000d995   _GPIO_setLow
0000d95b   _GPIO_setMode
0000d94f   _GPIO_setPortData
0000d934   _GPIO_setPullup
0000d8f4   _GPIO_setQualification
0000d8ad   _GPIO_setQualificationPeriod
0000d89a   _GPIO_toggle
00009536   _HAL_AdcCalChanSelect
0000958d   _HAL_AdcCalConversion
000096e5   _HAL_AdcOffsetSelfCal
00009718   _HAL_GetBoardNum
00009815   _HAL_OscTempComp
00009868   _HAL_cal
00009a5c   _HAL_disableGlobalInts
0000993a   _HAL_disableWdog
00009a4b   _HAL_enableAdcInts
00009a47   _HAL_enableDebugInt
00009a43   _HAL_enableGlobalInts
00009a32   _HAL_enablePwmInt
00009a15   _HAL_enableSciaInt
00009a03   _HAL_enableTimer1Int
00009783   _HAL_getOscTrimValue
0000993f   _HAL_init
00009797   _HAL_osc1Comp
000097d6   _HAL_osc2Comp
00009925   _HAL_setDacParameters
00009882   _HAL_setParams
000094ce   _HAL_setupAdcParams
000093d3   _HAL_setupAdcs
000093b7   _HAL_setupClks
0000938e   _HAL_setupFaults
00009370   _HAL_setupFlash
00009198   _HAL_setupGpios
00009145   _HAL_setupPeripheralClks
00009129   _HAL_setupPie
000090eb   _HAL_setupPll
00009060   _HAL_setupPwmDacs
00008f90   _HAL_setupPwms
00008f21   _HAL_setupQEP
00008edf   _HAL_setupScia
00008e8f   _HAL_setupTimers
0000edb8   _JM_FSM_MotorFunc
0000ed26   _JM_FSM_Vars
0000c54f   _MB_CRC16
0000c73c   _MB_FloatTransToInt
0000c750   _MB_FuncReadHoldingRegister
0000c6dc   _MB_FuncWriteCoilsRegister
0000c622   _MB_FuncWriteHoldingRegister
0000c80d   _MB_Poll
0000c615   _MB_PortEventGet
0000c612   _MB_PortEventInit
0000c4e2   _MB_PortEventPost
0000c4e8   _MB_PortSerialEnable
0000c5b5   _MB_PortSerialGetByte
0000c50d   _MB_PortSerialPutByte
0000c53a   _MB_PortTimersDisable
0000c5bf   _MB_PortTimersEnable
0000c5ff   _MB_RTUReceive
0000c5cc   _MB_RTUReceiveFSM
0000c571   _MB_RTUSend
0000c53e   _MB_RTUTimerFSM
0000c513   _MB_RTUTransmitFSM
0000c4dc   _MB_init
0000c4da   _MB_setFsmHandle
0000c4d8   _MB_setGpioHandle
0000c4d6   _MB_setMotorHandle
0000c4d3   _MB_setSciHandle
0000c4d1   _MB_setTimHandle
0000d69e   _MOTOR_CtrlVersion_Init
0000ec8c   _MOTOR_DATA
0000d614   _MOTOR_MotorVars_Init
0000d5ae   _MOTOR_SpinTAC_Vars_Init
0000d5a9   _MOTOR_getMaxCurrent
0000d568   _MOTOR_getMotorFlag
0000d4ba   _MOTOR_setMotorFlag
0000d4b4   _Motor_init
0000e500   _MyProcessCtrl
0000e11d   _OFFSET_getBeta
0000e10c   _OFFSET_init
0000e0f6   _OFFSET_setBeta
0000e0e7   _OFFSET_setInitCond
0000e0e5   _OFFSET_setOffset
0000e2ac   _OSC_init
0000e29f   _OSC_setCoarseTrim
0000e28e   _OSC_setFineTrim
0000e285   _OSC_setTrim
0000de48   _PIE_clearAllFlags
0000de45   _PIE_clearAllInts
0000de42   _PIE_disable
0000de38   _PIE_disableAllInts
0000de34   _PIE_disableCaptureInt
0000de27   _PIE_disableExtInt
0000de1c   _PIE_disableInt
0000de19   _PIE_enable
0000ddfd   _PIE_enableAdcInt
0000ddf9   _PIE_enableCaptureInt
0000ddd6   _PIE_enableExtInt
0000ddcc   _PIE_enableInt
0000ddc7   _PIE_enablePwmInt
0000ddc2   _PIE_enablePwmTzInt
0000ddbf   _PIE_enableTimer0Int
0000ddb5   _PIE_forceInt
0000ddad   _PIE_getExtIntCount
0000dda6   _PIE_getIntEnables
0000dd9f   _PIE_getIntFlags
0000e3c6   _PIE_illegalIsr
0000dd98   _PIE_init
0000dd89   _PIE_registerPieIntHandler
0000dd7e   _PIE_registerSystemIntHandler
0000dd72   _PIE_setDefaultIntVectorTable
0000dd62   _PIE_setExtIntPolarity
0000dd51   _PIE_unregisterPieIntHandler
0000dd44   _PIE_unregisterSystemIntHandler
0000e000   _PLL_disable
0000dffa   _PLL_disableClkDetect
0000dff4   _PLL_disableNormRdy
0000dfee   _PLL_disableOsc
0000dfe8   _PLL_enable
0000dfe2   _PLL_enableClkDetect
0000dfdc   _PLL_enableNormRdy
0000dfd6   _PLL_enableOsc
0000dfd2   _PLL_getClkFreq
0000dfcf   _PLL_getClkStatus
0000dfcc   _PLL_getDivideSelect
0000dfc9   _PLL_getLockStatus
0000dfc3   _PLL_init
0000dfbd   _PLL_resetClkDetect
0000dfb7   _PLL_setClkFreq
0000dfb0   _PLL_setDivideSelect
0000dfab   _PLL_setLockPeriod
0000b8ef   _PROCTRL_CheckMotorError
0000b880   _PROCTRL_MainLoop
0000b820   _PROCTRL_UpdateCurrentAmpVar
0000b7dc   _PROCTRL_UpdateIqRef
0000b7c8   _PROCTRL_UpdateMotorSpeed
0000b7b4   _PROCTRL_UpdateMotorTorque
0000b770   _PROCTRL_UpdateMotorVar
0000b6e5   _PROCTRL_UpdateSpinTAC
0000b6b9   _PROCTRL_UpdateVoltageVar
0000b6a6   _PROCTRL_Update_Est_State
0000b5da   _PROCTRL_chkError
0000b4db   _PROCTRL_chkMotorIdentified
0000b484   _PROCTRL_getAbsAngle_mech
0000b459   _PROCTRL_getBoardBias
0000b421   _PROCTRL_getChipTemperture
0000b40b   _PROCTRL_getDCbusVoltage
0000b402   _PROCTRL_getMotorTurns_mech
0000b3fc   _PROCTRL_getPortData
0000b3dd   _PROCTRL_getScaleActors
0000b37e   _PROCTRL_getSensorData
0000b2f9   _PROCTRL_init
0000b276   _PROCTRL_setBoardBias
0000b274   _PROCTRL_setCtrlHandle
0000aff4   _PROCTRL_setDcBrakeCurrent
0000b265   _PROCTRL_setDcBrakeEnable
0000b263   _PROCTRL_setHalHandle
0000b260   _PROCTRL_setMotorHandle
0000b25e   _PROCTRL_setUserParams
0000b245   _PROCTRL_setupFSM
0000b220   _PROCTRL_setupFlyingStart
0000b1fa   _PROCTRL_setupModbus
0000b1f5   _PROCTRL_setupMotors
0000b1bc   _PROCTRL_setupSpinTAC
0000b191   _PROCTRL_updateKpKiGains
0000cb4b   _PWM_clearTripZone
0000cb48   _PWM_decrementDeadBandFallingEdgeDelay
0000cb45   _PWM_decrementDeadBandRisingEdgeDelay
0000cb3e   _PWM_disableAutoConvert
0000cb3a   _PWM_disableChopping
0000cb37   _PWM_disableCounterLoad
0000cb34   _PWM_disableDeadBand
0000cb30   _PWM_disableDeadBandHalfCycle
0000cb29   _PWM_disableDigitalCompareBlankingWindow
0000cb22   _PWM_disableDigitalCompareBlankingWindowInversion
0000cb1b   _PWM_disableHrPeriod
0000cb14   _PWM_disableHrPhaseSync
0000cb10   _PWM_disableInt
0000cb0c   _PWM_disableSocAPulse
0000cb08   _PWM_disableSocBPulse
0000cb01   _PWM_disableTripZoneInt
0000cafa   _PWM_disableTripZoneSrc
0000caf4   _PWM_disableTripZones
0000caed   _PWM_enableAutoConvert
0000cae9   _PWM_enableChopping
0000cae6   _PWM_enableCounterLoad
0000cae2   _PWM_enableDeadBandHalfCycle
0000cadb   _PWM_enableDigitalCompareBlankingWindow
0000cad4   _PWM_enableDigitalCompareBlankingWindowInversion
0000cacd   _PWM_enableHrPeriod
0000cac6   _PWM_enableHrPhaseSync
0000cac2   _PWM_enableInt
0000cabe   _PWM_enableSocAPulse
0000caba   _PWM_enableSocBPulse
0000cab4   _PWM_enableTripZoneInt
0000caae   _PWM_enableTripZoneSrc
0000caab   _PWM_getDeadBandFallingEdgeDelay
0000caa8   _PWM_getDeadBandRisingEdgeDelay
0000caa4   _PWM_getIntCount
0000caa0   _PWM_getShadowStatus_CmpA
0000ca9c   _PWM_getShadowStatus_CmpB
0000ca97   _PWM_getSocACount
0000ca92   _PWM_getSocBCount
0000ca8f   _PWM_incrementDeadBandFallingEdgeDelay
0000ca8c   _PWM_incrementDeadBandRisingEdgeDelay
0000ca86   _PWM_init
0000ca7f   _PWM_setActionQualContSWForce_PwmA
0000ca76   _PWM_setActionQualContSWForce_PwmB
0000ca6d   _PWM_setActionQual_CntDown_CmpA_PwmA
0000ca64   _PWM_setActionQual_CntDown_CmpA_PwmB
0000ca5b   _PWM_setActionQual_CntDown_CmpB_PwmA
0000ca52   _PWM_setActionQual_CntDown_CmpB_PwmB
0000ca49   _PWM_setActionQual_CntUp_CmpA_PwmA
0000ca40   _PWM_setActionQual_CntUp_CmpA_PwmB
0000ca37   _PWM_setActionQual_CntUp_CmpB_PwmA
0000ca2e   _PWM_setActionQual_CntUp_CmpB_PwmB
0000ca25   _PWM_setActionQual_Period_PwmA
0000ca1c   _PWM_setActionQual_Period_PwmB
0000ca15   _PWM_setActionQual_Zero_PwmA
0000ca0e   _PWM_setActionQual_Zero_PwmB
0000ca07   _PWM_setChoppingClkFreq
0000ca00   _PWM_setChoppingDutyCycle
0000c9f9   _PWM_setChoppingPulseWidth
0000c9f5   _PWM_setClkDiv
0000c9f3   _PWM_setCount
0000c9ef   _PWM_setCounterMode
0000c9ec   _PWM_setDeadBandFallingEdgeDelay
0000c9e5   _PWM_setDeadBandInputMode
0000c9de   _PWM_setDeadBandOutputMode
0000c9d7   _PWM_setDeadBandPolarity
0000c9d4   _PWM_setDeadBandRisingEdgeDelay
0000c9bd   _PWM_setDigitalCompareAEvent1
0000c9ad   _PWM_setDigitalCompareAEvent2
0000c996   _PWM_setDigitalCompareBEvent1
0000c986   _PWM_setDigitalCompareBEvent2
0000c97a   _PWM_setDigitalCompareBlankingPulse
0000c977   _PWM_setDigitalCompareFilterOffset
0000c96d   _PWM_setDigitalCompareFilterSource
0000c96a   _PWM_setDigitalCompareFilterWindow
0000c95b   _PWM_setDigitalCompareInput
0000c957   _PWM_setHighSpeedClkDiv
0000c94d   _PWM_setHrControlMode
0000c943   _PWM_setHrEdgeMode
0000c939   _PWM_setHrShadowMode
0000c932   _PWM_setIntMode
0000c92b   _PWM_setIntPeriod
0000c927   _PWM_setLoadMode_CmpA
0000c921   _PWM_setLoadMode_CmpB
0000c91f   _PWM_setPeriod
0000c91a   _PWM_setPeriodHr
0000c916   _PWM_setPeriodLoad
0000c914   _PWM_setPhase
0000c910   _PWM_setPhaseDir
0000c90c   _PWM_setRunMode
0000c906   _PWM_setShadowMode_CmpA
0000c900   _PWM_setShadowMode_CmpB
0000c8f7   _PWM_setSocAPeriod
0000c8ed   _PWM_setSocAPulseSrc
0000c8e4   _PWM_setSocBPeriod
0000c8db   _PWM_setSocBPulseSrc
0000c8d8   _PWM_setSwSync
0000c8d4   _PWM_setSyncMode
0000c8ca   _PWM_setTripZoneDCEventSelect_DCAEVT1
0000c8be   _PWM_setTripZoneDCEventSelect_DCAEVT2
0000c8b2   _PWM_setTripZoneDCEventSelect_DCBEVT1
0000c8a6   _PWM_setTripZoneDCEventSelect_DCBEVT2
0000c89a   _PWM_setTripZoneState_DCAEVT1
0000c88e   _PWM_setTripZoneState_DCAEVT2
0000c882   _PWM_setTripZoneState_DCBEVT1
0000c876   _PWM_setTripZoneState_DCBEVT2
0000c86c   _PWM_setTripZoneState_TZA
0000c860   _PWM_setTripZoneState_TZB
0000e09c   _PWR_disableBrownOutReset
0000e091   _PWR_disableWatchDogInt
0000e08e   _PWR_enableBrownOutReset
0000e083   _PWR_enableWatchDogInt
0000e07c   _PWR_init
0000e06a   _PWR_setLowPowerMode
0000e058   _PWR_setNumStandByClocks
0000e3c0   _QEP_init
0000011a   _RamfuncsLoadEnd
00000036   _RamfuncsLoadSize
000000e4   _RamfuncsLoadStart
000000e4   _RamfuncsRunStart
0000df3d   _SCI_clearAutoBaudDetect
0000df39   _SCI_clearRxFifoInt
0000df35   _SCI_clearRxFifoOvf
0000df31   _SCI_clearTxFifoInt
0000df2e   _SCI_disable
0000df2a   _SCI_disableAutoBaudAlign
0000df27   _SCI_disableLoopBack
0000df24   _SCI_disableParity
0000df21   _SCI_disableRx
0000df1e   _SCI_disableRxErrorInt
0000df1a   _SCI_disableRxFifoInt
0000df17   _SCI_disableRxInt
0000df14   _SCI_disableSleep
0000df11   _SCI_disableTx
0000df0d   _SCI_disableTxFifoEnh
0000df09   _SCI_disableTxFifoInt
0000df06   _SCI_disableTxInt
0000df03   _SCI_disableTxWake
0000df00   _SCI_enable
0000defc   _SCI_enableAutoBaudAlign
0000def8   _SCI_enableChannels
0000def5   _SCI_enableLoopBack
0000def2   _SCI_enableParity
0000deef   _SCI_enableRx
0000deec   _SCI_enableRxErrorInt
0000dee8   _SCI_enableRxFifo
0000dee4   _SCI_enableRxFifoInt
0000dee1   _SCI_enableRxInt
0000dede   _SCI_enableSleep
0000dedb   _SCI_enableTx
0000ded7   _SCI_enableTxFifo
0000ded3   _SCI_enableTxFifoEnh
0000decf   _SCI_enableTxFifoInt
0000decc   _SCI_enableTxInt
0000dec9   _SCI_enableTxWake
0000dec5   _SCI_getDataBlocking
0000debc   _SCI_getDataNonBlocking
0000deb8   _SCI_getRxFifoStatus
0000deb4   _SCI_getTxFifoStatus
0000deae   _SCI_init
0000dea9   _SCI_putDataBlocking
0000dea1   _SCI_putDataNonBlocking
0000de9e   _SCI_reset
0000de94   _SCI_resetChannels
0000de8a   _SCI_resetRxFifo
0000de80   _SCI_resetTxFifo
0000de7a   _SCI_setBaudRate
0000de76   _SCI_setCharLength
0000de72   _SCI_setMode
0000de6e   _SCI_setNumStopBits
0000de6a   _SCI_setParity
0000de67   _SCI_setPriority
0000de60   _SCI_setRxFifoIntLevel
0000de59   _SCI_setTxDelay
0000de52   _SCI_setTxFifoIntLevel
0000e39d   _SLIP_init
0000e392   _SLIP_run
0000e38a   _SLIP_setup
0000e1ed   _STPOSCONV_init
0000d6a8   _STPOSCONV_run
0000e16e   _STPOSCTL_init
0000c134   _STPOSCTL_run
0000e006   _STPOSMOVE_init
00008000   _STPOSMOVE_run
0000df41   _STPOSPLAN_init
0000e1b1   _ST_addPosRollOver
0000e254   _ST_initVersion
0000b155   _ST_runPosConv
0000b11a   _ST_runPosCtl
0000b111   _ST_runPosMove
0000e251   _TIMER_clearFlag
0000e24e   _TIMER_disableInt
0000e24b   _TIMER_enableInt
0000e248   _TIMER_getStatus
0000e242   _TIMER_init
0000e234   _TIMER_setDecimationFactor
0000e230   _TIMER_setEmulationMode
0000e222   _TIMER_setPreScaler
0000d299   _Timer1ISR
0000d26b   _UART_RxISR
0000d244   _UART_TxReadyISR
0000a4f1   _USER_calcPIgains
0000a4ca   _USER_checkDefErrors
00009f32   _USER_checkForErrors
00009f24   _USER_computeFlux
00009ec5   _USER_computeFlux_pu_to_VpHz_sf
00009e66   _USER_computeFlux_pu_to_Wb_sf
00009deb   _USER_computeTorque_Flux_Iq_pu_to_Nm_sf
00009d71   _USER_computeTorque_Ls_Id_Iq_pu_to_Nm_sf
00009d25   _USER_computeTorque_Nm
00009cce   _USER_computeTorque_lbin
00009ccb   _USER_getErrorCode
00009c65   _USER_setBoardParams
00009c62   _USER_setErrorCode
00009c5f   _USER_setMotorIDs
00009bf4   _USER_setMotorParams
00009b8c   _USER_setParams
00009b75   _USER_setSysParams
00009af0   _USER_setWaitTimeParams
00009a60   _USER_softwareUpdate1p6
0000e0dd   _WDOG_clearCounter
0000e0d5   _WDOG_disable
0000e0cf   _WDOG_disableInt
0000e0c9   _WDOG_disableOverRide
0000e0c0   _WDOG_enable
0000e0ba   _WDOG_enableInt
0000e0b4   _WDOG_enableOverRide
0000e0b1   _WDOG_getIntStatus
0000e0ab   _WDOG_init
0000e0a9   _WDOG_setCount
0000e09f   _WDOG_setPreScaler
003fec6c   __IQ20div
003fef5e   __IQ20exp
003ff209   __IQ20log
003fee98   __IQ20sqrt
003ff183   __IQ24cosPU
003fecb3   __IQ24div
003fef9b   __IQ24exp
0000ee7c   __IQ24frac
0000ee92   __IQ24int
003ff2a6   __IQ24log
003ff15a   __IQ24sinPU
003feeda   __IQ24sqrt
003ff1e8   __IQ30toF
0000ee87   __IQ7frac
0000ee9b   __IQ7int
000007b0   __STACK_END
000003b0   __STACK_SIZE
00000001   __TI_args_main
0000e3e6   ___TI_cleanup_ptr
0000e3e8   ___TI_dtors_ptr
ffffffff   ___binit__
ffffffff   ___c_args__
00000050   ___cinit__
0000e3cb   ___etext__
ffffffff   ___pinit__
00008000   ___text__
0000e358   __args_main
0000e3e4   __lock
0000e3ab   __nop
0000e3a7   __register_lock
0000e3a3   __register_unlock
00000400   __stack
0000e3e2   __unlock
0000e371   _abort
0000b0fb   _acim_Dir_qFmtCalc
0000ea8c   _aucCRCHi
0000eb8c   _aucCRCLo
0000e12a   _c_int00
0000e408   _controller_obj
0000e3ea   _cpu
0000e404   _ctrlHandle
0000e373   _exit
0000e402   _gLEDcnt
0000e440   _gUserParams
0000e940   _hal
0000e40a   _halHandle
003f8000   _log
0000cb51   _main
0000d07c   _mainISR
003f8472   _modf
0000b01f   _motor_RunCtrl
0000afe1   _motor_StopCtrl
003f82dc   _pow
0000e406   _proctrlHandle
0000af70   _recalcKpKi
003fb9dd   _s0_calc
003fb9ad   _s0_conf
003fb65f   _s1_calc
003fbae7   _s2_calc
003fbb85   _s4_calc
003fbc34   _s4_conf
003fbc58   _s4_reset
0000af4a   _setFeLimitZero
003fbc6d   _spintac_rom_ver
00000116   _usDelay
ffffffff   binit
00000050   cinit
00000000   code_start
0000e3cb   etext
ffffffff   pinit


GLOBAL SYMBOLS: SORTED BY Symbol Address 

address    name
--------   ----
00000000   code_start
00000001   __TI_args_main
00000036   _RamfuncsLoadSize
00000050   ___cinit__
00000050   cinit
000000e4   _FLASH_setStandbyWaitCount
000000e4   _RamfuncsLoadStart
000000e4   _RamfuncsRunStart
000000e9   _FLASH_setPowerMode
000000f0   _FLASH_setOtpWaitStates
000000f7   _FLASH_setNumRandomReadWaitStates
000000fe   _FLASH_setNumPagedReadWaitStates
00000105   _FLASH_setActiveWaitCount
0000010a   _FLASH_enablePipelineMode
00000110   _FLASH_disablePipelineMode
00000116   _usDelay
0000011a   _RamfuncsLoadEnd
000003b0   __STACK_SIZE
00000400   __stack
000007b0   __STACK_END
00008000   .text
00008000   _STPOSMOVE_run
00008000   ___text__
00008e8f   _HAL_setupTimers
00008edf   _HAL_setupScia
00008f21   _HAL_setupQEP
00008f90   _HAL_setupPwms
00009060   _HAL_setupPwmDacs
000090eb   _HAL_setupPll
00009129   _HAL_setupPie
00009145   _HAL_setupPeripheralClks
00009198   _HAL_setupGpios
00009370   _HAL_setupFlash
0000938e   _HAL_setupFaults
000093b7   _HAL_setupClks
000093d3   _HAL_setupAdcs
000094ce   _HAL_setupAdcParams
00009536   _HAL_AdcCalChanSelect
0000958d   _HAL_AdcCalConversion
000096e5   _HAL_AdcOffsetSelfCal
00009718   _HAL_GetBoardNum
00009783   _HAL_getOscTrimValue
00009797   _HAL_osc1Comp
000097d6   _HAL_osc2Comp
00009815   _HAL_OscTempComp
00009868   _HAL_cal
00009882   _HAL_setParams
00009925   _HAL_setDacParameters
0000993a   _HAL_disableWdog
0000993f   _HAL_init
00009a03   _HAL_enableTimer1Int
00009a15   _HAL_enableSciaInt
00009a32   _HAL_enablePwmInt
00009a43   _HAL_enableGlobalInts
00009a47   _HAL_enableDebugInt
00009a4b   _HAL_enableAdcInts
00009a5c   _HAL_disableGlobalInts
00009a60   _USER_softwareUpdate1p6
00009af0   _USER_setWaitTimeParams
00009b75   _USER_setSysParams
00009b8c   _USER_setParams
00009bf4   _USER_setMotorParams
00009c5f   _USER_setMotorIDs
00009c62   _USER_setErrorCode
00009c65   _USER_setBoardParams
00009ccb   _USER_getErrorCode
00009cce   _USER_computeTorque_lbin
00009d25   _USER_computeTorque_Nm
00009d71   _USER_computeTorque_Ls_Id_Iq_pu_to_Nm_sf
00009deb   _USER_computeTorque_Flux_Iq_pu_to_Nm_sf
00009e66   _USER_computeFlux_pu_to_Wb_sf
00009ec5   _USER_computeFlux_pu_to_VpHz_sf
00009f24   _USER_computeFlux
00009f32   _USER_checkForErrors
0000a4ca   _USER_checkDefErrors
0000a4f1   _USER_calcPIgains
0000a59a   _CTRL_updateState
0000a64c   _CTRL_setupClarke_V
0000a662   _CTRL_setupClarke_I
0000a67e   _CTRL_setup
0000a688   _CTRL_setWaitTimes
0000a691   _CTRL_setSpd_ref_pu
0000a694   _CTRL_setSpd_ref_krpm
0000a6a7   _CTRL_setBrake
0000a6b6   _CTRL_setGains
0000a6de   _CTRL_setParams
0000a94a   _CTRL_run
0000aecd   _CTRL_getWaitTimes
0000aed6   _CTRL_getVdq_out_pu
0000aede   _CTRL_getVab_out_pu
0000aee6   _CTRL_getVab_in_pu
0000aeee   _CTRL_getIdq_ref_pu
0000aef6   _CTRL_getIdq_in_pu
0000aefe   _CTRL_getIab_in_pu
0000af06   _CTRL_getIab_filt_pu
0000af0e   _CTRL_getGains
0000af3e   _CTRL_setMagCurrent_pu
0000af41   _CTRL_setMaximumSpeed_pu
0000af44   _CTRL_getMaximumSpeed_pu
0000af47   _CTRL_getMagCurrent_pu
0000af4a   _setFeLimitZero
0000af70   _recalcKpKi
0000afe1   _motor_StopCtrl
0000aff4   _PROCTRL_setDcBrakeCurrent
0000b01f   _motor_RunCtrl
0000b0fb   _acim_Dir_qFmtCalc
0000b111   _ST_runPosMove
0000b11a   _ST_runPosCtl
0000b155   _ST_runPosConv
0000b191   _PROCTRL_updateKpKiGains
0000b1bc   _PROCTRL_setupSpinTAC
0000b1f5   _PROCTRL_setupMotors
0000b1fa   _PROCTRL_setupModbus
0000b220   _PROCTRL_setupFlyingStart
0000b245   _PROCTRL_setupFSM
0000b25e   _PROCTRL_setUserParams
0000b260   _PROCTRL_setMotorHandle
0000b263   _PROCTRL_setHalHandle
0000b265   _PROCTRL_setDcBrakeEnable
0000b274   _PROCTRL_setCtrlHandle
0000b276   _PROCTRL_setBoardBias
0000b2f9   _PROCTRL_init
0000b37e   _PROCTRL_getSensorData
0000b3dd   _PROCTRL_getScaleActors
0000b3fc   _PROCTRL_getPortData
0000b402   _PROCTRL_getMotorTurns_mech
0000b40b   _PROCTRL_getDCbusVoltage
0000b421   _PROCTRL_getChipTemperture
0000b459   _PROCTRL_getBoardBias
0000b484   _PROCTRL_getAbsAngle_mech
0000b4db   _PROCTRL_chkMotorIdentified
0000b5da   _PROCTRL_chkError
0000b6a6   _PROCTRL_Update_Est_State
0000b6b9   _PROCTRL_UpdateVoltageVar
0000b6e5   _PROCTRL_UpdateSpinTAC
0000b770   _PROCTRL_UpdateMotorVar
0000b7b4   _PROCTRL_UpdateMotorTorque
0000b7c8   _PROCTRL_UpdateMotorSpeed
0000b7dc   _PROCTRL_UpdateIqRef
0000b820   _PROCTRL_UpdateCurrentAmpVar
0000b880   _PROCTRL_MainLoop
0000b8ef   _PROCTRL_CheckMotorError
0000b8f6   _FSM_setStHandle
0000b8f8   _FSM_setMotorHandle
0000b8fa   _FSM_setHalHandle
0000b8fc   _FSM_init
0000b906   _FSM_getPortStatus
0000b90d   _FSM_clrOverCurrentReg
0000b921   _FSM_calcSensorPos
0000b95d   _FSM_calcRelativePos
0000b978   _FSM_calcCoordinate
0000b9aa   _FSM_VelTransToPos
0000ba0a   _FSM_SelectMode
0000bbda   _FSM_State_Box_Init
0000bc34   _FSM_SetupFsmMode
0000bc67   _FSM_SetVelocity
0000bc7c   _FSM_SetPosStep
0000bc89   _FSM_ReportResults
0000bc90   _FSM_Run_STOP
0000bc98   _FSM_Run_ReleaseDcBrake
0000bc9e   _FSM_Run_IDLE
0000bca5   _FSM_RunSpinTAC_Velocity
0000bcf9   _FSM_RunVelocityMode
0000bd04   _FSM_CheckErrors
0000bd62   _FSM_RunTrans
0000bd7f   _FSM_RunSpinTAC_Position
0000bddd   _FSM_RunRetire
0000bdf6   _FSM_RunPolling
0000be20   _FSM_RunConfig
0000be3d   _FSM_CheckPosition
0000bea4   _FSM_CheckCoverSensor
0000beeb   _FSM_CheckTimes
0000bef8   _FSM_CheckMoveStatus
0000bf17   _FSM_CheckZeroSpeed
0000bf21   _FSM_CheckContactSensor2
0000bf33   _FSM_CheckContactSensor1
0000bf45   _FSM_CheckAnalogSensor2
0000bf66   _FSM_CheckAnalogSensor1
0000bf87   _FSM_CheckKeySensor2
0000bf99   _FSM_CheckKeySensor1
0000bfab   _FSM_Check485Start
0000bfb4   _FSM_CheckSpeed
0000bfc6   _FSM_Run
0000c012   _FSM_RecordZeroPoint
0000c02d   _FSM_ParamInit
0000c0cd   _FSM_485Read_State_Box
0000c0fe   _FSM_485Edit_State_Box
0000c134   _STPOSCTL_run
0000c4d1   _MB_setTimHandle
0000c4d3   _MB_setSciHandle
0000c4d6   _MB_setMotorHandle
0000c4d8   _MB_setGpioHandle
0000c4da   _MB_setFsmHandle
0000c4dc   _MB_init
0000c4e2   _MB_PortEventPost
0000c4e8   _MB_PortSerialEnable
0000c50d   _MB_PortSerialPutByte
0000c513   _MB_RTUTransmitFSM
0000c53a   _MB_PortTimersDisable
0000c53e   _MB_RTUTimerFSM
0000c54f   _MB_CRC16
0000c571   _MB_RTUSend
0000c5b5   _MB_PortSerialGetByte
0000c5bf   _MB_PortTimersEnable
0000c5cc   _MB_RTUReceiveFSM
0000c5ff   _MB_RTUReceive
0000c612   _MB_PortEventInit
0000c615   _MB_PortEventGet
0000c622   _MB_FuncWriteHoldingRegister
0000c6dc   _MB_FuncWriteCoilsRegister
0000c73c   _MB_FloatTransToInt
0000c750   _MB_FuncReadHoldingRegister
0000c80d   _MB_Poll
0000c860   _PWM_setTripZoneState_TZB
0000c86c   _PWM_setTripZoneState_TZA
0000c876   _PWM_setTripZoneState_DCBEVT2
0000c882   _PWM_setTripZoneState_DCBEVT1
0000c88e   _PWM_setTripZoneState_DCAEVT2
0000c89a   _PWM_setTripZoneState_DCAEVT1
0000c8a6   _PWM_setTripZoneDCEventSelect_DCBEVT2
0000c8b2   _PWM_setTripZoneDCEventSelect_DCBEVT1
0000c8be   _PWM_setTripZoneDCEventSelect_DCAEVT2
0000c8ca   _PWM_setTripZoneDCEventSelect_DCAEVT1
0000c8d4   _PWM_setSyncMode
0000c8d8   _PWM_setSwSync
0000c8db   _PWM_setSocBPulseSrc
0000c8e4   _PWM_setSocBPeriod
0000c8ed   _PWM_setSocAPulseSrc
0000c8f7   _PWM_setSocAPeriod
0000c900   _PWM_setShadowMode_CmpB
0000c906   _PWM_setShadowMode_CmpA
0000c90c   _PWM_setRunMode
0000c910   _PWM_setPhaseDir
0000c914   _PWM_setPhase
0000c916   _PWM_setPeriodLoad
0000c91a   _PWM_setPeriodHr
0000c91f   _PWM_setPeriod
0000c921   _PWM_setLoadMode_CmpB
0000c927   _PWM_setLoadMode_CmpA
0000c92b   _PWM_setIntPeriod
0000c932   _PWM_setIntMode
0000c939   _PWM_setHrShadowMode
0000c943   _PWM_setHrEdgeMode
0000c94d   _PWM_setHrControlMode
0000c957   _PWM_setHighSpeedClkDiv
0000c95b   _PWM_setDigitalCompareInput
0000c96a   _PWM_setDigitalCompareFilterWindow
0000c96d   _PWM_setDigitalCompareFilterSource
0000c977   _PWM_setDigitalCompareFilterOffset
0000c97a   _PWM_setDigitalCompareBlankingPulse
0000c986   _PWM_setDigitalCompareBEvent2
0000c996   _PWM_setDigitalCompareBEvent1
0000c9ad   _PWM_setDigitalCompareAEvent2
0000c9bd   _PWM_setDigitalCompareAEvent1
0000c9d4   _PWM_setDeadBandRisingEdgeDelay
0000c9d7   _PWM_setDeadBandPolarity
0000c9de   _PWM_setDeadBandOutputMode
0000c9e5   _PWM_setDeadBandInputMode
0000c9ec   _PWM_setDeadBandFallingEdgeDelay
0000c9ef   _PWM_setCounterMode
0000c9f3   _PWM_setCount
0000c9f5   _PWM_setClkDiv
0000c9f9   _PWM_setChoppingPulseWidth
0000ca00   _PWM_setChoppingDutyCycle
0000ca07   _PWM_setChoppingClkFreq
0000ca0e   _PWM_setActionQual_Zero_PwmB
0000ca15   _PWM_setActionQual_Zero_PwmA
0000ca1c   _PWM_setActionQual_Period_PwmB
0000ca25   _PWM_setActionQual_Period_PwmA
0000ca2e   _PWM_setActionQual_CntUp_CmpB_PwmB
0000ca37   _PWM_setActionQual_CntUp_CmpB_PwmA
0000ca40   _PWM_setActionQual_CntUp_CmpA_PwmB
0000ca49   _PWM_setActionQual_CntUp_CmpA_PwmA
0000ca52   _PWM_setActionQual_CntDown_CmpB_PwmB
0000ca5b   _PWM_setActionQual_CntDown_CmpB_PwmA
0000ca64   _PWM_setActionQual_CntDown_CmpA_PwmB
0000ca6d   _PWM_setActionQual_CntDown_CmpA_PwmA
0000ca76   _PWM_setActionQualContSWForce_PwmB
0000ca7f   _PWM_setActionQualContSWForce_PwmA
0000ca86   _PWM_init
0000ca8c   _PWM_incrementDeadBandRisingEdgeDelay
0000ca8f   _PWM_incrementDeadBandFallingEdgeDelay
0000ca92   _PWM_getSocBCount
0000ca97   _PWM_getSocACount
0000ca9c   _PWM_getShadowStatus_CmpB
0000caa0   _PWM_getShadowStatus_CmpA
0000caa4   _PWM_getIntCount
0000caa8   _PWM_getDeadBandRisingEdgeDelay
0000caab   _PWM_getDeadBandFallingEdgeDelay
0000caae   _PWM_enableTripZoneSrc
0000cab4   _PWM_enableTripZoneInt
0000caba   _PWM_enableSocBPulse
0000cabe   _PWM_enableSocAPulse
0000cac2   _PWM_enableInt
0000cac6   _PWM_enableHrPhaseSync
0000cacd   _PWM_enableHrPeriod
0000cad4   _PWM_enableDigitalCompareBlankingWindowInversion
0000cadb   _PWM_enableDigitalCompareBlankingWindow
0000cae2   _PWM_enableDeadBandHalfCycle
0000cae6   _PWM_enableCounterLoad
0000cae9   _PWM_enableChopping
0000caed   _PWM_enableAutoConvert
0000caf4   _PWM_disableTripZones
0000cafa   _PWM_disableTripZoneSrc
0000cb01   _PWM_disableTripZoneInt
0000cb08   _PWM_disableSocBPulse
0000cb0c   _PWM_disableSocAPulse
0000cb10   _PWM_disableInt
0000cb14   _PWM_disableHrPhaseSync
0000cb1b   _PWM_disableHrPeriod
0000cb22   _PWM_disableDigitalCompareBlankingWindowInversion
0000cb29   _PWM_disableDigitalCompareBlankingWindow
0000cb30   _PWM_disableDeadBandHalfCycle
0000cb34   _PWM_disableDeadBand
0000cb37   _PWM_disableCounterLoad
0000cb3a   _PWM_disableChopping
0000cb3e   _PWM_disableAutoConvert
0000cb45   _PWM_decrementDeadBandRisingEdgeDelay
0000cb48   _PWM_decrementDeadBandFallingEdgeDelay
0000cb4b   _PWM_clearTripZone
0000cb51   _main
0000d07c   _mainISR
0000d244   _UART_TxReadyISR
0000d26b   _UART_RxISR
0000d299   _Timer1ISR
0000d2b9   _ADC_setupSocTrigSrc
0000d2e4   _ADC_setVoltRefSrc
0000d2f6   _ADC_setTempSensorSrc
0000d308   _ADC_setSocTrigSrc
0000d31b   _ADC_setSocSampleDelay
0000d32e   _ADC_setSocFrcWord
0000d335   _ADC_setSocFrc
0000d33f   _ADC_setSocChanNumber
0000d352   _ADC_setSampleOverlapMode
0000d367   _ADC_setSampleMode
0000d37f   _ADC_setOffTrim
0000d386   _ADC_setIntSrc
0000d3a3   _ADC_setIntPulseGenMode
0000d3b5   _ADC_setIntMode
0000d3d2   _ADC_setDivideSelect
0000d3e4   _ADC_reset
0000d3ef   _ADC_powerUp
0000d3fa   _ADC_powerDown
0000d405   _ADC_init
0000d40c   _ADC_getDivideSelect
0000d414   _ADC_enableVoltRefLoConv
0000d41f   _ADC_enableRefBuffers
0000d42a   _ADC_enableNoOverlapMode
0000d435   _ADC_enableInt
0000d44c   _ADC_enableBandGap
0000d457   _ADC_enable
0000d462   _ADC_disableVoltRefLoConv
0000d46d   _ADC_disableRefBuffers
0000d478   _ADC_disableNoOverlapMode
0000d483   _ADC_disableInt
0000d49e   _ADC_disableBandGap
0000d4a9   _ADC_disable
0000d4b4   _Motor_init
0000d4ba   _MOTOR_setMotorFlag
0000d568   _MOTOR_getMotorFlag
0000d5a9   _MOTOR_getMaxCurrent
0000d5ae   _MOTOR_SpinTAC_Vars_Init
0000d614   _MOTOR_MotorVars_Init
0000d69e   _MOTOR_CtrlVersion_Init
0000d6a8   _STPOSCONV_run
0000d89a   _GPIO_toggle
0000d8ad   _GPIO_setQualificationPeriod
0000d8f4   _GPIO_setQualification
0000d934   _GPIO_setPullup
0000d94f   _GPIO_setPortData
0000d95b   _GPIO_setMode
0000d995   _GPIO_setLow
0000d9a8   _GPIO_setHigh
0000d9bb   _GPIO_setExtInt
0000d9c6   _GPIO_setDirection
0000d9e1   _GPIO_read
0000da07   _GPIO_lpmSelect
0000da11   _GPIO_init
0000da17   _GPIO_getPortData
0000da1e   _GPIO_getData
0000da2e   _ENC_setup
0000dada   _ENC_run
0000db86   _ENC_init
0000db8d   _ENC_getSpeedRPM
0000db99   _ENC_calcElecAngle
0000dbba   _CLK_setXClkInSrc
0000dbc1   _CLK_setWatchDogSrc
0000dbc8   _CLK_setTimer2Src
0000dbcf   _CLK_setTimer2PreScale
0000dbd6   _CLK_setOscSrc
0000dbdd   _CLK_setOsc2Src
0000dbe4   _CLK_setLowSpdPreScaler
0000dbea   _CLK_setClkOutPreScaler
0000dbf1   _CLK_init
0000dbf7   _CLK_enableWatchDogHaltMode
0000dbfd   _CLK_enableTbClockSync
0000dc04   _CLK_enableSpibClock
0000dc0b   _CLK_enableSpiaClock
0000dc12   _CLK_enableScibClock
0000dc19   _CLK_enableSciaClock
0000dc20   _CLK_enablePwmClock
0000dc29   _CLK_enableOsc2HaltMode
0000dc2f   _CLK_enableOsc2
0000dc35   _CLK_enableOsc1HaltMode
0000dc3b   _CLK_enableOsc1
0000dc41   _CLK_enableLinAClock
0000dc48   _CLK_enableI2cClock
0000dc4f   _CLK_enableHrPwmClock
0000dc56   _CLK_enableGpioInputClock
0000dc5d   _CLK_enableEqep2Clock
0000dc64   _CLK_enableEqep1Clock
0000dc6b   _CLK_enableEcap1Clock
0000dc72   _CLK_enableEcanaClock
0000dc79   _CLK_enableCrystalOsc
0000dc7f   _CLK_enableCpuTimerClock
0000dc85   _CLK_enableCompClock
0000dc8b   _CLK_enableClkIn
0000dc91   _CLK_enableClaClock
0000dc98   _CLK_enableAdcClock
0000dc9f   _CLK_disableWatchDogHaltMode
0000dca5   _CLK_disableTbClockSync
0000dcac   _CLK_disableSpibClock
0000dcb0   _CLK_disableSpiaClock
0000dcb7   _CLK_disableScibClock
0000dcbe   _CLK_disableSciaClock
0000dcc5   _CLK_disablePwmClock
0000dccf   _CLK_disableOsc2HaltMode
0000dcd5   _CLK_disableOsc2
0000dcdb   _CLK_disableOsc1HaltMode
0000dce1   _CLK_disableOsc1
0000dce7   _CLK_disableLinAClock
0000dcee   _CLK_disableI2cClock
0000dcf5   _CLK_disableHrPwmClock
0000dcfc   _CLK_disableGpioInputClock
0000dd03   _CLK_disableEqep2Clock
0000dd0a   _CLK_disableEqep1Clock
0000dd11   _CLK_disableEcap1Clock
0000dd18   _CLK_disableEcanaClock
0000dd1f   _CLK_disableCrystalOsc
0000dd25   _CLK_disableCpuTimerClock
0000dd2c   _CLK_disableCompClock
0000dd30   _CLK_disableClkIn
0000dd36   _CLK_disableClaClock
0000dd3d   _CLK_disableAdcClock
0000dd44   _PIE_unregisterSystemIntHandler
0000dd51   _PIE_unregisterPieIntHandler
0000dd62   _PIE_setExtIntPolarity
0000dd72   _PIE_setDefaultIntVectorTable
0000dd7e   _PIE_registerSystemIntHandler
0000dd89   _PIE_registerPieIntHandler
0000dd98   _PIE_init
0000dd9f   _PIE_getIntFlags
0000dda6   _PIE_getIntEnables
0000ddad   _PIE_getExtIntCount
0000ddb5   _PIE_forceInt
0000ddbf   _PIE_enableTimer0Int
0000ddc2   _PIE_enablePwmTzInt
0000ddc7   _PIE_enablePwmInt
0000ddcc   _PIE_enableInt
0000ddd6   _PIE_enableExtInt
0000ddf9   _PIE_enableCaptureInt
0000ddfd   _PIE_enableAdcInt
0000de19   _PIE_enable
0000de1c   _PIE_disableInt
0000de27   _PIE_disableExtInt
0000de34   _PIE_disableCaptureInt
0000de38   _PIE_disableAllInts
0000de42   _PIE_disable
0000de45   _PIE_clearAllInts
0000de48   _PIE_clearAllFlags
0000de52   _SCI_setTxFifoIntLevel
0000de59   _SCI_setTxDelay
0000de60   _SCI_setRxFifoIntLevel
0000de67   _SCI_setPriority
0000de6a   _SCI_setParity
0000de6e   _SCI_setNumStopBits
0000de72   _SCI_setMode
0000de76   _SCI_setCharLength
0000de7a   _SCI_setBaudRate
0000de80   _SCI_resetTxFifo
0000de8a   _SCI_resetRxFifo
0000de94   _SCI_resetChannels
0000de9e   _SCI_reset
0000dea1   _SCI_putDataNonBlocking
0000dea9   _SCI_putDataBlocking
0000deae   _SCI_init
0000deb4   _SCI_getTxFifoStatus
0000deb8   _SCI_getRxFifoStatus
0000debc   _SCI_getDataNonBlocking
0000dec5   _SCI_getDataBlocking
0000dec9   _SCI_enableTxWake
0000decc   _SCI_enableTxInt
0000decf   _SCI_enableTxFifoInt
0000ded3   _SCI_enableTxFifoEnh
0000ded7   _SCI_enableTxFifo
0000dedb   _SCI_enableTx
0000dede   _SCI_enableSleep
0000dee1   _SCI_enableRxInt
0000dee4   _SCI_enableRxFifoInt
0000dee8   _SCI_enableRxFifo
0000deec   _SCI_enableRxErrorInt
0000deef   _SCI_enableRx
0000def2   _SCI_enableParity
0000def5   _SCI_enableLoopBack
0000def8   _SCI_enableChannels
0000defc   _SCI_enableAutoBaudAlign
0000df00   _SCI_enable
0000df03   _SCI_disableTxWake
0000df06   _SCI_disableTxInt
0000df09   _SCI_disableTxFifoInt
0000df0d   _SCI_disableTxFifoEnh
0000df11   _SCI_disableTx
0000df14   _SCI_disableSleep
0000df17   _SCI_disableRxInt
0000df1a   _SCI_disableRxFifoInt
0000df1e   _SCI_disableRxErrorInt
0000df21   _SCI_disableRx
0000df24   _SCI_disableParity
0000df27   _SCI_disableLoopBack
0000df2a   _SCI_disableAutoBaudAlign
0000df2e   _SCI_disable
0000df31   _SCI_clearTxFifoInt
0000df35   _SCI_clearRxFifoOvf
0000df39   _SCI_clearRxFifoInt
0000df3d   _SCI_clearAutoBaudDetect
0000df41   _STPOSPLAN_init
0000dfab   _PLL_setLockPeriod
0000dfb0   _PLL_setDivideSelect
0000dfb7   _PLL_setClkFreq
0000dfbd   _PLL_resetClkDetect
0000dfc3   _PLL_init
0000dfc9   _PLL_getLockStatus
0000dfcc   _PLL_getDivideSelect
0000dfcf   _PLL_getClkStatus
0000dfd2   _PLL_getClkFreq
0000dfd6   _PLL_enableOsc
0000dfdc   _PLL_enableNormRdy
0000dfe2   _PLL_enableClkDetect
0000dfe8   _PLL_enable
0000dfee   _PLL_disableOsc
0000dff4   _PLL_disableNormRdy
0000dffa   _PLL_disableClkDetect
0000e000   _PLL_disable
0000e006   _STPOSMOVE_init
0000e058   _PWR_setNumStandByClocks
0000e06a   _PWR_setLowPowerMode
0000e07c   _PWR_init
0000e083   _PWR_enableWatchDogInt
0000e08e   _PWR_enableBrownOutReset
0000e091   _PWR_disableWatchDogInt
0000e09c   _PWR_disableBrownOutReset
0000e09f   _WDOG_setPreScaler
0000e0a9   _WDOG_setCount
0000e0ab   _WDOG_init
0000e0b1   _WDOG_getIntStatus
0000e0b4   _WDOG_enableOverRide
0000e0ba   _WDOG_enableInt
0000e0c0   _WDOG_enable
0000e0c9   _WDOG_disableOverRide
0000e0cf   _WDOG_disableInt
0000e0d5   _WDOG_disable
0000e0dd   _WDOG_clearCounter
0000e0e5   _OFFSET_setOffset
0000e0e7   _OFFSET_setInitCond
0000e0f6   _OFFSET_setBeta
0000e10c   _OFFSET_init
0000e11d   _OFFSET_getBeta
0000e12a   _c_int00
0000e16e   _STPOSCTL_init
0000e1b1   _ST_addPosRollOver
0000e1ed   _STPOSCONV_init
0000e222   _TIMER_setPreScaler
0000e230   _TIMER_setEmulationMode
0000e234   _TIMER_setDecimationFactor
0000e242   _TIMER_init
0000e248   _TIMER_getStatus
0000e24b   _TIMER_enableInt
0000e24e   _TIMER_disableInt
0000e251   _TIMER_clearFlag
0000e254   _ST_initVersion
0000e285   _OSC_setTrim
0000e28e   _OSC_setFineTrim
0000e29f   _OSC_setCoarseTrim
0000e2ac   _OSC_init
0000e2b2   _CPU_init
0000e2b8   _CPU_enableProtectedRegisterWrite
0000e2bb   _CPU_enableInt
0000e2bf   _CPU_enableGlobalInts
0000e2c2   _CPU_enableDebugInt
0000e2c5   _CPU_disableProtectedRegisterWrite
0000e2c8   _CPU_disableInts
0000e2cb   _CPU_disableInt
0000e2d0   _CPU_disableGlobalInts
0000e2d3   _CPU_disableDebugInt
0000e2d6   _CPU_clearIntFlags
0000e2d9   _FILTER_FO_setNumCoeffs
0000e2dd   _FILTER_FO_setInitialConditions
0000e2e2   _FILTER_FO_setDenCoeffs
0000e2e4   _FILTER_FO_init
0000e2ea   _FILTER_FO_getNumCoeffs
0000e2f0   _FILTER_FO_getInitialConditions
0000e2f7   _FILTER_FO_getDenCoeffs
0000e2fa   FS$$TOUL
0000e31b   _FLASH_init
0000e321   _FLASH_getStandbyWaitStatus
0000e325   _FLASH_getStandbyWaitCount
0000e328   _FLASH_getPowerMode
0000e32b   _FLASH_getActiveWaitStatus
0000e32f   _FLASH_getActiveWaitCount
0000e332   _FLASH_get3VStatus
0000e335   _FLASH_clear3VStatus
0000e33b   FS$$TOU
0000e358   __args_main
0000e371   C$$EXIT
0000e371   _abort
0000e373   _exit
0000e38a   _SLIP_setup
0000e392   _SLIP_run
0000e39d   _SLIP_init
0000e3a3   __register_unlock
0000e3a7   __register_lock
0000e3ab   __nop
0000e3b4   _Brake_init
0000e3ba   _FS_init
0000e3c0   _QEP_init
0000e3c6   _PIE_illegalIsr
0000e3cb   ___etext__
0000e3cb   etext
0000e3e2   __unlock
0000e3e4   __lock
0000e3e6   ___TI_cleanup_ptr
0000e3e8   ___TI_dtors_ptr
0000e3ea   _cpu
0000e402   _gLEDcnt
0000e404   _ctrlHandle
0000e406   _proctrlHandle
0000e408   _controller_obj
0000e40a   _halHandle
0000e440   _gUserParams
0000e500   _MyProcessCtrl
0000e940   _hal
0000ea40   _FSM_State_Box
0000ea8c   _aucCRCHi
0000eb8c   _aucCRCLo
0000ec8c   _MOTOR_DATA
0000ed26   _JM_FSM_Vars
0000ed80   _BOARD_Params
0000edb8   _JM_FSM_MotorFunc
0000ee04   _FSM_ActionFunc
0000ee1a   _FSM_CondFunc
0000ee30   _FSM_MaxTorque
0000ee40   _DE5_Board_Bias
0000ee4c   _FSM_EventTab
0000ee7c   __IQ24frac
0000ee87   __IQ7frac
0000ee92   __IQ24int
0000ee9b   __IQ7int
003f8000   _log
003f81d6   FD$$MPY
003f8259   FS$$DIV
003f82dc   _pow
003f835f   FS$$SUB
003f8364   FS$$ADD
003f83d7   FS$$MPY
003f8472   _modf
003f84a3   L$$DIV
003f84b2   L$$MOD
003f84cd   FS$$TOL
003f84f6   FS$$TOI
003f853d   FD$$TOL
003f8579   FS$$TOFD
003f8595   I$$TOFS
003f85af   L$$TOFS
003f85c9   FS$$CMP
003f85f3   UL$$TOFS
003f8606   U$$TOFS
003f8616   FS$$NEG
003f861b   _EST_getState
003f861d   _EST_useZeroIq_ref
003f8679   _EST_isMotorIdentified
003f86ad   _EST_computeDirection_qFmt
003f8713   _EST_updateState
003f89f5   _EST_updateId_ref_pu
003f8a18   _EST_setRs_pu
003f8adb   _EST_setMaxCurrentSlope_pu
003f8ae7   _EST_setLs_q_pu
003f8af1   _EST_setLs_qFmt
003f8b45   _EST_setLs_d_pu
003f8b63   _EST_setIq_ref_pu
003f8b67   _EST_setIdle_all
003f8b7a   _EST_setIdle
003f8b80   _EST_setId_ref_pu
003f8bd3   _EST_setFlag_enableRsRecalc
003f8bdb   _EST_setFlag_enableForceAngle
003f8be4   _EST_setFe_pos_min_pu
003f8be8   _EST_setFe_neg_max_pu
003f8bf5   _EST_setDir_qFmt
003f8c0d   _EST_getAngle_pu
003f927b   _EST_run
003f9378   _EST_isOnLine
003f937f   _EST_isLockRotor
003f9386   _EST_isIdle
003f938d   _EST_isError
003f9458   _EST_get_krpm_to_pu_sf
003f9513   _EST_getRs_Ohm
003f95ad   _EST_getRr_Ohm
003f95b3   _EST_getOneOverDcBus_pu
003f95bd   _EST_getMaxCurrentSlope_pu
003f95c9   _EST_getLs_q_pu
003f95ce   _EST_getLs_q_H
003f95f0   _EST_getLs_d_pu
003f95f5   _EST_getLs_d_H
003f95ff   _EST_getLs_coarse_max_pu
003f9632   _EST_getIdRated
003f968e   _EST_getFm_pu
003f96ab   _EST_getFlux_pu
003f96be   _EST_getFlux_VpHz
003f9758   _EST_doSpeedCtrl
003f9760   _EST_doCurrentCtrl
003f9806   _CTRL_setupTraj
003f996a   _CTRL_setupEstOnLineState
003f99a5   _CTRL_setupEstIdleState
003f9b43   _CTRL_setupCtrl
003f9d31   _CTRL_setUserMotorParams
003f9e64   _CTRL_setEstParams
003fa5d1   _CTRL_runTraj
003fa6fb   _CTRL_initCtrl
003fa721   _CTRL_getVersion
003fb65f   _s1_calc
003fb9ad   _s0_conf
003fb9dd   _s0_calc
003fbae7   _s2_calc
003fbb85   _s4_calc
003fbc34   _s4_conf
003fbc58   _s4_reset
003fbc6d   _spintac_rom_ver
003fec6c   __IQ20div
003fecb3   __IQ24div
003fee98   __IQ20sqrt
003feeda   __IQ24sqrt
003fef5e   __IQ20exp
003fef9b   __IQ24exp
003ff15a   __IQ24sinPU
003ff183   __IQ24cosPU
003ff1e8   __IQ30toF
003ff209   __IQ20log
003ff2a6   __IQ24log
ffffffff   ___binit__
ffffffff   ___c_args__
ffffffff   ___pinit__
ffffffff   binit
ffffffff   pinit

[752 symbols]
