******************************************************************************
             TMS320C2000 Linker PC v6.2.5                      
******************************************************************************
>> Linked Mon Jul 31 17:01:16 2017

OUTPUT FILE NAME:   <proj_lab13c.out>
ENTRY POINT SYMBOL: "_c_int00"  address: 0000cc22


MEMORY CONFIGURATION

         name            origin    length      used     unused   attr    fill
----------------------  --------  ---------  --------  --------  ----  --------
PAGE 0:
  BEGIN                 00000000   00000002  00000002  00000000  RWIX
  RAMM0                 00000050   000003b0  00000110  000002a0  RWIX
  RAML0_L8              00008000   0000b800  0000559c  00006264  RWIX
  FPUTABLES             003fd590   000006a0  00000000  000006a0  RWIX
  IQTABLES              003fdc30   00000b50  00000000  00000b50  RWIX
  IQTABLES2             003fe780   0000008c  00000000  0000008c  RWIX
  IQTABLES3             003fe80c   000000aa  00000000  000000aa  RWIX
  BOOTROM               003ff3b0   00000c10  00000000  00000c10  RWIX
  RESET                 003fffc0   00000002  00000000  00000002  RWIX

PAGE 1:
  BOOT_RSVD             00000002   0000004e  00000000  0000004e  RWIX
  RAMM1                 00000400   00000400  000003b0  00000050  RWIX
  USB_RAM               00040000   00000800  00000000  00000800  RWIX


SECTION ALLOCATION MAP

 output                                  attributes/
section   page    origin      length       input sections
--------  ----  ----------  ----------   ----------------
codestart 
*          0    00000000    00000002     
                  00000000    00000002     CodeStartBranch.obj (codestart)

.pinit     0    00000050    00000000     UNINITIALIZED

.cinit     0    00000050    000000bc     
                  00000050    000000a6     proj_lab13c.obj (.cinit)
                  000000f6    0000000a     rts2800_ml.lib : _lock.obj (.cinit)
                  00000100    0000000a                    : exit.obj (.cinit)
                  0000010a    00000002     --HOLE-- [fill = 0]

ramfuncs   0    0000010c    00000036     
                  0000010c    00000032     flash.obj (ramfuncs)
                  0000013e    00000004     usDelay.obj (ramfuncs)

.switch    0    00000142    0000001e     
                  00000142    0000001e     SpinTAC.lib : spintac_pos_plan.obj (.switch:_stPlanCondComp)

.text      0    00008000    00004f60     
                  00008000    00000e8f     SpinTAC.lib : spintac_pos_move.obj (.text:_STPOSMOVE_run)
                  00008e8f    00000a55     hal.obj (.text)
                  000098e4    0000090d     ctrlQEP.obj (.text)
                  0000a1f1    0000087f     proj_lab13c.obj (.text)
                  0000aa70    00000466     user.obj (.text)
                  0000aed6    0000039d     SpinTAC.lib : spintac_pos_ctl.obj (.text:_STPOSCTL_run)
                  0000b273    00000304                 : spintac_pos_plan.obj (.text:_STPOSPLAN_run)
                  0000b577    000002f1     pwm.obj (.text)
                  0000b868    00000273     SpinTAC.lib : spintac_pos_move.obj (.text:_s31_calc)
                  0000badb    000001fb     adc.obj (.text)
                  0000bcd6    000001f2     SpinTAC.lib : spintac_pos_conv.obj (.text:_STPOSCONV_run)
                  0000bec8    00000194     gpio.obj (.text)
                  0000c05c    0000018c     enc.obj (.text)
                  0000c1e8    0000018a     clk.obj (.text)
                  0000c372    00000131     SpinTAC.lib : spintac_pos_plan.obj (.text:_STPOSPLAN_reset)
                  0000c4a3    00000127                 : spintac_pos_plan.obj (.text:_STPOSPLAN_addCfgTran)
                  0000c5ca    0000010e     pie.obj (.text)
                  0000c6d8    00000107     proj_lab13c.obj (.text:retain)
                  0000c7df    000000ae     SpinTAC.lib : spintac_pos_plan.obj (.text:_stPlanCondComp)
                  0000c88d    00000080                 : spintac_pos_plan.obj (.text:_STPOSPLAN_setCfgArray)
                  0000c90d    00000079                 : spintac_pos_plan.obj (.text:_STPOSPLAN_addCfgState)
                  0000c986    0000006d                 : spintac_pos_plan.obj (.text:_STPOSPLAN_setCfgHaltState)
                  0000c9f3    0000006a                 : spintac_pos_plan.obj (.text:_STPOSPLAN_init)
                  0000ca5d    0000005b     pll.obj (.text)
                  0000cab8    00000052     SpinTAC.lib : spintac_pos_move.obj (.text:_STPOSMOVE_init)
                  0000cb0a    00000047     pwr.obj (.text)
                  0000cb51    00000046     SpinTAC.lib : spintac_pos_plan.obj (.text:_ST_genTranIndices)
                  0000cb97    00000046     wdog.obj (.text)
                  0000cbdd    00000045     offset.obj (.text)
                  0000cc22    00000044     rts2800_ml.lib : boot.obj (.text)
                  0000cc66    00000043     SpinTAC.lib : spintac_pos_ctl.obj (.text:_STPOSCTL_init)
                  0000cca9    0000003c                 : spintac_pos_roadd.obj (.text:_ST_addPosRollOver)
                  0000cce5    00000035                 : spintac_pos_conv.obj (.text:_STPOSCONV_init)
                  0000cd1a    00000032     timer.obj (.text)
                  0000cd4c    00000031     SpinTAC.lib : spintac_version.obj (.text:_ST_initVersion)
                  0000cd7d    00000031                 : spintac_pos_plan.obj (.text:_ST_sortTranArray)
                  0000cdae    0000002d     osc.obj (.text)
                  0000cddb    00000027     cpu.obj (.text)
                  0000ce02    00000025     SpinTAC.lib : spintac_pos_plan.obj (.text:_STPOSPLAN_setCfg)
                  0000ce27    00000022                 : spintac_pos_plan.obj (.text:_STPOSPLAN_runTick)
                  0000ce49    00000022                 : spintac_pos_plan.obj (.text:_ST_swapTran)
                  0000ce6b    00000021     filter_fo.obj (.text)
                  0000ce8c    00000021     rts2800_ml.lib : fs_toul.obj (.text)
                  0000cead    00000020     flash.obj (.text)
                  0000cecd    0000001d     rts2800_ml.lib : fs_tou.obj (.text)
                  0000ceea    00000019                    : args_main.obj (.text)
                  0000cf03    00000019                    : exit.obj (.text)
                  0000cf1c    00000019     slip.obj (.text)
                  0000cf35    0000000f     SpinTAC.lib : spintac_pos_plan.obj (.text:_STPOSPLAN_setUnitProfDone)
                  0000cf44    00000009     rts2800_ml.lib : _lock.obj (.text)
                  0000cf4d    00000008     CodeStartBranch.obj (.text)
                  0000cf55    00000006     qep.obj (.text)
                  0000cf5b    00000005     pie.obj (.text:retain)

.ebss      0    0000cf60    000005fc     UNINITIALIZED
                  0000cf60    00000004     rts2800_ml.lib : _lock.obj (.ebss)
                  0000cf64    00000004                    : exit.obj (.ebss)
                  0000cf68    00000001     cpu.obj (.ebss)
                  0000cf69    00000017     --HOLE--
                  0000cf80    00000508     proj_lab13c.obj (.ebss)
                  0000d488    00000038     --HOLE--
                  0000d4c0    0000009c     hal.obj (.ebss)

.econst    0    0000d55c    0000002c     
                  0000d55c    0000001c     ctrlQEP.obj (.econst)
                  0000d578    00000008     user.obj (.econst)
                  0000d580    00000004     hal.obj (.econst)
                  0000d584    00000004     proj_lab13c.obj (.econst)

IQmath     0    0000d588    00000014     
                  0000d588    0000000b     IQmath.lib : IQ24frac.obj (IQmath)
                  0000d593    00000009                : IQ24int.obj (IQmath)

.reset     0    003fffc0    00000002     DSECT
                  003fffc0    00000002     rts2800_ml.lib : boot.obj (.reset)

.stack     1    00000400    000003b0     UNINITIALIZED
                  00000400    000003b0     --HOLE--


GLOBAL DATA SYMBOLS: SORTED BY DATA PAGE

address     data page           name
--------    ----------------    ----
00000400      10 (00000400)     __stack

0000cf60     33d (0000cf40)     __unlock
0000cf62     33d (0000cf40)     __lock
0000cf64     33d (0000cf40)     ___TI_cleanup_ptr
0000cf66     33d (0000cf40)     ___TI_dtors_ptr
0000cf68     33d (0000cf40)     _cpu

0000cf80     33e (0000cf80)     _gPosPlanRunFlag
0000cf81     33e (0000cf80)     _gState
0000cf83     33e (0000cf80)     _gCounter_updateGlobals
0000cf84     33e (0000cf80)     _Flag_Latch_softwareUpdate
0000cf85     33e (0000cf80)     _gLEDcnt
0000cf86     33e (0000cf80)     _gFlux_pu_to_Wb_sf
0000cf88     33e (0000cf80)     _gFlux_pu_to_VpHz_sf
0000cf8a     33e (0000cf80)     _gTorque_Flux_Iq_pu_to_Nm_sf
0000cf8c     33e (0000cf80)     _gTorque_Ls_Id_Iq_pu_to_Nm_sf
0000cf8e     33e (0000cf80)     _slipHandle
0000cf90     33e (0000cf80)     _halHandle
0000cf92     33e (0000cf80)     _gMaxCurrentSlope
0000cf94     33e (0000cf80)     _encHandle
0000cf96     33e (0000cf80)     _controller_obj
0000cf98     33e (0000cf80)     _ctrlHandle
0000cf9a     33e (0000cf80)     _stHandle
0000cf9c     33e (0000cf80)     _gPwmData
0000cfa2     33e (0000cf80)     _slip
0000cfac     33e (0000cf80)     _gAdcData

0000cfc0     33f (0000cfc0)     _stPosPlanCfgArray

0000d040     341 (0000d040)     _gMotorVars

0000d0c0     343 (0000d0c0)     _gUserParams

0000d180     346 (0000d180)     _enc

0000d2c0     34b (0000d2c0)     _st_obj

0000d4c0     353 (0000d4c0)     _hal

0000d588     356 (0000d580)     __IQ24frac
0000d593     356 (0000d580)     __IQ24int


GLOBAL SYMBOLS: SORTED ALPHABETICALLY BY Name 

address    name
--------   ----
00008000   .text
0000cf03   C$$EXIT
003f81d6   FD$$MPY
003f853d   FD$$TOL
003f8364   FS$$ADD
003f85c9   FS$$CMP
003f8259   FS$$DIV
003f83d7   FS$$MPY
003f8616   FS$$NEG
003f8579   FS$$TOFD
003f84f6   FS$$TOI
003f84cd   FS$$TOL
0000cecd   FS$$TOU
0000ce8c   FS$$TOUL
003f8595   I$$TOFS
003f84a3   L$$DIV
003f84b2   L$$MOD
003f85af   L$$TOFS
003f8606   U$$TOFS
003f85f3   UL$$TOFS
0000bccb   _ADC_disable
0000bcc0   _ADC_disableBandGap
0000bca5   _ADC_disableInt
0000bc9a   _ADC_disableNoOverlapMode
0000bc8f   _ADC_disableRefBuffers
0000bc84   _ADC_disableVoltRefLoConv
0000bc79   _ADC_enable
0000bc6e   _ADC_enableBandGap
0000bc57   _ADC_enableInt
0000bc4c   _ADC_enableNoOverlapMode
0000bc41   _ADC_enableRefBuffers
0000bc36   _ADC_enableVoltRefLoConv
0000bc2e   _ADC_getDivideSelect
0000bc27   _ADC_init
0000bc1c   _ADC_powerDown
0000bc11   _ADC_powerUp
0000bc06   _ADC_reset
0000bbf4   _ADC_setDivideSelect
0000bbd7   _ADC_setIntMode
0000bbc5   _ADC_setIntPulseGenMode
0000bba8   _ADC_setIntSrc
0000bba1   _ADC_setOffTrim
0000bb89   _ADC_setSampleMode
0000bb74   _ADC_setSampleOverlapMode
0000bb61   _ADC_setSocChanNumber
0000bb57   _ADC_setSocFrc
0000bb50   _ADC_setSocFrcWord
0000bb3d   _ADC_setSocSampleDelay
0000bb2a   _ADC_setSocTrigSrc
0000bb18   _ADC_setTempSensorSrc
0000bb06   _ADC_setVoltRefSrc
0000badb   _ADC_setupSocTrigSrc
0000c36b   _CLK_disableAdcClock
0000c364   _CLK_disableClaClock
0000c35e   _CLK_disableClkIn
0000c35a   _CLK_disableCompClock
0000c353   _CLK_disableCpuTimerClock
0000c34d   _CLK_disableCrystalOsc
0000c346   _CLK_disableEcanaClock
0000c33f   _CLK_disableEcap1Clock
0000c338   _CLK_disableEqep1Clock
0000c331   _CLK_disableEqep2Clock
0000c32a   _CLK_disableGpioInputClock
0000c323   _CLK_disableHrPwmClock
0000c31c   _CLK_disableI2cClock
0000c315   _CLK_disableLinAClock
0000c30f   _CLK_disableOsc1
0000c309   _CLK_disableOsc1HaltMode
0000c303   _CLK_disableOsc2
0000c2fd   _CLK_disableOsc2HaltMode
0000c2f3   _CLK_disablePwmClock
0000c2ec   _CLK_disableSciaClock
0000c2e5   _CLK_disableScibClock
0000c2de   _CLK_disableSpiaClock
0000c2da   _CLK_disableSpibClock
0000c2d3   _CLK_disableTbClockSync
0000c2cd   _CLK_disableWatchDogHaltMode
0000c2c6   _CLK_enableAdcClock
0000c2bf   _CLK_enableClaClock
0000c2b9   _CLK_enableClkIn
0000c2b3   _CLK_enableCompClock
0000c2ad   _CLK_enableCpuTimerClock
0000c2a7   _CLK_enableCrystalOsc
0000c2a0   _CLK_enableEcanaClock
0000c299   _CLK_enableEcap1Clock
0000c292   _CLK_enableEqep1Clock
0000c28b   _CLK_enableEqep2Clock
0000c284   _CLK_enableGpioInputClock
0000c27d   _CLK_enableHrPwmClock
0000c276   _CLK_enableI2cClock
0000c26f   _CLK_enableLinAClock
0000c269   _CLK_enableOsc1
0000c263   _CLK_enableOsc1HaltMode
0000c25d   _CLK_enableOsc2
0000c257   _CLK_enableOsc2HaltMode
0000c24e   _CLK_enablePwmClock
0000c247   _CLK_enableSciaClock
0000c240   _CLK_enableScibClock
0000c239   _CLK_enableSpiaClock
0000c232   _CLK_enableSpibClock
0000c22b   _CLK_enableTbClockSync
0000c225   _CLK_enableWatchDogHaltMode
0000c21f   _CLK_init
0000c218   _CLK_setClkOutPreScaler
0000c212   _CLK_setLowSpdPreScaler
0000c20b   _CLK_setOsc2Src
0000c204   _CLK_setOscSrc
0000c1fd   _CLK_setTimer2PreScale
0000c1f6   _CLK_setTimer2Src
0000c1ef   _CLK_setWatchDogSrc
0000c1e8   _CLK_setXClkInSrc
0000cdff   _CPU_clearIntFlags
0000cdfc   _CPU_disableDebugInt
0000cdf9   _CPU_disableGlobalInts
0000cdf4   _CPU_disableInt
0000cdf1   _CPU_disableInts
0000cdee   _CPU_disableProtectedRegisterWrite
0000cdeb   _CPU_enableDebugInt
0000cde8   _CPU_enableGlobalInts
0000cde4   _CPU_enableInt
0000cde1   _CPU_enableProtectedRegisterWrite
0000cddb   _CPU_init
0000a1b5   _CTRL_getGains
0000a1ad   _CTRL_getIab_filt_pu
0000a1a5   _CTRL_getIab_in_pu
0000a19d   _CTRL_getIdq_in_pu
0000a195   _CTRL_getIdq_ref_pu
0000a1ee   _CTRL_getMagCurrent_pu
0000a1eb   _CTRL_getMaximumSpeed_pu
0000a18d   _CTRL_getVab_in_pu
0000a185   _CTRL_getVab_out_pu
0000a17d   _CTRL_getVdq_out_pu
003fa721   _CTRL_getVersion
0000a174   _CTRL_getWaitTimes
003fa6fb   _CTRL_initCtrl
00009c55   _CTRL_run
003fa5d1   _CTRL_runTraj
003f9e64   _CTRL_setEstParams
000099f1   _CTRL_setGains
0000a1e5   _CTRL_setMagCurrent_pu
0000a1e8   _CTRL_setMaximumSpeed_pu
00009a19   _CTRL_setParams
000099de   _CTRL_setSpd_ref_krpm
000099db   _CTRL_setSpd_ref_pu
003f9d31   _CTRL_setUserMotorParams
000099d2   _CTRL_setWaitTimes
000099c8   _CTRL_setup
000099ac   _CTRL_setupClarke_I
00009996   _CTRL_setupClarke_V
003f9b43   _CTRL_setupCtrl
003f99a5   _CTRL_setupEstIdleState
003f996a   _CTRL_setupEstOnLineState
003f9806   _CTRL_setupTraj
000098e4   _CTRL_updateState
0000c1c7   _ENC_calcElecAngle
0000c1bb   _ENC_getSpeedRPM
0000c1b4   _ENC_init
0000c108   _ENC_run
0000c05c   _ENC_setup
003f9760   _EST_doCurrentCtrl
003f9758   _EST_doSpeedCtrl
003f8c0d   _EST_getAngle_pu
003f96be   _EST_getFlux_VpHz
003f96ab   _EST_getFlux_pu
003f968e   _EST_getFm_pu
003f9632   _EST_getIdRated
003f95ff   _EST_getLs_coarse_max_pu
003f95f5   _EST_getLs_d_H
003f95f0   _EST_getLs_d_pu
003f95ce   _EST_getLs_q_H
003f95c9   _EST_getLs_q_pu
003f95bd   _EST_getMaxCurrentSlope_pu
003f95b3   _EST_getOneOverDcBus_pu
003f95ad   _EST_getRr_Ohm
003f9513   _EST_getRs_Ohm
003f861b   _EST_getState
003f9458   _EST_get_krpm_to_pu_sf
003f938d   _EST_isError
003f9386   _EST_isIdle
003f937f   _EST_isLockRotor
003f8679   _EST_isMotorIdentified
003f9378   _EST_isOnLine
003f927b   _EST_run
003f8bdb   _EST_setFlag_enableForceAngle
003f8bd3   _EST_setFlag_enableRsRecalc
003f8b80   _EST_setId_ref_pu
003f8b7a   _EST_setIdle
003f8b67   _EST_setIdle_all
003f8b63   _EST_setIq_ref_pu
003f8b45   _EST_setLs_d_pu
003f8af1   _EST_setLs_qFmt
003f8ae7   _EST_setLs_q_pu
003f8adb   _EST_setMaxCurrentSlope_pu
003f8a18   _EST_setRs_pu
003f89f5   _EST_updateId_ref_pu
003f8713   _EST_updateState
003f861d   _EST_useZeroIq_ref
0000ce89   _FILTER_FO_getDenCoeffs
0000ce82   _FILTER_FO_getInitialConditions
0000ce7c   _FILTER_FO_getNumCoeffs
0000ce76   _FILTER_FO_init
0000ce74   _FILTER_FO_setDenCoeffs
0000ce6f   _FILTER_FO_setInitialConditions
0000ce6b   _FILTER_FO_setNumCoeffs
0000cec7   _FLASH_clear3VStatus
00000138   _FLASH_disablePipelineMode
00000132   _FLASH_enablePipelineMode
0000cec4   _FLASH_get3VStatus
0000cec1   _FLASH_getActiveWaitCount
0000cebd   _FLASH_getActiveWaitStatus
0000ceba   _FLASH_getPowerMode
0000ceb7   _FLASH_getStandbyWaitCount
0000ceb3   _FLASH_getStandbyWaitStatus
0000cead   _FLASH_init
0000012d   _FLASH_setActiveWaitCount
00000126   _FLASH_setNumPagedReadWaitStates
0000011f   _FLASH_setNumRandomReadWaitStates
00000118   _FLASH_setOtpWaitStates
00000111   _FLASH_setPowerMode
0000010c   _FLASH_setStandbyWaitCount
0000cf84   _Flag_Latch_softwareUpdate
0000c04c   _GPIO_getData
0000c045   _GPIO_getPortData
0000c03f   _GPIO_init
0000c035   _GPIO_lpmSelect
0000c00f   _GPIO_read
0000bff4   _GPIO_setDirection
0000bfe9   _GPIO_setExtInt
0000bfd6   _GPIO_setHigh
0000bfc3   _GPIO_setLow
0000bf89   _GPIO_setMode
0000bf7d   _GPIO_setPortData
0000bf62   _GPIO_setPullup
0000bf22   _GPIO_setQualification
0000bedb   _GPIO_setQualificationPeriod
0000bec8   _GPIO_toggle
000093ff   _HAL_AdcCalChanSelect
00009456   _HAL_AdcCalConversion
000095ae   _HAL_AdcOffsetSelfCal
00009673   _HAL_OscTempComp
000096c6   _HAL_cal
000098e0   _HAL_disableGlobalInts
000097f3   _HAL_disableWdog
000098ce   _HAL_enableAdcInts
000098ca   _HAL_enableDebugInt
000098c6   _HAL_enableGlobalInts
000098b5   _HAL_enablePwmInt
000095e1   _HAL_getOscTrimValue
000097f8   _HAL_init
000095f5   _HAL_osc1Comp
00009634   _HAL_osc2Comp
000097de   _HAL_setDacParameters
000096dd   _HAL_setParams
00009348   _HAL_setupAdcs
0000932c   _HAL_setupClks
00009303   _HAL_setupFaults
000092e5   _HAL_setupFlash
0000914e   _HAL_setupGpios
000090fb   _HAL_setupPeripheralClks
000090df   _HAL_setupPie
000090a1   _HAL_setupPll
00009016   _HAL_setupPwmDacs
00008f4e   _HAL_setupPwms
00008edf   _HAL_setupQEP
00008e8f   _HAL_setupTimers
0000cc15   _OFFSET_getBeta
0000cc04   _OFFSET_init
0000cbee   _OFFSET_setBeta
0000cbdf   _OFFSET_setInitCond
0000cbdd   _OFFSET_setOffset
0000cdd5   _OSC_init
0000cdc8   _OSC_setCoarseTrim
0000cdb7   _OSC_setFineTrim
0000cdae   _OSC_setTrim
0000c6ce   _PIE_clearAllFlags
0000c6cb   _PIE_clearAllInts
0000c6c8   _PIE_disable
0000c6be   _PIE_disableAllInts
0000c6ba   _PIE_disableCaptureInt
0000c6ad   _PIE_disableExtInt
0000c6a2   _PIE_disableInt
0000c69f   _PIE_enable
0000c683   _PIE_enableAdcInt
0000c67f   _PIE_enableCaptureInt
0000c65c   _PIE_enableExtInt
0000c652   _PIE_enableInt
0000c64d   _PIE_enablePwmInt
0000c648   _PIE_enablePwmTzInt
0000c645   _PIE_enableTimer0Int
0000c63b   _PIE_forceInt
0000c633   _PIE_getExtIntCount
0000c62c   _PIE_getIntEnables
0000c625   _PIE_getIntFlags
0000cf5b   _PIE_illegalIsr
0000c61e   _PIE_init
0000c60f   _PIE_registerPieIntHandler
0000c604   _PIE_registerSystemIntHandler
0000c5f8   _PIE_setDefaultIntVectorTable
0000c5e8   _PIE_setExtIntPolarity
0000c5d7   _PIE_unregisterPieIntHandler
0000c5ca   _PIE_unregisterSystemIntHandler
0000cab2   _PLL_disable
0000caac   _PLL_disableClkDetect
0000caa6   _PLL_disableNormRdy
0000caa0   _PLL_disableOsc
0000ca9a   _PLL_enable
0000ca94   _PLL_enableClkDetect
0000ca8e   _PLL_enableNormRdy
0000ca88   _PLL_enableOsc
0000ca84   _PLL_getClkFreq
0000ca81   _PLL_getClkStatus
0000ca7e   _PLL_getDivideSelect
0000ca7b   _PLL_getLockStatus
0000ca75   _PLL_init
0000ca6f   _PLL_resetClkDetect
0000ca69   _PLL_setClkFreq
0000ca62   _PLL_setDivideSelect
0000ca5d   _PLL_setLockPeriod
0000b862   _PWM_clearTripZone
0000b85f   _PWM_decrementDeadBandFallingEdgeDelay
0000b85c   _PWM_decrementDeadBandRisingEdgeDelay
0000b855   _PWM_disableAutoConvert
0000b851   _PWM_disableChopping
0000b84e   _PWM_disableCounterLoad
0000b84b   _PWM_disableDeadBand
0000b847   _PWM_disableDeadBandHalfCycle
0000b840   _PWM_disableDigitalCompareBlankingWindow
0000b839   _PWM_disableDigitalCompareBlankingWindowInversion
0000b832   _PWM_disableHrPeriod
0000b82b   _PWM_disableHrPhaseSync
0000b827   _PWM_disableInt
0000b823   _PWM_disableSocAPulse
0000b81f   _PWM_disableSocBPulse
0000b818   _PWM_disableTripZoneInt
0000b811   _PWM_disableTripZoneSrc
0000b80b   _PWM_disableTripZones
0000b804   _PWM_enableAutoConvert
0000b800   _PWM_enableChopping
0000b7fd   _PWM_enableCounterLoad
0000b7f9   _PWM_enableDeadBandHalfCycle
0000b7f2   _PWM_enableDigitalCompareBlankingWindow
0000b7eb   _PWM_enableDigitalCompareBlankingWindowInversion
0000b7e4   _PWM_enableHrPeriod
0000b7dd   _PWM_enableHrPhaseSync
0000b7d9   _PWM_enableInt
0000b7d5   _PWM_enableSocAPulse
0000b7d1   _PWM_enableSocBPulse
0000b7cb   _PWM_enableTripZoneInt
0000b7c5   _PWM_enableTripZoneSrc
0000b7c2   _PWM_getDeadBandFallingEdgeDelay
0000b7bf   _PWM_getDeadBandRisingEdgeDelay
0000b7bb   _PWM_getIntCount
0000b7b7   _PWM_getShadowStatus_CmpA
0000b7b3   _PWM_getShadowStatus_CmpB
0000b7ae   _PWM_getSocACount
0000b7a9   _PWM_getSocBCount
0000b7a6   _PWM_incrementDeadBandFallingEdgeDelay
0000b7a3   _PWM_incrementDeadBandRisingEdgeDelay
0000b79d   _PWM_init
0000b796   _PWM_setActionQualContSWForce_PwmA
0000b78d   _PWM_setActionQualContSWForce_PwmB
0000b784   _PWM_setActionQual_CntDown_CmpA_PwmA
0000b77b   _PWM_setActionQual_CntDown_CmpA_PwmB
0000b772   _PWM_setActionQual_CntDown_CmpB_PwmA
0000b769   _PWM_setActionQual_CntDown_CmpB_PwmB
0000b760   _PWM_setActionQual_CntUp_CmpA_PwmA
0000b757   _PWM_setActionQual_CntUp_CmpA_PwmB
0000b74e   _PWM_setActionQual_CntUp_CmpB_PwmA
0000b745   _PWM_setActionQual_CntUp_CmpB_PwmB
0000b73c   _PWM_setActionQual_Period_PwmA
0000b733   _PWM_setActionQual_Period_PwmB
0000b72c   _PWM_setActionQual_Zero_PwmA
0000b725   _PWM_setActionQual_Zero_PwmB
0000b71e   _PWM_setChoppingClkFreq
0000b717   _PWM_setChoppingDutyCycle
0000b710   _PWM_setChoppingPulseWidth
0000b70c   _PWM_setClkDiv
0000b70a   _PWM_setCount
0000b706   _PWM_setCounterMode
0000b703   _PWM_setDeadBandFallingEdgeDelay
0000b6fc   _PWM_setDeadBandInputMode
0000b6f5   _PWM_setDeadBandOutputMode
0000b6ee   _PWM_setDeadBandPolarity
0000b6eb   _PWM_setDeadBandRisingEdgeDelay
0000b6d4   _PWM_setDigitalCompareAEvent1
0000b6c4   _PWM_setDigitalCompareAEvent2
0000b6ad   _PWM_setDigitalCompareBEvent1
0000b69d   _PWM_setDigitalCompareBEvent2
0000b691   _PWM_setDigitalCompareBlankingPulse
0000b68e   _PWM_setDigitalCompareFilterOffset
0000b684   _PWM_setDigitalCompareFilterSource
0000b681   _PWM_setDigitalCompareFilterWindow
0000b672   _PWM_setDigitalCompareInput
0000b66e   _PWM_setHighSpeedClkDiv
0000b664   _PWM_setHrControlMode
0000b65a   _PWM_setHrEdgeMode
0000b650   _PWM_setHrShadowMode
0000b649   _PWM_setIntMode
0000b642   _PWM_setIntPeriod
0000b63e   _PWM_setLoadMode_CmpA
0000b638   _PWM_setLoadMode_CmpB
0000b636   _PWM_setPeriod
0000b631   _PWM_setPeriodHr
0000b62d   _PWM_setPeriodLoad
0000b62b   _PWM_setPhase
0000b627   _PWM_setPhaseDir
0000b623   _PWM_setRunMode
0000b61d   _PWM_setShadowMode_CmpA
0000b617   _PWM_setShadowMode_CmpB
0000b60e   _PWM_setSocAPeriod
0000b604   _PWM_setSocAPulseSrc
0000b5fb   _PWM_setSocBPeriod
0000b5f2   _PWM_setSocBPulseSrc
0000b5ef   _PWM_setSwSync
0000b5eb   _PWM_setSyncMode
0000b5e1   _PWM_setTripZoneDCEventSelect_DCAEVT1
0000b5d5   _PWM_setTripZoneDCEventSelect_DCAEVT2
0000b5c9   _PWM_setTripZoneDCEventSelect_DCBEVT1
0000b5bd   _PWM_setTripZoneDCEventSelect_DCBEVT2
0000b5b1   _PWM_setTripZoneState_DCAEVT1
0000b5a5   _PWM_setTripZoneState_DCAEVT2
0000b599   _PWM_setTripZoneState_DCBEVT1
0000b58d   _PWM_setTripZoneState_DCBEVT2
0000b583   _PWM_setTripZoneState_TZA
0000b577   _PWM_setTripZoneState_TZB
0000cb4e   _PWR_disableBrownOutReset
0000cb43   _PWR_disableWatchDogInt
0000cb40   _PWR_enableBrownOutReset
0000cb35   _PWR_enableWatchDogInt
0000cb2e   _PWR_init
0000cb1c   _PWR_setLowPowerMode
0000cb0a   _PWR_setNumStandByClocks
0000cf55   _QEP_init
00000142   _RamfuncsLoadEnd
00000036   _RamfuncsLoadSize
0000010c   _RamfuncsLoadStart
0000010c   _RamfuncsRunStart
0000cf2f   _SLIP_init
0000cf24   _SLIP_run
0000cf1c   _SLIP_setup
0000cce5   _STPOSCONV_init
0000bcd6   _STPOSCONV_run
0000cc66   _STPOSCTL_init
0000aed6   _STPOSCTL_run
0000cab8   _STPOSMOVE_init
00008000   _STPOSMOVE_run
0000c90d   _STPOSPLAN_addCfgState
0000c4a3   _STPOSPLAN_addCfgTran
0000c9f3   _STPOSPLAN_init
0000c372   _STPOSPLAN_reset
0000b273   _STPOSPLAN_run
0000ce27   _STPOSPLAN_runTick
0000ce02   _STPOSPLAN_setCfg
0000c88d   _STPOSPLAN_setCfgArray
0000c986   _STPOSPLAN_setCfgHaltState
0000cf35   _STPOSPLAN_setUnitProfDone
0000cca9   _ST_addPosRollOver
0000cd4c   _ST_initVersion
0000a2e0   _ST_runPosConv
0000a439   _ST_runPosCtl
0000a3da   _ST_runPosMove
0000a311   _ST_runPosPlan
0000a474   _ST_setupPosPlan
0000cd49   _TIMER_clearFlag
0000cd46   _TIMER_disableInt
0000cd43   _TIMER_enableInt
0000cd40   _TIMER_getStatus
0000cd3a   _TIMER_init
0000cd2c   _TIMER_setDecimationFactor
0000cd28   _TIMER_setEmulationMode
0000cd1a   _TIMER_setPreScaler
0000ae25   _USER_calcPIgains
0000ae21   _USER_checkForErrors
0000ae13   _USER_computeFlux
0000adc8   _USER_computeFlux_pu_to_VpHz_sf
0000ad7d   _USER_computeFlux_pu_to_Wb_sf
0000ad32   _USER_computeTorque_Flux_Iq_pu_to_Nm_sf
0000ace9   _USER_computeTorque_Ls_Id_Iq_pu_to_Nm_sf
0000ac9d   _USER_computeTorque_Nm
0000ac46   _USER_computeTorque_lbin
0000ac43   _USER_getErrorCode
0000ac40   _USER_setErrorCode
0000aafe   _USER_setParams
0000aa70   _USER_softwareUpdate1p6
0000cbd5   _WDOG_clearCounter
0000cbcd   _WDOG_disable
0000cbc7   _WDOG_disableInt
0000cbc1   _WDOG_disableOverRide
0000cbb8   _WDOG_enable
0000cbb2   _WDOG_enableInt
0000cbac   _WDOG_enableOverRide
0000cba9   _WDOG_getIntStatus
0000cba3   _WDOG_init
0000cba1   _WDOG_setCount
0000cb97   _WDOG_setPreScaler
003fec6c   __IQ20div
003fef5e   __IQ20exp
003ff209   __IQ20log
003fee98   __IQ20sqrt
003ff183   __IQ24cosPU
003fecb3   __IQ24div
003fef9b   __IQ24exp
0000d588   __IQ24frac
0000d593   __IQ24int
003ff2a6   __IQ24log
003ff15a   __IQ24sinPU
003feeda   __IQ24sqrt
003ff1e8   __IQ30toF
000007b0   __STACK_END
000003b0   __STACK_SIZE
00000001   __TI_args_main
0000cf64   ___TI_cleanup_ptr
0000cf66   ___TI_dtors_ptr
ffffffff   ___binit__
ffffffff   ___c_args__
00000050   ___cinit__
0000cf60   ___etext__
ffffffff   ___pinit__
00008000   ___text__
0000ceea   __args_main
0000cf62   __lock
0000cf4c   __nop
0000cf48   __register_lock
0000cf44   __register_unlock
00000400   __stack
0000cf60   __unlock
0000cf03   _abort
0000cc22   _c_int00
0000cf96   _controller_obj
0000cf68   _cpu
0000cf98   _ctrlHandle
0000d180   _enc
0000cf94   _encHandle
0000cf05   _exit
0000cfac   _gAdcData
0000cf83   _gCounter_updateGlobals
0000cf88   _gFlux_pu_to_VpHz_sf
0000cf86   _gFlux_pu_to_Wb_sf
0000cf85   _gLEDcnt
0000cf92   _gMaxCurrentSlope
0000d040   _gMotorVars
0000cf80   _gPosPlanRunFlag
0000cf9c   _gPwmData
0000cf81   _gState
0000cf8a   _gTorque_Flux_Iq_pu_to_Nm_sf
0000cf8c   _gTorque_Ls_Id_Iq_pu_to_Nm_sf
0000d0c0   _gUserParams
0000d4c0   _hal
0000cf90   _halHandle
003f8000   _log
0000a503   _main
0000c6d8   _mainISR
003f8472   _modf
003f82dc   _pow
003fb9dd   _s0_calc
003fb9ad   _s0_conf
003fb65f   _s1_calc
003fbae7   _s2_calc
003fbb85   _s4_calc
003fbc34   _s4_conf
003fbc58   _s4_reset
0000cfa2   _slip
0000cf8e   _slipHandle
003fbc6d   _spintac_rom_ver
0000cf9a   _stHandle
0000cfc0   _stPosPlanCfgArray
0000d2c0   _st_obj
0000a214   _updateGlobalVariables_motor
0000a1f1   _updateKpKiGains
0000013e   _usDelay
ffffffff   binit
00000050   cinit
00000000   code_start
0000cf60   etext
ffffffff   pinit


GLOBAL SYMBOLS: SORTED BY Symbol Address 

address    name
--------   ----
00000000   code_start
00000001   __TI_args_main
00000036   _RamfuncsLoadSize
00000050   ___cinit__
00000050   cinit
0000010c   _FLASH_setStandbyWaitCount
0000010c   _RamfuncsLoadStart
0000010c   _RamfuncsRunStart
00000111   _FLASH_setPowerMode
00000118   _FLASH_setOtpWaitStates
0000011f   _FLASH_setNumRandomReadWaitStates
00000126   _FLASH_setNumPagedReadWaitStates
0000012d   _FLASH_setActiveWaitCount
00000132   _FLASH_enablePipelineMode
00000138   _FLASH_disablePipelineMode
0000013e   _usDelay
00000142   _RamfuncsLoadEnd
000003b0   __STACK_SIZE
00000400   __stack
000007b0   __STACK_END
00008000   .text
00008000   _STPOSMOVE_run
00008000   ___text__
00008e8f   _HAL_setupTimers
00008edf   _HAL_setupQEP
00008f4e   _HAL_setupPwms
00009016   _HAL_setupPwmDacs
000090a1   _HAL_setupPll
000090df   _HAL_setupPie
000090fb   _HAL_setupPeripheralClks
0000914e   _HAL_setupGpios
000092e5   _HAL_setupFlash
00009303   _HAL_setupFaults
0000932c   _HAL_setupClks
00009348   _HAL_setupAdcs
000093ff   _HAL_AdcCalChanSelect
00009456   _HAL_AdcCalConversion
000095ae   _HAL_AdcOffsetSelfCal
000095e1   _HAL_getOscTrimValue
000095f5   _HAL_osc1Comp
00009634   _HAL_osc2Comp
00009673   _HAL_OscTempComp
000096c6   _HAL_cal
000096dd   _HAL_setParams
000097de   _HAL_setDacParameters
000097f3   _HAL_disableWdog
000097f8   _HAL_init
000098b5   _HAL_enablePwmInt
000098c6   _HAL_enableGlobalInts
000098ca   _HAL_enableDebugInt
000098ce   _HAL_enableAdcInts
000098e0   _HAL_disableGlobalInts
000098e4   _CTRL_updateState
00009996   _CTRL_setupClarke_V
000099ac   _CTRL_setupClarke_I
000099c8   _CTRL_setup
000099d2   _CTRL_setWaitTimes
000099db   _CTRL_setSpd_ref_pu
000099de   _CTRL_setSpd_ref_krpm
000099f1   _CTRL_setGains
00009a19   _CTRL_setParams
00009c55   _CTRL_run
0000a174   _CTRL_getWaitTimes
0000a17d   _CTRL_getVdq_out_pu
0000a185   _CTRL_getVab_out_pu
0000a18d   _CTRL_getVab_in_pu
0000a195   _CTRL_getIdq_ref_pu
0000a19d   _CTRL_getIdq_in_pu
0000a1a5   _CTRL_getIab_in_pu
0000a1ad   _CTRL_getIab_filt_pu
0000a1b5   _CTRL_getGains
0000a1e5   _CTRL_setMagCurrent_pu
0000a1e8   _CTRL_setMaximumSpeed_pu
0000a1eb   _CTRL_getMaximumSpeed_pu
0000a1ee   _CTRL_getMagCurrent_pu
0000a1f1   _updateKpKiGains
0000a214   _updateGlobalVariables_motor
0000a2e0   _ST_runPosConv
0000a311   _ST_runPosPlan
0000a3da   _ST_runPosMove
0000a439   _ST_runPosCtl
0000a474   _ST_setupPosPlan
0000a503   _main
0000aa70   _USER_softwareUpdate1p6
0000aafe   _USER_setParams
0000ac40   _USER_setErrorCode
0000ac43   _USER_getErrorCode
0000ac46   _USER_computeTorque_lbin
0000ac9d   _USER_computeTorque_Nm
0000ace9   _USER_computeTorque_Ls_Id_Iq_pu_to_Nm_sf
0000ad32   _USER_computeTorque_Flux_Iq_pu_to_Nm_sf
0000ad7d   _USER_computeFlux_pu_to_Wb_sf
0000adc8   _USER_computeFlux_pu_to_VpHz_sf
0000ae13   _USER_computeFlux
0000ae21   _USER_checkForErrors
0000ae25   _USER_calcPIgains
0000aed6   _STPOSCTL_run
0000b273   _STPOSPLAN_run
0000b577   _PWM_setTripZoneState_TZB
0000b583   _PWM_setTripZoneState_TZA
0000b58d   _PWM_setTripZoneState_DCBEVT2
0000b599   _PWM_setTripZoneState_DCBEVT1
0000b5a5   _PWM_setTripZoneState_DCAEVT2
0000b5b1   _PWM_setTripZoneState_DCAEVT1
0000b5bd   _PWM_setTripZoneDCEventSelect_DCBEVT2
0000b5c9   _PWM_setTripZoneDCEventSelect_DCBEVT1
0000b5d5   _PWM_setTripZoneDCEventSelect_DCAEVT2
0000b5e1   _PWM_setTripZoneDCEventSelect_DCAEVT1
0000b5eb   _PWM_setSyncMode
0000b5ef   _PWM_setSwSync
0000b5f2   _PWM_setSocBPulseSrc
0000b5fb   _PWM_setSocBPeriod
0000b604   _PWM_setSocAPulseSrc
0000b60e   _PWM_setSocAPeriod
0000b617   _PWM_setShadowMode_CmpB
0000b61d   _PWM_setShadowMode_CmpA
0000b623   _PWM_setRunMode
0000b627   _PWM_setPhaseDir
0000b62b   _PWM_setPhase
0000b62d   _PWM_setPeriodLoad
0000b631   _PWM_setPeriodHr
0000b636   _PWM_setPeriod
0000b638   _PWM_setLoadMode_CmpB
0000b63e   _PWM_setLoadMode_CmpA
0000b642   _PWM_setIntPeriod
0000b649   _PWM_setIntMode
0000b650   _PWM_setHrShadowMode
0000b65a   _PWM_setHrEdgeMode
0000b664   _PWM_setHrControlMode
0000b66e   _PWM_setHighSpeedClkDiv
0000b672   _PWM_setDigitalCompareInput
0000b681   _PWM_setDigitalCompareFilterWindow
0000b684   _PWM_setDigitalCompareFilterSource
0000b68e   _PWM_setDigitalCompareFilterOffset
0000b691   _PWM_setDigitalCompareBlankingPulse
0000b69d   _PWM_setDigitalCompareBEvent2
0000b6ad   _PWM_setDigitalCompareBEvent1
0000b6c4   _PWM_setDigitalCompareAEvent2
0000b6d4   _PWM_setDigitalCompareAEvent1
0000b6eb   _PWM_setDeadBandRisingEdgeDelay
0000b6ee   _PWM_setDeadBandPolarity
0000b6f5   _PWM_setDeadBandOutputMode
0000b6fc   _PWM_setDeadBandInputMode
0000b703   _PWM_setDeadBandFallingEdgeDelay
0000b706   _PWM_setCounterMode
0000b70a   _PWM_setCount
0000b70c   _PWM_setClkDiv
0000b710   _PWM_setChoppingPulseWidth
0000b717   _PWM_setChoppingDutyCycle
0000b71e   _PWM_setChoppingClkFreq
0000b725   _PWM_setActionQual_Zero_PwmB
0000b72c   _PWM_setActionQual_Zero_PwmA
0000b733   _PWM_setActionQual_Period_PwmB
0000b73c   _PWM_setActionQual_Period_PwmA
0000b745   _PWM_setActionQual_CntUp_CmpB_PwmB
0000b74e   _PWM_setActionQual_CntUp_CmpB_PwmA
0000b757   _PWM_setActionQual_CntUp_CmpA_PwmB
0000b760   _PWM_setActionQual_CntUp_CmpA_PwmA
0000b769   _PWM_setActionQual_CntDown_CmpB_PwmB
0000b772   _PWM_setActionQual_CntDown_CmpB_PwmA
0000b77b   _PWM_setActionQual_CntDown_CmpA_PwmB
0000b784   _PWM_setActionQual_CntDown_CmpA_PwmA
0000b78d   _PWM_setActionQualContSWForce_PwmB
0000b796   _PWM_setActionQualContSWForce_PwmA
0000b79d   _PWM_init
0000b7a3   _PWM_incrementDeadBandRisingEdgeDelay
0000b7a6   _PWM_incrementDeadBandFallingEdgeDelay
0000b7a9   _PWM_getSocBCount
0000b7ae   _PWM_getSocACount
0000b7b3   _PWM_getShadowStatus_CmpB
0000b7b7   _PWM_getShadowStatus_CmpA
0000b7bb   _PWM_getIntCount
0000b7bf   _PWM_getDeadBandRisingEdgeDelay
0000b7c2   _PWM_getDeadBandFallingEdgeDelay
0000b7c5   _PWM_enableTripZoneSrc
0000b7cb   _PWM_enableTripZoneInt
0000b7d1   _PWM_enableSocBPulse
0000b7d5   _PWM_enableSocAPulse
0000b7d9   _PWM_enableInt
0000b7dd   _PWM_enableHrPhaseSync
0000b7e4   _PWM_enableHrPeriod
0000b7eb   _PWM_enableDigitalCompareBlankingWindowInversion
0000b7f2   _PWM_enableDigitalCompareBlankingWindow
0000b7f9   _PWM_enableDeadBandHalfCycle
0000b7fd   _PWM_enableCounterLoad
0000b800   _PWM_enableChopping
0000b804   _PWM_enableAutoConvert
0000b80b   _PWM_disableTripZones
0000b811   _PWM_disableTripZoneSrc
0000b818   _PWM_disableTripZoneInt
0000b81f   _PWM_disableSocBPulse
0000b823   _PWM_disableSocAPulse
0000b827   _PWM_disableInt
0000b82b   _PWM_disableHrPhaseSync
0000b832   _PWM_disableHrPeriod
0000b839   _PWM_disableDigitalCompareBlankingWindowInversion
0000b840   _PWM_disableDigitalCompareBlankingWindow
0000b847   _PWM_disableDeadBandHalfCycle
0000b84b   _PWM_disableDeadBand
0000b84e   _PWM_disableCounterLoad
0000b851   _PWM_disableChopping
0000b855   _PWM_disableAutoConvert
0000b85c   _PWM_decrementDeadBandRisingEdgeDelay
0000b85f   _PWM_decrementDeadBandFallingEdgeDelay
0000b862   _PWM_clearTripZone
0000badb   _ADC_setupSocTrigSrc
0000bb06   _ADC_setVoltRefSrc
0000bb18   _ADC_setTempSensorSrc
0000bb2a   _ADC_setSocTrigSrc
0000bb3d   _ADC_setSocSampleDelay
0000bb50   _ADC_setSocFrcWord
0000bb57   _ADC_setSocFrc
0000bb61   _ADC_setSocChanNumber
0000bb74   _ADC_setSampleOverlapMode
0000bb89   _ADC_setSampleMode
0000bba1   _ADC_setOffTrim
0000bba8   _ADC_setIntSrc
0000bbc5   _ADC_setIntPulseGenMode
0000bbd7   _ADC_setIntMode
0000bbf4   _ADC_setDivideSelect
0000bc06   _ADC_reset
0000bc11   _ADC_powerUp
0000bc1c   _ADC_powerDown
0000bc27   _ADC_init
0000bc2e   _ADC_getDivideSelect
0000bc36   _ADC_enableVoltRefLoConv
0000bc41   _ADC_enableRefBuffers
0000bc4c   _ADC_enableNoOverlapMode
0000bc57   _ADC_enableInt
0000bc6e   _ADC_enableBandGap
0000bc79   _ADC_enable
0000bc84   _ADC_disableVoltRefLoConv
0000bc8f   _ADC_disableRefBuffers
0000bc9a   _ADC_disableNoOverlapMode
0000bca5   _ADC_disableInt
0000bcc0   _ADC_disableBandGap
0000bccb   _ADC_disable
0000bcd6   _STPOSCONV_run
0000bec8   _GPIO_toggle
0000bedb   _GPIO_setQualificationPeriod
0000bf22   _GPIO_setQualification
0000bf62   _GPIO_setPullup
0000bf7d   _GPIO_setPortData
0000bf89   _GPIO_setMode
0000bfc3   _GPIO_setLow
0000bfd6   _GPIO_setHigh
0000bfe9   _GPIO_setExtInt
0000bff4   _GPIO_setDirection
0000c00f   _GPIO_read
0000c035   _GPIO_lpmSelect
0000c03f   _GPIO_init
0000c045   _GPIO_getPortData
0000c04c   _GPIO_getData
0000c05c   _ENC_setup
0000c108   _ENC_run
0000c1b4   _ENC_init
0000c1bb   _ENC_getSpeedRPM
0000c1c7   _ENC_calcElecAngle
0000c1e8   _CLK_setXClkInSrc
0000c1ef   _CLK_setWatchDogSrc
0000c1f6   _CLK_setTimer2Src
0000c1fd   _CLK_setTimer2PreScale
0000c204   _CLK_setOscSrc
0000c20b   _CLK_setOsc2Src
0000c212   _CLK_setLowSpdPreScaler
0000c218   _CLK_setClkOutPreScaler
0000c21f   _CLK_init
0000c225   _CLK_enableWatchDogHaltMode
0000c22b   _CLK_enableTbClockSync
0000c232   _CLK_enableSpibClock
0000c239   _CLK_enableSpiaClock
0000c240   _CLK_enableScibClock
0000c247   _CLK_enableSciaClock
0000c24e   _CLK_enablePwmClock
0000c257   _CLK_enableOsc2HaltMode
0000c25d   _CLK_enableOsc2
0000c263   _CLK_enableOsc1HaltMode
0000c269   _CLK_enableOsc1
0000c26f   _CLK_enableLinAClock
0000c276   _CLK_enableI2cClock
0000c27d   _CLK_enableHrPwmClock
0000c284   _CLK_enableGpioInputClock
0000c28b   _CLK_enableEqep2Clock
0000c292   _CLK_enableEqep1Clock
0000c299   _CLK_enableEcap1Clock
0000c2a0   _CLK_enableEcanaClock
0000c2a7   _CLK_enableCrystalOsc
0000c2ad   _CLK_enableCpuTimerClock
0000c2b3   _CLK_enableCompClock
0000c2b9   _CLK_enableClkIn
0000c2bf   _CLK_enableClaClock
0000c2c6   _CLK_enableAdcClock
0000c2cd   _CLK_disableWatchDogHaltMode
0000c2d3   _CLK_disableTbClockSync
0000c2da   _CLK_disableSpibClock
0000c2de   _CLK_disableSpiaClock
0000c2e5   _CLK_disableScibClock
0000c2ec   _CLK_disableSciaClock
0000c2f3   _CLK_disablePwmClock
0000c2fd   _CLK_disableOsc2HaltMode
0000c303   _CLK_disableOsc2
0000c309   _CLK_disableOsc1HaltMode
0000c30f   _CLK_disableOsc1
0000c315   _CLK_disableLinAClock
0000c31c   _CLK_disableI2cClock
0000c323   _CLK_disableHrPwmClock
0000c32a   _CLK_disableGpioInputClock
0000c331   _CLK_disableEqep2Clock
0000c338   _CLK_disableEqep1Clock
0000c33f   _CLK_disableEcap1Clock
0000c346   _CLK_disableEcanaClock
0000c34d   _CLK_disableCrystalOsc
0000c353   _CLK_disableCpuTimerClock
0000c35a   _CLK_disableCompClock
0000c35e   _CLK_disableClkIn
0000c364   _CLK_disableClaClock
0000c36b   _CLK_disableAdcClock
0000c372   _STPOSPLAN_reset
0000c4a3   _STPOSPLAN_addCfgTran
0000c5ca   _PIE_unregisterSystemIntHandler
0000c5d7   _PIE_unregisterPieIntHandler
0000c5e8   _PIE_setExtIntPolarity
0000c5f8   _PIE_setDefaultIntVectorTable
0000c604   _PIE_registerSystemIntHandler
0000c60f   _PIE_registerPieIntHandler
0000c61e   _PIE_init
0000c625   _PIE_getIntFlags
0000c62c   _PIE_getIntEnables
0000c633   _PIE_getExtIntCount
0000c63b   _PIE_forceInt
0000c645   _PIE_enableTimer0Int
0000c648   _PIE_enablePwmTzInt
0000c64d   _PIE_enablePwmInt
0000c652   _PIE_enableInt
0000c65c   _PIE_enableExtInt
0000c67f   _PIE_enableCaptureInt
0000c683   _PIE_enableAdcInt
0000c69f   _PIE_enable
0000c6a2   _PIE_disableInt
0000c6ad   _PIE_disableExtInt
0000c6ba   _PIE_disableCaptureInt
0000c6be   _PIE_disableAllInts
0000c6c8   _PIE_disable
0000c6cb   _PIE_clearAllInts
0000c6ce   _PIE_clearAllFlags
0000c6d8   _mainISR
0000c88d   _STPOSPLAN_setCfgArray
0000c90d   _STPOSPLAN_addCfgState
0000c986   _STPOSPLAN_setCfgHaltState
0000c9f3   _STPOSPLAN_init
0000ca5d   _PLL_setLockPeriod
0000ca62   _PLL_setDivideSelect
0000ca69   _PLL_setClkFreq
0000ca6f   _PLL_resetClkDetect
0000ca75   _PLL_init
0000ca7b   _PLL_getLockStatus
0000ca7e   _PLL_getDivideSelect
0000ca81   _PLL_getClkStatus
0000ca84   _PLL_getClkFreq
0000ca88   _PLL_enableOsc
0000ca8e   _PLL_enableNormRdy
0000ca94   _PLL_enableClkDetect
0000ca9a   _PLL_enable
0000caa0   _PLL_disableOsc
0000caa6   _PLL_disableNormRdy
0000caac   _PLL_disableClkDetect
0000cab2   _PLL_disable
0000cab8   _STPOSMOVE_init
0000cb0a   _PWR_setNumStandByClocks
0000cb1c   _PWR_setLowPowerMode
0000cb2e   _PWR_init
0000cb35   _PWR_enableWatchDogInt
0000cb40   _PWR_enableBrownOutReset
0000cb43   _PWR_disableWatchDogInt
0000cb4e   _PWR_disableBrownOutReset
0000cb97   _WDOG_setPreScaler
0000cba1   _WDOG_setCount
0000cba3   _WDOG_init
0000cba9   _WDOG_getIntStatus
0000cbac   _WDOG_enableOverRide
0000cbb2   _WDOG_enableInt
0000cbb8   _WDOG_enable
0000cbc1   _WDOG_disableOverRide
0000cbc7   _WDOG_disableInt
0000cbcd   _WDOG_disable
0000cbd5   _WDOG_clearCounter
0000cbdd   _OFFSET_setOffset
0000cbdf   _OFFSET_setInitCond
0000cbee   _OFFSET_setBeta
0000cc04   _OFFSET_init
0000cc15   _OFFSET_getBeta
0000cc22   _c_int00
0000cc66   _STPOSCTL_init
0000cca9   _ST_addPosRollOver
0000cce5   _STPOSCONV_init
0000cd1a   _TIMER_setPreScaler
0000cd28   _TIMER_setEmulationMode
0000cd2c   _TIMER_setDecimationFactor
0000cd3a   _TIMER_init
0000cd40   _TIMER_getStatus
0000cd43   _TIMER_enableInt
0000cd46   _TIMER_disableInt
0000cd49   _TIMER_clearFlag
0000cd4c   _ST_initVersion
0000cdae   _OSC_setTrim
0000cdb7   _OSC_setFineTrim
0000cdc8   _OSC_setCoarseTrim
0000cdd5   _OSC_init
0000cddb   _CPU_init
0000cde1   _CPU_enableProtectedRegisterWrite
0000cde4   _CPU_enableInt
0000cde8   _CPU_enableGlobalInts
0000cdeb   _CPU_enableDebugInt
0000cdee   _CPU_disableProtectedRegisterWrite
0000cdf1   _CPU_disableInts
0000cdf4   _CPU_disableInt
0000cdf9   _CPU_disableGlobalInts
0000cdfc   _CPU_disableDebugInt
0000cdff   _CPU_clearIntFlags
0000ce02   _STPOSPLAN_setCfg
0000ce27   _STPOSPLAN_runTick
0000ce6b   _FILTER_FO_setNumCoeffs
0000ce6f   _FILTER_FO_setInitialConditions
0000ce74   _FILTER_FO_setDenCoeffs
0000ce76   _FILTER_FO_init
0000ce7c   _FILTER_FO_getNumCoeffs
0000ce82   _FILTER_FO_getInitialConditions
0000ce89   _FILTER_FO_getDenCoeffs
0000ce8c   FS$$TOUL
0000cead   _FLASH_init
0000ceb3   _FLASH_getStandbyWaitStatus
0000ceb7   _FLASH_getStandbyWaitCount
0000ceba   _FLASH_getPowerMode
0000cebd   _FLASH_getActiveWaitStatus
0000cec1   _FLASH_getActiveWaitCount
0000cec4   _FLASH_get3VStatus
0000cec7   _FLASH_clear3VStatus
0000cecd   FS$$TOU
0000ceea   __args_main
0000cf03   C$$EXIT
0000cf03   _abort
0000cf05   _exit
0000cf1c   _SLIP_setup
0000cf24   _SLIP_run
0000cf2f   _SLIP_init
0000cf35   _STPOSPLAN_setUnitProfDone
0000cf44   __register_unlock
0000cf48   __register_lock
0000cf4c   __nop
0000cf55   _QEP_init
0000cf5b   _PIE_illegalIsr
0000cf60   ___etext__
0000cf60   __unlock
0000cf60   etext
0000cf62   __lock
0000cf64   ___TI_cleanup_ptr
0000cf66   ___TI_dtors_ptr
0000cf68   _cpu
0000cf80   _gPosPlanRunFlag
0000cf81   _gState
0000cf83   _gCounter_updateGlobals
0000cf84   _Flag_Latch_softwareUpdate
0000cf85   _gLEDcnt
0000cf86   _gFlux_pu_to_Wb_sf
0000cf88   _gFlux_pu_to_VpHz_sf
0000cf8a   _gTorque_Flux_Iq_pu_to_Nm_sf
0000cf8c   _gTorque_Ls_Id_Iq_pu_to_Nm_sf
0000cf8e   _slipHandle
0000cf90   _halHandle
0000cf92   _gMaxCurrentSlope
0000cf94   _encHandle
0000cf96   _controller_obj
0000cf98   _ctrlHandle
0000cf9a   _stHandle
0000cf9c   _gPwmData
0000cfa2   _slip
0000cfac   _gAdcData
0000cfc0   _stPosPlanCfgArray
0000d040   _gMotorVars
0000d0c0   _gUserParams
0000d180   _enc
0000d2c0   _st_obj
0000d4c0   _hal
0000d588   __IQ24frac
0000d593   __IQ24int
003f8000   _log
003f81d6   FD$$MPY
003f8259   FS$$DIV
003f82dc   _pow
003f8364   FS$$ADD
003f83d7   FS$$MPY
003f8472   _modf
003f84a3   L$$DIV
003f84b2   L$$MOD
003f84cd   FS$$TOL
003f84f6   FS$$TOI
003f853d   FD$$TOL
003f8579   FS$$TOFD
003f8595   I$$TOFS
003f85af   L$$TOFS
003f85c9   FS$$CMP
003f85f3   UL$$TOFS
003f8606   U$$TOFS
003f8616   FS$$NEG
003f861b   _EST_getState
003f861d   _EST_useZeroIq_ref
003f8679   _EST_isMotorIdentified
003f8713   _EST_updateState
003f89f5   _EST_updateId_ref_pu
003f8a18   _EST_setRs_pu
003f8adb   _EST_setMaxCurrentSlope_pu
003f8ae7   _EST_setLs_q_pu
003f8af1   _EST_setLs_qFmt
003f8b45   _EST_setLs_d_pu
003f8b63   _EST_setIq_ref_pu
003f8b67   _EST_setIdle_all
003f8b7a   _EST_setIdle
003f8b80   _EST_setId_ref_pu
003f8bd3   _EST_setFlag_enableRsRecalc
003f8bdb   _EST_setFlag_enableForceAngle
003f8c0d   _EST_getAngle_pu
003f927b   _EST_run
003f9378   _EST_isOnLine
003f937f   _EST_isLockRotor
003f9386   _EST_isIdle
003f938d   _EST_isError
003f9458   _EST_get_krpm_to_pu_sf
003f9513   _EST_getRs_Ohm
003f95ad   _EST_getRr_Ohm
003f95b3   _EST_getOneOverDcBus_pu
003f95bd   _EST_getMaxCurrentSlope_pu
003f95c9   _EST_getLs_q_pu
003f95ce   _EST_getLs_q_H
003f95f0   _EST_getLs_d_pu
003f95f5   _EST_getLs_d_H
003f95ff   _EST_getLs_coarse_max_pu
003f9632   _EST_getIdRated
003f968e   _EST_getFm_pu
003f96ab   _EST_getFlux_pu
003f96be   _EST_getFlux_VpHz
003f9758   _EST_doSpeedCtrl
003f9760   _EST_doCurrentCtrl
003f9806   _CTRL_setupTraj
003f996a   _CTRL_setupEstOnLineState
003f99a5   _CTRL_setupEstIdleState
003f9b43   _CTRL_setupCtrl
003f9d31   _CTRL_setUserMotorParams
003f9e64   _CTRL_setEstParams
003fa5d1   _CTRL_runTraj
003fa6fb   _CTRL_initCtrl
003fa721   _CTRL_getVersion
003fb65f   _s1_calc
003fb9ad   _s0_conf
003fb9dd   _s0_calc
003fbae7   _s2_calc
003fbb85   _s4_calc
003fbc34   _s4_conf
003fbc58   _s4_reset
003fbc6d   _spintac_rom_ver
003fec6c   __IQ20div
003fecb3   __IQ24div
003fee98   __IQ20sqrt
003feeda   __IQ24sqrt
003fef5e   __IQ20exp
003fef9b   __IQ24exp
003ff15a   __IQ24sinPU
003ff183   __IQ24cosPU
003ff1e8   __IQ30toF
003ff209   __IQ20log
003ff2a6   __IQ24log
ffffffff   ___binit__
ffffffff   ___c_args__
ffffffff   ___pinit__
ffffffff   binit
ffffffff   pinit

[575 symbols]
