******************************************************************************
             TMS320C2000 Linker PC v15.12.3                    
******************************************************************************
>> Linked Wed Nov 22 02:31:21 2017

OUTPUT FILE NAME:   <proj_lab13c.out>
ENTRY POINT SYMBOL: "_c_int00"  address: 0000e484


MEMORY CONFIGURATION

         name            origin    length      used     unused   attr    fill
----------------------  --------  ---------  --------  --------  ----  --------
PAGE 0:
  BEGIN                 00000000   00000002  00000002  00000000  RWIX
  RAMM0                 00000050   000003b0  00000087  00000329  RWIX
  RAML0_L8              00008000   0000b800  000073a4  0000445c  RWIX
  FPUTABLES             003fd590   000006a0  00000000  000006a0  RWIX
  IQTABLES              003fdc30   00000b50  00000000  00000b50  RWIX
  IQTABLES2             003fe780   0000008c  00000000  0000008c  RWIX
  IQTABLES3             003fe80c   000000aa  00000000  000000aa  RWIX
  BOOTROM               003ff3b0   00000c10  00000000  00000c10  RWIX
  RESET                 003fffc0   00000002  00000000  00000002  RWIX

PAGE 1:
  BOOT_RSVD             00000002   0000004e  00000000  0000004e  RWIX
  RAMM1                 00000400   00000400  000003b0  00000050  RWIX
  USB_RAM               00040000   00000800  00000000  00000800  RWIX


SECTION ALLOCATION MAP

 output                                  attributes/
section   page    origin      length       input sections
--------  ----  ----------  ----------   ----------------
codestart 
*          0    00000000    00000002     
                  00000000    00000002     CodeStartBranch.obj (codestart)

.cinit     0    00000050    00000051     
                  00000050    00000027     process_ctrl.obj (.cinit)
                  00000077    0000000e     rts2800_ml.lib : exit.obj (.cinit)
                  00000085    0000000c     proj_bm1000.obj (.cinit)
                  00000091    00000005     rts2800_ml.lib : _lock.obj (.cinit:__lock)
                  00000096    00000005                    : _lock.obj (.cinit:__unlock)
                  0000009b    00000004     fsm.obj (.cinit)
                  0000009f    00000002     --HOLE-- [fill = 0]

ramfuncs   0    000000a1    00000036     
                  000000a1    00000032     flash.obj (ramfuncs)
                  000000d3    00000004     usDelay.obj (ramfuncs)

.text      0    00008000    000068c9     
                  00008000    00000e8f     SpinTAC.lib : spintac_pos_move.obj (.text:_STPOSMOVE_run)
                  00008e8f    00000c55     hal.obj (.text)
                  00009ae4    00000b07     process_ctrl.obj (.text)
                  0000a5eb    00000afe     user.obj (.text)
                  0000b0e9    00000968     ctrl.obj (.text)
                  0000ba51    00000959     fsm.obj (.text)
                  0000c3aa    000004b5     mb.obj (.text)
                  0000c85f    0000039d     SpinTAC.lib : spintac_pos_ctl.obj (.text:_STPOSCTL_run)
                  0000cbfc    0000031f     proj_bm1000.obj (.text)
                  0000cf1b    000002f7     pwm.obj (.text)
                  0000d212    00000273     SpinTAC.lib : spintac_pos_move.obj (.text:_s31_calc)
                  0000d485    00000259     proj_bm1000.obj (.text:retain)
                  0000d6de    00000206     motor.obj (.text)
                  0000d8e4    000001f8     adc.obj (.text)
                  0000dadc    000001f2     SpinTAC.lib : spintac_pos_conv.obj (.text:_STPOSCONV_run)
                  0000dcce    0000018a     clk.obj (.text)
                  0000de58    00000189     enc.obj (.text)
                  0000dfe1    00000181     gpio.obj (.text)
                  0000e162    000000ff     pie.obj (.text)
                  0000e261    000000f3     sci.obj (.text)
                  0000e354    0000006b     rts2800_ml.lib : s_ceilf.obj (.text)
                  0000e3bf    0000006a     SpinTAC.lib : spintac_pos_plan.obj (.text:_STPOSPLAN_init)
                  0000e429    0000005b     pll.obj (.text)
                  0000e484    00000054     rts2800_ml.lib : boot.obj (.text)
                  0000e4d8    00000052     SpinTAC.lib : spintac_pos_move.obj (.text:_STPOSMOVE_init)
                  0000e52a    00000047     offset.obj (.text)
                  0000e571    00000046     rts2800_ml.lib : cpy_tbl.obj (.text)
                  0000e5b7    00000046     wdog.obj (.text)
                  0000e5fd    00000044     pwr.obj (.text)
                  0000e641    00000043     SpinTAC.lib : spintac_pos_ctl.obj (.text:_STPOSCTL_init)
                  0000e684    0000003c                 : spintac_pos_roadd.obj (.text:_ST_addPosRollOver)
                  0000e6c0    00000035                 : spintac_pos_conv.obj (.text:_STPOSCONV_init)
                  0000e6f5    00000032     timer.obj (.text)
                  0000e727    00000031     SpinTAC.lib : spintac_version.obj (.text:_ST_initVersion)
                  0000e758    0000002d     osc.obj (.text)
                  0000e785    00000029     rts2800_ml.lib : exit.obj (.text)
                  0000e7ae    00000025     cpu.obj (.text)
                  0000e7d3    00000021     filter_fo.obj (.text)
                  0000e7f4    00000021     rts2800_ml.lib : fs_toul.obj (.text)
                  0000e815    00000020     flash.obj (.text)
                  0000e835    0000001d     rts2800_ml.lib : fs_tou.obj (.text)
                  0000e852    0000001a                    : cpy_utils.obj (.text)
                  0000e86c    00000019                    : args_main.obj (.text)
                  0000e885    00000019     slip.obj (.text)
                  0000e89e    00000009     rts2800_ml.lib : _lock.obj (.text)
                  0000e8a7    00000008     CodeStartBranch.obj (.text)
                  0000e8af    00000006     brake.obj (.text)
                  0000e8b5    00000006     flyingStart.obj (.text)
                  0000e8bb    00000006     qep.obj (.text)
                  0000e8c1    00000005     pie.obj (.text:retain)
                  0000e8c6    00000002     rts2800_ml.lib : pre_init.obj (.text)
                  0000e8c8    00000001                    : startup.obj (.text)

.pinit     0    00000050    00000000     UNINITIALIZED

.reset     0    003fffc0    00000002     DSECT
                  003fffc0    00000002     rts2800_ml.lib : boot.obj (.reset)

.ebss      0    0000e8ca    000006c1     UNINITIALIZED
                  0000e8ca    00000010     process_ctrl.obj (.ebss)
                  0000e8da    00000006     rts2800_ml.lib : exit.obj (.ebss)
                  0000e8e0    00000002                    : _lock.obj (.ebss:__lock)
                  0000e8e2    00000002                    : _lock.obj (.ebss:__unlock)
                  0000e8e4    00000001     cpu.obj (.ebss)
                  0000e8e5    0000001b     --HOLE--
                  0000e900    00000528     proj_bm1000.obj (.ebss)
                  0000ee28    00000018     --HOLE--
                  0000ee40    000000aa     hal.obj (.ebss)
                  0000eeea    00000016     --HOLE--
                  0000ef00    0000008b     fsm.obj (.ebss)

.econst    0    0000ef8c    000003f2     
                  0000ef8c    00000100     mb.obj (.econst:.string:_aucCRCHi)
                  0000f08c    00000100     mb.obj (.econst:.string:_aucCRCLo)
                  0000f18c    0000009a     user.obj (.econst:_MOTOR_DATA)
                  0000f226    0000005a     fsm.obj (.econst:_JM_FSM_Vars)
                  0000f280    00000038     user.obj (.econst:_BOARD_Params)
                  0000f2b8    00000030     fsm.obj (.econst:_JM_FSM_MotorFunc)
                  0000f2e8    00000016     fsm.obj (.econst:_FSM_ActionFunc)
                  0000f2fe    00000016     fsm.obj (.econst:_FSM_CondFunc)
                  0000f314    00000010     fsm.obj (.econst:_FSM_MaxTorque)
                  0000f324    0000000c     process_ctrl.obj (.econst:_DE5_Board_Bias)
                  0000f330    0000000b     fsm.obj (.econst:_FSM_EventTab)
                  0000f33b    00000001     --HOLE-- [fill = 0]
                  0000f33c    00000008     process_ctrl.obj (.econst)
                  0000f344    00000008     user.obj (.econst)
                  0000f34c    00000004     ctrl.obj (.econst:_$P$T0$1)
                  0000f350    00000004     ctrl.obj (.econst:_$P$T1$2)
                  0000f354    00000004     ctrl.obj (.econst:_$P$T2$3)
                  0000f358    00000004     ctrl.obj (.econst:_$P$T3$4)
                  0000f35c    00000004     ctrl.obj (.econst:_$P$T4$5)
                  0000f360    00000004     ctrl.obj (.econst:_$P$T5$6)
                  0000f364    00000004     ctrl.obj (.econst)
                  0000f368    00000004     fsm.obj (.econst)
                  0000f36c    00000004     hal.obj (.econst)
                  0000f370    00000004     mb.obj (.econst)
                  0000f374    00000004     motor.obj (.econst)
                  0000f378    00000004     proj_bm1000.obj (.econst)
                  0000f37c    00000002     rts2800_ml.lib : s_ceilf.obj (.econst)

IQmath     0    0000f37e    00000028     
                  0000f37e    0000000b     IQmath.lib : IQ24frac.obj (IQmath)
                  0000f389    0000000b                : IQ7frac.obj (IQmath)
                  0000f394    00000009                : IQ24int.obj (IQmath)
                  0000f39d    00000009                : IQ7int.obj (IQmath)

.stack     1    00000400    000003b0     UNINITIALIZED
                  00000400    000003b0     --HOLE--

MODULE SUMMARY

       Module                  code    ro data   rw data
       ------                  ----    -------   -------
    .\
       hal.obj                 3157    0         174    
       user.obj                2814    0         218    
       process_ctrl.obj        2823    0         75     
       fsm.obj                 2393    0         356    
       proj_bm1000.obj         1400    0         1336   
       ctrl.obj                2408    0         28     
       mb.obj                  1205    0         516    
       pwm.obj                 759     0         0      
       motor.obj               518     0         4      
       adc.obj                 504     0         0      
       clk.obj                 394     0         0      
       enc.obj                 393     0         0      
       gpio.obj                385     0         0      
       pie.obj                 260     0         0      
       sci.obj                 243     0         0      
       pll.obj                 91      0         0      
       flash.obj               82      0         0      
       offset.obj              71      0         0      
       wdog.obj                70      0         0      
       pwr.obj                 68      0         0      
       timer.obj               50      0         0      
       osc.obj                 45      0         0      
       cpu.obj                 37      0         1      
       filter_fo.obj           33      0         0      
       slip.obj                25      0         0      
       CodeStartBranch.obj     10      0         0      
       brake.obj               6       0         0      
       flyingStart.obj         6       0         0      
       qep.obj                 6       0         0      
       usDelay.obj             4       0         0      
    +--+-----------------------+-------+---------+---------+
       Total:                  20260   0         2708   
                                                        
    C:/Users/wmj/Desktop/BM1000_v1.1/sw/modules/iqmath/lib/f28x/32b/IQmath.lib
       IQ24frac.obj            0       0         11     
       IQ7frac.obj             0       0         11     
       IQ24int.obj             0       0         9      
       IQ7int.obj              0       0         9      
    +--+-----------------------+-------+---------+---------+
       Total:                  0       0         40     
                                                        
    C:/Users/wmj/Desktop/BM1000_v1.1/sw/modules/spintac/lib/32b/SpinTAC.lib
       spintac_pos_move.obj    4436    0         0      
       spintac_pos_ctl.obj     992     0         0      
       spintac_pos_conv.obj    551     0         0      
       spintac_pos_plan.obj    106     0         0      
       spintac_pos_roadd.obj   60      0         0      
       spintac_version.obj     49      0         0      
    +--+-----------------------+-------+---------+---------+
       Total:                  6194    0         0      
                                                        
    C:/ti/ccsv6/tools/compiler/c2000_15.12.3.LTS/lib/rts2800_ml.lib
       s_ceilf.obj             107     0         2      
       boot.obj                84      0         0      
       cpy_tbl.obj             70      0         0      
       exit.obj                41      0         20     
       fs_toul.obj             33      0         0      
       fs_tou.obj              29      0         0      
       cpy_utils.obj           26      0         0      
       args_main.obj           25      0         0      
       _lock.obj               9       0         14     
       pre_init.obj            2       0         0      
       startup.obj             1       0         0      
    +--+-----------------------+-------+---------+---------+
       Total:                  427     0         36     
                                                        
       Stack:                  0       0         944    
    +--+-----------------------+-------+---------+---------+
       Grand Total:            26881   0         3728   


GLOBAL DATA SYMBOLS: SORTED BY DATA PAGE

address     data page           name
--------    ----------------    ----
00000400      10 (00000400)     __stack

0000e8da     3a3 (0000e8c0)     ___TI_enable_exit_profile_output
0000e8dc     3a3 (0000e8c0)     ___TI_cleanup_ptr
0000e8de     3a3 (0000e8c0)     ___TI_dtors_ptr
0000e8e0     3a3 (0000e8c0)     __lock
0000e8e2     3a3 (0000e8c0)     __unlock
0000e8e4     3a3 (0000e8c0)     _cpu

0000e902     3a4 (0000e900)     _gLEDcnt
0000e904     3a4 (0000e900)     _ctrlHandle
0000e906     3a4 (0000e900)     _proctrlHandle
0000e908     3a4 (0000e900)     _controller_obj
0000e90a     3a4 (0000e900)     _halHandle

0000e940     3a5 (0000e940)     _gUserParams

0000ea00     3a8 (0000ea00)     _MyProcessCtrl

0000ee40     3b9 (0000ee40)     _hal

0000ef40     3bd (0000ef40)     _FSM_State_Box

0000ef8c     3be (0000ef80)     _aucCRCHi

0000f08c     3c2 (0000f080)     _aucCRCLo

0000f18c     3c6 (0000f180)     _MOTOR_DATA

0000f226     3c8 (0000f200)     _JM_FSM_Vars

0000f280     3ca (0000f280)     _BOARD_Params
0000f2b8     3ca (0000f280)     _JM_FSM_MotorFunc

0000f2e8     3cb (0000f2c0)     _FSM_ActionFunc
0000f2fe     3cb (0000f2c0)     _FSM_CondFunc

0000f314     3cc (0000f300)     _FSM_MaxTorque
0000f324     3cc (0000f300)     _DE5_Board_Bias
0000f330     3cc (0000f300)     _FSM_EventTab

0000f37e     3cd (0000f340)     __IQ24frac

0000f389     3ce (0000f380)     __IQ7frac
0000f394     3ce (0000f380)     __IQ24int
0000f39d     3ce (0000f380)     __IQ7int


GLOBAL SYMBOLS: SORTED ALPHABETICALLY BY Name 

page  address   name                                             
----  -------   ----                                             
0     00008000  .text                                            
0     0000e785  C$$EXIT                                          
abs   003f81d6  FD$$MPY                                          
abs   003f853d  FD$$TOL                                          
abs   003f8364  FS$$ADD                                          
abs   003f85c9  FS$$CMP                                          
abs   003f8259  FS$$DIV                                          
abs   003f83d7  FS$$MPY                                          
abs   003f8616  FS$$NEG                                          
abs   003f835f  FS$$SUB                                          
abs   003f8579  FS$$TOFD                                         
abs   003f84f6  FS$$TOI                                          
abs   003f84cd  FS$$TOL                                          
0     0000e835  FS$$TOU                                          
0     0000e7f4  FS$$TOUL                                         
abs   003f8595  I$$TOFS                                          
abs   003f84a3  L$$DIV                                           
abs   003f84b2  L$$MOD                                           
abs   003f85af  L$$TOFS                                          
abs   003f8606  U$$TOFS                                          
abs   003f85f3  UL$$TOFS                                         
0     0000dad2  _ADC_disable                                     
0     0000dac8  _ADC_disableBandGap                              
0     0000dab1  _ADC_disableInt                                  
0     0000daa7  _ADC_disableNoOverlapMode                        
0     0000da9d  _ADC_disableRefBuffers                           
0     0000da93  _ADC_disableVoltRefLoConv                        
0     0000da89  _ADC_enable                                      
0     0000da7f  _ADC_enableBandGap                               
0     0000da69  _ADC_enableInt                                   
0     0000da5f  _ADC_enableNoOverlapMode                         
0     0000da55  _ADC_enableRefBuffers                            
0     0000da4b  _ADC_enableVoltRefLoConv                         
0     0000da41  _ADC_getDivideSelect                             
0     0000da39  _ADC_init                                        
0     0000da2f  _ADC_powerDown                                   
0     0000da25  _ADC_powerUp                                     
0     0000da1b  _ADC_reset                                       
0     0000da0a  _ADC_setDivideSelect                             
0     0000d9e9  _ADC_setIntMode                                  
0     0000d9d8  _ADC_setIntPulseGenMode                          
0     0000d9b7  _ADC_setIntSrc                                   
0     0000d9ad  _ADC_setOffTrim                                  
0     0000d996  _ADC_setSampleMode                               
0     0000d983  _ADC_setSampleOverlapMode                        
0     0000d96f  _ADC_setSocChanNumber                            
0     0000d962  _ADC_setSocFrc                                   
0     0000d958  _ADC_setSocFrcWord                               
0     0000d944  _ADC_setSocSampleDelay                           
0     0000d930  _ADC_setSocTrigSrc                               
0     0000d91f  _ADC_setTempSensorSrc                            
0     0000d90e  _ADC_setVoltRefSrc                               
0     0000d8e4  _ADC_setupSocTrigSrc                             
0     0000f280  _BOARD_Params                                    
0     0000e8af  _Brake_init                                      
0     0000de51  _CLK_disableAdcClock                             
0     0000de4a  _CLK_disableClaClock                             
0     0000de44  _CLK_disableClkIn                                
0     0000de40  _CLK_disableCompClock                            
0     0000de39  _CLK_disableCpuTimerClock                        
0     0000de33  _CLK_disableCrystalOsc                           
0     0000de2c  _CLK_disableEcanaClock                           
0     0000de25  _CLK_disableEcap1Clock                           
0     0000de1e  _CLK_disableEqep1Clock                           
0     0000de17  _CLK_disableEqep2Clock                           
0     0000de10  _CLK_disableGpioInputClock                       
0     0000de09  _CLK_disableHrPwmClock                           
0     0000de02  _CLK_disableI2cClock                             
0     0000ddfb  _CLK_disableLinAClock                            
0     0000ddf5  _CLK_disableOsc1                                 
0     0000ddef  _CLK_disableOsc1HaltMode                         
0     0000dde9  _CLK_disableOsc2                                 
0     0000dde3  _CLK_disableOsc2HaltMode                         
0     0000ddd9  _CLK_disablePwmClock                             
0     0000ddd2  _CLK_disableSciaClock                            
0     0000ddcb  _CLK_disableScibClock                            
0     0000ddc4  _CLK_disableSpiaClock                            
0     0000ddc0  _CLK_disableSpibClock                            
0     0000ddb9  _CLK_disableTbClockSync                          
0     0000ddb3  _CLK_disableWatchDogHaltMode                     
0     0000ddac  _CLK_enableAdcClock                              
0     0000dda5  _CLK_enableClaClock                              
0     0000dd9f  _CLK_enableClkIn                                 
0     0000dd99  _CLK_enableCompClock                             
0     0000dd93  _CLK_enableCpuTimerClock                         
0     0000dd8d  _CLK_enableCrystalOsc                            
0     0000dd86  _CLK_enableEcanaClock                            
0     0000dd7f  _CLK_enableEcap1Clock                            
0     0000dd78  _CLK_enableEqep1Clock                            
0     0000dd71  _CLK_enableEqep2Clock                            
0     0000dd6a  _CLK_enableGpioInputClock                        
0     0000dd63  _CLK_enableHrPwmClock                            
0     0000dd5c  _CLK_enableI2cClock                              
0     0000dd55  _CLK_enableLinAClock                             
0     0000dd4f  _CLK_enableOsc1                                  
0     0000dd49  _CLK_enableOsc1HaltMode                          
0     0000dd43  _CLK_enableOsc2                                  
0     0000dd3d  _CLK_enableOsc2HaltMode                          
0     0000dd34  _CLK_enablePwmClock                              
0     0000dd2d  _CLK_enableSciaClock                             
0     0000dd26  _CLK_enableScibClock                             
0     0000dd1f  _CLK_enableSpiaClock                             
0     0000dd18  _CLK_enableSpibClock                             
0     0000dd11  _CLK_enableTbClockSync                           
0     0000dd0b  _CLK_enableWatchDogHaltMode                      
0     0000dd05  _CLK_init                                        
0     0000dcfe  _CLK_setClkOutPreScaler                          
0     0000dcf8  _CLK_setLowSpdPreScaler                          
0     0000dcf1  _CLK_setOsc2Src                                  
0     0000dcea  _CLK_setOscSrc                                   
0     0000dce3  _CLK_setTimer2PreScale                           
0     0000dcdc  _CLK_setTimer2Src                                
0     0000dcd5  _CLK_setWatchDogSrc                              
0     0000dcce  _CLK_setXClkInSrc                                
0     0000e7d0  _CPU_clearIntFlags                               
0     0000e7cd  _CPU_disableDebugInt                             
0     0000e7ca  _CPU_disableGlobalInts                           
0     0000e7c5  _CPU_disableInt                                  
0     0000e7c2  _CPU_disableInts                                 
0     0000e7bf  _CPU_disableProtectedRegisterWrite               
0     0000e7bc  _CPU_enableDebugInt                              
0     0000e7b9  _CPU_enableGlobalInts                            
0     0000e7b5  _CPU_enableInt                                   
0     0000e7b2  _CPU_enableProtectedRegisterWrite                
0     0000e7ae  _CPU_init                                        
0     0000ba15  _CTRL_getGains                                   
0     0000ba0e  _CTRL_getIab_filt_pu                             
0     0000ba07  _CTRL_getIab_in_pu                               
0     0000ba00  _CTRL_getIdq_in_pu                               
0     0000b9f9  _CTRL_getIdq_ref_pu                              
0     0000ba4e  _CTRL_getMagCurrent_pu                           
0     0000ba4b  _CTRL_getMaximumSpeed_pu                         
0     0000b9f2  _CTRL_getVab_in_pu                               
0     0000b9eb  _CTRL_getVab_out_pu                              
0     0000b9e4  _CTRL_getVdq_out_pu                              
abs   003fa721  _CTRL_getVersion                                 
0     0000b9db  _CTRL_getWaitTimes                               
abs   003fa6fb  _CTRL_initCtrl                                   
0     0000b4b5  _CTRL_run                                        
abs   003fa5d1  _CTRL_runTraj                                    
0     0000b1f7  _CTRL_setBrake                                   
abs   003f9e64  _CTRL_setEstParams                               
0     0000b204  _CTRL_setGains                                   
0     0000ba45  _CTRL_setMagCurrent_pu                           
0     0000ba48  _CTRL_setMaximumSpeed_pu                         
0     0000b22c  _CTRL_setParams                                  
0     0000b1e4  _CTRL_setSpd_ref_krpm                            
0     0000b1e1  _CTRL_setSpd_ref_pu                              
abs   003f9d31  _CTRL_setUserMotorParams                         
0     0000b1d8  _CTRL_setWaitTimes                               
0     0000b1ce  _CTRL_setup                                      
0     0000b1b2  _CTRL_setupClarke_I                              
0     0000b19c  _CTRL_setupClarke_V                              
abs   003f9b43  _CTRL_setupCtrl                                  
abs   003f99a5  _CTRL_setupEstIdleState                          
abs   003f996a  _CTRL_setupEstOnLineState                        
abs   003f9806  _CTRL_setupTraj                                  
0     0000b0e9  _CTRL_updateState                                
0     0000f324  _DE5_Board_Bias                                  
0     0000dfc0  _ENC_calcElecAngle                               
0     0000dfb4  _ENC_getSpeedRPM                                 
0     0000dfac  _ENC_init                                        
0     0000df01  _ENC_run                                         
0     0000de58  _ENC_setup                                       
abs   003f86ad  _EST_computeDirection_qFmt                       
abs   003f9760  _EST_doCurrentCtrl                               
abs   003f9758  _EST_doSpeedCtrl                                 
abs   003f8c0d  _EST_getAngle_pu                                 
abs   003f96be  _EST_getFlux_VpHz                                
abs   003f96ab  _EST_getFlux_pu                                  
abs   003f968e  _EST_getFm_pu                                    
abs   003f9632  _EST_getIdRated                                  
abs   003f95ff  _EST_getLs_coarse_max_pu                         
abs   003f95f5  _EST_getLs_d_H                                   
abs   003f95f0  _EST_getLs_d_pu                                  
abs   003f95ce  _EST_getLs_q_H                                   
abs   003f95c9  _EST_getLs_q_pu                                  
abs   003f95bd  _EST_getMaxCurrentSlope_pu                       
abs   003f95b3  _EST_getOneOverDcBus_pu                          
abs   003f95ad  _EST_getRr_Ohm                                   
abs   003f9513  _EST_getRs_Ohm                                   
abs   003f861b  _EST_getState                                    
abs   003f9458  _EST_get_krpm_to_pu_sf                           
abs   003f938d  _EST_isError                                     
abs   003f9386  _EST_isIdle                                      
abs   003f937f  _EST_isLockRotor                                 
abs   003f8679  _EST_isMotorIdentified                           
abs   003f9378  _EST_isOnLine                                    
abs   003f927b  _EST_run                                         
abs   003f8bf5  _EST_setDir_qFmt                                 
abs   003f8be8  _EST_setFe_neg_max_pu                            
abs   003f8be4  _EST_setFe_pos_min_pu                            
abs   003f8bdb  _EST_setFlag_enableForceAngle                    
abs   003f8bd3  _EST_setFlag_enableRsRecalc                      
abs   003f8b80  _EST_setId_ref_pu                                
abs   003f8b7a  _EST_setIdle                                     
abs   003f8b67  _EST_setIdle_all                                 
abs   003f8b63  _EST_setIq_ref_pu                                
abs   003f8b45  _EST_setLs_d_pu                                  
abs   003f8af1  _EST_setLs_qFmt                                  
abs   003f8ae7  _EST_setLs_q_pu                                  
abs   003f8adb  _EST_setMaxCurrentSlope_pu                       
abs   003f8a18  _EST_setRs_pu                                    
abs   003f89f5  _EST_updateId_ref_pu                             
abs   003f8713  _EST_updateState                                 
abs   003f861d  _EST_useZeroIq_ref                               
0     0000e7f1  _FILTER_FO_getDenCoeffs                          
0     0000e7ea  _FILTER_FO_getInitialConditions                  
0     0000e7e4  _FILTER_FO_getNumCoeffs                          
0     0000e7de  _FILTER_FO_init                                  
0     0000e7dc  _FILTER_FO_setDenCoeffs                          
0     0000e7d7  _FILTER_FO_setInitialConditions                  
0     0000e7d3  _FILTER_FO_setNumCoeffs                          
0     0000e82f  _FLASH_clear3VStatus                             
0     000000cd  _FLASH_disablePipelineMode                       
0     000000c7  _FLASH_enablePipelineMode                        
0     0000e82c  _FLASH_get3VStatus                               
0     0000e829  _FLASH_getActiveWaitCount                        
0     0000e825  _FLASH_getActiveWaitStatus                       
0     0000e822  _FLASH_getPowerMode                              
0     0000e81f  _FLASH_getStandbyWaitCount                       
0     0000e81b  _FLASH_getStandbyWaitStatus                      
0     0000e815  _FLASH_init                                      
0     000000c2  _FLASH_setActiveWaitCount                        
0     000000bb  _FLASH_setNumPagedReadWaitStates                 
0     000000b4  _FLASH_setNumRandomReadWaitStates                
0     000000ad  _FLASH_setOtpWaitStates                          
0     000000a6  _FLASH_setPowerMode                              
0     000000a1  _FLASH_setStandbyWaitCount                       
0     0000c37d  _FSM_485Edit_State_Box                           
0     0000c355  _FSM_485Read_State_Box                           
0     0000f2e8  _FSM_ActionFunc                                  
0     0000c20b  _FSM_Check485Start                               
0     0000c1c3  _FSM_CheckAnalogSensor1                          
0     0000c1a1  _FSM_CheckAnalogSensor2                          
0     0000c18f  _FSM_CheckContactSensor1                         
0     0000c17d  _FSM_CheckContactSensor2                         
0     0000c0ed  _FSM_CheckCoverSensor                            
0     0000bf1f  _FSM_CheckErrors                                 
0     0000c1f8  _FSM_CheckKeySensor1                             
0     0000c1e5  _FSM_CheckKeySensor2                             
0     0000c151  _FSM_CheckMoveStatus                             
0     0000c072  _FSM_CheckPosition                               
0     0000c214  _FSM_CheckSpeed                                  
0     0000c144  _FSM_CheckTimes                                  
0     0000c172  _FSM_CheckZeroSpeed                              
0     0000f2fe  _FSM_CondFunc                                    
0     0000f330  _FSM_EventTab                                    
0     0000f314  _FSM_MaxTorque                                   
0     0000c289  _FSM_ParamInit                                   
0     0000c268  _FSM_RecordZeroPoint                             
0     0000be77  _FSM_ReportResults                               
0     0000c226  _FSM_Run                                         
0     0000c04f  _FSM_RunConfig                                   
0     0000c028  _FSM_RunPolling                                  
0     0000c00f  _FSM_RunRetire                                   
0     0000bf98  _FSM_RunSpinTAC_Position                         
0     0000be97  _FSM_RunSpinTAC_Velocity                         
0     0000bf7f  _FSM_RunTrans                                    
0     0000bf12  _FSM_RunVelocityMode                             
0     0000be8f  _FSM_Run_IDLE                                    
0     0000be88  _FSM_Run_ReleaseDcBrake                          
0     0000be7f  _FSM_Run_STOP                                    
0     0000bb9d  _FSM_SelectMode                                  
0     0000be67  _FSM_SetPosStep                                  
0     0000be55  _FSM_SetVelocity                                 
0     0000be23  _FSM_SetupFsmMode                                
0     0000be1b  _FSM_ShutDowm                                    
0     0000ef40  _FSM_State_Box                                   
0     0000bdba  _FSM_State_Box_Init                              
0     0000bb2a  _FSM_VelTransToPos                               
0     0000baf6  _FSM_calcCoordinate                              
0     0000bad3  _FSM_calcRelativePos                             
0     0000ba90  _FSM_calcSensorPos                               
0     0000ba69  _FSM_clrOverCurrentReg                           
0     0000ba61  _FSM_getPortStatus                               
0     0000ba57  _FSM_init                                        
0     0000ba55  _FSM_setHalHandle                                
0     0000ba53  _FSM_setMotorHandle                              
0     0000ba51  _FSM_setStHandle                                 
0     0000e8b5  _FS_init                                         
0     0000e154  _GPIO_getData                                    
0     0000e149  _GPIO_getPortData                                
0     0000e143  _GPIO_init                                       
0     0000e139  _GPIO_lpmSelect                                  
0     0000e11a  _GPIO_read                                       
0     0000e100  _GPIO_setDirection                               
0     0000e0f5  _GPIO_setExtInt                                  
0     0000e0e5  _GPIO_setHigh                                    
0     0000e0d5  _GPIO_setLow                                     
0     0000e09d  _GPIO_setMode                                    
0     0000e08f  _GPIO_setPortData                                
0     0000e075  _GPIO_setPullup                                  
0     0000e038  _GPIO_setQualification                           
0     0000dff1  _GPIO_setQualificationPeriod                     
0     0000dfe1  _GPIO_toggle                                     
0     0000959a  _HAL_AdcCalChanSelect                            
0     000095f1  _HAL_AdcCalConversion                            
0     00009753  _HAL_AdcOffsetSelfCal                            
0     00009786  _HAL_GetBoardNum                                 
0     00009884  _HAL_OscTempComp                                 
0     000098dd  _HAL_cal                                         
0     00009ae0  _HAL_disableGlobalInts                           
0     000099bc  _HAL_disableWdog                                 
0     00009acf  _HAL_enableAdcInts                               
0     00009acb  _HAL_enableDebugInt                              
0     00009ac7  _HAL_enableGlobalInts                            
0     00009ab6  _HAL_enablePwmInt                                
0     00009a99  _HAL_enableSciaInt                               
0     00009a87  _HAL_enableTimer1Int                             
0     000097f1  _HAL_getOscTrimValue                             
0     000099c1  _HAL_init                                        
0     00009804  _HAL_osc1Comp                                    
0     00009844  _HAL_osc2Comp                                    
0     000099a2  _HAL_setDacParameters                            
0     000098f7  _HAL_setParams                                   
0     00009526  _HAL_setupAdcParams                              
0     0000942b  _HAL_setupAdcs                                   
0     0000940f  _HAL_setupClks                                   
0     000093e7  _HAL_setupFaults                                 
0     000093c9  _HAL_setupFlash                                  
0     000091e6  _HAL_setupGpios                                  
0     00009193  _HAL_setupPeripheralClks                         
0     00009177  _HAL_setupPie                                    
0     00009138  _HAL_setupPll                                    
0     000090ab  _HAL_setupPwmDacs                                
0     00008fc9  _HAL_setupPwms                                   
0     00008f2a  _HAL_setupQEP                                    
0     00008ee8  _HAL_setupScia                                   
0     00008e8f  _HAL_setupTimers                                 
0     0000f2b8  _JM_FSM_MotorFunc                                
0     0000f226  _JM_FSM_Vars                                     
0     0000c435  _MB_CRC16                                        
0     0000c68f  _MB_FloatTransToInt                              
0     0000c6a7  _MB_FuncReadHoldingRegister                      
0     0000c5f4  _MB_FuncWriteCoilsRegister                       
0     0000c516  _MB_FuncWriteHoldingRegister                     
0     0000c815  _MB_Poll                                         
0     0000c509  _MB_PortEventGet                                 
0     0000c506  _MB_PortEventInit                                
0     0000c3bb  _MB_PortEventPost                                
0     0000c3c1  _MB_PortSerialEnable                             
0     0000c49f  _MB_PortSerialGetByte                            
0     0000c3ef  _MB_PortSerialPutByte                            
0     0000c420  _MB_PortTimersDisable                            
0     0000c4b1  _MB_PortTimersEnable                             
0     0000c4f2  _MB_RTUReceive                                   
0     0000c4be  _MB_RTUReceiveFSM                                
0     0000c455  _MB_RTUSend                                      
0     0000c424  _MB_RTUTimerFSM                                  
0     0000c3f9  _MB_RTUTransmitFSM                               
0     0000c3b5  _MB_init                                         
0     0000c3b3  _MB_setFsmHandle                                 
0     0000c3b1  _MB_setGpioHandle                                
0     0000c3af  _MB_setMotorHandle                               
0     0000c3ac  _MB_setSciHandle                                 
0     0000c3aa  _MB_setTimHandle                                 
0     0000d8da  _MOTOR_CtrlVersion_Init                          
0     0000f18c  _MOTOR_DATA                                      
0     0000d84e  _MOTOR_MotorVars_Init                            
0     0000d7e0  _MOTOR_SpinTAC_Vars_Init                         
0     0000d7db  _MOTOR_getMaxCurrent                             
0     0000d79a  _MOTOR_getMotorFlag                              
0     0000d6e4  _MOTOR_setMotorFlag                              
0     0000d6de  _Motor_init                                      
0     0000ea00  _MyProcessCtrl                                   
0     0000e562  _OFFSET_getBeta                                  
0     0000e551  _OFFSET_init                                     
0     0000e53b  _OFFSET_setBeta                                  
0     0000e52c  _OFFSET_setInitCond                              
0     0000e52a  _OFFSET_setOffset                                
0     0000e77f  _OSC_init                                        
0     0000e772  _OSC_setCoarseTrim                               
0     0000e761  _OSC_setFineTrim                                 
0     0000e758  _OSC_setTrim                                     
0     0000e25a  _PIE_clearAllFlags                               
0     0000e257  _PIE_clearAllInts                                
0     0000e254  _PIE_disable                                     
0     0000e24d  _PIE_disableAllInts                              
0     0000e249  _PIE_disableCaptureInt                           
0     0000e240  _PIE_disableExtInt                               
0     0000e236  _PIE_disableInt                                  
0     0000e233  _PIE_enable                                      
0     0000e217  _PIE_enableAdcInt                                
0     0000e213  _PIE_enableCaptureInt                            
0     0000e1f7  _PIE_enableExtInt                                
0     0000e1ee  _PIE_enableInt                                   
0     0000e1e9  _PIE_enablePwmInt                                
0     0000e1e4  _PIE_enablePwmTzInt                              
0     0000e1e1  _PIE_enableTimer0Int                             
0     0000e1d8  _PIE_forceInt                                    
0     0000e1d0  _PIE_getExtIntCount                              
0     0000e1c9  _PIE_getIntEnables                               
0     0000e1c2  _PIE_getIntFlags                                 
0     0000e8c1  _PIE_illegalIsr                                  
0     0000e1ba  _PIE_init                                        
0     0000e1a9  _PIE_registerPieIntHandler                       
0     0000e19e  _PIE_registerSystemIntHandler                    
0     0000e193  _PIE_setDefaultIntVectorTable                    
0     0000e182  _PIE_setExtIntPolarity                           
0     0000e16f  _PIE_unregisterPieIntHandler                     
0     0000e162  _PIE_unregisterSystemIntHandler                  
0     0000e47e  _PLL_disable                                     
0     0000e478  _PLL_disableClkDetect                            
0     0000e472  _PLL_disableNormRdy                              
0     0000e46c  _PLL_disableOsc                                  
0     0000e466  _PLL_enable                                      
0     0000e460  _PLL_enableClkDetect                             
0     0000e45a  _PLL_enableNormRdy                               
0     0000e454  _PLL_enableOsc                                   
0     0000e450  _PLL_getClkFreq                                  
0     0000e44d  _PLL_getClkStatus                                
0     0000e44a  _PLL_getDivideSelect                             
0     0000e447  _PLL_getLockStatus                               
0     0000e441  _PLL_init                                        
0     0000e43b  _PLL_resetClkDetect                              
0     0000e435  _PLL_setClkFreq                                  
0     0000e42e  _PLL_setDivideSelect                             
0     0000e429  _PLL_setLockPeriod                               
0     0000a5e4  _PROCTRL_CheckMotorError                         
0     0000a56d  _PROCTRL_MainLoop                                
0     0000a4ff  _PROCTRL_UpdateCurrentAmpVar                     
0     0000a4b6  _PROCTRL_UpdateIqRef                             
0     0000a49b  _PROCTRL_UpdateMotorSpeed                        
0     0000a481  _PROCTRL_UpdateMotorTorque                       
0     0000a427  _PROCTRL_UpdateMotorVar                          
0     0000a367  _PROCTRL_UpdateSpinTAC                           
0     0000a333  _PROCTRL_UpdateVoltageVar                        
0     0000a31c  _PROCTRL_Update_Est_State                        
0     0000a231  _PROCTRL_chkError                                
0     0000a0f6  _PROCTRL_chkMotorIdentified                      
0     0000a0b9  _PROCTRL_getBoardBias                            
0     0000a07b  _PROCTRL_getChipTemperture                       
0     0000a063  _PROCTRL_getDCbusVoltage                         
0     0000a056  _PROCTRL_getPortData                             
0     0000a02b  _PROCTRL_getScaleActors                          
0     00009fc6  _PROCTRL_getSensorData                           
0     00009f2b  _PROCTRL_init                                    
0     00009e84  _PROCTRL_setBoardBias                            
0     00009e82  _PROCTRL_setCtrlHandle                           
0     00009e50  _PROCTRL_setDcBrakeCurrent                       
0     00009e41  _PROCTRL_setDcBrakeEnable                        
0     00009e3f  _PROCTRL_setHalHandle                            
0     00009e3c  _PROCTRL_setMotorHandle                          
0     00009e3a  _PROCTRL_setUserParams                           
0     00009e22  _PROCTRL_setupFSM                                
0     00009df9  _PROCTRL_setupFlyingStart                        
0     00009dd1  _PROCTRL_setupModbus                             
0     00009dcc  _PROCTRL_setupMotors                             
0     00009d87  _PROCTRL_setupSpinTAC                            
0     00009d50  _PROCTRL_updateKpKiGains                         
0     0000d20c  _PWM_clearTripZone                               
0     0000d209  _PWM_decrementDeadBandFallingEdgeDelay           
0     0000d206  _PWM_decrementDeadBandRisingEdgeDelay            
0     0000d1ff  _PWM_disableAutoConvert                          
0     0000d1fb  _PWM_disableChopping                             
0     0000d1f8  _PWM_disableCounterLoad                          
0     0000d1f5  _PWM_disableDeadBand                             
0     0000d1f1  _PWM_disableDeadBandHalfCycle                    
0     0000d1ea  _PWM_disableDigitalCompareBlankingWindow         
0     0000d1e3  _PWM_disableDigitalCompareBlankingWindowInversion
0     0000d1dc  _PWM_disableHrPeriod                             
0     0000d1d5  _PWM_disableHrPhaseSync                          
0     0000d1d1  _PWM_disableInt                                  
0     0000d1cd  _PWM_disableSocAPulse                            
0     0000d1c9  _PWM_disableSocBPulse                            
0     0000d1c2  _PWM_disableTripZoneInt                          
0     0000d1bb  _PWM_disableTripZoneSrc                          
0     0000d1b5  _PWM_disableTripZones                            
0     0000d1ae  _PWM_enableAutoConvert                           
0     0000d1aa  _PWM_enableChopping                              
0     0000d1a7  _PWM_enableCounterLoad                           
0     0000d1a3  _PWM_enableDeadBandHalfCycle                     
0     0000d19c  _PWM_enableDigitalCompareBlankingWindow          
0     0000d195  _PWM_enableDigitalCompareBlankingWindowInversion 
0     0000d18e  _PWM_enableHrPeriod                              
0     0000d187  _PWM_enableHrPhaseSync                           
0     0000d183  _PWM_enableInt                                   
0     0000d17f  _PWM_enableSocAPulse                             
0     0000d17b  _PWM_enableSocBPulse                             
0     0000d175  _PWM_enableTripZoneInt                           
0     0000d16f  _PWM_enableTripZoneSrc                           
0     0000d16c  _PWM_getDeadBandFallingEdgeDelay                 
0     0000d169  _PWM_getDeadBandRisingEdgeDelay                  
0     0000d165  _PWM_getIntCount                                 
0     0000d161  _PWM_getShadowStatus_CmpA                        
0     0000d15d  _PWM_getShadowStatus_CmpB                        
0     0000d158  _PWM_getSocACount                                
0     0000d153  _PWM_getSocBCount                                
0     0000d150  _PWM_incrementDeadBandFallingEdgeDelay           
0     0000d14d  _PWM_incrementDeadBandRisingEdgeDelay            
0     0000d147  _PWM_init                                        
0     0000d140  _PWM_setActionQualContSWForce_PwmA               
0     0000d137  _PWM_setActionQualContSWForce_PwmB               
0     0000d12e  _PWM_setActionQual_CntDown_CmpA_PwmA             
0     0000d125  _PWM_setActionQual_CntDown_CmpA_PwmB             
0     0000d11c  _PWM_setActionQual_CntDown_CmpB_PwmA             
0     0000d113  _PWM_setActionQual_CntDown_CmpB_PwmB             
0     0000d10a  _PWM_setActionQual_CntUp_CmpA_PwmA               
0     0000d101  _PWM_setActionQual_CntUp_CmpA_PwmB               
0     0000d0f8  _PWM_setActionQual_CntUp_CmpB_PwmA               
0     0000d0ef  _PWM_setActionQual_CntUp_CmpB_PwmB               
0     0000d0e6  _PWM_setActionQual_Period_PwmA                   
0     0000d0dd  _PWM_setActionQual_Period_PwmB                   
0     0000d0d6  _PWM_setActionQual_Zero_PwmA                     
0     0000d0cf  _PWM_setActionQual_Zero_PwmB                     
0     0000d0c8  _PWM_setChoppingClkFreq                          
0     0000d0c1  _PWM_setChoppingDutyCycle                        
0     0000d0ba  _PWM_setChoppingPulseWidth                       
0     0000d0b6  _PWM_setClkDiv                                   
0     0000d0b4  _PWM_setCount                                    
0     0000d0b0  _PWM_setCounterMode                              
0     0000d0ad  _PWM_setDeadBandFallingEdgeDelay                 
0     0000d0a6  _PWM_setDeadBandInputMode                        
0     0000d09f  _PWM_setDeadBandOutputMode                       
0     0000d098  _PWM_setDeadBandPolarity                         
0     0000d095  _PWM_setDeadBandRisingEdgeDelay                  
0     0000d07b  _PWM_setDigitalCompareAEvent1                    
0     0000d06b  _PWM_setDigitalCompareAEvent2                    
0     0000d051  _PWM_setDigitalCompareBEvent1                    
0     0000d041  _PWM_setDigitalCompareBEvent2                    
0     0000d035  _PWM_setDigitalCompareBlankingPulse              
0     0000d032  _PWM_setDigitalCompareFilterOffset               
0     0000d028  _PWM_setDigitalCompareFilterSource               
0     0000d025  _PWM_setDigitalCompareFilterWindow               
0     0000d016  _PWM_setDigitalCompareInput                      
0     0000d012  _PWM_setHighSpeedClkDiv                          
0     0000d008  _PWM_setHrControlMode                            
0     0000cffe  _PWM_setHrEdgeMode                               
0     0000cff4  _PWM_setHrShadowMode                             
0     0000cfed  _PWM_setIntMode                                  
0     0000cfe6  _PWM_setIntPeriod                                
0     0000cfe2  _PWM_setLoadMode_CmpA                            
0     0000cfdc  _PWM_setLoadMode_CmpB                            
0     0000cfda  _PWM_setPeriod                                   
0     0000cfd5  _PWM_setPeriodHr                                 
0     0000cfd1  _PWM_setPeriodLoad                               
0     0000cfcf  _PWM_setPhase                                    
0     0000cfcb  _PWM_setPhaseDir                                 
0     0000cfc7  _PWM_setRunMode                                  
0     0000cfc1  _PWM_setShadowMode_CmpA                          
0     0000cfbb  _PWM_setShadowMode_CmpB                          
0     0000cfb2  _PWM_setSocAPeriod                               
0     0000cfa8  _PWM_setSocAPulseSrc                             
0     0000cf9f  _PWM_setSocBPeriod                               
0     0000cf96  _PWM_setSocBPulseSrc                             
0     0000cf93  _PWM_setSwSync                                   
0     0000cf8f  _PWM_setSyncMode                                 
0     0000cf85  _PWM_setTripZoneDCEventSelect_DCAEVT1            
0     0000cf79  _PWM_setTripZoneDCEventSelect_DCAEVT2            
0     0000cf6d  _PWM_setTripZoneDCEventSelect_DCBEVT1            
0     0000cf61  _PWM_setTripZoneDCEventSelect_DCBEVT2            
0     0000cf55  _PWM_setTripZoneState_DCAEVT1                    
0     0000cf49  _PWM_setTripZoneState_DCAEVT2                    
0     0000cf3d  _PWM_setTripZoneState_DCBEVT1                    
0     0000cf31  _PWM_setTripZoneState_DCBEVT2                    
0     0000cf27  _PWM_setTripZoneState_TZA                        
0     0000cf1b  _PWM_setTripZoneState_TZB                        
0     0000e63e  _PWR_disableBrownOutReset                        
0     0000e634  _PWR_disableWatchDogInt                          
0     0000e631  _PWR_enableBrownOutReset                         
0     0000e627  _PWR_enableWatchDogInt                           
0     0000e61f  _PWR_init                                        
0     0000e60e  _PWR_setLowPowerMode                             
0     0000e5fd  _PWR_setNumStandByClocks                         
0     0000e8bb  _QEP_init                                        
0     000000d7  _RamfuncsLoadEnd                                 
abs   00000036  _RamfuncsLoadSize                                
0     000000a1  _RamfuncsLoadStart                               
0     000000a1  _RamfuncsRunStart                                
0     0000e350  _SCI_clearAutoBaudDetect                         
0     0000e34c  _SCI_clearRxFifoInt                              
0     0000e348  _SCI_clearRxFifoOvf                              
0     0000e344  _SCI_clearTxFifoInt                              
0     0000e341  _SCI_disable                                     
0     0000e33d  _SCI_disableAutoBaudAlign                        
0     0000e33a  _SCI_disableLoopBack                             
0     0000e337  _SCI_disableParity                               
0     0000e334  _SCI_disableRx                                   
0     0000e331  _SCI_disableRxErrorInt                           
0     0000e32d  _SCI_disableRxFifoInt                            
0     0000e32a  _SCI_disableRxInt                                
0     0000e327  _SCI_disableSleep                                
0     0000e324  _SCI_disableTx                                   
0     0000e320  _SCI_disableTxFifoEnh                            
0     0000e31c  _SCI_disableTxFifoInt                            
0     0000e319  _SCI_disableTxInt                                
0     0000e316  _SCI_disableTxWake                               
0     0000e313  _SCI_enable                                      
0     0000e30f  _SCI_enableAutoBaudAlign                         
0     0000e30b  _SCI_enableChannels                              
0     0000e308  _SCI_enableLoopBack                              
0     0000e305  _SCI_enableParity                                
0     0000e302  _SCI_enableRx                                    
0     0000e2ff  _SCI_enableRxErrorInt                            
0     0000e2fb  _SCI_enableRxFifo                                
0     0000e2f7  _SCI_enableRxFifoInt                             
0     0000e2f4  _SCI_enableRxInt                                 
0     0000e2f1  _SCI_enableSleep                                 
0     0000e2ee  _SCI_enableTx                                    
0     0000e2ea  _SCI_enableTxFifo                                
0     0000e2e6  _SCI_enableTxFifoEnh                             
0     0000e2e2  _SCI_enableTxFifoInt                             
0     0000e2df  _SCI_enableTxInt                                 
0     0000e2dc  _SCI_enableTxWake                                
0     0000e2d6  _SCI_getDataBlocking                             
0     0000e2cd  _SCI_getDataNonBlocking                          
0     0000e2c9  _SCI_getRxFifoStatus                             
0     0000e2c5  _SCI_getTxFifoStatus                             
0     0000e2bf  _SCI_init                                        
0     0000e2b8  _SCI_putDataBlocking                             
0     0000e2b0  _SCI_putDataNonBlocking                          
0     0000e2ad  _SCI_reset                                       
0     0000e2a3  _SCI_resetChannels                               
0     0000e299  _SCI_resetRxFifo                                 
0     0000e28f  _SCI_resetTxFifo                                 
0     0000e289  _SCI_setBaudRate                                 
0     0000e285  _SCI_setCharLength                               
0     0000e281  _SCI_setMode                                     
0     0000e27d  _SCI_setNumStopBits                              
0     0000e279  _SCI_setParity                                   
0     0000e276  _SCI_setPriority                                 
0     0000e26f  _SCI_setRxFifoIntLevel                           
0     0000e268  _SCI_setTxDelay                                  
0     0000e261  _SCI_setTxFifoIntLevel                           
0     0000e898  _SLIP_init                                       
0     0000e88d  _SLIP_run                                        
0     0000e885  _SLIP_setup                                      
0     0000e6c0  _STPOSCONV_init                                  
0     0000dadc  _STPOSCONV_run                                   
0     0000e641  _STPOSCTL_init                                   
0     0000c85f  _STPOSCTL_run                                    
0     0000e4d8  _STPOSMOVE_init                                  
0     00008000  _STPOSMOVE_run                                   
0     0000e3bf  _STPOSPLAN_init                                  
0     0000e684  _ST_addPosRollOver                               
0     0000e727  _ST_initVersion                                  
0     00009d03  _ST_runPosConv                                   
0     00009cab  _ST_runPosCtl                                    
0     00009c9e  _ST_runPosMove                                   
0     0000e724  _TIMER_clearFlag                                 
0     0000e721  _TIMER_disableInt                                
0     0000e71e  _TIMER_enableInt                                 
0     0000e71b  _TIMER_getStatus                                 
0     0000e715  _TIMER_init                                      
0     0000e707  _TIMER_setDecimationFactor                       
0     0000e703  _TIMER_setEmulationMode                          
0     0000e6f5  _TIMER_setPreScaler                              
0     0000d6bc  _Timer1ISR                                       
0     0000d68a  _UART_RxISR                                      
0     0000d660  _UART_TxReadyISR                                 
0     0000b030  _USER_calcPIgains                                
0     0000b009  _USER_checkDefErrors                             
0     0000aa71  _USER_checkForErrors                             
0     0000aa63  _USER_computeFlux                                
0     0000aa13  _USER_computeFlux_pu_to_VpHz_sf                  
0     0000a9c3  _USER_computeFlux_pu_to_Wb_sf                    
0     0000a958  _USER_computeTorque_Flux_Iq_pu_to_Nm_sf          
0     0000a8ed  _USER_computeTorque_Ls_Id_Iq_pu_to_Nm_sf         
0     0000a8a0  _USER_computeTorque_Nm                           
0     0000a848  _USER_computeTorque_lbin                         
0     0000a845  _USER_getErrorCode                               
0     0000a7df  _USER_setBoardParams                             
0     0000a7dc  _USER_setErrorCode                               
0     0000a7d9  _USER_setMotorIDs                                
0     0000a779  _USER_setMotorParams                             
0     0000a711  _USER_setParams                                  
0     0000a6fa  _USER_setSysParams                               
0     0000a670  _USER_setWaitTimeParams                          
0     0000a5eb  _USER_softwareUpdate1p6                          
0     0000e5f5  _WDOG_clearCounter                               
0     0000e5ed  _WDOG_disable                                    
0     0000e5e7  _WDOG_disableInt                                 
0     0000e5e1  _WDOG_disableOverRide                            
0     0000e5d8  _WDOG_enable                                     
0     0000e5d2  _WDOG_enableInt                                  
0     0000e5cc  _WDOG_enableOverRide                             
0     0000e5c9  _WDOG_getIntStatus                               
0     0000e5c3  _WDOG_init                                       
0     0000e5c1  _WDOG_setCount                                   
0     0000e5b7  _WDOG_setPreScaler                               
abs   003fec6c  __IQ20div                                        
abs   003fef5e  __IQ20exp                                        
abs   003ff209  __IQ20log                                        
abs   003fee98  __IQ20sqrt                                       
abs   003ff183  __IQ24cosPU                                      
abs   003fecb3  __IQ24div                                        
abs   003fef9b  __IQ24exp                                        
0     0000f37e  __IQ24frac                                       
0     0000f394  __IQ24int                                        
abs   003ff2a6  __IQ24log                                        
abs   003ff15a  __IQ24sinPU                                      
abs   003feeda  __IQ24sqrt                                       
abs   003ff1e8  __IQ30toF                                        
0     0000f389  __IQ7frac                                        
0     0000f39d  __IQ7int                                         
1     000007b0  __STACK_END                                      
abs   000003b0  __STACK_SIZE                                     
0     0000e8dc  ___TI_cleanup_ptr                                
0     0000e8de  ___TI_dtors_ptr                                  
0     0000e8da  ___TI_enable_exit_profile_output                 
abs   ffffffff  ___TI_pprof_out_hndl                             
abs   ffffffff  ___TI_prof_data_size                             
abs   ffffffff  ___TI_prof_data_start                            
abs   ffffffff  ___binit__                                       
abs   ffffffff  ___c_args__                                      
0     00000050  ___cinit__                                       
0     0000e8c9  ___etext__                                       
abs   ffffffff  ___pinit__                                       
0     00008000  ___text__                                        
0     0000e86c  __args_main                                      
0     0000e8e0  __lock                                           
0     0000e8a6  __nop                                            
0     0000e8a2  __register_lock                                  
0     0000e89e  __register_unlock                                
1     00000400  __stack                                          
0     0000e8c8  __system_post_cinit                              
0     0000e8c6  __system_pre_init                                
0     0000e8e2  __unlock                                         
0     0000e785  _abort                                           
0     00009c88  _acim_Dir_qFmtCalc                               
0     0000ef8c  _aucCRCHi                                        
0     0000f08c  _aucCRCLo                                        
0     0000e484  _c_int00                                         
0     0000e354  _ceil                                            
0     0000e354  _ceilf                                           
0     0000e908  _controller_obj                                  
0     0000e571  _copy_in                                         
0     0000e8e4  _cpu                                             
0     0000e904  _ctrlHandle                                      
0     0000e852  _ddcopy                                          
0     0000e852  _dpcopy                                          
0     0000e787  _exit                                            
0     0000e902  _gLEDcnt                                         
0     0000e940  _gUserParams                                     
0     0000ee40  _hal                                             
0     0000e90a  _halHandle                                       
abs   003f8000  _log                                             
0     0000cbfc  _main                                            
0     0000d485  _mainISR                                         
0     00009b93  _motor_RunCtrl                                   
0     00009b82  _motor_StopCtrl                                  
0     0000e852  _pdcopy                                          
abs   003f82dc  _pow                                             
0     0000e852  _ppcopy                                          
0     0000e906  _proctrlHandle                                   
0     00009b09  _recalcKpKi                                      
abs   003fb9dd  _s0_calc                                         
abs   003fb9ad  _s0_conf                                         
abs   003fb65f  _s1_calc                                         
abs   003fbae7  _s2_calc                                         
abs   003fbb85  _s4_calc                                         
abs   003fbc34  _s4_conf                                         
abs   003fbc58  _s4_reset                                        
0     00009ae4  _setFeLimitZero                                  
abs   003fbc6d  _spintac_rom_ver                                 
0     000000d3  _usDelay                                         
abs   ffffffff  binit                                            
0     00000050  cinit                                            
0     00000000  code_start                                       
0     0000e8c9  etext                                            
abs   ffffffff  pinit                                            


GLOBAL SYMBOLS: SORTED BY Symbol Address 

page  address   name                                             
----  -------   ----                                             
0     00000000  code_start                                       
0     00000050  ___cinit__                                       
0     00000050  cinit                                            
0     000000a1  _FLASH_setStandbyWaitCount                       
0     000000a1  _RamfuncsLoadStart                               
0     000000a1  _RamfuncsRunStart                                
0     000000a6  _FLASH_setPowerMode                              
0     000000ad  _FLASH_setOtpWaitStates                          
0     000000b4  _FLASH_setNumRandomReadWaitStates                
0     000000bb  _FLASH_setNumPagedReadWaitStates                 
0     000000c2  _FLASH_setActiveWaitCount                        
0     000000c7  _FLASH_enablePipelineMode                        
0     000000cd  _FLASH_disablePipelineMode                       
0     000000d3  _usDelay                                         
0     000000d7  _RamfuncsLoadEnd                                 
0     00008000  .text                                            
0     00008000  _STPOSMOVE_run                                   
0     00008000  ___text__                                        
0     00008e8f  _HAL_setupTimers                                 
0     00008ee8  _HAL_setupScia                                   
0     00008f2a  _HAL_setupQEP                                    
0     00008fc9  _HAL_setupPwms                                   
0     000090ab  _HAL_setupPwmDacs                                
0     00009138  _HAL_setupPll                                    
0     00009177  _HAL_setupPie                                    
0     00009193  _HAL_setupPeripheralClks                         
0     000091e6  _HAL_setupGpios                                  
0     000093c9  _HAL_setupFlash                                  
0     000093e7  _HAL_setupFaults                                 
0     0000940f  _HAL_setupClks                                   
0     0000942b  _HAL_setupAdcs                                   
0     00009526  _HAL_setupAdcParams                              
0     0000959a  _HAL_AdcCalChanSelect                            
0     000095f1  _HAL_AdcCalConversion                            
0     00009753  _HAL_AdcOffsetSelfCal                            
0     00009786  _HAL_GetBoardNum                                 
0     000097f1  _HAL_getOscTrimValue                             
0     00009804  _HAL_osc1Comp                                    
0     00009844  _HAL_osc2Comp                                    
0     00009884  _HAL_OscTempComp                                 
0     000098dd  _HAL_cal                                         
0     000098f7  _HAL_setParams                                   
0     000099a2  _HAL_setDacParameters                            
0     000099bc  _HAL_disableWdog                                 
0     000099c1  _HAL_init                                        
0     00009a87  _HAL_enableTimer1Int                             
0     00009a99  _HAL_enableSciaInt                               
0     00009ab6  _HAL_enablePwmInt                                
0     00009ac7  _HAL_enableGlobalInts                            
0     00009acb  _HAL_enableDebugInt                              
0     00009acf  _HAL_enableAdcInts                               
0     00009ae0  _HAL_disableGlobalInts                           
0     00009ae4  _setFeLimitZero                                  
0     00009b09  _recalcKpKi                                      
0     00009b82  _motor_StopCtrl                                  
0     00009b93  _motor_RunCtrl                                   
0     00009c88  _acim_Dir_qFmtCalc                               
0     00009c9e  _ST_runPosMove                                   
0     00009cab  _ST_runPosCtl                                    
0     00009d03  _ST_runPosConv                                   
0     00009d50  _PROCTRL_updateKpKiGains                         
0     00009d87  _PROCTRL_setupSpinTAC                            
0     00009dcc  _PROCTRL_setupMotors                             
0     00009dd1  _PROCTRL_setupModbus                             
0     00009df9  _PROCTRL_setupFlyingStart                        
0     00009e22  _PROCTRL_setupFSM                                
0     00009e3a  _PROCTRL_setUserParams                           
0     00009e3c  _PROCTRL_setMotorHandle                          
0     00009e3f  _PROCTRL_setHalHandle                            
0     00009e41  _PROCTRL_setDcBrakeEnable                        
0     00009e50  _PROCTRL_setDcBrakeCurrent                       
0     00009e82  _PROCTRL_setCtrlHandle                           
0     00009e84  _PROCTRL_setBoardBias                            
0     00009f2b  _PROCTRL_init                                    
0     00009fc6  _PROCTRL_getSensorData                           
0     0000a02b  _PROCTRL_getScaleActors                          
0     0000a056  _PROCTRL_getPortData                             
0     0000a063  _PROCTRL_getDCbusVoltage                         
0     0000a07b  _PROCTRL_getChipTemperture                       
0     0000a0b9  _PROCTRL_getBoardBias                            
0     0000a0f6  _PROCTRL_chkMotorIdentified                      
0     0000a231  _PROCTRL_chkError                                
0     0000a31c  _PROCTRL_Update_Est_State                        
0     0000a333  _PROCTRL_UpdateVoltageVar                        
0     0000a367  _PROCTRL_UpdateSpinTAC                           
0     0000a427  _PROCTRL_UpdateMotorVar                          
0     0000a481  _PROCTRL_UpdateMotorTorque                       
0     0000a49b  _PROCTRL_UpdateMotorSpeed                        
0     0000a4b6  _PROCTRL_UpdateIqRef                             
0     0000a4ff  _PROCTRL_UpdateCurrentAmpVar                     
0     0000a56d  _PROCTRL_MainLoop                                
0     0000a5e4  _PROCTRL_CheckMotorError                         
0     0000a5eb  _USER_softwareUpdate1p6                          
0     0000a670  _USER_setWaitTimeParams                          
0     0000a6fa  _USER_setSysParams                               
0     0000a711  _USER_setParams                                  
0     0000a779  _USER_setMotorParams                             
0     0000a7d9  _USER_setMotorIDs                                
0     0000a7dc  _USER_setErrorCode                               
0     0000a7df  _USER_setBoardParams                             
0     0000a845  _USER_getErrorCode                               
0     0000a848  _USER_computeTorque_lbin                         
0     0000a8a0  _USER_computeTorque_Nm                           
0     0000a8ed  _USER_computeTorque_Ls_Id_Iq_pu_to_Nm_sf         
0     0000a958  _USER_computeTorque_Flux_Iq_pu_to_Nm_sf          
0     0000a9c3  _USER_computeFlux_pu_to_Wb_sf                    
0     0000aa13  _USER_computeFlux_pu_to_VpHz_sf                  
0     0000aa63  _USER_computeFlux                                
0     0000aa71  _USER_checkForErrors                             
0     0000b009  _USER_checkDefErrors                             
0     0000b030  _USER_calcPIgains                                
0     0000b0e9  _CTRL_updateState                                
0     0000b19c  _CTRL_setupClarke_V                              
0     0000b1b2  _CTRL_setupClarke_I                              
0     0000b1ce  _CTRL_setup                                      
0     0000b1d8  _CTRL_setWaitTimes                               
0     0000b1e1  _CTRL_setSpd_ref_pu                              
0     0000b1e4  _CTRL_setSpd_ref_krpm                            
0     0000b1f7  _CTRL_setBrake                                   
0     0000b204  _CTRL_setGains                                   
0     0000b22c  _CTRL_setParams                                  
0     0000b4b5  _CTRL_run                                        
0     0000b9db  _CTRL_getWaitTimes                               
0     0000b9e4  _CTRL_getVdq_out_pu                              
0     0000b9eb  _CTRL_getVab_out_pu                              
0     0000b9f2  _CTRL_getVab_in_pu                               
0     0000b9f9  _CTRL_getIdq_ref_pu                              
0     0000ba00  _CTRL_getIdq_in_pu                               
0     0000ba07  _CTRL_getIab_in_pu                               
0     0000ba0e  _CTRL_getIab_filt_pu                             
0     0000ba15  _CTRL_getGains                                   
0     0000ba45  _CTRL_setMagCurrent_pu                           
0     0000ba48  _CTRL_setMaximumSpeed_pu                         
0     0000ba4b  _CTRL_getMaximumSpeed_pu                         
0     0000ba4e  _CTRL_getMagCurrent_pu                           
0     0000ba51  _FSM_setStHandle                                 
0     0000ba53  _FSM_setMotorHandle                              
0     0000ba55  _FSM_setHalHandle                                
0     0000ba57  _FSM_init                                        
0     0000ba61  _FSM_getPortStatus                               
0     0000ba69  _FSM_clrOverCurrentReg                           
0     0000ba90  _FSM_calcSensorPos                               
0     0000bad3  _FSM_calcRelativePos                             
0     0000baf6  _FSM_calcCoordinate                              
0     0000bb2a  _FSM_VelTransToPos                               
0     0000bb9d  _FSM_SelectMode                                  
0     0000bdba  _FSM_State_Box_Init                              
0     0000be1b  _FSM_ShutDowm                                    
0     0000be23  _FSM_SetupFsmMode                                
0     0000be55  _FSM_SetVelocity                                 
0     0000be67  _FSM_SetPosStep                                  
0     0000be77  _FSM_ReportResults                               
0     0000be7f  _FSM_Run_STOP                                    
0     0000be88  _FSM_Run_ReleaseDcBrake                          
0     0000be8f  _FSM_Run_IDLE                                    
0     0000be97  _FSM_RunSpinTAC_Velocity                         
0     0000bf12  _FSM_RunVelocityMode                             
0     0000bf1f  _FSM_CheckErrors                                 
0     0000bf7f  _FSM_RunTrans                                    
0     0000bf98  _FSM_RunSpinTAC_Position                         
0     0000c00f  _FSM_RunRetire                                   
0     0000c028  _FSM_RunPolling                                  
0     0000c04f  _FSM_RunConfig                                   
0     0000c072  _FSM_CheckPosition                               
0     0000c0ed  _FSM_CheckCoverSensor                            
0     0000c144  _FSM_CheckTimes                                  
0     0000c151  _FSM_CheckMoveStatus                             
0     0000c172  _FSM_CheckZeroSpeed                              
0     0000c17d  _FSM_CheckContactSensor2                         
0     0000c18f  _FSM_CheckContactSensor1                         
0     0000c1a1  _FSM_CheckAnalogSensor2                          
0     0000c1c3  _FSM_CheckAnalogSensor1                          
0     0000c1e5  _FSM_CheckKeySensor2                             
0     0000c1f8  _FSM_CheckKeySensor1                             
0     0000c20b  _FSM_Check485Start                               
0     0000c214  _FSM_CheckSpeed                                  
0     0000c226  _FSM_Run                                         
0     0000c268  _FSM_RecordZeroPoint                             
0     0000c289  _FSM_ParamInit                                   
0     0000c355  _FSM_485Read_State_Box                           
0     0000c37d  _FSM_485Edit_State_Box                           
0     0000c3aa  _MB_setTimHandle                                 
0     0000c3ac  _MB_setSciHandle                                 
0     0000c3af  _MB_setMotorHandle                               
0     0000c3b1  _MB_setGpioHandle                                
0     0000c3b3  _MB_setFsmHandle                                 
0     0000c3b5  _MB_init                                         
0     0000c3bb  _MB_PortEventPost                                
0     0000c3c1  _MB_PortSerialEnable                             
0     0000c3ef  _MB_PortSerialPutByte                            
0     0000c3f9  _MB_RTUTransmitFSM                               
0     0000c420  _MB_PortTimersDisable                            
0     0000c424  _MB_RTUTimerFSM                                  
0     0000c435  _MB_CRC16                                        
0     0000c455  _MB_RTUSend                                      
0     0000c49f  _MB_PortSerialGetByte                            
0     0000c4b1  _MB_PortTimersEnable                             
0     0000c4be  _MB_RTUReceiveFSM                                
0     0000c4f2  _MB_RTUReceive                                   
0     0000c506  _MB_PortEventInit                                
0     0000c509  _MB_PortEventGet                                 
0     0000c516  _MB_FuncWriteHoldingRegister                     
0     0000c5f4  _MB_FuncWriteCoilsRegister                       
0     0000c68f  _MB_FloatTransToInt                              
0     0000c6a7  _MB_FuncReadHoldingRegister                      
0     0000c815  _MB_Poll                                         
0     0000c85f  _STPOSCTL_run                                    
0     0000cbfc  _main                                            
0     0000cf1b  _PWM_setTripZoneState_TZB                        
0     0000cf27  _PWM_setTripZoneState_TZA                        
0     0000cf31  _PWM_setTripZoneState_DCBEVT2                    
0     0000cf3d  _PWM_setTripZoneState_DCBEVT1                    
[...]
0     0000e24d  _PIE_disableAllInts                              
0     0000e254  _PIE_disable                                     
0     0000e257  _PIE_clearAllInts                                
0     0000e25a  _PIE_clearAllFlags                               
0     0000e261  _SCI_setTxFifoIntLevel                           
0     0000e268  _SCI_setTxDelay                                  
0     0000e26f  _SCI_setRxFifoIntLevel                           
0     0000e276  _SCI_setPriority                                 
0     0000e279  _SCI_setParity                                   
0     0000e27d  _SCI_setNumStopBits                              
0     0000e281  _SCI_setMode                                     
0     0000e285  _SCI_setCharLength                               
0     0000e289  _SCI_setBaudRate                                 
0     0000e28f  _SCI_resetTxFifo                                 
0     0000e299  _SCI_resetRxFifo                                 
0     0000e2a3  _SCI_resetChannels                               
0     0000e2ad  _SCI_reset                                       
0     0000e2b0  _SCI_putDataNonBlocking                          
0     0000e2b8  _SCI_putDataBlocking                             
0     0000e2bf  _SCI_init                                        
0     0000e2c5  _SCI_getTxFifoStatus                             
0     0000e2c9  _SCI_getRxFifoStatus                             
0     0000e2cd  _SCI_getDataNonBlocking                          
0     0000e2d6  _SCI_getDataBlocking                             
0     0000e2dc  _SCI_enableTxWake                                
0     0000e2df  _SCI_enableTxInt                                 
0     0000e2e2  _SCI_enableTxFifoInt                             
0     0000e2e6  _SCI_enableTxFifoEnh                             
0     0000e2ea  _SCI_enableTxFifo                                
0     0000e2ee  _SCI_enableTx                                    
0     0000e2f1  _SCI_enableSleep                                 
0     0000e2f4  _SCI_enableRxInt                                 
0     0000e2f7  _SCI_enableRxFifoInt                             
0     0000e2fb  _SCI_enableRxFifo                                
0     0000e2ff  _SCI_enableRxErrorInt                            
0     0000e302  _SCI_enableRx                                    
0     0000e305  _SCI_enableParity                                
0     0000e308  _SCI_enableLoopBack                              
0     0000e30b  _SCI_enableChannels                              
0     0000e30f  _SCI_enableAutoBaudAlign                         
0     0000e313  _SCI_enable                                      
0     0000e316  _SCI_disableTxWake                               
0     0000e319  _SCI_disableTxInt                                
0     0000e31c  _SCI_disableTxFifoInt                            
0     0000e320  _SCI_disableTxFifoEnh                            
0     0000e324  _SCI_disableTx                                   
0     0000e327  _SCI_disableSleep                                
0     0000e32a  _SCI_disableRxInt                                
0     0000e32d  _SCI_disableRxFifoInt                            
0     0000e331  _SCI_disableRxErrorInt                           
0     0000e334  _SCI_disableRx                                   
0     0000e337  _SCI_disableParity                               
0     0000e33a  _SCI_disableLoopBack                             
0     0000e33d  _SCI_disableAutoBaudAlign                        
0     0000e341  _SCI_disable                                     
0     0000e344  _SCI_clearTxFifoInt                              
0     0000e348  _SCI_clearRxFifoOvf                              
0     0000e34c  _SCI_clearRxFifoInt                              
0     0000e350  _SCI_clearAutoBaudDetect                         
0     0000e354  _ceil                                            
0     0000e354  _ceilf                                           
0     0000e3bf  _STPOSPLAN_init                                  
0     0000e429  _PLL_setLockPeriod                               
0     0000e42e  _PLL_setDivideSelect                             
0     0000e435  _PLL_setClkFreq                                  
0     0000e43b  _PLL_resetClkDetect                              
0     0000e441  _PLL_init                                        
0     0000e447  _PLL_getLockStatus                               
0     0000e44a  _PLL_getDivideSelect                             
0     0000e44d  _PLL_getClkStatus                                
0     0000e450  _PLL_getClkFreq                                  
0     0000e454  _PLL_enableOsc                                   
0     0000e45a  _PLL_enableNormRdy                               
0     0000e460  _PLL_enableClkDetect                             
0     0000e466  _PLL_enable                                      
0     0000e46c  _PLL_disableOsc                                  
0     0000e472  _PLL_disableNormRdy                              
0     0000e478  _PLL_disableClkDetect                            
0     0000e47e  _PLL_disable                                     
0     0000e484  _c_int00                                         
0     0000e4d8  _STPOSMOVE_init                                  
0     0000e52a  _OFFSET_setOffset                                
0     0000e52c  _OFFSET_setInitCond                              
0     0000e53b  _OFFSET_setBeta                                  
0     0000e551  _OFFSET_init                                     
0     0000e562  _OFFSET_getBeta                                  
0     0000e571  _copy_in                                         
0     0000e5b7  _WDOG_setPreScaler                               
0     0000e5c1  _WDOG_setCount                                   
0     0000e5c3  _WDOG_init                                       
0     0000e5c9  _WDOG_getIntStatus                               
0     0000e5cc  _WDOG_enableOverRide                             
0     0000e5d2  _WDOG_enableInt                                  
0     0000e5d8  _WDOG_enable                                     
0     0000e5e1  _WDOG_disableOverRide                            
0     0000e5e7  _WDOG_disableInt                                 
0     0000e5ed  _WDOG_disable                                    
0     0000e5f5  _WDOG_clearCounter                               
0     0000e5fd  _PWR_setNumStandByClocks                         
0     0000e60e  _PWR_setLowPowerMode                             
0     0000e61f  _PWR_init                                        
0     0000e627  _PWR_enableWatchDogInt                           
0     0000e631  _PWR_enableBrownOutReset                         
0     0000e634  _PWR_disableWatchDogInt                          
0     0000e63e  _PWR_disableBrownOutReset                        
0     0000e641  _STPOSCTL_init                                   
0     0000e684  _ST_addPosRollOver                               
0     0000e6c0  _STPOSCONV_init                                  
0     0000e6f5  _TIMER_setPreScaler                              
0     0000e703  _TIMER_setEmulationMode                          
0     0000e707  _TIMER_setDecimationFactor                       
0     0000e715  _TIMER_init                                      
0     0000e71b  _TIMER_getStatus                                 
0     0000e71e  _TIMER_enableInt                                 
0     0000e721  _TIMER_disableInt                                
0     0000e724  _TIMER_clearFlag                                 
0     0000e727  _ST_initVersion                                  
0     0000e758  _OSC_setTrim                                     
0     0000e761  _OSC_setFineTrim                                 
0     0000e772  _OSC_setCoarseTrim                               
0     0000e77f  _OSC_init                                        
0     0000e785  C$$EXIT                                          
0     0000e785  _abort                                           
0     0000e787  _exit                                            
0     0000e7ae  _CPU_init                                        
0     0000e7b2  _CPU_enableProtectedRegisterWrite                
0     0000e7b5  _CPU_enableInt                                   
0     0000e7b9  _CPU_enableGlobalInts                            
0     0000e7bc  _CPU_enableDebugInt                              
0     0000e7bf  _CPU_disableProtectedRegisterWrite               
0     0000e7c2  _CPU_disableInts                                 
0     0000e7c5  _CPU_disableInt                                  
0     0000e7ca  _CPU_disableGlobalInts                           
0     0000e7cd  _CPU_disableDebugInt                             
0     0000e7d0  _CPU_clearIntFlags                               
0     0000e7d3  _FILTER_FO_setNumCoeffs                          
0     0000e7d7  _FILTER_FO_setInitialConditions                  
0     0000e7dc  _FILTER_FO_setDenCoeffs                          
0     0000e7de  _FILTER_FO_init                                  
0     0000e7e4  _FILTER_FO_getNumCoeffs                          
0     0000e7ea  _FILTER_FO_getInitialConditions                  
0     0000e7f1  _FILTER_FO_getDenCoeffs                          
0     0000e7f4  FS$$TOUL                                         
0     0000e815  _FLASH_init                                      
0     0000e81b  _FLASH_getStandbyWaitStatus                      
0     0000e81f  _FLASH_getStandbyWaitCount                       
0     0000e822  _FLASH_getPowerMode                              
0     0000e825  _FLASH_getActiveWaitStatus                       
0     0000e829  _FLASH_getActiveWaitCount                        
0     0000e82c  _FLASH_get3VStatus                               
0     0000e82f  _FLASH_clear3VStatus                             
0     0000e835  FS$$TOU                                          
0     0000e852  _ddcopy                                          
0     0000e852  _dpcopy                                          
0     0000e852  _pdcopy                                          
0     0000e852  _ppcopy                                          
0     0000e86c  __args_main                                      
0     0000e885  _SLIP_setup                                      
0     0000e88d  _SLIP_run                                        
0     0000e898  _SLIP_init                                       
0     0000e89e  __register_unlock                                
0     0000e8a2  __register_lock                                  
0     0000e8a6  __nop                                            
0     0000e8af  _Brake_init                                      
0     0000e8b5  _FS_init                                         
0     0000e8bb  _QEP_init                                        
0     0000e8c1  _PIE_illegalIsr                                  
0     0000e8c6  __system_pre_init                                
0     0000e8c8  __system_post_cinit                              
0     0000e8c9  ___etext__                                       
0     0000e8c9  etext                                            
0     0000e8da  ___TI_enable_exit_profile_output                 
0     0000e8dc  ___TI_cleanup_ptr                                
0     0000e8de  ___TI_dtors_ptr                                  
0     0000e8e0  __lock                                           
0     0000e8e2  __unlock                                         
0     0000e8e4  _cpu                                             
0     0000e902  _gLEDcnt                                         
0     0000e904  _ctrlHandle                                      
0     0000e906  _proctrlHandle                                   
0     0000e908  _controller_obj                                  
0     0000e90a  _halHandle                                       
0     0000e940  _gUserParams                                     
0     0000ea00  _MyProcessCtrl                                   
0     0000ee40  _hal                                             
0     0000ef40  _FSM_State_Box                                   
0     0000ef8c  _aucCRCHi                                        
0     0000f08c  _aucCRCLo                                        
0     0000f18c  _MOTOR_DATA                                      
0     0000f226  _JM_FSM_Vars                                     
0     0000f280  _BOARD_Params                                    
0     0000f2b8  _JM_FSM_MotorFunc                                
0     0000f2e8  _FSM_ActionFunc                                  
0     0000f2fe  _FSM_CondFunc                                    
0     0000f314  _FSM_MaxTorque                                   
0     0000f324  _DE5_Board_Bias                                  
0     0000f330  _FSM_EventTab                                    
0     0000f37e  __IQ24frac                                       
0     0000f389  __IQ7frac                                        
0     0000f394  __IQ24int                                        
0     0000f39d  __IQ7int                                         
1     00000400  __stack                                          
1     000007b0  __STACK_END                                      
abs   00000036  _RamfuncsLoadSize                                
abs   000003b0  __STACK_SIZE                                     
abs   003f8000  _log                                             
abs   003f81d6  FD$$MPY                                          
abs   003f8259  FS$$DIV                                          
abs   003f82dc  _pow                                             
abs   003f835f  FS$$SUB                                          
abs   003f8364  FS$$ADD                                          
abs   003f83d7  FS$$MPY                                          
abs   003f84a3  L$$DIV                                           
abs   003f84b2  L$$MOD                                           
abs   003f84cd  FS$$TOL                                          
abs   003f84f6  FS$$TOI                                          
abs   003f853d  FD$$TOL                                          
abs   003f8579  FS$$TOFD                                         
abs   003f8595  I$$TOFS                                          
abs   003f85af  L$$TOFS                                          
abs   003f85c9  FS$$CMP                                          
abs   003f85f3  UL$$TOFS                                         
abs   003f8606  U$$TOFS                                          
abs   003f8616  FS$$NEG                                          
abs   003f861b  _EST_getState                                    
abs   003f861d  _EST_useZeroIq_ref                               
abs   003f8679  _EST_isMotorIdentified                           
abs   003f86ad  _EST_computeDirection_qFmt                       
abs   003f8713  _EST_updateState                                 
abs   003f89f5  _EST_updateId_ref_pu                             
abs   003f8a18  _EST_setRs_pu                                    
abs   003f8adb  _EST_setMaxCurrentSlope_pu                       
abs   003f8ae7  _EST_setLs_q_pu                                  
abs   003f8af1  _EST_setLs_qFmt                                  
abs   003f8b45  _EST_setLs_d_pu                                  
abs   003f8b63  _EST_setIq_ref_pu                                
abs   003f8b67  _EST_setIdle_all                                 
abs   003f8b7a  _EST_setIdle                                     
abs   003f8b80  _EST_setId_ref_pu                                
abs   003f8bd3  _EST_setFlag_enableRsRecalc                      
abs   003f8bdb  _EST_setFlag_enableForceAngle                    
abs   003f8be4  _EST_setFe_pos_min_pu                            
abs   003f8be8  _EST_setFe_neg_max_pu                            
abs   003f8bf5  _EST_setDir_qFmt                                 
abs   003f8c0d  _EST_getAngle_pu                                 
abs   003f927b  _EST_run                                         
abs   003f9378  _EST_isOnLine                                    
abs   003f937f  _EST_isLockRotor                                 
abs   003f9386  _EST_isIdle                                      
abs   003f938d  _EST_isError                                     
abs   003f9458  _EST_get_krpm_to_pu_sf                           
abs   003f9513  _EST_getRs_Ohm                                   
abs   003f95ad  _EST_getRr_Ohm                                   
abs   003f95b3  _EST_getOneOverDcBus_pu                          
abs   003f95bd  _EST_getMaxCurrentSlope_pu                       
abs   003f95c9  _EST_getLs_q_pu                                  
abs   003f95ce  _EST_getLs_q_H                                   
abs   003f95f0  _EST_getLs_d_pu                                  
abs   003f95f5  _EST_getLs_d_H                                   
abs   003f95ff  _EST_getLs_coarse_max_pu                         
abs   003f9632  _EST_getIdRated                                  
abs   003f968e  _EST_getFm_pu                                    
abs   003f96ab  _EST_getFlux_pu                                  
abs   003f96be  _EST_getFlux_VpHz                                
abs   003f9758  _EST_doSpeedCtrl                                 
abs   003f9760  _EST_doCurrentCtrl                               
abs   003f9806  _CTRL_setupTraj                                  
abs   003f996a  _CTRL_setupEstOnLineState                        
abs   003f99a5  _CTRL_setupEstIdleState                          
abs   003f9b43  _CTRL_setupCtrl                                  
abs   003f9d31  _CTRL_setUserMotorParams                         
abs   003f9e64  _CTRL_setEstParams                               
abs   003fa5d1  _CTRL_runTraj                                    
abs   003fa6fb  _CTRL_initCtrl                                   
abs   003fa721  _CTRL_getVersion                                 
abs   003fb65f  _s1_calc                                         
abs   003fb9ad  _s0_conf                                         
abs   003fb9dd  _s0_calc                                         
abs   003fbae7  _s2_calc                                         
abs   003fbb85  _s4_calc                                         
abs   003fbc34  _s4_conf                                         
abs   003fbc58  _s4_reset                                        
abs   003fbc6d  _spintac_rom_ver                                 
abs   003fec6c  __IQ20div                                        
abs   003fecb3  __IQ24div                                        
abs   003fee98  __IQ20sqrt                                       
abs   003feeda  __IQ24sqrt                                       
abs   003fef5e  __IQ20exp                                        
abs   003fef9b  __IQ24exp                                        
abs   003ff15a  __IQ24sinPU                                      
abs   003ff183  __IQ24cosPU                                      
abs   003ff1e8  __IQ30toF                                        
abs   003ff209  __IQ20log                                        
abs   003ff2a6  __IQ24log                                        
abs   ffffffff  ___TI_pprof_out_hndl                             
abs   ffffffff  ___TI_prof_data_size                             
abs   ffffffff  ___TI_prof_data_start                            
abs   ffffffff  ___binit__                                       
abs   ffffffff  ___c_args__                                      
abs   ffffffff  ___pinit__                                       
abs   ffffffff  binit                                            
abs   ffffffff  pinit                                            

[762 symbols]
