******************************************************************************
             TMS320C2000 Linker PC v6.2.5                      
******************************************************************************
>> Linked Thu Nov 23 20:51:18 2017

OUTPUT FILE NAME:   <proj_lab10e.out>
ENTRY POINT SYMBOL: "_c_int00"  address: 003f48ad


MEMORY CONFIGURATION

         name            origin    length      used     unused   attr    fill
----------------------  --------  ---------  --------  --------  ----  --------
PAGE 0:
  P_RAML0               00008000   00000980  000006b4  000002cc  RWIX
  OTP                   003d7800   00000400  00000000  00000400  RWIX
  FLASHB_D              003f0000   00006000  0000519b  00000e65  RWIX
  D_FLASHA              003f6000   00001f80  00000440  00001b40  RWIX
  CSM_RSVD              003f7f80   00000076  00000000  00000076  RWIX
  BEGIN                 003f7ff6   00000002  00000002  00000000  RWIX
  CSM_PWL_P0            003f7ff8   00000008  00000000  00000008  RWIX
  IQTABLES              003fe000   00000b50  00000000  00000b50  RWIX
  IQTABLES2             003feb50   0000008c  00000000  0000008c  RWIX
  IQTABLES3             003febdc   000000aa  00000000  000000aa  RWIX
  ROM                   003ff27c   00000d44  00000000  00000d44  RWIX
  RESET                 003fffc0   00000002  00000000  00000002  RWIX
  VECTORS               003fffc2   0000003e  00000000  0000003e  RWIX

PAGE 1:
  RAMM0_M1              00000000   00000600  000003d7  00000229  RWIX
  D_RAML0               00008980   00000680  0000024b  00000435  RWIX


SECTION ALLOCATION MAP

 output                                  attributes/
section   page    origin      length       input sections
--------  ----  ----------  ----------   ----------------
.pinit     0    003f0000    00000000     UNINITIALIZED

.text      0    003f0000    00004a87     
                  003f0000    00000e94     fast_public.lib : ctrl_priv.obj (.text)
                  003f0e94    00000af1     process_ctrl.obj (.text)
                  003f1985    00000971     hal.obj (.text)
                  003f22f6    0000095e     user.obj (.text)
                  003f2c54    000004f5     fsm.obj (.text)
                  003f3149    000004b7     mb.obj (.text)
                  003f3600    0000043b     ctrl.obj (.text)
                  003f3a3b    000002f1     pwm.obj (.text)
                  003f3d2c    000001f8     adc.obj (.text)
                  003f3f24    000001ca     proj_bm1000.obj (.text)
                  003f40ee    0000018d     motor.obj (.text)
                  003f427b    00000168     gpio.obj (.text)
                  003f43e3    0000012b     clk.obj (.text)
                  003f450e    0000010e     pie.obj (.text)
                  003f461c    000000ef     sci.obj (.text)
                  003f470b    00000075     proj_bm1000.obj (.text:retain)
                  003f4780    0000005b     pll.obj (.text)
                  003f47db    00000047     pwr.obj (.text)
                  003f4822    00000046     wdog.obj (.text)
                  003f4868    00000045     offset.obj (.text)
                  003f48ad    00000044     rts2800_ml.lib : boot.obj (.text)
                  003f48f1    00000035     timer.obj (.text)
                  003f4926    0000002d     osc.obj (.text)
                  003f4953    0000002a     rts2800_ml.lib : l_div.obj (.text)
                  003f497d    00000027     cpu.obj (.text)
                  003f49a4    00000021     filter_fo.obj (.text)
                  003f49c5    00000021     rts2800_ml.lib : fs_toul.obj (.text)
                  003f49e6    00000020     flash.obj (.text)
                  003f4a06    0000001d     rts2800_ml.lib : fs_tou.obj (.text)
                  003f4a23    00000019                    : args_main.obj (.text)
                  003f4a3c    00000019                    : exit.obj (.text)
                  003f4a55    00000010     memCopy.obj (.text)
                  003f4a65    00000009     rts2800_ml.lib : _lock.obj (.text)
                  003f4a6e    00000008     CodeStartBranch.obj (.text)
                  003f4a76    00000006     brake.obj (.text)
                  003f4a7c    00000006     flyingStart.obj (.text)
                  003f4a82    00000005     pie.obj (.text:retain)

ramfuncs   0    003f4a87    000006b4     RUN ADDR = 00008000
                  003f4a87    00000533     ctrl.obj (ramfuncs)
                  003f4fba    0000012d     proj_bm1000.obj (ramfuncs:retain)
                  003f50e7    00000032     flash.obj (ramfuncs)
                  003f5119    0000001e     hal.obj (ramfuncs)
                  003f5137    00000004     usDelay.obj (ramfuncs)

.cinit     0    003f513b    00000041     
                  003f513b    00000027     process_ctrl.obj (.cinit)
                  003f5162    0000000a     rts2800_ml.lib : _lock.obj (.cinit)
                  003f516c    0000000a                    : exit.obj (.cinit)
                  003f5176    00000004     proj_bm1000.obj (.cinit)
                  003f517a    00000002     --HOLE-- [fill = 0]

IQmath     0    003f517c    0000001f     
                  003f517c    0000000b     IQmath.lib : IQ24frac.obj (IQmath)
                  003f5187    0000000b                : IQ7frac.obj (IQmath)
                  003f5192    00000009                : IQ7int.obj (IQmath)

.econst    0    003f6000    00000440     
                  003f6000    00000100     mb.obj (.econst:.string:_aucCRCHi)
                  003f6100    00000100     mb.obj (.econst:.string:_aucCRCLo)
                  003f6200    0000009a     user.obj (.econst:_MOTOR_DATA)
                  003f629a    0000005c     fast_public.lib : ctrl_priv.obj (.econst)
                  003f62f6    0000005a     fsm.obj (.econst:_JM_FSM_Vars)
                  003f6350    00000038     user.obj (.econst:_BOARD_Params)
                  003f6388    00000030     fsm.obj (.econst:_JM_FSM_MotorFunc)
                  003f63b8    0000001c     ctrl.obj (.econst)
                  003f63d4    00000016     fsm.obj (.econst:_FSM_ActionFunc)
                  003f63ea    00000016     fsm.obj (.econst:_FSM_CondFunc)
                  003f6400    00000010     fsm.obj (.econst:_FSM_MaxTorque)
                  003f6410    0000000c     process_ctrl.obj (.econst:_DE5_Board_Bias)
                  003f641c    0000000c     process_ctrl.obj (.econst)
                  003f6428    0000000b     fsm.obj (.econst:_FSM_EventTab)
                  003f6433    00000001     --HOLE-- [fill = 0]
                  003f6434    00000004     fsm.obj (.econst)
                  003f6438    00000004     hal.obj (.econst)
                  003f643c    00000004     mb.obj (.econst)

codestart 
*          0    003f7ff6    00000002     
                  003f7ff6    00000002     CodeStartBranch.obj (codestart)

.reset     0    003fffc0    00000002     DSECT
                  003fffc0    00000002     rts2800_ml.lib : boot.obj (.reset)

vectors    0    003fffc2    00000000     DSECT

.ebss      1    00000000    00000323     UNINITIALIZED
                  00000000    0000030a     proj_bm1000.obj (.ebss)
                  0000030a    00000010     process_ctrl.obj (.ebss)
                  0000031a    00000004     rts2800_ml.lib : _lock.obj (.ebss)
                  0000031e    00000004                    : exit.obj (.ebss)
                  00000322    00000001     cpu.obj (.ebss)

rom_accessed_data 
*          1    00000340    000000b4     UNINITIALIZED
                  00000340    000000b4     hal.obj (rom_accessed_data)

.stack     1    00008980    00000200     UNINITIALIZED
                  00008980    00000200     --HOLE--

vib_buf_data 
*          1    00008b80    0000004b     UNINITIALIZED
                  00008b80    0000004b     fsm.obj (vib_buf_data)


GLOBAL DATA SYMBOLS: SORTED BY DATA PAGE

address     data page           name
--------    ----------------    ----
00000002       0 (00000000)     _halHandle
00000004       0 (00000000)     _ctrlHandle
00000006       0 (00000000)     _proctrlHandle

00000040       1 (00000040)     _gUserParams

00000100       4 (00000100)     _MyProcessCtrl

00000200       8 (00000200)     _ctrl

0000031a       c (00000300)     __unlock
0000031c       c (00000300)     __lock
0000031e       c (00000300)     ___TI_cleanup_ptr
00000320       c (00000300)     ___TI_dtors_ptr
00000322       c (00000300)     _cpu

00000340       d (00000340)     _hal

00008980     226 (00008980)     __stack

00008b80     22e (00008b80)     _FSM_State_Box

003f517c    fd45 (003f5140)     __IQ24frac

003f5187    fd46 (003f5180)     __IQ7frac
003f5192    fd46 (003f5180)     __IQ7int

003f6000    fd80 (003f6000)     _aucCRCHi

003f6100    fd84 (003f6100)     _aucCRCLo

003f6200    fd88 (003f6200)     _MOTOR_DATA

003f62f6    fd8b (003f62c0)     _JM_FSM_Vars

003f6350    fd8d (003f6340)     _BOARD_Params

003f6388    fd8e (003f6380)     _JM_FSM_MotorFunc

003f63d4    fd8f (003f63c0)     _FSM_ActionFunc
003f63ea    fd8f (003f63c0)     _FSM_CondFunc

003f6400    fd90 (003f6400)     _FSM_MaxTorque
003f6410    fd90 (003f6400)     _DE5_Board_Bias
003f6428    fd90 (003f6400)     _FSM_EventTab


GLOBAL SYMBOLS: SORTED ALPHABETICALLY BY Name 

address    name
--------   ----
003f0000   .text
003f4a3c   C$$EXIT
003fdc5e   FD$$MPY
003fdf7b   FD$$TOL
003fdeb8   FS$$ADD
003fdf2b   FS$$CMP
003fdce1   FS$$DIV
003fdde7   FS$$MPY
003fff4d   FS$$NEG
003fdeb3   FS$$SUB
003fdfb7   FS$$TOFD
003fff0e   FS$$TOI
003f4a06   FS$$TOU
003f49c5   FS$$TOUL
003fff33   I$$TOFS
003f4953   L$$DIV
003f4962   L$$MOD
003ff890   L$$TOFS
003ff8bd   U$$TOFS
003f4970   UL$$DIV
003f4977   UL$$MOD
003ff8aa   UL$$TOFS
003f3f19   _ADC_disable
003f3f0e   _ADC_disableBandGap
003f3ef3   _ADC_disableInt
003f3ee8   _ADC_disableNoOverlapMode
003f3edd   _ADC_disableRefBuffers
003f3ed2   _ADC_disableVoltRefLoConv
003f3ec7   _ADC_enable
003f3ebc   _ADC_enableBandGap
003f3ea5   _ADC_enableInt
003f3e9a   _ADC_enableNoOverlapMode
003f3e8f   _ADC_enableRefBuffers
003f3e84   _ADC_enableVoltRefLoConv
003f3e7f   _ADC_getDivideSelect
003f3e78   _ADC_init
003f3e6d   _ADC_powerDown
003f3e62   _ADC_powerUp
003f3e57   _ADC_reset
003f3e45   _ADC_setDivideSelect
003f3e28   _ADC_setIntMode
003f3e16   _ADC_setIntPulseGenMode
003f3df9   _ADC_setIntSrc
003f3df2   _ADC_setOffTrim
003f3dda   _ADC_setSampleMode
003f3dc5   _ADC_setSampleOverlapMode
003f3db2   _ADC_setSocChanNumber
003f3da8   _ADC_setSocFrc
003f3da1   _ADC_setSocFrcWord
003f3d8e   _ADC_setSocSampleDelay
003f3d7b   _ADC_setSocTrigSrc
003f3d69   _ADC_setTempSensorSrc
003f3d57   _ADC_setVoltRefSrc
003f3d2c   _ADC_setupSocTrigSrc
003f6350   _BOARD_Params
003f4a76   _Brake_init
003f4507   _CLK_disableAdcClock
003f4501   _CLK_disableClkIn
003f44fd   _CLK_disableCompClock
003f44f6   _CLK_disableCpuTimerClock
003f44f0   _CLK_disableCrystalOsc
003f44e9   _CLK_disableEcap1Clock
003f44e2   _CLK_disableGpioInputClock
003f44db   _CLK_disableHrPwmClock
003f44d4   _CLK_disableI2cClock
003f44ce   _CLK_disableOsc1
003f44c8   _CLK_disableOsc1HaltMode
003f44c2   _CLK_disableOsc2
003f44bc   _CLK_disableOsc2HaltMode
003f44b2   _CLK_disablePwmClock
003f44ab   _CLK_disableSciaClock
003f44a4   _CLK_disableSpiaClock
003f449d   _CLK_disableTbClockSync
003f4497   _CLK_disableWatchDogHaltMode
003f4490   _CLK_enableAdcClock
003f448a   _CLK_enableClkIn
003f4484   _CLK_enableCompClock
003f447e   _CLK_enableCpuTimerClock
003f4478   _CLK_enableCrystalOsc
003f4471   _CLK_enableEcap1Clock
003f446a   _CLK_enableGpioInputClock
003f4463   _CLK_enableHrPwmClock
003f445c   _CLK_enableI2cClock
003f4456   _CLK_enableOsc1
003f4450   _CLK_enableOsc1HaltMode
003f444a   _CLK_enableOsc2
003f4444   _CLK_enableOsc2HaltMode
003f443b   _CLK_enablePwmClock
003f4434   _CLK_enableSciaClock
003f442d   _CLK_enableSpiaClock
003f4426   _CLK_enableTbClockSync
003f4420   _CLK_enableWatchDogHaltMode
003f441a   _CLK_init
003f4413   _CLK_setClkOutPreScaler
003f440d   _CLK_setLowSpdPreScaler
003f4406   _CLK_setOsc2Src
003f43ff   _CLK_setOscSrc
003f43f8   _CLK_setTimer2PreScale
003f43f1   _CLK_setTimer2Src
003f43ea   _CLK_setWatchDogSrc
003f43e3   _CLK_setXClkInSrc
003f49a1   _CPU_clearIntFlags
003f499e   _CPU_disableDebugInt
003f499b   _CPU_disableGlobalInts
003f4996   _CPU_disableInt
003f4993   _CPU_disableInts
003f4990   _CPU_disableProtectedRegisterWrite
003f498d   _CPU_enableDebugInt
003f498a   _CPU_enableGlobalInts
003f4986   _CPU_enableInt
003f4983   _CPU_enableProtectedRegisterWrite
003f497d   _CPU_init
003f39ff   _CTRL_getGains
003f39f7   _CTRL_getIab_filt_pu
003f39ef   _CTRL_getIab_in_pu
003f39e7   _CTRL_getIdq_in_pu
003f39df   _CTRL_getIdq_ref_pu
003f3a38   _CTRL_getMagCurrent_pu
003f3a35   _CTRL_getMaximumSpeed_pu
003f39d7   _CTRL_getVab_in_pu
003f39cf   _CTRL_getVab_out_pu
003f39c7   _CTRL_getVdq_out_pu
003f0e8a   _CTRL_getVersion
003f39be   _CTRL_getWaitTimes
003fd88b   _CTRL_initCtrl
0000800a   _CTRL_run
003f0dbe   _CTRL_runTraj
003f3703   _CTRL_setBrake
003f0658   _CTRL_setEstParams
003f3711   _CTRL_setGains
003f3a2f   _CTRL_setMagCurrent_pu
003f3a32   _CTRL_setMaximumSpeed_pu
003f3739   _CTRL_setParams
003f36f0   _CTRL_setSpd_ref_krpm
003f36ed   _CTRL_setSpd_ref_pu
003f0525   _CTRL_setUserMotorParams
003f36e4   _CTRL_setWaitTimes
00008000   _CTRL_setup
003f36c8   _CTRL_setupClarke_I
003f36b2   _CTRL_setupClarke_V
003f033d   _CTRL_setupCtrl
003f019f   _CTRL_setupEstIdleState
003f0164   _CTRL_setupEstOnLineState
003f0000   _CTRL_setupTraj
003f3600   _CTRL_updateState
003f6410   _DE5_Board_Bias
003fd9e5   _EST_Angle_setParams
003fd922   _EST_Dir_setParams
003fd1e8   _EST_EPL_setParams
003fd9b0   _EST_Flux_ab_setParams
003fd514   _EST_Flux_computeOneOverFlux_qFmt
003fda3b   _EST_Flux_dq_setParams
003fd49c   _EST_Flux_getRatedFlux_pu
003fd42e   _EST_Flux_setParams
003fd41e   _EST_Flux_setWaitTimes
003fd95c   _EST_Freq_setParams
003fd1be   _EST_I_setParams
003fd9cc   _EST_Iab_setParams
003fda1e   _EST_Idq_setParams
003fd3a8   _EST_Ls_getLs_d
003fd2b6   _EST_Ls_setLs_d
003fd284   _EST_Ls_setLs_q
003fd247   _EST_Ls_setParams
003fd237   _EST_Ls_setWaitTimes
003fda0d   _EST_OneOverDcBus_setParams
003fd7e9   _EST_Rr_setParams
003fd788   _EST_Rr_setRr
003fd57d   _EST_RsOnLine_setFilterParams
003fd54d   _EST_RsOnLine_setParams
003fd767   _EST_Rs_getRs
003fd725   _EST_Rs_setParams
003fd6c3   _EST_Rs_setRs
003fd6b3   _EST_Rs_setWaitTimes
003fd1af   _EST_TRAJ_setParams
003fda53   _EST_Vab_setParams
003fda47   _EST_Vback_ab_setParams
003fda5e   _EST_Vback_dq_setParams
003fd9fb   _EST_Vdq_setParams
003fc092   _EST_computeDirection_qFmt
003fd16d   _EST_computeL
003fd14d   _EST_computeR
003fd145   _EST_doCurrentCtrl
003fd13d   _EST_doSpeedCtrl
003fc5f2   _EST_getAngle_pu
003fd0a3   _EST_getFlux_VpHz
003fd090   _EST_getFlux_pu
003fd073   _EST_getFm_pu
003fc062   _EST_getFullScaleCurrent
003fd043   _EST_getFullScaleFlux
003fcc5c   _EST_getFullScaleFreq
003fc4d1   _EST_getFullScaleInductance
003fc08e   _EST_getFullScaleVoltage
003fd017   _EST_getIdRated
003fcfe4   _EST_getLs_coarse_max_pu
003fcfda   _EST_getLs_d_H
003fcfd5   _EST_getLs_d_pu
003fcfb3   _EST_getLs_q_H
003fcfae   _EST_getLs_q_pu
003fcfa2   _EST_getMaxCurrentSlope_pu
003fcf98   _EST_getOneOverDcBus_pu
003fcf92   _EST_getRr_Ohm
003fcef8   _EST_getRs_Ohm
003fceab   _EST_getSpeed_krpm
003fc000   _EST_getState
003fce3d   _EST_get_krpm_to_pu_sf
003fcd72   _EST_isError
003fcd6b   _EST_isIdle
003fcd64   _EST_isLockRotor
003fc05e   _EST_isMotorIdentified
003fcd5d   _EST_isOnLine
003fc5ed   _EST_resetCounter_ctrl
003fc05a   _EST_resetCounter_state
003fcc60   _EST_run
003fc5da   _EST_setDir_qFmt
003fc5cd   _EST_setFe_neg_max_pu
003fc5c9   _EST_setFe_pos_min_pu
003fc5c5   _EST_setFlag_enableFluxControl
003fc5c0   _EST_setFlag_enableForceAngle
003fc5bc   _EST_setFlag_enableRsOnLine
003fc5b8   _EST_setFlag_enableRsRecalc
003fc5b4   _EST_setFlag_estComplete
003fc5b0   _EST_setFlag_updateRs
003fc594   _EST_setFullScaleCurrent
003fc58b   _EST_setFullScaleFreq
003fc573   _EST_setFullScaleResistance
003fc56f   _EST_setFullScaleVoltage
003fc569   _EST_setIdRated_pu
003fc565   _EST_setId_ref_pu
003fc55f   _EST_setIdle
003fc54c   _EST_setIdle_all
003fc548   _EST_setIq_ref_pu
003fc52a   _EST_setLs_d_pu
003fc4d6   _EST_setLs_qFmt
003fc4cc   _EST_setLs_q_pu
003fc4c0   _EST_setMaxCurrentSlope_pu
003fc4bb   _EST_setMotorParams
003fc3fd   _EST_setRs_pu
003fc3e2   _EST_setWaitTimes
003fc3da   _EST_updateId_ref_pu
003fc0f8   _EST_updateState
003fc002   _EST_useZeroIq_ref
003f49c2   _FILTER_FO_getDenCoeffs
003f49bb   _FILTER_FO_getInitialConditions
003f49b5   _FILTER_FO_getNumCoeffs
003f49af   _FILTER_FO_init
003f49ad   _FILTER_FO_setDenCoeffs
003f49a8   _FILTER_FO_setInitialConditions
003f49a4   _FILTER_FO_setNumCoeffs
003f4a00   _FLASH_clear3VStatus
0000868c   _FLASH_disablePipelineMode
00008686   _FLASH_enablePipelineMode
003f49fd   _FLASH_get3VStatus
003f49fa   _FLASH_getActiveWaitCount
003f49f6   _FLASH_getActiveWaitStatus
003f49f3   _FLASH_getPowerMode
003f49f0   _FLASH_getStandbyWaitCount
003f49ec   _FLASH_getStandbyWaitStatus
003f49e6   _FLASH_init
00008681   _FLASH_setActiveWaitCount
0000867a   _FLASH_setNumPagedReadWaitStates
00008673   _FLASH_setNumRandomReadWaitStates
0000866c   _FLASH_setOtpWaitStates
00008665   _FLASH_setPowerMode
00008660   _FLASH_setStandbyWaitCount
003f3113   _FSM_485Edit_State_Box
003f30e2   _FSM_485Read_State_Box
003f63d4   _FSM_ActionFunc
003f3050   _FSM_Check485Start
003f300b   _FSM_CheckAnalogSensor1
003f2fea   _FSM_CheckAnalogSensor2
003f2fd8   _FSM_CheckContactSensor1
003f2fc6   _FSM_CheckContactSensor2
003f2ef5   _FSM_CheckErrors
003f303e   _FSM_CheckKeySensor1
003f302c   _FSM_CheckKeySensor2
003f2fb2   _FSM_CheckMoveStatus
003f3059   _FSM_CheckSpeed
003f2fa5   _FSM_CheckTimes
003f2fbc   _FSM_CheckZeroSpeed
003f63ea   _FSM_CondFunc
003f6428   _FSM_EventTab
003f6400   _FSM_MaxTorque
003f30b3   _FSM_ParamInit
003f2ed9   _FSM_ReportResults
003f306b   _FSM_Run
003f2f8c   _FSM_RunConfig
003f2f80   _FSM_RunPolling
003f2f6f   _FSM_RunRetire
003f2f53   _FSM_RunTrans
003f2eee   _FSM_Run_IDLE
003f2ee8   _FSM_Run_ReleaseDcBrake
003f2ee0   _FSM_Run_STOP
003f2c84   _FSM_SelectMode
003f2ecd   _FSM_SetVelocity
003f2e9e   _FSM_SetupFsmMode
00008b80   _FSM_State_Box
003f2e54   _FSM_State_Box_Init
003f2c62   _FSM_clrOverCurrentReg
003f2c58   _FSM_init
003f2c56   _FSM_setHalHandle
003f2c54   _FSM_setMotorHandle
003f4a7c   _FS_init
003f43d3   _GPIO_getData
003f43cc   _GPIO_getPortData
003f43c6   _GPIO_init
003f43bc   _GPIO_lpmSelect
003f4396   _GPIO_read
003f437b   _GPIO_setDirection
003f4370   _GPIO_setExtInt
003f435d   _GPIO_setHigh
003f434a   _GPIO_setLow
003f4319   _GPIO_setMode
003f430d   _GPIO_setPortData
003f42f2   _GPIO_setPullUp
003f42b9   _GPIO_setQualification
003f428e   _GPIO_setQualificationPeriod
003f427b   _GPIO_toggle
003f1df1   _HAL_AdcCalChanSelect
003f1e48   _HAL_AdcCalConversion
003f1fa0   _HAL_AdcOffsetSelfCal
003f1fcf   _HAL_GetBoardNum
003f20cc   _HAL_OscTempComp
003f211f   _HAL_cal
003f22f2   _HAL_disableGlobalInts
003f21ea   _HAL_disableWdog
003f22e1   _HAL_enableAdcInts
003f22dd   _HAL_enableDebugInt
003f22d9   _HAL_enableGlobalInts
003f22c8   _HAL_enablePwmInt
003f22ab   _HAL_enableSciaInt
003f2299   _HAL_enableTimer1Int
003f203a   _HAL_getOscTrimValue
003f21ef   _HAL_init
003f204e   _HAL_osc1Comp
003f208d   _HAL_osc2Comp
003f21d5   _HAL_setDacParameters
003f2139   _HAL_setParams
003f1d89   _HAL_setupAdcParams
003f1c93   _HAL_setupAdcs
003f1c77   _HAL_setupClks
003f1c5b   _HAL_setupFaults
00008692   _HAL_setupFlash
003f1b77   _HAL_setupGpios
003f1b42   _HAL_setupPeripheralClks
003f1b26   _HAL_setupPie
003f1ae8   _HAL_setupPll
003f1a18   _HAL_setupPwms
003f19d6   _HAL_setupScia
003f1985   _HAL_setupTimers
003f6388   _JM_FSM_MotorFunc
003f62f6   _JM_FSM_Vars
003f31ce   _MB_CRC16
003f3437   _MB_FloatTransToIQ7
003f341d   _MB_FloatTransToIQ7X1000
003f3409   _MB_FloatTransToIQ8
003f344d   _MB_FuncReadHoldingRegister
003f3374   _MB_FuncWriteCoilsRegister
003f32ab   _MB_FuncWriteHoldingRegister
003f35b6   _MB_Poll
003f329e   _MB_PortEventGet
003f329b   _MB_PortEventInit
003f315a   _MB_PortEventPost
003f3160   _MB_PortSerialEnable
003f323a   _MB_PortSerialGetByte
003f318d   _MB_PortSerialPutByte
003f31b9   _MB_PortTimersDisable
003f3248   _MB_PortTimersEnable
003f3288   _MB_RTUReceive
003f3255   _MB_RTUReceiveFSM
003f31f0   _MB_RTUSend
003f31bd   _MB_RTUTimerFSM
003f3192   _MB_RTUTransmitFSM
003f3154   _MB_init
003f3152   _MB_setFsmHandle
003f3150   _MB_setGpioHandle
003f314e   _MB_setMotorHandle
003f314b   _MB_setSciHandle
003f3149   _MB_setTimHandle
003f4271   _MOTOR_CtrlVersion_Init
003f6200   _MOTOR_DATA
003f41e8   _MOTOR_MotorVars_Init
003f41e3   _MOTOR_getMaxCurrent
003f41a2   _MOTOR_getMotorFlag
003f40f4   _MOTOR_setMotorFlag
003f40ee   _Motor_init
00000100   _MyProcessCtrl
003f48a0   _OFFSET_getBeta
003f488f   _OFFSET_init
003f4879   _OFFSET_setBeta
003f486a   _OFFSET_setInitCond
003f4868   _OFFSET_setOffset
003f494d   _OSC_init
003f4940   _OSC_setCoarseTrim
003f492f   _OSC_setFineTrim
003f4926   _OSC_setTrim
003f4612   _PIE_clearAllFlags
003f460f   _PIE_clearAllInts
003f460c   _PIE_disable
003f4602   _PIE_disableAllInts
003f45fe   _PIE_disableCaptureInt
003f45f1   _PIE_disableExtInt
003f45e6   _PIE_disableInt
003f45e3   _PIE_enable
003f45c7   _PIE_enableAdcInt
003f45c3   _PIE_enableCaptureInt
003f45a0   _PIE_enableExtInt
003f4596   _PIE_enableInt
003f4591   _PIE_enablePwmInt
003f458c   _PIE_enablePwmTzInt
003f4589   _PIE_enableTimer0Int
003f457f   _PIE_forceInt
003f4577   _PIE_getExtIntCount
003f4570   _PIE_getIntEnables
003f4569   _PIE_getIntFlags
003f4a82   _PIE_illegalIsr
003f4562   _PIE_init
003f4553   _PIE_registerPieIntHandler
003f4548   _PIE_registerSystemIntHandler
003f453c   _PIE_setDefaultIntVectorTable
003f452c   _PIE_setExtIntPolarity
003f451b   _PIE_unregisterPieIntHandler
003f450e   _PIE_unregisterSystemIntHandler
003f47d5   _PLL_disable
003f47cf   _PLL_disableClkDetect
003f47c9   _PLL_disableNormRdy
003f47c3   _PLL_disableOsc
003f47bd   _PLL_enable
003f47b7   _PLL_enableClkDetect
003f47b1   _PLL_enableNormRdy
003f47ab   _PLL_enableOsc
003f47a7   _PLL_getClkFreq
003f47a4   _PLL_getClkStatus
003f47a1   _PLL_getDivideSelect
003f479e   _PLL_getLockStatus
003f4798   _PLL_init
003f4792   _PLL_resetClkDetect
003f478c   _PLL_setClkFreq
003f4785   _PLL_setDivideSelect
003f4780   _PLL_setLockPeriod
003f1976   _PROCTRL_CheckEmgStop
003f196f   _PROCTRL_CheckMotorError
003f1968   _PROCTRL_CheckOverCurrent
003f1959   _PROCTRL_CheckRelayOnFlag
003f1907   _PROCTRL_MainLoop
003f18a7   _PROCTRL_UpdateCurrentAmpVar
003f1863   _PROCTRL_UpdateIqRef
003f1856   _PROCTRL_UpdateMotorSpeed
003f1844   _PROCTRL_UpdateMotorTorque
003f1801   _PROCTRL_UpdateMotorVar
003f17d5   _PROCTRL_UpdateVoltageVar
003f17c2   _PROCTRL_Update_Est_State
003f16f6   _PROCTRL_chkError
003f165b   _PROCTRL_chkMotorIdentified
003f1630   _PROCTRL_getBoardBias
003f15f8   _PROCTRL_getChipTemperture
003f15e2   _PROCTRL_getDCbusVoltage
003f15c7   _PROCTRL_getScaleActors
003f1568   _PROCTRL_getSensorData
003f1538   _PROCTRL_init
003f14b5   _PROCTRL_setBoardBias
003f14b3   _PROCTRL_setCtrlHandle
003f1489   _PROCTRL_setDcBrakeCurrent
003f147c   _PROCTRL_setDcBrakeEnable
003f147a   _PROCTRL_setHalHandle
003f1477   _PROCTRL_setMotorHandle
003f1475   _PROCTRL_setUserParams
003f1466   _PROCTRL_setupFSM
003f1441   _PROCTRL_setupFlyingStart
003f141c   _PROCTRL_setupModbus
003f1417   _PROCTRL_setupMotors
003f13ec   _PROCTRL_updateKpKiGains
003f3d26   _PWM_clearTripZone
003f3d23   _PWM_decrementDeadBandFallingEdgeDelay
003f3d20   _PWM_decrementDeadBandRisingEdgeDelay
003f3d19   _PWM_disableAutoConvert
003f3d15   _PWM_disableChopping
003f3d12   _PWM_disableCounterLoad
003f3d0f   _PWM_disableDeadBand
003f3d0b   _PWM_disableDeadBandHalfCycle
003f3d04   _PWM_disableDigitalCompareBlankingWindow
003f3cfd   _PWM_disableDigitalCompareBlankingWindowInversion
003f3cf6   _PWM_disableHrPeriod
003f3cef   _PWM_disableHrPhaseSync
003f3ceb   _PWM_disableInt
003f3ce7   _PWM_disableSocAPulse
003f3ce3   _PWM_disableSocBPulse
003f3cdc   _PWM_disableTripZoneInt
003f3cd5   _PWM_disableTripZoneSrc
003f3ccf   _PWM_disableTripZones
003f3cc8   _PWM_enableAutoConvert
003f3cc4   _PWM_enableChopping
003f3cc1   _PWM_enableCounterLoad
003f3cbd   _PWM_enableDeadBandHalfCycle
003f3cb6   _PWM_enableDigitalCompareBlankingWindow
003f3caf   _PWM_enableDigitalCompareBlankingWindowInversion
003f3ca8   _PWM_enableHrPeriod
003f3ca1   _PWM_enableHrPhaseSync
003f3c9d   _PWM_enableInt
003f3c99   _PWM_enableSocAPulse
003f3c95   _PWM_enableSocBPulse
003f3c8f   _PWM_enableTripZoneInt
003f3c89   _PWM_enableTripZoneSrc
003f3c86   _PWM_getDeadBandFallingEdgeDelay
003f3c83   _PWM_getDeadBandRisingEdgeDelay
003f3c7f   _PWM_getIntCount
003f3c7b   _PWM_getShadowStatus_CmpA
003f3c77   _PWM_getShadowStatus_CmpB
003f3c72   _PWM_getSocACount
003f3c6d   _PWM_getSocBCount
003f3c6a   _PWM_incrementDeadBandFallingEdgeDelay
003f3c67   _PWM_incrementDeadBandRisingEdgeDelay
003f3c61   _PWM_init
003f3c5a   _PWM_setActionQualContSWForce_PwmA
003f3c51   _PWM_setActionQualContSWForce_PwmB
003f3c48   _PWM_setActionQual_CntDown_CmpA_PwmA
003f3c3f   _PWM_setActionQual_CntDown_CmpA_PwmB
003f3c36   _PWM_setActionQual_CntDown_CmpB_PwmA
003f3c2d   _PWM_setActionQual_CntDown_CmpB_PwmB
003f3c24   _PWM_setActionQual_CntUp_CmpA_PwmA
003f3c1b   _PWM_setActionQual_CntUp_CmpA_PwmB
003f3c12   _PWM_setActionQual_CntUp_CmpB_PwmA
003f3c09   _PWM_setActionQual_CntUp_CmpB_PwmB
003f3c00   _PWM_setActionQual_Period_PwmA
003f3bf7   _PWM_setActionQual_Period_PwmB
003f3bf0   _PWM_setActionQual_Zero_PwmA
003f3be9   _PWM_setActionQual_Zero_PwmB
003f3be2   _PWM_setChoppingClkFreq
003f3bdb   _PWM_setChoppingDutyCycle
003f3bd4   _PWM_setChoppingPulseWidth
003f3bd0   _PWM_setClkDiv
003f3bce   _PWM_setCount
003f3bca   _PWM_setCounterMode
003f3bc7   _PWM_setDeadBandFallingEdgeDelay
003f3bc0   _PWM_setDeadBandInputMode
003f3bb9   _PWM_setDeadBandOutputMode
003f3bb2   _PWM_setDeadBandPolarity
003f3baf   _PWM_setDeadBandRisingEdgeDelay
003f3b98   _PWM_setDigitalCompareAEvent1
003f3b88   _PWM_setDigitalCompareAEvent2
003f3b71   _PWM_setDigitalCompareBEvent1
003f3b61   _PWM_setDigitalCompareBEvent2
003f3b55   _PWM_setDigitalCompareBlankingPulse
003f3b52   _PWM_setDigitalCompareFilterOffset
003f3b48   _PWM_setDigitalCompareFilterSource
003f3b45   _PWM_setDigitalCompareFilterWindow
003f3b36   _PWM_setDigitalCompareInput
003f3b32   _PWM_setHighSpeedClkDiv
003f3b28   _PWM_setHrControlMode
003f3b1e   _PWM_setHrEdgeMode
003f3b14   _PWM_setHrShadowMode
003f3b0d   _PWM_setIntMode
003f3b06   _PWM_setIntPeriod
003f3b02   _PWM_setLoadMode_CmpA
003f3afc   _PWM_setLoadMode_CmpB
003f3afa   _PWM_setPeriod
003f3af5   _PWM_setPeriodHr
003f3af1   _PWM_setPeriodLoad
003f3aef   _PWM_setPhase
003f3aeb   _PWM_setPhaseDir
003f3ae7   _PWM_setRunMode
003f3ae1   _PWM_setShadowMode_CmpA
003f3adb   _PWM_setShadowMode_CmpB
003f3ad2   _PWM_setSocAPeriod
003f3ac8   _PWM_setSocAPulseSrc
003f3abf   _PWM_setSocBPeriod
003f3ab6   _PWM_setSocBPulseSrc
003f3ab3   _PWM_setSwSync
003f3aaf   _PWM_setSyncMode
003f3aa5   _PWM_setTripZoneDCEventSelect_DCAEVT1
003f3a99   _PWM_setTripZoneDCEventSelect_DCAEVT2
003f3a8d   _PWM_setTripZoneDCEventSelect_DCBEVT1
003f3a81   _PWM_setTripZoneDCEventSelect_DCBEVT2
003f3a75   _PWM_setTripZoneState_DCAEVT1
003f3a69   _PWM_setTripZoneState_DCAEVT2
003f3a5d   _PWM_setTripZoneState_DCBEVT1
003f3a51   _PWM_setTripZoneState_DCBEVT2
003f3a47   _PWM_setTripZoneState_TZA
003f3a3b   _PWM_setTripZoneState_TZB
003f481f   _PWR_disableBrownOutReset
003f4814   _PWR_disableWatchDogInt
003f4811   _PWR_enableBrownOutReset
003f4806   _PWR_enableWatchDogInt
003f47ff   _PWR_init
003f47ed   _PWR_setLowPowerMode
003f47db   _PWR_setNumStandByClocks
003f513b   _RamfuncsLoadEnd
003f4a87   _RamfuncsLoadStart
00008000   _RamfuncsRunStart
003f4707   _SCI_clearAutoBaudDetect
003f4703   _SCI_clearRxFifoInt
003f46ff   _SCI_clearRxFifoOvf
003f46fb   _SCI_clearTxFifoInt
003f46f8   _SCI_disable
003f46f4   _SCI_disableAutoBaudAlign
003f46f1   _SCI_disableLoopBack
003f46ee   _SCI_disableParity
003f46eb   _SCI_disableRx
003f46e8   _SCI_disableRxErrorInt
003f46e4   _SCI_disableRxFifoInt
003f46e1   _SCI_disableRxInt
003f46de   _SCI_disableSleep
003f46db   _SCI_disableTx
003f46d7   _SCI_disableTxFifoEnh
003f46d3   _SCI_disableTxFifoInt
003f46d0   _SCI_disableTxInt
003f46cd   _SCI_disableTxWake
003f46ca   _SCI_enable
003f46c6   _SCI_enableAutoBaudAlign
003f46c2   _SCI_enableChannels
003f46bf   _SCI_enableLoopBack
003f46bc   _SCI_enableParity
003f46b9   _SCI_enableRx
003f46b6   _SCI_enableRxErrorInt
003f46b2   _SCI_enableRxFifo
003f46ae   _SCI_enableRxFifoInt
003f46ab   _SCI_enableRxInt
003f46a8   _SCI_enableSleep
003f46a5   _SCI_enableTx
003f46a1   _SCI_enableTxFifo
003f469d   _SCI_enableTxFifoEnh
003f4699   _SCI_enableTxFifoInt
003f4696   _SCI_enableTxInt
003f4693   _SCI_enableTxWake
003f468f   _SCI_getDataBlocking
003f4686   _SCI_getDataNonBlocking
003f4682   _SCI_getRxFifoStatus
003f467e   _SCI_getTxFifoStatus
003f4678   _SCI_init
003f4673   _SCI_putDataBlocking
003f466b   _SCI_putDataNonBlocking
003f4668   _SCI_reset
003f465e   _SCI_resetChannels
003f4654   _SCI_resetRxFifo
003f464a   _SCI_resetTxFifo
003f4644   _SCI_setBaudRate
003f4640   _SCI_setCharLength
003f463c   _SCI_setMode
003f4638   _SCI_setNumStopBits
003f4634   _SCI_setParity
003f4631   _SCI_setPriority
003f462a   _SCI_setRxFifoIntLevel
003f4623   _SCI_setTxDelay
003f461c   _SCI_setTxFifoIntLevel
003f4923   _TIMER_clearFlag
003f4920   _TIMER_disableInt
003f491d   _TIMER_enableInt
003f491a   _TIMER_getStatus
003f4914   _TIMER_init
003f4906   _TIMER_setDecimationFactor
003f4902   _TIMER_setEmulationMode
003f48f4   _TIMER_setPreScaler
003f48f1   _TIMER_setReloadBit
003f4760   _Timer1ISR
003f4732   _UART_RxISR
003f470b   _UART_TxReadyISR
003f1343   _USER_calcPIgains
003f2bc9   _USER_checkBoardParamsErrors
003f2bc5   _USER_checkDefErrors
003f24de   _USER_checkMotorParamsError
003f1335   _USER_computeFlux
003f12d3   _USER_computeFlux_pu_to_VpHz_sf
003f1265   _USER_computeFlux_pu_to_Wb_sf
003f11df   _USER_computeTorque_Flux_Iq_pu_to_Nm_sf
003f1165   _USER_computeTorque_Ls_Id_Iq_pu_to_Nm_sf
003f1119   _USER_computeTorque_Nm
003f10c2   _USER_computeTorque_lbin
003f24db   _USER_getErrorCode
003f2471   _USER_setBoardParams
003f246e   _USER_setErrorCode
003f246b   _USER_setMotorIDs
003f2400   _USER_setMotorParams
003f2392   _USER_setParams
003f237b   _USER_setSysParams
003f22f6   _USER_setWaitTimeParams
003f1032   _USER_softwareUpdate1p6
003f4860   _WDOG_clearCounter
003f4858   _WDOG_disable
003f4852   _WDOG_disableInt
003f484c   _WDOG_disableOverRide
003f4843   _WDOG_enable
003f483d   _WDOG_enableInt
003f4837   _WDOG_enableOverRide
003f4834   _WDOG_getIntStatus
003f482e   _WDOG_init
003f482c   _WDOG_setCount
003f4822   _WDOG_setPreScaler
003ff854   __IQ24cosPU
003ff083   __IQ24div
003f517c   __IQ24frac
003fff8f   __IQ24rmpy
003ff82b   __IQ24sinPU
003ff2aa   __IQ24sqrt
003ff87b   __IQ29rsmpy
003fff52   __IQ30rsmpy
003fff7b   __IQ30toF
003f5187   __IQ7frac
003f5192   __IQ7int
00008b80   __STACK_END
00000200   __STACK_SIZE
00000001   __TI_args_main
0000031e   ___TI_cleanup_ptr
00000320   ___TI_dtors_ptr
ffffffff   ___binit__
ffffffff   ___c_args__
003f513b   ___cinit__
003f4a87   ___etext__
ffffffff   ___pinit__
003f0000   ___text__
003f4a23   __args_main
0000031c   __lock
003f4a6d   __nop
003f4a69   __register_lock
003f4a65   __register_unlock
00008980   __stack
0000031a   __unlock
003f4a3c   _abort
003f101c   _acim_Dir_qFmtCalc
003f6000   _aucCRCHi
003f6100   _aucCRCLo
003f48ad   _c_int00
00000322   _cpu
00000200   _ctrl
00000004   _ctrlHandle
003f4a3e   _exit
00000040   _gUserParams
00000340   _hal
00000002   _halHandle
003fda88   _log
003f3f54   _main
00008533   _mainISR
003f4a55   _memCopy
003fde82   _modf
003f0f66   _motor_RunCtrl
003f0f53   _motor_StopCtrl
003fdd64   _pow
00000006   _proctrlHandle
003f0ee2   _recalcKpKi
003f0e94   _setFeLimitZero
000086b0   _usDelay
ffffffff   binit
003f513b   cinit
003f7ff6   code_start
003f4a87   etext
ffffffff   pinit


GLOBAL SYMBOLS: SORTED BY Symbol Address 

address    name
--------   ----
00000001   __TI_args_main
00000002   _halHandle
00000004   _ctrlHandle
00000006   _proctrlHandle
00000040   _gUserParams
00000100   _MyProcessCtrl
00000200   __STACK_SIZE
00000200   _ctrl
0000031a   __unlock
0000031c   __lock
0000031e   ___TI_cleanup_ptr
00000320   ___TI_dtors_ptr
00000322   _cpu
00000340   _hal
00008000   _CTRL_setup
00008000   _RamfuncsRunStart
0000800a   _CTRL_run
00008533   _mainISR
00008660   _FLASH_setStandbyWaitCount
00008665   _FLASH_setPowerMode
0000866c   _FLASH_setOtpWaitStates
00008673   _FLASH_setNumRandomReadWaitStates
0000867a   _FLASH_setNumPagedReadWaitStates
00008681   _FLASH_setActiveWaitCount
00008686   _FLASH_enablePipelineMode
0000868c   _FLASH_disablePipelineMode
00008692   _HAL_setupFlash
000086b0   _usDelay
00008980   __stack
00008b80   _FSM_State_Box
00008b80   __STACK_END
003f0000   .text
003f0000   _CTRL_setupTraj
003f0000   ___text__
003f0164   _CTRL_setupEstOnLineState
003f019f   _CTRL_setupEstIdleState
003f033d   _CTRL_setupCtrl
003f0525   _CTRL_setUserMotorParams
003f0658   _CTRL_setEstParams
003f0dbe   _CTRL_runTraj
003f0e8a   _CTRL_getVersion
003f0e94   _setFeLimitZero
003f0ee2   _recalcKpKi
003f0f53   _motor_StopCtrl
003f0f66   _motor_RunCtrl
003f101c   _acim_Dir_qFmtCalc
003f1032   _USER_softwareUpdate1p6
003f10c2   _USER_computeTorque_lbin
003f1119   _USER_computeTorque_Nm
003f1165   _USER_computeTorque_Ls_Id_Iq_pu_to_Nm_sf
003f11df   _USER_computeTorque_Flux_Iq_pu_to_Nm_sf
003f1265   _USER_computeFlux_pu_to_Wb_sf
003f12d3   _USER_computeFlux_pu_to_VpHz_sf
003f1335   _USER_computeFlux
003f1343   _USER_calcPIgains
003f13ec   _PROCTRL_updateKpKiGains
003f1417   _PROCTRL_setupMotors
003f141c   _PROCTRL_setupModbus
003f1441   _PROCTRL_setupFlyingStart
003f1466   _PROCTRL_setupFSM
003f1475   _PROCTRL_setUserParams
003f1477   _PROCTRL_setMotorHandle
003f147a   _PROCTRL_setHalHandle
003f147c   _PROCTRL_setDcBrakeEnable
003f1489   _PROCTRL_setDcBrakeCurrent
003f14b3   _PROCTRL_setCtrlHandle
003f14b5   _PROCTRL_setBoardBias
003f1538   _PROCTRL_init
003f1568   _PROCTRL_getSensorData
003f15c7   _PROCTRL_getScaleActors
003f15e2   _PROCTRL_getDCbusVoltage
003f15f8   _PROCTRL_getChipTemperture
003f1630   _PROCTRL_getBoardBias
003f165b   _PROCTRL_chkMotorIdentified
003f16f6   _PROCTRL_chkError
003f17c2   _PROCTRL_Update_Est_State
003f17d5   _PROCTRL_UpdateVoltageVar
003f1801   _PROCTRL_UpdateMotorVar
003f1844   _PROCTRL_UpdateMotorTorque
003f1856   _PROCTRL_UpdateMotorSpeed
003f1863   _PROCTRL_UpdateIqRef
003f18a7   _PROCTRL_UpdateCurrentAmpVar
003f1907   _PROCTRL_MainLoop
003f1959   _PROCTRL_CheckRelayOnFlag
003f1968   _PROCTRL_CheckOverCurrent
003f196f   _PROCTRL_CheckMotorError
003f1976   _PROCTRL_CheckEmgStop
003f1985   _HAL_setupTimers
003f19d6   _HAL_setupScia
003f1a18   _HAL_setupPwms
003f1ae8   _HAL_setupPll
003f1b26   _HAL_setupPie
003f1b42   _HAL_setupPeripheralClks
003f1b77   _HAL_setupGpios
003f1c5b   _HAL_setupFaults
003f1c77   _HAL_setupClks
003f1c93   _HAL_setupAdcs
003f1d89   _HAL_setupAdcParams
003f1df1   _HAL_AdcCalChanSelect
003f1e48   _HAL_AdcCalConversion
003f1fa0   _HAL_AdcOffsetSelfCal
003f1fcf   _HAL_GetBoardNum
003f203a   _HAL_getOscTrimValue
003f204e   _HAL_osc1Comp
003f208d   _HAL_osc2Comp
003f20cc   _HAL_OscTempComp
003f211f   _HAL_cal
003f2139   _HAL_setParams
003f21d5   _HAL_setDacParameters
003f21ea   _HAL_disableWdog
003f21ef   _HAL_init
003f2299   _HAL_enableTimer1Int
003f22ab   _HAL_enableSciaInt
003f22c8   _HAL_enablePwmInt
003f22d9   _HAL_enableGlobalInts
003f22dd   _HAL_enableDebugInt
003f22e1   _HAL_enableAdcInts
003f22f2   _HAL_disableGlobalInts
003f22f6   _USER_setWaitTimeParams
003f237b   _USER_setSysParams
003f2392   _USER_setParams
003f2400   _USER_setMotorParams
003f246b   _USER_setMotorIDs
003f246e   _USER_setErrorCode
003f2471   _USER_setBoardParams
003f24db   _USER_getErrorCode
003f24de   _USER_checkMotorParamsError
003f2bc5   _USER_checkDefErrors
003f2bc9   _USER_checkBoardParamsErrors
003f2c54   _FSM_setMotorHandle
003f2c56   _FSM_setHalHandle
003f2c58   _FSM_init
003f2c62   _FSM_clrOverCurrentReg
003f2c84   _FSM_SelectMode
003f2e54   _FSM_State_Box_Init
003f2e9e   _FSM_SetupFsmMode
003f2ecd   _FSM_SetVelocity
003f2ed9   _FSM_ReportResults
003f2ee0   _FSM_Run_STOP
003f2ee8   _FSM_Run_ReleaseDcBrake
003f2eee   _FSM_Run_IDLE
003f2ef5   _FSM_CheckErrors
003f2f53   _FSM_RunTrans
003f2f6f   _FSM_RunRetire
003f2f80   _FSM_RunPolling
003f2f8c   _FSM_RunConfig
003f2fa5   _FSM_CheckTimes
003f2fb2   _FSM_CheckMoveStatus
003f2fbc   _FSM_CheckZeroSpeed
003f2fc6   _FSM_CheckContactSensor2
003f2fd8   _FSM_CheckContactSensor1
003f2fea   _FSM_CheckAnalogSensor2
003f300b   _FSM_CheckAnalogSensor1
003f302c   _FSM_CheckKeySensor2
003f303e   _FSM_CheckKeySensor1
003f3050   _FSM_Check485Start
003f3059   _FSM_CheckSpeed
003f306b   _FSM_Run
003f30b3   _FSM_ParamInit
003f30e2   _FSM_485Read_State_Box
003f3113   _FSM_485Edit_State_Box
003f3149   _MB_setTimHandle
003f314b   _MB_setSciHandle
003f314e   _MB_setMotorHandle
003f3150   _MB_setGpioHandle
003f3152   _MB_setFsmHandle
003f3154   _MB_init
003f315a   _MB_PortEventPost
003f3160   _MB_PortSerialEnable
003f318d   _MB_PortSerialPutByte
003f3192   _MB_RTUTransmitFSM
003f31b9   _MB_PortTimersDisable
003f31bd   _MB_RTUTimerFSM
003f31ce   _MB_CRC16
003f31f0   _MB_RTUSend
003f323a   _MB_PortSerialGetByte
003f3248   _MB_PortTimersEnable
003f3255   _MB_RTUReceiveFSM
003f3288   _MB_RTUReceive
003f329b   _MB_PortEventInit
003f329e   _MB_PortEventGet
003f32ab   _MB_FuncWriteHoldingRegister
003f3374   _MB_FuncWriteCoilsRegister
003f3409   _MB_FloatTransToIQ8
003f341d   _MB_FloatTransToIQ7X1000
003f3437   _MB_FloatTransToIQ7
003f344d   _MB_FuncReadHoldingRegister
003f35b6   _MB_Poll
003f3600   _CTRL_updateState
003f36b2   _CTRL_setupClarke_V
003f36c8   _CTRL_setupClarke_I
003f36e4   _CTRL_setWaitTimes
003f36ed   _CTRL_setSpd_ref_pu
003f36f0   _CTRL_setSpd_ref_krpm
003f3703   _CTRL_setBrake
003f3711   _CTRL_setGains
003f3739   _CTRL_setParams
003f39be   _CTRL_getWaitTimes
003f39c7   _CTRL_getVdq_out_pu
003f39cf   _CTRL_getVab_out_pu
003f39d7   _CTRL_getVab_in_pu
003f39df   _CTRL_getIdq_ref_pu
003f39e7   _CTRL_getIdq_in_pu
003f39ef   _CTRL_getIab_in_pu
003f39f7   _CTRL_getIab_filt_pu
003f39ff   _CTRL_getGains
003f3a2f   _CTRL_setMagCurrent_pu
003f3a32   _CTRL_setMaximumSpeed_pu
003f3a35   _CTRL_getMaximumSpeed_pu
003f3a38   _CTRL_getMagCurrent_pu
003f3a3b   _PWM_setTripZoneState_TZB
003f3a47   _PWM_setTripZoneState_TZA
003f3a51   _PWM_setTripZoneState_DCBEVT2
003f3a5d   _PWM_setTripZoneState_DCBEVT1
003f3a69   _PWM_setTripZoneState_DCAEVT2
003f3a75   _PWM_setTripZoneState_DCAEVT1
003f3a81   _PWM_setTripZoneDCEventSelect_DCBEVT2
003f3a8d   _PWM_setTripZoneDCEventSelect_DCBEVT1
003f3a99   _PWM_setTripZoneDCEventSelect_DCAEVT2
003f3aa5   _PWM_setTripZoneDCEventSelect_DCAEVT1
003f3aaf   _PWM_setSyncMode
003f3ab3   _PWM_setSwSync
003f3ab6   _PWM_setSocBPulseSrc
003f3abf   _PWM_setSocBPeriod
003f3ac8   _PWM_setSocAPulseSrc
003f3ad2   _PWM_setSocAPeriod
003f3adb   _PWM_setShadowMode_CmpB
003f3ae1   _PWM_setShadowMode_CmpA
003f3ae7   _PWM_setRunMode
003f3aeb   _PWM_setPhaseDir
003f3aef   _PWM_setPhase
003f3af1   _PWM_setPeriodLoad
003f3af5   _PWM_setPeriodHr
003f3afa   _PWM_setPeriod
003f3afc   _PWM_setLoadMode_CmpB
003f3b02   _PWM_setLoadMode_CmpA
003f3b06   _PWM_setIntPeriod
003f3b0d   _PWM_setIntMode
003f3b14   _PWM_setHrShadowMode
003f3b1e   _PWM_setHrEdgeMode
003f3b28   _PWM_setHrControlMode
003f3b32   _PWM_setHighSpeedClkDiv
003f3b36   _PWM_setDigitalCompareInput
003f3b45   _PWM_setDigitalCompareFilterWindow
003f3b48   _PWM_setDigitalCompareFilterSource
003f3b52   _PWM_setDigitalCompareFilterOffset
003f3b55   _PWM_setDigitalCompareBlankingPulse
003f3b61   _PWM_setDigitalCompareBEvent2
003f3b71   _PWM_setDigitalCompareBEvent1
003f3b88   _PWM_setDigitalCompareAEvent2
003f3b98   _PWM_setDigitalCompareAEvent1
003f3baf   _PWM_setDeadBandRisingEdgeDelay
003f3bb2   _PWM_setDeadBandPolarity
003f3bb9   _PWM_setDeadBandOutputMode
003f3bc0   _PWM_setDeadBandInputMode
003f3bc7   _PWM_setDeadBandFallingEdgeDelay
003f3bca   _PWM_setCounterMode
003f3bce   _PWM_setCount
003f3bd0   _PWM_setClkDiv
003f3bd4   _PWM_setChoppingPulseWidth
003f3bdb   _PWM_setChoppingDutyCycle
003f3be2   _PWM_setChoppingClkFreq
003f3be9   _PWM_setActionQual_Zero_PwmB
003f3bf0   _PWM_setActionQual_Zero_PwmA
003f3bf7   _PWM_setActionQual_Period_PwmB
003f3c00   _PWM_setActionQual_Period_PwmA
003f3c09   _PWM_setActionQual_CntUp_CmpB_PwmB
003f3c12   _PWM_setActionQual_CntUp_CmpB_PwmA
003f3c1b   _PWM_setActionQual_CntUp_CmpA_PwmB
003f3c24   _PWM_setActionQual_CntUp_CmpA_PwmA
003f3c2d   _PWM_setActionQual_CntDown_CmpB_PwmB
003f3c36   _PWM_setActionQual_CntDown_CmpB_PwmA
003f3c3f   _PWM_setActionQual_CntDown_CmpA_PwmB
003f3c48   _PWM_setActionQual_CntDown_CmpA_PwmA
003f3c51   _PWM_setActionQualContSWForce_PwmB
003f3c5a   _PWM_setActionQualContSWForce_PwmA
003f3c61   _PWM_init
003f3c67   _PWM_incrementDeadBandRisingEdgeDelay
003f3c6a   _PWM_incrementDeadBandFallingEdgeDelay
003f3c6d   _PWM_getSocBCount
003f3c72   _PWM_getSocACount
003f3c77   _PWM_getShadowStatus_CmpB
003f3c7b   _PWM_getShadowStatus_CmpA
003f3c7f   _PWM_getIntCount
003f3c83   _PWM_getDeadBandRisingEdgeDelay
003f3c86   _PWM_getDeadBandFallingEdgeDelay
003f3c89   _PWM_enableTripZoneSrc
003f3c8f   _PWM_enableTripZoneInt
003f3c95   _PWM_enableSocBPulse
003f3c99   _PWM_enableSocAPulse
003f3c9d   _PWM_enableInt
003f3ca1   _PWM_enableHrPhaseSync
003f3ca8   _PWM_enableHrPeriod
003f3caf   _PWM_enableDigitalCompareBlankingWindowInversion
003f3cb6   _PWM_enableDigitalCompareBlankingWindow
003f3cbd   _PWM_enableDeadBandHalfCycle
003f3cc1   _PWM_enableCounterLoad
003f3cc4   _PWM_enableChopping
003f3cc8   _PWM_enableAutoConvert
003f3ccf   _PWM_disableTripZones
003f3cd5   _PWM_disableTripZoneSrc
003f3cdc   _PWM_disableTripZoneInt
003f3ce3   _PWM_disableSocBPulse
003f3ce7   _PWM_disableSocAPulse
003f3ceb   _PWM_disableInt
003f3cef   _PWM_disableHrPhaseSync
003f3cf6   _PWM_disableHrPeriod
003f3cfd   _PWM_disableDigitalCompareBlankingWindowInversion
003f3d04   _PWM_disableDigitalCompareBlankingWindow
003f3d0b   _PWM_disableDeadBandHalfCycle
003f3d0f   _PWM_disableDeadBand
003f3d12   _PWM_disableCounterLoad
003f3d15   _PWM_disableChopping
003f3d19   _PWM_disableAutoConvert
003f3d20   _PWM_decrementDeadBandRisingEdgeDelay
003f3d23   _PWM_decrementDeadBandFallingEdgeDelay
003f3d26   _PWM_clearTripZone
003f3d2c   _ADC_setupSocTrigSrc
003f3d57   _ADC_setVoltRefSrc
003f3d69   _ADC_setTempSensorSrc
003f3d7b   _ADC_setSocTrigSrc
003f3d8e   _ADC_setSocSampleDelay
003f3da1   _ADC_setSocFrcWord
003f3da8   _ADC_setSocFrc
003f3db2   _ADC_setSocChanNumber
003f3dc5   _ADC_setSampleOverlapMode
003f3dda   _ADC_setSampleMode
003f3df2   _ADC_setOffTrim
003f3df9   _ADC_setIntSrc
003f3e16   _ADC_setIntPulseGenMode
003f3e28   _ADC_setIntMode
003f3e45   _ADC_setDivideSelect
003f3e57   _ADC_reset
003f3e62   _ADC_powerUp
003f3e6d   _ADC_powerDown
003f3e78   _ADC_init
003f3e7f   _ADC_getDivideSelect
003f3e84   _ADC_enableVoltRefLoConv
003f3e8f   _ADC_enableRefBuffers
003f3e9a   _ADC_enableNoOverlapMode
003f3ea5   _ADC_enableInt
003f3ebc   _ADC_enableBandGap
003f3ec7   _ADC_enable
003f3ed2   _ADC_disableVoltRefLoConv
003f3edd   _ADC_disableRefBuffers
003f3ee8   _ADC_disableNoOverlapMode
003f3ef3   _ADC_disableInt
003f3f0e   _ADC_disableBandGap
003f3f19   _ADC_disable
003f3f54   _main
003f40ee   _Motor_init
003f40f4   _MOTOR_setMotorFlag
003f41a2   _MOTOR_getMotorFlag
003f41e3   _MOTOR_getMaxCurrent
003f41e8   _MOTOR_MotorVars_Init
003f4271   _MOTOR_CtrlVersion_Init
003f427b   _GPIO_toggle
003f428e   _GPIO_setQualificationPeriod
003f42b9   _GPIO_setQualification
003f42f2   _GPIO_setPullUp
003f430d   _GPIO_setPortData
003f4319   _GPIO_setMode
003f434a   _GPIO_setLow
003f435d   _GPIO_setHigh
003f4370   _GPIO_setExtInt
003f437b   _GPIO_setDirection
003f4396   _GPIO_read
003f43bc   _GPIO_lpmSelect
003f43c6   _GPIO_init
003f43cc   _GPIO_getPortData
003f43d3   _GPIO_getData
003f43e3   _CLK_setXClkInSrc
003f43ea   _CLK_setWatchDogSrc
003f43f1   _CLK_setTimer2Src
003f43f8   _CLK_setTimer2PreScale
003f43ff   _CLK_setOscSrc
003f4406   _CLK_setOsc2Src
003f440d   _CLK_setLowSpdPreScaler
003f4413   _CLK_setClkOutPreScaler
003f441a   _CLK_init
003f4420   _CLK_enableWatchDogHaltMode
003f4426   _CLK_enableTbClockSync
003f442d   _CLK_enableSpiaClock
003f4434   _CLK_enableSciaClock
003f443b   _CLK_enablePwmClock
003f4444   _CLK_enableOsc2HaltMode
003f444a   _CLK_enableOsc2
003f4450   _CLK_enableOsc1HaltMode
003f4456   _CLK_enableOsc1
003f445c   _CLK_enableI2cClock
003f4463   _CLK_enableHrPwmClock
003f446a   _CLK_enableGpioInputClock
003f4471   _CLK_enableEcap1Clock
003f4478   _CLK_enableCrystalOsc
003f447e   _CLK_enableCpuTimerClock
003f4484   _CLK_enableCompClock
003f448a   _CLK_enableClkIn
003f4490   _CLK_enableAdcClock
003f4497   _CLK_disableWatchDogHaltMode
003f449d   _CLK_disableTbClockSync
003f44a4   _CLK_disableSpiaClock
003f44ab   _CLK_disableSciaClock
003f44b2   _CLK_disablePwmClock
003f44bc   _CLK_disableOsc2HaltMode
003f44c2   _CLK_disableOsc2
003f44c8   _CLK_disableOsc1HaltMode
003f44ce   _CLK_disableOsc1
003f44d4   _CLK_disableI2cClock
003f44db   _CLK_disableHrPwmClock
003f44e2   _CLK_disableGpioInputClock
003f44e9   _CLK_disableEcap1Clock
003f44f0   _CLK_disableCrystalOsc
003f44f6   _CLK_disableCpuTimerClock
003f44fd   _CLK_disableCompClock
003f4501   _CLK_disableClkIn
003f4507   _CLK_disableAdcClock
003f450e   _PIE_unregisterSystemIntHandler
003f451b   _PIE_unregisterPieIntHandler
003f452c   _PIE_setExtIntPolarity
003f453c   _PIE_setDefaultIntVectorTable
003f4548   _PIE_registerSystemIntHandler
003f4553   _PIE_registerPieIntHandler
003f4562   _PIE_init
003f4569   _PIE_getIntFlags
003f4570   _PIE_getIntEnables
003f4577   _PIE_getExtIntCount
003f457f   _PIE_forceInt
003f4589   _PIE_enableTimer0Int
003f458c   _PIE_enablePwmTzInt
003f4591   _PIE_enablePwmInt
003f4596   _PIE_enableInt
003f45a0   _PIE_enableExtInt
003f45c3   _PIE_enableCaptureInt
003f45c7   _PIE_enableAdcInt
003f45e3   _PIE_enable
003f45e6   _PIE_disableInt
003f45f1   _PIE_disableExtInt
003f45fe   _PIE_disableCaptureInt
003f4602   _PIE_disableAllInts
003f460c   _PIE_disable
003f460f   _PIE_clearAllInts
003f4612   _PIE_clearAllFlags
003f461c   _SCI_setTxFifoIntLevel
003f4623   _SCI_setTxDelay
003f462a   _SCI_setRxFifoIntLevel
003f4631   _SCI_setPriority
003f4634   _SCI_setParity
003f4638   _SCI_setNumStopBits
003f463c   _SCI_setMode
003f4640   _SCI_setCharLength
003f4644   _SCI_setBaudRate
003f464a   _SCI_resetTxFifo
003f4654   _SCI_resetRxFifo
003f465e   _SCI_resetChannels
003f4668   _SCI_reset
003f466b   _SCI_putDataNonBlocking
003f4673   _SCI_putDataBlocking
003f4678   _SCI_init
003f467e   _SCI_getTxFifoStatus
003f4682   _SCI_getRxFifoStatus
003f4686   _SCI_getDataNonBlocking
003f468f   _SCI_getDataBlocking
003f4693   _SCI_enableTxWake
003f4696   _SCI_enableTxInt
003f4699   _SCI_enableTxFifoInt
003f469d   _SCI_enableTxFifoEnh
003f46a1   _SCI_enableTxFifo
003f46a5   _SCI_enableTx
003f46a8   _SCI_enableSleep
003f46ab   _SCI_enableRxInt
003f46ae   _SCI_enableRxFifoInt
003f46b2   _SCI_enableRxFifo
003f46b6   _SCI_enableRxErrorInt
003f46b9   _SCI_enableRx
003f46bc   _SCI_enableParity
003f46bf   _SCI_enableLoopBack
003f46c2   _SCI_enableChannels
003f46c6   _SCI_enableAutoBaudAlign
003f46ca   _SCI_enable
003f46cd   _SCI_disableTxWake
003f46d0   _SCI_disableTxInt
003f46d3   _SCI_disableTxFifoInt
003f46d7   _SCI_disableTxFifoEnh
003f46db   _SCI_disableTx
003f46de   _SCI_disableSleep
003f46e1   _SCI_disableRxInt
003f46e4   _SCI_disableRxFifoInt
003f46e8   _SCI_disableRxErrorInt
003f46eb   _SCI_disableRx
003f46ee   _SCI_disableParity
003f46f1   _SCI_disableLoopBack
003f46f4   _SCI_disableAutoBaudAlign
003f46f8   _SCI_disable
003f46fb   _SCI_clearTxFifoInt
003f46ff   _SCI_clearRxFifoOvf
003f4703   _SCI_clearRxFifoInt
003f4707   _SCI_clearAutoBaudDetect
003f470b   _UART_TxReadyISR
003f4732   _UART_RxISR
003f4760   _Timer1ISR
003f4780   _PLL_setLockPeriod
003f4785   _PLL_setDivideSelect
003f478c   _PLL_setClkFreq
003f4792   _PLL_resetClkDetect
003f4798   _PLL_init
003f479e   _PLL_getLockStatus
003f47a1   _PLL_getDivideSelect
003f47a4   _PLL_getClkStatus
003f47a7   _PLL_getClkFreq
003f47ab   _PLL_enableOsc
003f47b1   _PLL_enableNormRdy
003f47b7   _PLL_enableClkDetect
003f47bd   _PLL_enable
003f47c3   _PLL_disableOsc
003f47c9   _PLL_disableNormRdy
003f47cf   _PLL_disableClkDetect
003f47d5   _PLL_disable
003f47db   _PWR_setNumStandByClocks
003f47ed   _PWR_setLowPowerMode
003f47ff   _PWR_init
003f4806   _PWR_enableWatchDogInt
003f4811   _PWR_enableBrownOutReset
003f4814   _PWR_disableWatchDogInt
003f481f   _PWR_disableBrownOutReset
003f4822   _WDOG_setPreScaler
003f482c   _WDOG_setCount
003f482e   _WDOG_init
003f4834   _WDOG_getIntStatus
003f4837   _WDOG_enableOverRide
003f483d   _WDOG_enableInt
003f4843   _WDOG_enable
003f484c   _WDOG_disableOverRide
003f4852   _WDOG_disableInt
003f4858   _WDOG_disable
003f4860   _WDOG_clearCounter
003f4868   _OFFSET_setOffset
003f486a   _OFFSET_setInitCond
003f4879   _OFFSET_setBeta
003f488f   _OFFSET_init
003f48a0   _OFFSET_getBeta
003f48ad   _c_int00
003f48f1   _TIMER_setReloadBit
003f48f4   _TIMER_setPreScaler
003f4902   _TIMER_setEmulationMode
003f4906   _TIMER_setDecimationFactor
003f4914   _TIMER_init
003f491a   _TIMER_getStatus
003f491d   _TIMER_enableInt
003f4920   _TIMER_disableInt
003f4923   _TIMER_clearFlag
003f4926   _OSC_setTrim
003f492f   _OSC_setFineTrim
003f4940   _OSC_setCoarseTrim
003f494d   _OSC_init
003f4953   L$$DIV
003f4962   L$$MOD
003f4970   UL$$DIV
003f4977   UL$$MOD
003f497d   _CPU_init
003f4983   _CPU_enableProtectedRegisterWrite
003f4986   _CPU_enableInt
003f498a   _CPU_enableGlobalInts
003f498d   _CPU_enableDebugInt
003f4990   _CPU_disableProtectedRegisterWrite
003f4993   _CPU_disableInts
003f4996   _CPU_disableInt
003f499b   _CPU_disableGlobalInts
003f499e   _CPU_disableDebugInt
003f49a1   _CPU_clearIntFlags
003f49a4   _FILTER_FO_setNumCoeffs
003f49a8   _FILTER_FO_setInitialConditions
003f49ad   _FILTER_FO_setDenCoeffs
003f49af   _FILTER_FO_init
003f49b5   _FILTER_FO_getNumCoeffs
003f49bb   _FILTER_FO_getInitialConditions
003f49c2   _FILTER_FO_getDenCoeffs
003f49c5   FS$$TOUL
003f49e6   _FLASH_init
003f49ec   _FLASH_getStandbyWaitStatus
003f49f0   _FLASH_getStandbyWaitCount
003f49f3   _FLASH_getPowerMode
003f49f6   _FLASH_getActiveWaitStatus
003f49fa   _FLASH_getActiveWaitCount
003f49fd   _FLASH_get3VStatus
003f4a00   _FLASH_clear3VStatus
003f4a06   FS$$TOU
003f4a23   __args_main
003f4a3c   C$$EXIT
003f4a3c   _abort
003f4a3e   _exit
003f4a55   _memCopy
003f4a65   __register_unlock
003f4a69   __register_lock
003f4a6d   __nop
003f4a76   _Brake_init
003f4a7c   _FS_init
003f4a82   _PIE_illegalIsr
003f4a87   _RamfuncsLoadStart
003f4a87   ___etext__
003f4a87   etext
003f513b   _RamfuncsLoadEnd
003f513b   ___cinit__
003f513b   cinit
003f517c   __IQ24frac
003f5187   __IQ7frac
003f5192   __IQ7int
003f6000   _aucCRCHi
003f6100   _aucCRCLo
003f6200   _MOTOR_DATA
003f62f6   _JM_FSM_Vars
003f6350   _BOARD_Params
003f6388   _JM_FSM_MotorFunc
003f63d4   _FSM_ActionFunc
003f63ea   _FSM_CondFunc
003f6400   _FSM_MaxTorque
003f6410   _DE5_Board_Bias
003f6428   _FSM_EventTab
003f7ff6   code_start
003fc000   _EST_getState
003fc002   _EST_useZeroIq_ref
003fc05a   _EST_resetCounter_state
003fc05e   _EST_isMotorIdentified
003fc062   _EST_getFullScaleCurrent
003fc08e   _EST_getFullScaleVoltage
003fc092   _EST_computeDirection_qFmt
003fc0f8   _EST_updateState
003fc3da   _EST_updateId_ref_pu
003fc3e2   _EST_setWaitTimes
003fc3fd   _EST_setRs_pu
003fc4bb   _EST_setMotorParams
003fc4c0   _EST_setMaxCurrentSlope_pu
003fc4cc   _EST_setLs_q_pu
003fc4d1   _EST_getFullScaleInductance
003fc4d6   _EST_setLs_qFmt
003fc52a   _EST_setLs_d_pu
003fc548   _EST_setIq_ref_pu
003fc54c   _EST_setIdle_all
003fc55f   _EST_setIdle
003fc565   _EST_setId_ref_pu
003fc569   _EST_setIdRated_pu
003fc56f   _EST_setFullScaleVoltage
003fc573   _EST_setFullScaleResistance
003fc58b   _EST_setFullScaleFreq
003fc594   _EST_setFullScaleCurrent
003fc5b0   _EST_setFlag_updateRs
003fc5b4   _EST_setFlag_estComplete
003fc5b8   _EST_setFlag_enableRsRecalc
003fc5bc   _EST_setFlag_enableRsOnLine
003fc5c0   _EST_setFlag_enableForceAngle
003fc5c5   _EST_setFlag_enableFluxControl
003fc5c9   _EST_setFe_pos_min_pu
003fc5cd   _EST_setFe_neg_max_pu
003fc5da   _EST_setDir_qFmt
003fc5ed   _EST_resetCounter_ctrl
003fc5f2   _EST_getAngle_pu
003fcc5c   _EST_getFullScaleFreq
003fcc60   _EST_run
003fcd5d   _EST_isOnLine
003fcd64   _EST_isLockRotor
003fcd6b   _EST_isIdle
003fcd72   _EST_isError
003fce3d   _EST_get_krpm_to_pu_sf
003fceab   _EST_getSpeed_krpm
003fcef8   _EST_getRs_Ohm
003fcf92   _EST_getRr_Ohm
003fcf98   _EST_getOneOverDcBus_pu
003fcfa2   _EST_getMaxCurrentSlope_pu
003fcfae   _EST_getLs_q_pu
003fcfb3   _EST_getLs_q_H
003fcfd5   _EST_getLs_d_pu
003fcfda   _EST_getLs_d_H
003fcfe4   _EST_getLs_coarse_max_pu
003fd017   _EST_getIdRated
003fd043   _EST_getFullScaleFlux
003fd073   _EST_getFm_pu
003fd090   _EST_getFlux_pu
003fd0a3   _EST_getFlux_VpHz
003fd13d   _EST_doSpeedCtrl
003fd145   _EST_doCurrentCtrl
003fd14d   _EST_computeR
003fd16d   _EST_computeL
003fd1af   _EST_TRAJ_setParams
003fd1be   _EST_I_setParams
003fd1e8   _EST_EPL_setParams
003fd237   _EST_Ls_setWaitTimes
003fd247   _EST_Ls_setParams
003fd284   _EST_Ls_setLs_q
003fd2b6   _EST_Ls_setLs_d
003fd3a8   _EST_Ls_getLs_d
003fd41e   _EST_Flux_setWaitTimes
003fd42e   _EST_Flux_setParams
003fd49c   _EST_Flux_getRatedFlux_pu
003fd514   _EST_Flux_computeOneOverFlux_qFmt
003fd54d   _EST_RsOnLine_setParams
003fd57d   _EST_RsOnLine_setFilterParams
003fd6b3   _EST_Rs_setWaitTimes
003fd6c3   _EST_Rs_setRs
003fd725   _EST_Rs_setParams
003fd767   _EST_Rs_getRs
003fd788   _EST_Rr_setRr
003fd7e9   _EST_Rr_setParams
003fd88b   _CTRL_initCtrl
003fd922   _EST_Dir_setParams
003fd95c   _EST_Freq_setParams
003fd9b0   _EST_Flux_ab_setParams
003fd9cc   _EST_Iab_setParams
003fd9e5   _EST_Angle_setParams
003fd9fb   _EST_Vdq_setParams
003fda0d   _EST_OneOverDcBus_setParams
003fda1e   _EST_Idq_setParams
003fda3b   _EST_Flux_dq_setParams
003fda47   _EST_Vback_ab_setParams
003fda53   _EST_Vab_setParams
003fda5e   _EST_Vback_dq_setParams
003fda88   _log
003fdc5e   FD$$MPY
003fdce1   FS$$DIV
003fdd64   _pow
003fdde7   FS$$MPY
003fde82   _modf
003fdeb3   FS$$SUB
003fdeb8   FS$$ADD
003fdf2b   FS$$CMP
003fdf7b   FD$$TOL
003fdfb7   FS$$TOFD
003ff083   __IQ24div
003ff2aa   __IQ24sqrt
003ff82b   __IQ24sinPU
003ff854   __IQ24cosPU
003ff87b   __IQ29rsmpy
003ff890   L$$TOFS
003ff8aa   UL$$TOFS
003ff8bd   U$$TOFS
003fff0e   FS$$TOI
003fff33   I$$TOFS
003fff4d   FS$$NEG
003fff52   __IQ30rsmpy
003fff7b   __IQ30toF
003fff8f   __IQ24rmpy
ffffffff   ___binit__
ffffffff   ___c_args__
ffffffff   ___pinit__
ffffffff   binit
ffffffff   pinit

[744 symbols]
