<?xml version="1.0"?>
<link_info>
   <banner>TMS320C2000 Linker PC v6.2.5</banner>
   <copyright>Copyright (c) 1996-2014 Texas Instruments Incorporated</copyright>
   <link_time>0x5991648d</link_time>
   <link_errors>0x0</link_errors>
   <output_file>proj_lab02a.out</output_file>
   <entry_point>
      <name>_c_int00</name>
      <address>0x9c06</address>
   </entry_point>
   <input_file_list>
      <input_file id="fl-4">
         <path>.\</path>
         <kind>object</kind>
         <file>CodeStartBranch.obj</file>
         <name>CodeStartBranch.obj</name>
      </input_file>
      <input_file id="fl-5">
         <path>.\</path>
         <kind>object</kind>
         <file>adc.obj</file>
         <name>adc.obj</name>
      </input_file>
      <input_file id="fl-6">
         <path>.\</path>
         <kind>object</kind>
         <file>clk.obj</file>
         <name>clk.obj</name>
      </input_file>
      <input_file id="fl-7">
         <path>.\</path>
         <kind>object</kind>
         <file>cpu.obj</file>
         <name>cpu.obj</name>
      </input_file>
      <input_file id="fl-8">
         <path>.\</path>
         <kind>object</kind>
         <file>flash.obj</file>
         <name>flash.obj</name>
      </input_file>
      <input_file id="fl-9">
         <path>.\</path>
         <kind>object</kind>
         <file>gpio.obj</file>
         <name>gpio.obj</name>
      </input_file>
      <input_file id="fl-a">
         <path>.\</path>
         <kind>object</kind>
         <file>hal.obj</file>
         <name>hal.obj</name>
      </input_file>
      <input_file id="fl-b">
         <path>.\</path>
         <kind>object</kind>
         <file>osc.obj</file>
         <name>osc.obj</name>
      </input_file>
      <input_file id="fl-c">
         <path>.\</path>
         <kind>object</kind>
         <file>pie.obj</file>
         <name>pie.obj</name>
      </input_file>
      <input_file id="fl-d">
         <path>.\</path>
         <kind>object</kind>
         <file>pll.obj</file>
         <name>pll.obj</name>
      </input_file>
      <input_file id="fl-e">
         <path>.\</path>
         <kind>object</kind>
         <file>proj_lab02a.obj</file>
         <name>proj_lab02a.obj</name>
      </input_file>
      <input_file id="fl-f">
         <path>.\</path>
         <kind>object</kind>
         <file>pwm.obj</file>
         <name>pwm.obj</name>
      </input_file>
      <input_file id="fl-10">
         <path>.\</path>
         <kind>object</kind>
         <file>pwr.obj</file>
         <name>pwr.obj</name>
      </input_file>
      <input_file id="fl-11">
         <path>.\</path>
         <kind>object</kind>
         <file>timer.obj</file>
         <name>timer.obj</name>
      </input_file>
      <input_file id="fl-12">
         <path>.\</path>
         <kind>object</kind>
         <file>usDelay.obj</file>
         <name>usDelay.obj</name>
      </input_file>
      <input_file id="fl-13">
         <path>.\</path>
         <kind>object</kind>
         <file>user.obj</file>
         <name>user.obj</name>
      </input_file>
      <input_file id="fl-14">
         <path>.\</path>
         <kind>object</kind>
         <file>wdog.obj</file>
         <name>wdog.obj</name>
      </input_file>
      <input_file id="fl-23">
         <path>C:\ti\motorware\motorware_1_01_00_18\sw\modules\fast\lib\32b\f28x\f2806x\</path>
         <kind>archive</kind>
         <file>2806xRevB_FastSpinROMSymbols.lib</file>
         <name>TMS320x2806x_REVB_boot_rom_out_FD$$MPY_tmp.obj</name>
      </input_file>
      <input_file id="fl-24">
         <path>C:\ti\motorware\motorware_1_01_00_18\sw\modules\fast\lib\32b\f28x\f2806x\</path>
         <kind>archive</kind>
         <file>2806xRevB_FastSpinROMSymbols.lib</file>
         <name>TMS320x2806x_REVB_boot_rom_out_FD$$TOL_tmp.obj</name>
      </input_file>
      <input_file id="fl-25">
         <path>C:\ti\motorware\motorware_1_01_00_18\sw\modules\fast\lib\32b\f28x\f2806x\</path>
         <kind>archive</kind>
         <file>2806xRevB_FastSpinROMSymbols.lib</file>
         <name>TMS320x2806x_REVB_boot_rom_out_FS$$ADD_tmp.obj</name>
      </input_file>
      <input_file id="fl-26">
         <path>C:\ti\motorware\motorware_1_01_00_18\sw\modules\fast\lib\32b\f28x\f2806x\</path>
         <kind>archive</kind>
         <file>2806xRevB_FastSpinROMSymbols.lib</file>
         <name>TMS320x2806x_REVB_boot_rom_out_FS$$CMP_tmp.obj</name>
      </input_file>
      <input_file id="fl-27">
         <path>C:\ti\motorware\motorware_1_01_00_18\sw\modules\fast\lib\32b\f28x\f2806x\</path>
         <kind>archive</kind>
         <file>2806xRevB_FastSpinROMSymbols.lib</file>
         <name>TMS320x2806x_REVB_boot_rom_out_FS$$DIV_tmp.obj</name>
      </input_file>
      <input_file id="fl-28">
         <path>C:\ti\motorware\motorware_1_01_00_18\sw\modules\fast\lib\32b\f28x\f2806x\</path>
         <kind>archive</kind>
         <file>2806xRevB_FastSpinROMSymbols.lib</file>
         <name>TMS320x2806x_REVB_boot_rom_out_FS$$MPY_tmp.obj</name>
      </input_file>
      <input_file id="fl-29">
         <path>C:\ti\motorware\motorware_1_01_00_18\sw\modules\fast\lib\32b\f28x\f2806x\</path>
         <kind>archive</kind>
         <file>2806xRevB_FastSpinROMSymbols.lib</file>
         <name>TMS320x2806x_REVB_boot_rom_out_FS$$NEG_tmp.obj</name>
      </input_file>
      <input_file id="fl-2a">
         <path>C:\ti\motorware\motorware_1_01_00_18\sw\modules\fast\lib\32b\f28x\f2806x\</path>
         <kind>archive</kind>
         <file>2806xRevB_FastSpinROMSymbols.lib</file>
         <name>TMS320x2806x_REVB_boot_rom_out_FS$$TOFD_tmp.obj</name>
      </input_file>
      <input_file id="fl-2b">
         <path>C:\ti\motorware\motorware_1_01_00_18\sw\modules\fast\lib\32b\f28x\f2806x\</path>
         <kind>archive</kind>
         <file>2806xRevB_FastSpinROMSymbols.lib</file>
         <name>TMS320x2806x_REVB_boot_rom_out_FS$$TOI_tmp.obj</name>
      </input_file>
      <input_file id="fl-2c">
         <path>C:\ti\ccsv6\tools\compiler\c2000_6.2.5\lib\</path>
         <kind>archive</kind>
         <file>rts2800_ml.lib</file>
         <name>fs_tou.obj</name>
      </input_file>
      <input_file id="fl-2d">
         <path>C:\ti\ccsv6\tools\compiler\c2000_6.2.5\lib\</path>
         <kind>archive</kind>
         <file>rts2800_ml.lib</file>
         <name>fs_toul.obj</name>
      </input_file>
      <input_file id="fl-2e">
         <path>C:\ti\motorware\motorware_1_01_00_18\sw\modules\fast\lib\32b\f28x\f2806x\</path>
         <kind>archive</kind>
         <file>2806xRevB_FastSpinROMSymbols.lib</file>
         <name>TMS320x2806x_REVB_boot_rom_out_I$$TOFS_tmp.obj</name>
      </input_file>
      <input_file id="fl-2f">
         <path>C:\ti\motorware\motorware_1_01_00_18\sw\modules\fast\lib\32b\f28x\f2806x\</path>
         <kind>archive</kind>
         <file>2806xRevB_FastSpinROMSymbols.lib</file>
         <name>TMS320x2806x_REVB_boot_rom_out_U$$TOFS_tmp.obj</name>
      </input_file>
      <input_file id="fl-30">
         <path>C:\ti\motorware\motorware_1_01_00_18\sw\modules\fast\lib\32b\f28x\f2806x\</path>
         <kind>archive</kind>
         <file>2806xRevB_FastSpinROMSymbols.lib</file>
         <name>TMS320x2806x_REVB_boot_rom_out_UL$$TOFS_tmp.obj</name>
      </input_file>
      <input_file id="fl-31">
         <path>C:\ti\motorware\motorware_1_01_00_18\sw\modules\fast\lib\32b\f28x\f2806x\</path>
         <kind>archive</kind>
         <file>2806xRevB_FastSpinROMSymbols.lib</file>
         <name>TMS320x2806x_REVB_boot_rom_out__CTRL_getVersion_tmp.obj</name>
      </input_file>
      <input_file id="fl-32">
         <path>C:\ti\motorware\motorware_1_01_00_18\sw\modules\fast\lib\32b\f28x\f2806x\</path>
         <kind>archive</kind>
         <file>2806xRevB_FastSpinROMSymbols.lib</file>
         <name>TMS320x2806x_REVB_boot_rom_out__CTRL_initCtrl_tmp.obj</name>
      </input_file>
      <input_file id="fl-33">
         <path>C:\ti\motorware\motorware_1_01_00_18\sw\modules\fast\lib\32b\f28x\f2806x\</path>
         <kind>archive</kind>
         <file>2806xRevB_FastSpinROMSymbols.lib</file>
         <name>TMS320x2806x_REVB_boot_rom_out__CTRL_run_tmp.obj</name>
      </input_file>
      <input_file id="fl-34">
         <path>C:\ti\motorware\motorware_1_01_00_18\sw\modules\fast\lib\32b\f28x\f2806x\</path>
         <kind>archive</kind>
         <file>2806xRevB_FastSpinROMSymbols.lib</file>
         <name>TMS320x2806x_REVB_boot_rom_out__CTRL_setGains_tmp.obj</name>
      </input_file>
      <input_file id="fl-35">
         <path>C:\ti\motorware\motorware_1_01_00_18\sw\modules\fast\lib\32b\f28x\f2806x\</path>
         <kind>archive</kind>
         <file>2806xRevB_FastSpinROMSymbols.lib</file>
         <name>TMS320x2806x_REVB_boot_rom_out__CTRL_setParams_tmp.obj</name>
      </input_file>
      <input_file id="fl-36">
         <path>C:\ti\motorware\motorware_1_01_00_18\sw\modules\fast\lib\32b\f28x\f2806x\</path>
         <kind>archive</kind>
         <file>2806xRevB_FastSpinROMSymbols.lib</file>
         <name>TMS320x2806x_REVB_boot_rom_out__CTRL_setSpd_ref_krpm_tmp.obj</name>
      </input_file>
      <input_file id="fl-37">
         <path>C:\ti\motorware\motorware_1_01_00_18\sw\modules\fast\lib\32b\f28x\f2806x\</path>
         <kind>archive</kind>
         <file>2806xRevB_FastSpinROMSymbols.lib</file>
         <name>TMS320x2806x_REVB_boot_rom_out__CTRL_setup_tmp.obj</name>
      </input_file>
      <input_file id="fl-38">
         <path>C:\ti\motorware\motorware_1_01_00_18\sw\modules\fast\lib\32b\f28x\f2806x\</path>
         <kind>archive</kind>
         <file>2806xRevB_FastSpinROMSymbols.lib</file>
         <name>TMS320x2806x_REVB_boot_rom_out__CTRL_updateState_tmp.obj</name>
      </input_file>
      <input_file id="fl-39">
         <path>C:\ti\motorware\motorware_1_01_00_18\sw\modules\fast\lib\32b\f28x\f2806x\</path>
         <kind>archive</kind>
         <file>2806xRevB_FastSpinROMSymbols.lib</file>
         <name>TMS320x2806x_REVB_boot_rom_out__EST_computeDirection_qFmt_tmp.obj</name>
      </input_file>
      <input_file id="fl-3a">
         <path>C:\ti\motorware\motorware_1_01_00_18\sw\modules\fast\lib\32b\f28x\f2806x\</path>
         <kind>archive</kind>
         <file>2806xRevB_FastSpinROMSymbols.lib</file>
         <name>TMS320x2806x_REVB_boot_rom_out__EST_getFlux_VpHz_tmp.obj</name>
      </input_file>
      <input_file id="fl-3b">
         <path>C:\ti\motorware\motorware_1_01_00_18\sw\modules\fast\lib\32b\f28x\f2806x\</path>
         <kind>archive</kind>
         <file>2806xRevB_FastSpinROMSymbols.lib</file>
         <name>TMS320x2806x_REVB_boot_rom_out__EST_getFlux_pu_tmp.obj</name>
      </input_file>
      <input_file id="fl-3c">
         <path>C:\ti\motorware\motorware_1_01_00_18\sw\modules\fast\lib\32b\f28x\f2806x\</path>
         <kind>archive</kind>
         <file>2806xRevB_FastSpinROMSymbols.lib</file>
         <name>TMS320x2806x_REVB_boot_rom_out__EST_getIdRated_tmp.obj</name>
      </input_file>
      <input_file id="fl-3d">
         <path>C:\ti\motorware\motorware_1_01_00_18\sw\modules\fast\lib\32b\f28x\f2806x\</path>
         <kind>archive</kind>
         <file>2806xRevB_FastSpinROMSymbols.lib</file>
         <name>TMS320x2806x_REVB_boot_rom_out__EST_getLs_coarse_max_pu_tmp.obj</name>
      </input_file>
      <input_file id="fl-3e">
         <path>C:\ti\motorware\motorware_1_01_00_18\sw\modules\fast\lib\32b\f28x\f2806x\</path>
         <kind>archive</kind>
         <file>2806xRevB_FastSpinROMSymbols.lib</file>
         <name>TMS320x2806x_REVB_boot_rom_out__EST_getLs_d_H_tmp.obj</name>
      </input_file>
      <input_file id="fl-3f">
         <path>C:\ti\motorware\motorware_1_01_00_18\sw\modules\fast\lib\32b\f28x\f2806x\</path>
         <kind>archive</kind>
         <file>2806xRevB_FastSpinROMSymbols.lib</file>
         <name>TMS320x2806x_REVB_boot_rom_out__EST_getLs_d_pu_tmp.obj</name>
      </input_file>
      <input_file id="fl-40">
         <path>C:\ti\motorware\motorware_1_01_00_18\sw\modules\fast\lib\32b\f28x\f2806x\</path>
         <kind>archive</kind>
         <file>2806xRevB_FastSpinROMSymbols.lib</file>
         <name>TMS320x2806x_REVB_boot_rom_out__EST_getLs_q_H_tmp.obj</name>
      </input_file>
      <input_file id="fl-41">
         <path>C:\ti\motorware\motorware_1_01_00_18\sw\modules\fast\lib\32b\f28x\f2806x\</path>
         <kind>archive</kind>
         <file>2806xRevB_FastSpinROMSymbols.lib</file>
         <name>TMS320x2806x_REVB_boot_rom_out__EST_getLs_q_pu_tmp.obj</name>
      </input_file>
      <input_file id="fl-42">
         <path>C:\ti\motorware\motorware_1_01_00_18\sw\modules\fast\lib\32b\f28x\f2806x\</path>
         <kind>archive</kind>
         <file>2806xRevB_FastSpinROMSymbols.lib</file>
         <name>TMS320x2806x_REVB_boot_rom_out__EST_getMaxCurrentSlope_pu_tmp.obj</name>
      </input_file>
      <input_file id="fl-43">
         <path>C:\ti\motorware\motorware_1_01_00_18\sw\modules\fast\lib\32b\f28x\f2806x\</path>
         <kind>archive</kind>
         <file>2806xRevB_FastSpinROMSymbols.lib</file>
         <name>TMS320x2806x_REVB_boot_rom_out__EST_getRr_Ohm_tmp.obj</name>
      </input_file>
      <input_file id="fl-44">
         <path>C:\ti\motorware\motorware_1_01_00_18\sw\modules\fast\lib\32b\f28x\f2806x\</path>
         <kind>archive</kind>
         <file>2806xRevB_FastSpinROMSymbols.lib</file>
         <name>TMS320x2806x_REVB_boot_rom_out__EST_getRs_Ohm_tmp.obj</name>
      </input_file>
      <input_file id="fl-45">
         <path>C:\ti\motorware\motorware_1_01_00_18\sw\modules\fast\lib\32b\f28x\f2806x\</path>
         <kind>archive</kind>
         <file>2806xRevB_FastSpinROMSymbols.lib</file>
         <name>TMS320x2806x_REVB_boot_rom_out__EST_getSpeed_krpm_tmp.obj</name>
      </input_file>
      <input_file id="fl-46">
         <path>C:\ti\motorware\motorware_1_01_00_18\sw\modules\fast\lib\32b\f28x\f2806x\</path>
         <kind>archive</kind>
         <file>2806xRevB_FastSpinROMSymbols.lib</file>
         <name>TMS320x2806x_REVB_boot_rom_out__EST_getState_tmp.obj</name>
      </input_file>
      <input_file id="fl-47">
         <path>C:\ti\motorware\motorware_1_01_00_18\sw\modules\fast\lib\32b\f28x\f2806x\</path>
         <kind>archive</kind>
         <file>2806xRevB_FastSpinROMSymbols.lib</file>
         <name>TMS320x2806x_REVB_boot_rom_out__EST_get_pu_to_krpm_sf_tmp.obj</name>
      </input_file>
      <input_file id="fl-48">
         <path>C:\ti\motorware\motorware_1_01_00_18\sw\modules\fast\lib\32b\f28x\f2806x\</path>
         <kind>archive</kind>
         <file>2806xRevB_FastSpinROMSymbols.lib</file>
         <name>TMS320x2806x_REVB_boot_rom_out__EST_isMotorIdentified_tmp.obj</name>
      </input_file>
      <input_file id="fl-49">
         <path>C:\ti\motorware\motorware_1_01_00_18\sw\modules\fast\lib\32b\f28x\f2806x\</path>
         <kind>archive</kind>
         <file>2806xRevB_FastSpinROMSymbols.lib</file>
         <name>TMS320x2806x_REVB_boot_rom_out__EST_setDir_qFmt_tmp.obj</name>
      </input_file>
      <input_file id="fl-4a">
         <path>C:\ti\motorware\motorware_1_01_00_18\sw\modules\fast\lib\32b\f28x\f2806x\</path>
         <kind>archive</kind>
         <file>2806xRevB_FastSpinROMSymbols.lib</file>
         <name>TMS320x2806x_REVB_boot_rom_out__EST_setFe_neg_max_pu_tmp.obj</name>
      </input_file>
      <input_file id="fl-4b">
         <path>C:\ti\motorware\motorware_1_01_00_18\sw\modules\fast\lib\32b\f28x\f2806x\</path>
         <kind>archive</kind>
         <file>2806xRevB_FastSpinROMSymbols.lib</file>
         <name>TMS320x2806x_REVB_boot_rom_out__EST_setFe_pos_min_pu_tmp.obj</name>
      </input_file>
      <input_file id="fl-4c">
         <path>C:\ti\motorware\motorware_1_01_00_18\sw\modules\fast\lib\32b\f28x\f2806x\</path>
         <kind>archive</kind>
         <file>2806xRevB_FastSpinROMSymbols.lib</file>
         <name>TMS320x2806x_REVB_boot_rom_out__EST_setFlag_enableForceAngle_tmp.obj</name>
      </input_file>
      <input_file id="fl-4d">
         <path>C:\ti\motorware\motorware_1_01_00_18\sw\modules\fast\lib\32b\f28x\f2806x\</path>
         <kind>archive</kind>
         <file>2806xRevB_FastSpinROMSymbols.lib</file>
         <name>TMS320x2806x_REVB_boot_rom_out__EST_setLs_d_pu_tmp.obj</name>
      </input_file>
      <input_file id="fl-4e">
         <path>C:\ti\motorware\motorware_1_01_00_18\sw\modules\fast\lib\32b\f28x\f2806x\</path>
         <kind>archive</kind>
         <file>2806xRevB_FastSpinROMSymbols.lib</file>
         <name>TMS320x2806x_REVB_boot_rom_out__EST_setLs_qFmt_tmp.obj</name>
      </input_file>
      <input_file id="fl-4f">
         <path>C:\ti\motorware\motorware_1_01_00_18\sw\modules\fast\lib\32b\f28x\f2806x\</path>
         <kind>archive</kind>
         <file>2806xRevB_FastSpinROMSymbols.lib</file>
         <name>TMS320x2806x_REVB_boot_rom_out__EST_setLs_q_pu_tmp.obj</name>
      </input_file>
      <input_file id="fl-50">
         <path>C:\ti\motorware\motorware_1_01_00_18\sw\modules\fast\lib\32b\f28x\f2806x\</path>
         <kind>archive</kind>
         <file>2806xRevB_FastSpinROMSymbols.lib</file>
         <name>TMS320x2806x_REVB_boot_rom_out__EST_setMaxCurrentSlope_pu_tmp.obj</name>
      </input_file>
      <input_file id="fl-51">
         <path>C:\ti\motorware\motorware_1_01_00_18\sw\modules\fast\lib\32b\f28x\f2806x\</path>
         <kind>archive</kind>
         <file>2806xRevB_FastSpinROMSymbols.lib</file>
         <name>TMS320x2806x_REVB_boot_rom_out__OFFSET_init_tmp.obj</name>
      </input_file>
      <input_file id="fl-52">
         <path>C:\ti\motorware\motorware_1_01_00_18\sw\modules\fast\lib\32b\f28x\f2806x\</path>
         <kind>archive</kind>
         <file>2806xRevB_FastSpinROMSymbols.lib</file>
         <name>TMS320x2806x_REVB_boot_rom_out__OFFSET_setBeta_tmp.obj</name>
      </input_file>
      <input_file id="fl-53">
         <path>C:\ti\motorware\motorware_1_01_00_18\sw\modules\fast\lib\32b\f28x\f2806x\</path>
         <kind>archive</kind>
         <file>2806xRevB_FastSpinROMSymbols.lib</file>
         <name>TMS320x2806x_REVB_boot_rom_out__OFFSET_setInitCond_tmp.obj</name>
      </input_file>
      <input_file id="fl-54">
         <path>C:\ti\motorware\motorware_1_01_00_18\sw\modules\fast\lib\32b\f28x\f2806x\</path>
         <kind>archive</kind>
         <file>2806xRevB_FastSpinROMSymbols.lib</file>
         <name>TMS320x2806x_REVB_boot_rom_out__OFFSET_setOffset_tmp.obj</name>
      </input_file>
      <input_file id="fl-55">
         <path>C:\ti\motorware\motorware_1_01_00_18\sw\modules\iqmath\lib\f28x\32b\</path>
         <kind>archive</kind>
         <file>IQmath.lib</file>
         <name>IQ30toF.obj</name>
      </input_file>
      <input_file id="fl-56">
         <path>C:\ti\ccsv6\tools\compiler\c2000_6.2.5\lib\</path>
         <kind>archive</kind>
         <file>rts2800_ml.lib</file>
         <name>boot.obj</name>
      </input_file>
      <input_file id="fl-57">
         <path>C:\ti\ccsv6\tools\compiler\c2000_6.2.5\lib\</path>
         <kind>archive</kind>
         <file>rts2800_ml.lib</file>
         <name>args_main.obj</name>
      </input_file>
      <input_file id="fl-58">
         <path>C:\ti\ccsv6\tools\compiler\c2000_6.2.5\lib\</path>
         <kind>archive</kind>
         <file>rts2800_ml.lib</file>
         <name>exit.obj</name>
      </input_file>
      <input_file id="fl-59">
         <path>C:\ti\ccsv6\tools\compiler\c2000_6.2.5\lib\</path>
         <kind>archive</kind>
         <file>rts2800_ml.lib</file>
         <name>_lock.obj</name>
      </input_file>
      <input_file id="fl-5a">
         <path>C:\ti\motorware\motorware_1_01_00_18\sw\modules\fast\lib\32b\f28x\f2806x\</path>
         <kind>archive</kind>
         <file>2806xRevB_FastSpinROMSymbols.lib</file>
         <name>TMS320x2806x_REVB_boot_rom_out__log_tmp.obj</name>
      </input_file>
      <input_file id="fl-5b">
         <path>C:\ti\motorware\motorware_1_01_00_18\sw\modules\fast\lib\32b\f28x\f2806x\</path>
         <kind>archive</kind>
         <file>2806xRevB_FastSpinROMSymbols.lib</file>
         <name>TMS320x2806x_REVB_boot_rom_out__modf_tmp.obj</name>
      </input_file>
      <input_file id="fl-5c">
         <path>C:\ti\motorware\motorware_1_01_00_18\sw\modules\fast\lib\32b\f28x\f2806x\</path>
         <kind>archive</kind>
         <file>2806xRevB_FastSpinROMSymbols.lib</file>
         <name>TMS320x2806x_REVB_boot_rom_out__pow_tmp.obj</name>
      </input_file>
   </input_file_list>
   <object_component_list>
      <object_component id="oc-15">
         <name>codestart</name>
         <load_address>0x0</load_address>
         <run_address>0x0</run_address>
         <size>0x2</size>
         <input_file_ref idref="fl-4"/>
      </object_component>
      <object_component id="oc-8c">
         <name>ramfuncs</name>
         <load_address>0x103</load_address>
         <run_address>0x103</run_address>
         <size>0x32</size>
         <input_file_ref idref="fl-8"/>
      </object_component>
      <object_component id="oc-55">
         <name>ramfuncs</name>
         <load_address>0x135</load_address>
         <run_address>0x135</run_address>
         <size>0x4</size>
         <input_file_ref idref="fl-12"/>
      </object_component>
      <object_component id="oc-84">
         <name>.text</name>
         <load_address>0x8000</load_address>
         <run_address>0x8000</run_address>
         <size>0x9ea</size>
         <input_file_ref idref="fl-a"/>
      </object_component>
      <object_component id="oc-85">
         <name>.text</name>
         <load_address>0x89ea</load_address>
         <run_address>0x89ea</run_address>
         <size>0x456</size>
         <input_file_ref idref="fl-13"/>
      </object_component>
      <object_component id="oc-89">
         <name>.text</name>
         <load_address>0x8e40</load_address>
         <run_address>0x8e40</run_address>
         <size>0x2f1</size>
         <input_file_ref idref="fl-f"/>
      </object_component>
      <object_component id="oc-83">
         <name>.text</name>
         <load_address>0x9131</load_address>
         <run_address>0x9131</run_address>
         <size>0x2eb</size>
         <input_file_ref idref="fl-e"/>
      </object_component>
      <object_component id="oc-8d">
         <name>.text</name>
         <load_address>0x941c</load_address>
         <run_address>0x941c</run_address>
         <size>0x1fb</size>
         <input_file_ref idref="fl-5"/>
      </object_component>
      <object_component id="oc-86">
         <name>.text</name>
         <load_address>0x9617</load_address>
         <run_address>0x9617</run_address>
         <size>0x194</size>
         <input_file_ref idref="fl-9"/>
      </object_component>
      <object_component id="oc-88">
         <name>.text</name>
         <load_address>0x97ab</load_address>
         <run_address>0x97ab</run_address>
         <size>0x18a</size>
         <input_file_ref idref="fl-6"/>
      </object_component>
      <object_component id="oc-8b">
         <name>.text</name>
         <load_address>0x9935</load_address>
         <run_address>0x9935</run_address>
         <size>0x10e</size>
         <input_file_ref idref="fl-c"/>
      </object_component>
      <object_component id="oc-45">
         <name>.text:retain</name>
         <load_address>0x9a43</load_address>
         <run_address>0x9a43</run_address>
         <size>0xdb</size>
         <input_file_ref idref="fl-e"/>
      </object_component>
      <object_component id="oc-8a">
         <name>.text</name>
         <load_address>0x9b1e</load_address>
         <run_address>0x9b1e</run_address>
         <size>0x5b</size>
         <input_file_ref idref="fl-d"/>
      </object_component>
      <object_component id="oc-92">
         <name>.text</name>
         <load_address>0x9b79</load_address>
         <run_address>0x9b79</run_address>
         <size>0x47</size>
         <input_file_ref idref="fl-10"/>
      </object_component>
      <object_component id="oc-90">
         <name>.text</name>
         <load_address>0x9bc0</load_address>
         <run_address>0x9bc0</run_address>
         <size>0x46</size>
         <input_file_ref idref="fl-14"/>
      </object_component>
      <object_component id="oc-13">
         <name>.text</name>
         <load_address>0x9c06</load_address>
         <run_address>0x9c06</run_address>
         <size>0x44</size>
         <input_file_ref idref="fl-56"/>
      </object_component>
      <object_component id="oc-87">
         <name>.text</name>
         <load_address>0x9c4a</load_address>
         <run_address>0x9c4a</run_address>
         <size>0x32</size>
         <input_file_ref idref="fl-11"/>
      </object_component>
      <object_component id="oc-8e">
         <name>.text</name>
         <load_address>0x9c7c</load_address>
         <run_address>0x9c7c</run_address>
         <size>0x2d</size>
         <input_file_ref idref="fl-b"/>
      </object_component>
      <object_component id="oc-8f">
         <name>.text</name>
         <load_address>0x9ca9</load_address>
         <run_address>0x9ca9</run_address>
         <size>0x27</size>
         <input_file_ref idref="fl-7"/>
      </object_component>
      <object_component id="oc-66">
         <name>.text</name>
         <load_address>0x9cd0</load_address>
         <run_address>0x9cd0</run_address>
         <size>0x21</size>
         <input_file_ref idref="fl-2d"/>
      </object_component>
      <object_component id="oc-91">
         <name>.text</name>
         <load_address>0x9cf1</load_address>
         <run_address>0x9cf1</run_address>
         <size>0x20</size>
         <input_file_ref idref="fl-8"/>
      </object_component>
      <object_component id="oc-62">
         <name>.text</name>
         <load_address>0x9d11</load_address>
         <run_address>0x9d11</run_address>
         <size>0x1d</size>
         <input_file_ref idref="fl-2c"/>
      </object_component>
      <object_component id="oc-80">
         <name>.text</name>
         <load_address>0x9d2e</load_address>
         <run_address>0x9d2e</run_address>
         <size>0x19</size>
         <input_file_ref idref="fl-57"/>
      </object_component>
      <object_component id="oc-81">
         <name>.text</name>
         <load_address>0x9d47</load_address>
         <run_address>0x9d47</run_address>
         <size>0x19</size>
         <input_file_ref idref="fl-58"/>
      </object_component>
      <object_component id="oc-82">
         <name>.text</name>
         <load_address>0x9d60</load_address>
         <run_address>0x9d60</run_address>
         <size>0x9</size>
         <input_file_ref idref="fl-59"/>
      </object_component>
      <object_component id="oc-14">
         <name>.text</name>
         <load_address>0x9d69</load_address>
         <run_address>0x9d69</run_address>
         <size>0x8</size>
         <input_file_ref idref="fl-4"/>
      </object_component>
      <object_component id="oc-39">
         <name>.text:retain</name>
         <load_address>0x9d71</load_address>
         <run_address>0x9d71</run_address>
         <size>0x5</size>
         <input_file_ref idref="fl-c"/>
      </object_component>
      <object_component id="oc-42">
         <name>.cinit</name>
         <load_address>0x50</load_address>
         <run_address>0x50</run_address>
         <size>0x9d</size>
         <input_file_ref idref="fl-e"/>
      </object_component>
      <object_component id="oc-7b">
         <name>.cinit</name>
         <load_address>0xed</load_address>
         <run_address>0xed</run_address>
         <size>0xa</size>
         <input_file_ref idref="fl-59"/>
      </object_component>
      <object_component id="oc-75">
         <name>.cinit</name>
         <load_address>0xf7</load_address>
         <run_address>0xf7</run_address>
         <size>0xa</size>
         <input_file_ref idref="fl-58"/>
      </object_component>
      <object_component id="oc-6c">
         <name>.reset</name>
         <load_address>0x3fffc0</load_address>
         <run_address>0x3fffc0</run_address>
         <size>0x2</size>
         <input_file_ref idref="fl-56"/>
      </object_component>
      <object_component id="oc-6b">
         <name>.stack</name>
         <uninitialized>true</uninitialized>
         <run_address>0x400</run_address>
         <size>0x0</size>
         <input_file_ref idref="fl-56"/>
      </object_component>
      <object_component id="oc-ad">
         <name>.stack</name>
         <uninitialized>true</uninitialized>
         <run_address>0x400</run_address>
         <size>0x0</size>
      </object_component>
      <object_component id="oc-22">
         <name>.ebss</name>
         <uninitialized>true</uninitialized>
         <run_address>0x9d7e</run_address>
         <size>0x1</size>
         <input_file_ref idref="fl-7"/>
      </object_component>
      <object_component id="oc-2f">
         <name>.ebss</name>
         <uninitialized>true</uninitialized>
         <run_address>0x9f00</run_address>
         <size>0x9a</size>
         <input_file_ref idref="fl-a"/>
      </object_component>
      <object_component id="oc-43">
         <name>.ebss</name>
         <uninitialized>true</uninitialized>
         <run_address>0x9d80</run_address>
         <size>0x16c</size>
         <input_file_ref idref="fl-e"/>
      </object_component>
      <object_component id="oc-76">
         <name>.ebss</name>
         <uninitialized>true</uninitialized>
         <run_address>0x9d7a</run_address>
         <size>0x4</size>
         <input_file_ref idref="fl-58"/>
      </object_component>
      <object_component id="oc-7c">
         <name>.ebss</name>
         <uninitialized>true</uninitialized>
         <run_address>0x9d76</run_address>
         <size>0x4</size>
         <input_file_ref idref="fl-59"/>
      </object_component>
      <object_component id="oc-44">
         <name>.econst</name>
         <load_address>0x9f9a</load_address>
         <run_address>0x9f9a</run_address>
         <size>0xa</size>
         <input_file_ref idref="fl-e"/>
      </object_component>
      <object_component id="oc-5a">
         <name>.econst</name>
         <load_address>0x9fa4</load_address>
         <run_address>0x9fa4</run_address>
         <size>0x8</size>
         <input_file_ref idref="fl-13"/>
      </object_component>
      <object_component id="oc-30">
         <name>.econst</name>
         <load_address>0x9fac</load_address>
         <run_address>0x9fac</run_address>
         <size>0x4</size>
         <input_file_ref idref="fl-a"/>
      </object_component>
      <object_component id="oc-6a">
         <name>IQmath</name>
         <load_address>0x9fb0</load_address>
         <run_address>0x9fb0</run_address>
         <size>0x14</size>
         <input_file_ref idref="fl-55"/>
      </object_component>
      <object_component id="oc-16">
         <name>.debug_info</name>
         <load_address>0x0</load_address>
         <run_address>0x0</run_address>
         <size>0x228</size>
         <input_file_ref idref="fl-4"/>
      </object_component>
      <object_component id="oc-19">
         <name>.debug_info</name>
         <load_address>0x228</load_address>
         <run_address>0x228</run_address>
         <size>0x43b2</size>
         <input_file_ref idref="fl-5"/>
      </object_component>
      <object_component id="oc-1d">
         <name>.debug_info</name>
         <load_address>0x45da</load_address>
         <run_address>0x45da</run_address>
         <size>0x4d67</size>
         <input_file_ref idref="fl-6"/>
      </object_component>
      <object_component id="oc-21">
         <name>.debug_info</name>
         <load_address>0x9341</load_address>
         <run_address>0x9341</run_address>
         <size>0x1056</size>
         <input_file_ref idref="fl-7"/>
      </object_component>
      <object_component id="oc-26">
         <name>.debug_info</name>
         <load_address>0xa397</load_address>
         <run_address>0xa397</run_address>
         <size>0x202d</size>
         <input_file_ref idref="fl-8"/>
      </object_component>
      <object_component id="oc-2a">
         <name>.debug_info</name>
         <load_address>0xc3c4</load_address>
         <run_address>0xc3c4</run_address>
         <size>0x36ea</size>
         <input_file_ref idref="fl-9"/>
      </object_component>
      <object_component id="oc-2e">
         <name>.debug_info</name>
         <load_address>0xfaae</load_address>
         <run_address>0xfaae</run_address>
         <size>0xf67c</size>
         <input_file_ref idref="fl-a"/>
      </object_component>
      <object_component id="oc-34">
         <name>.debug_info</name>
         <load_address>0x1f12a</load_address>
         <run_address>0x1f12a</run_address>
         <size>0xa06</size>
         <input_file_ref idref="fl-b"/>
      </object_component>
      <object_component id="oc-38">
         <name>.debug_info</name>
         <load_address>0x1fb30</load_address>
         <run_address>0x1fb30</run_address>
         <size>0x46b7</size>
         <input_file_ref idref="fl-c"/>
      </object_component>
      <object_component id="oc-3d">
         <name>.debug_info</name>
         <load_address>0x241e7</load_address>
         <run_address>0x241e7</run_address>
         <size>0x1a01</size>
         <input_file_ref idref="fl-d"/>
      </object_component>
      <object_component id="oc-41">
         <name>.debug_info</name>
         <load_address>0x25be8</load_address>
         <run_address>0x25be8</run_address>
         <size>0x8386</size>
         <input_file_ref idref="fl-e"/>
      </object_component>
      <object_component id="oc-49">
         <name>.debug_info</name>
         <load_address>0x2df6e</load_address>
         <run_address>0x2df6e</run_address>
         <size>0xafc1</size>
         <input_file_ref idref="fl-f"/>
      </object_component>
      <object_component id="oc-4d">
         <name>.debug_info</name>
         <load_address>0x38f2f</load_address>
         <run_address>0x38f2f</run_address>
         <size>0x135f</size>
         <input_file_ref idref="fl-10"/>
      </object_component>
      <object_component id="oc-51">
         <name>.debug_info</name>
         <load_address>0x3a28e</load_address>
         <run_address>0x3a28e</run_address>
         <size>0xeed</size>
         <input_file_ref idref="fl-11"/>
      </object_component>
      <object_component id="oc-56">
         <name>.debug_info</name>
         <load_address>0x3b17b</load_address>
         <run_address>0x3b17b</run_address>
         <size>0x1a8</size>
         <input_file_ref idref="fl-12"/>
      </object_component>
      <object_component id="oc-59">
         <name>.debug_info</name>
         <load_address>0x3b323</load_address>
         <run_address>0x3b323</run_address>
         <size>0x4960</size>
         <input_file_ref idref="fl-13"/>
      </object_component>
      <object_component id="oc-5e">
         <name>.debug_info</name>
         <load_address>0x3fc83</load_address>
         <run_address>0x3fc83</run_address>
         <size>0x128f</size>
         <input_file_ref idref="fl-14"/>
      </object_component>
      <object_component id="oc-63">
         <name>.debug_info</name>
         <load_address>0x40f12</load_address>
         <run_address>0x40f12</run_address>
         <size>0xcc</size>
         <input_file_ref idref="fl-2c"/>
      </object_component>
      <object_component id="oc-67">
         <name>.debug_info</name>
         <load_address>0x40fde</load_address>
         <run_address>0x40fde</run_address>
         <size>0xcf</size>
         <input_file_ref idref="fl-2d"/>
      </object_component>
      <object_component id="oc-6d">
         <name>.debug_info</name>
         <load_address>0x410ad</load_address>
         <run_address>0x410ad</run_address>
         <size>0xde</size>
         <input_file_ref idref="fl-56"/>
      </object_component>
      <object_component id="oc-70">
         <name>.debug_info</name>
         <load_address>0x4118b</load_address>
         <run_address>0x4118b</run_address>
         <size>0x3bd</size>
         <input_file_ref idref="fl-57"/>
      </object_component>
      <object_component id="oc-74">
         <name>.debug_info</name>
         <load_address>0x41548</load_address>
         <run_address>0x41548</run_address>
         <size>0x3d6</size>
         <input_file_ref idref="fl-58"/>
      </object_component>
      <object_component id="oc-7a">
         <name>.debug_info</name>
         <load_address>0x4191e</load_address>
         <run_address>0x4191e</run_address>
         <size>0x3fc</size>
         <input_file_ref idref="fl-59"/>
      </object_component>
      <object_component id="oc-ae">
         <name>.debug_info</name>
         <load_address>0x41d1a</load_address>
         <run_address>0x41d1a</run_address>
         <size>0x6f</size>
      </object_component>
      <object_component id="oc-17">
         <name>.debug_line</name>
         <load_address>0x0</load_address>
         <run_address>0x0</run_address>
         <size>0x9d</size>
         <input_file_ref idref="fl-4"/>
      </object_component>
      <object_component id="oc-1b">
         <name>.debug_line</name>
         <load_address>0x9d</load_address>
         <run_address>0x9d</run_address>
         <size>0x35c</size>
         <input_file_ref idref="fl-5"/>
      </object_component>
      <object_component id="oc-1f">
         <name>.debug_line</name>
         <load_address>0x3f9</load_address>
         <run_address>0x3f9</run_address>
         <size>0x583</size>
         <input_file_ref idref="fl-6"/>
      </object_component>
      <object_component id="oc-24">
         <name>.debug_line</name>
         <load_address>0x97c</load_address>
         <run_address>0x97c</run_address>
         <size>0x14a</size>
         <input_file_ref idref="fl-7"/>
      </object_component>
      <object_component id="oc-28">
         <name>.debug_line</name>
         <load_address>0xac6</load_address>
         <run_address>0xac6</run_address>
         <size>0x1d2</size>
         <input_file_ref idref="fl-8"/>
      </object_component>
      <object_component id="oc-2c">
         <name>.debug_line</name>
         <load_address>0xc98</load_address>
         <run_address>0xc98</run_address>
         <size>0x2a5</size>
         <input_file_ref idref="fl-9"/>
      </object_component>
      <object_component id="oc-32">
         <name>.debug_line</name>
         <load_address>0xf3d</load_address>
         <run_address>0xf3d</run_address>
         <size>0xc96</size>
         <input_file_ref idref="fl-a"/>
      </object_component>
      <object_component id="oc-36">
         <name>.debug_line</name>
         <load_address>0x1bd3</load_address>
         <run_address>0x1bd3</run_address>
         <size>0xd2</size>
         <input_file_ref idref="fl-b"/>
      </object_component>
      <object_component id="oc-3b">
         <name>.debug_line</name>
         <load_address>0x1ca5</load_address>
         <run_address>0x1ca5</run_address>
         <size>0x32d</size>
         <input_file_ref idref="fl-c"/>
      </object_component>
      <object_component id="oc-3f">
         <name>.debug_line</name>
         <load_address>0x1fd2</load_address>
         <run_address>0x1fd2</run_address>
         <size>0x1e1</size>
         <input_file_ref idref="fl-d"/>
      </object_component>
      <object_component id="oc-47">
         <name>.debug_line</name>
         <load_address>0x21b3</load_address>
         <run_address>0x21b3</run_address>
         <size>0x8a8</size>
         <input_file_ref idref="fl-e"/>
      </object_component>
      <object_component id="oc-4b">
         <name>.debug_line</name>
         <load_address>0x2a5b</load_address>
         <run_address>0x2a5b</run_address>
         <size>0xa33</size>
         <input_file_ref idref="fl-f"/>
      </object_component>
      <object_component id="oc-4f">
         <name>.debug_line</name>
         <load_address>0x348e</load_address>
         <run_address>0x348e</run_address>
         <size>0x106</size>
         <input_file_ref idref="fl-10"/>
      </object_component>
      <object_component id="oc-53">
         <name>.debug_line</name>
         <load_address>0x3594</load_address>
         <run_address>0x3594</run_address>
         <size>0x11f</size>
         <input_file_ref idref="fl-11"/>
      </object_component>
      <object_component id="oc-57">
         <name>.debug_line</name>
         <load_address>0x36b3</load_address>
         <run_address>0x36b3</run_address>
         <size>0x7e</size>
         <input_file_ref idref="fl-12"/>
      </object_component>
      <object_component id="oc-5c">
         <name>.debug_line</name>
         <load_address>0x3731</load_address>
         <run_address>0x3731</run_address>
         <size>0x4c1</size>
         <input_file_ref idref="fl-13"/>
      </object_component>
      <object_component id="oc-60">
         <name>.debug_line</name>
         <load_address>0x3bf2</load_address>
         <run_address>0x3bf2</run_address>
         <size>0x169</size>
         <input_file_ref idref="fl-14"/>
      </object_component>
      <object_component id="oc-64">
         <name>.debug_line</name>
         <load_address>0x3d5b</load_address>
         <run_address>0x3d5b</run_address>
         <size>0x53</size>
         <input_file_ref idref="fl-2c"/>
      </object_component>
      <object_component id="oc-68">
         <name>.debug_line</name>
         <load_address>0x3dae</load_address>
         <run_address>0x3dae</run_address>
         <size>0x56</size>
         <input_file_ref idref="fl-2d"/>
      </object_component>
      <object_component id="oc-6e">
         <name>.debug_line</name>
         <load_address>0x3e04</load_address>
         <run_address>0x3e04</run_address>
         <size>0x70</size>
         <input_file_ref idref="fl-56"/>
      </object_component>
      <object_component id="oc-72">
         <name>.debug_line</name>
         <load_address>0x3e74</load_address>
         <run_address>0x3e74</run_address>
         <size>0x56</size>
         <input_file_ref idref="fl-57"/>
      </object_component>
      <object_component id="oc-78">
         <name>.debug_line</name>
         <load_address>0x3eca</load_address>
         <run_address>0x3eca</run_address>
         <size>0x5a</size>
         <input_file_ref idref="fl-58"/>
      </object_component>
      <object_component id="oc-7e">
         <name>.debug_line</name>
         <load_address>0x3f24</load_address>
         <run_address>0x3f24</run_address>
         <size>0x5b</size>
         <input_file_ref idref="fl-59"/>
      </object_component>
      <object_component id="oc-18">
         <name>.debug_abbrev</name>
         <load_address>0x0</load_address>
         <run_address>0x0</run_address>
         <size>0x20</size>
         <input_file_ref idref="fl-4"/>
      </object_component>
      <object_component id="oc-1c">
         <name>.debug_abbrev</name>
         <load_address>0x20</load_address>
         <run_address>0x20</run_address>
         <size>0x17a</size>
         <input_file_ref idref="fl-5"/>
      </object_component>
      <object_component id="oc-20">
         <name>.debug_abbrev</name>
         <load_address>0x19a</load_address>
         <run_address>0x19a</run_address>
         <size>0x15d</size>
         <input_file_ref idref="fl-6"/>
      </object_component>
      <object_component id="oc-25">
         <name>.debug_abbrev</name>
         <load_address>0x2f7</load_address>
         <run_address>0x2f7</run_address>
         <size>0x10a</size>
         <input_file_ref idref="fl-7"/>
      </object_component>
      <object_component id="oc-29">
         <name>.debug_abbrev</name>
         <load_address>0x401</load_address>
         <run_address>0x401</run_address>
         <size>0x14b</size>
         <input_file_ref idref="fl-8"/>
      </object_component>
      <object_component id="oc-2d">
         <name>.debug_abbrev</name>
         <load_address>0x54c</load_address>
         <run_address>0x54c</run_address>
         <size>0x154</size>
         <input_file_ref idref="fl-9"/>
      </object_component>
      <object_component id="oc-33">
         <name>.debug_abbrev</name>
         <load_address>0x6a0</load_address>
         <run_address>0x6a0</run_address>
         <size>0x21a</size>
         <input_file_ref idref="fl-a"/>
      </object_component>
      <object_component id="oc-37">
         <name>.debug_abbrev</name>
         <load_address>0x8ba</load_address>
         <run_address>0x8ba</run_address>
         <size>0xf8</size>
         <input_file_ref idref="fl-b"/>
      </object_component>
      <object_component id="oc-3c">
         <name>.debug_abbrev</name>
         <load_address>0x9b2</load_address>
         <run_address>0x9b2</run_address>
         <size>0x179</size>
         <input_file_ref idref="fl-c"/>
      </object_component>
      <object_component id="oc-40">
         <name>.debug_abbrev</name>
         <load_address>0xb2b</load_address>
         <run_address>0xb2b</run_address>
         <size>0x15d</size>
         <input_file_ref idref="fl-d"/>
      </object_component>
      <object_component id="oc-48">
         <name>.debug_abbrev</name>
         <load_address>0xc88</load_address>
         <run_address>0xc88</run_address>
         <size>0x1ae</size>
         <input_file_ref idref="fl-e"/>
      </object_component>
      <object_component id="oc-4c">
         <name>.debug_abbrev</name>
         <load_address>0xe36</load_address>
         <run_address>0xe36</run_address>
         <size>0x166</size>
         <input_file_ref idref="fl-f"/>
      </object_component>
      <object_component id="oc-50">
         <name>.debug_abbrev</name>
         <load_address>0xf9c</load_address>
         <run_address>0xf9c</run_address>
         <size>0x10a</size>
         <input_file_ref idref="fl-10"/>
      </object_component>
      <object_component id="oc-54">
         <name>.debug_abbrev</name>
         <load_address>0x10a6</load_address>
         <run_address>0x10a6</run_address>
         <size>0x10a</size>
         <input_file_ref idref="fl-11"/>
      </object_component>
      <object_component id="oc-58">
         <name>.debug_abbrev</name>
         <load_address>0x11b0</load_address>
         <run_address>0x11b0</run_address>
         <size>0x2c</size>
         <input_file_ref idref="fl-12"/>
      </object_component>
      <object_component id="oc-5d">
         <name>.debug_abbrev</name>
         <load_address>0x11dc</load_address>
         <run_address>0x11dc</run_address>
         <size>0x18b</size>
         <input_file_ref idref="fl-13"/>
      </object_component>
      <object_component id="oc-61">
         <name>.debug_abbrev</name>
         <load_address>0x1367</load_address>
         <run_address>0x1367</run_address>
         <size>0x10a</size>
         <input_file_ref idref="fl-14"/>
      </object_component>
      <object_component id="oc-65">
         <name>.debug_abbrev</name>
         <load_address>0x1471</load_address>
         <run_address>0x1471</run_address>
         <size>0x35</size>
         <input_file_ref idref="fl-2c"/>
      </object_component>
      <object_component id="oc-69">
         <name>.debug_abbrev</name>
         <load_address>0x14a6</load_address>
         <run_address>0x14a6</run_address>
         <size>0x35</size>
         <input_file_ref idref="fl-2d"/>
      </object_component>
      <object_component id="oc-6f">
         <name>.debug_abbrev</name>
         <load_address>0x14db</load_address>
         <run_address>0x14db</run_address>
         <size>0x43</size>
         <input_file_ref idref="fl-56"/>
      </object_component>
      <object_component id="oc-73">
         <name>.debug_abbrev</name>
         <load_address>0x151e</load_address>
         <run_address>0x151e</run_address>
         <size>0xed</size>
         <input_file_ref idref="fl-57"/>
      </object_component>
      <object_component id="oc-79">
         <name>.debug_abbrev</name>
         <load_address>0x160b</load_address>
         <run_address>0x160b</run_address>
         <size>0x10c</size>
         <input_file_ref idref="fl-58"/>
      </object_component>
      <object_component id="oc-7f">
         <name>.debug_abbrev</name>
         <load_address>0x1717</load_address>
         <run_address>0x1717</run_address>
         <size>0xa9</size>
         <input_file_ref idref="fl-59"/>
      </object_component>
      <object_component id="oc-af">
         <name>.debug_abbrev</name>
         <load_address>0x17c0</load_address>
         <run_address>0x17c0</run_address>
         <size>0xd</size>
      </object_component>
      <object_component id="oc-1a">
         <name>.debug_frame</name>
         <load_address>0x0</load_address>
         <run_address>0x0</run_address>
         <size>0x364</size>
         <input_file_ref idref="fl-5"/>
      </object_component>
      <object_component id="oc-1e">
         <name>.debug_frame</name>
         <load_address>0x364</load_address>
         <run_address>0x364</run_address>
         <size>0x5ec</size>
         <input_file_ref idref="fl-6"/>
      </object_component>
      <object_component id="oc-23">
         <name>.debug_frame</name>
         <load_address>0x950</load_address>
         <run_address>0x950</run_address>
         <size>0x16c</size>
         <input_file_ref idref="fl-7"/>
      </object_component>
      <object_component id="oc-27">
         <name>.debug_frame</name>
         <load_address>0xabc</load_address>
         <run_address>0xabc</run_address>
         <size>0x1e4</size>
         <input_file_ref idref="fl-8"/>
      </object_component>
      <object_component id="oc-2b">
         <name>.debug_frame</name>
         <load_address>0xca0</load_address>
         <run_address>0xca0</run_address>
         <size>0x1d4</size>
         <input_file_ref idref="fl-9"/>
      </object_component>
      <object_component id="oc-31">
         <name>.debug_frame</name>
         <load_address>0xe74</load_address>
         <run_address>0xe74</run_address>
         <size>0x49d</size>
         <input_file_ref idref="fl-a"/>
      </object_component>
      <object_component id="oc-35">
         <name>.debug_frame</name>
         <load_address>0x1311</load_address>
         <run_address>0x1311</run_address>
         <size>0xc4</size>
         <input_file_ref idref="fl-b"/>
      </object_component>
      <object_component id="oc-3a">
         <name>.debug_frame</name>
         <load_address>0x13d5</load_address>
         <run_address>0x13d5</run_address>
         <size>0x2ec</size>
         <input_file_ref idref="fl-c"/>
      </object_component>
      <object_component id="oc-3e">
         <name>.debug_frame</name>
         <load_address>0x16c1</load_address>
         <run_address>0x16c1</run_address>
         <size>0x1fc</size>
         <input_file_ref idref="fl-d"/>
      </object_component>
      <object_component id="oc-46">
         <name>.debug_frame</name>
         <load_address>0x18bd</load_address>
         <run_address>0x18bd</run_address>
         <size>0x1ae</size>
         <input_file_ref idref="fl-e"/>
      </object_component>
      <object_component id="oc-4a">
         <name>.debug_frame</name>
         <load_address>0x1a6b</load_address>
         <run_address>0x1a6b</run_address>
         <size>0xa6c</size>
         <input_file_ref idref="fl-f"/>
      </object_component>
      <object_component id="oc-4e">
         <name>.debug_frame</name>
         <load_address>0x24d7</load_address>
         <run_address>0x24d7</run_address>
         <size>0x10c</size>
         <input_file_ref idref="fl-10"/>
      </object_component>
      <object_component id="oc-52">
         <name>.debug_frame</name>
         <load_address>0x25e3</load_address>
         <run_address>0x25e3</run_address>
         <size>0x124</size>
         <input_file_ref idref="fl-11"/>
      </object_component>
      <object_component id="oc-5b">
         <name>.debug_frame</name>
         <load_address>0x2707</load_address>
         <run_address>0x2707</run_address>
         <size>0x26e</size>
         <input_file_ref idref="fl-13"/>
      </object_component>
      <object_component id="oc-5f">
         <name>.debug_frame</name>
         <load_address>0x2975</load_address>
         <run_address>0x2975</run_address>
         <size>0x16c</size>
         <input_file_ref idref="fl-14"/>
      </object_component>
      <object_component id="oc-71">
         <name>.debug_frame</name>
         <load_address>0x2ae1</load_address>
         <run_address>0x2ae1</run_address>
         <size>0x7c</size>
         <input_file_ref idref="fl-57"/>
      </object_component>
      <object_component id="oc-77">
         <name>.debug_frame</name>
         <load_address>0x2b5d</load_address>
         <run_address>0x2b5d</run_address>
         <size>0x9d</size>
         <input_file_ref idref="fl-58"/>
      </object_component>
      <object_component id="oc-7d">
         <name>.debug_frame</name>
         <load_address>0x2bfa</load_address>
         <run_address>0x2bfa</run_address>
         <size>0xac</size>
         <input_file_ref idref="fl-59"/>
      </object_component>
   </object_component_list>
   <logical_group_list>
      <logical_group id="lg-2" display="no" color="cyan">
         <name>codestart</name>
         <load_address>0x0</load_address>
         <run_address>0x0</run_address>
         <size>0x2</size>
         <contents>
            <object_component_ref idref="oc-15"/>
         </contents>
      </logical_group>
      <logical_group id="lg-3" display="no" color="cyan">
         <name>ramfuncs</name>
         <load_address>0x103</load_address>
         <run_address>0x103</run_address>
         <size>0x36</size>
         <contents>
            <object_component_ref idref="oc-8c"/>
            <object_component_ref idref="oc-55"/>
         </contents>
      </logical_group>
      <logical_group id="lg-4" display="no" color="cyan">
         <name>.text</name>
         <load_address>0x8000</load_address>
         <run_address>0x8000</run_address>
         <size>0x1d76</size>
         <contents>
            <object_component_ref idref="oc-84"/>
            <object_component_ref idref="oc-85"/>
            <object_component_ref idref="oc-89"/>
            <object_component_ref idref="oc-83"/>
            <object_component_ref idref="oc-8d"/>
            <object_component_ref idref="oc-86"/>
            <object_component_ref idref="oc-88"/>
            <object_component_ref idref="oc-8b"/>
            <object_component_ref idref="oc-45"/>
            <object_component_ref idref="oc-8a"/>
            <object_component_ref idref="oc-92"/>
            <object_component_ref idref="oc-90"/>
            <object_component_ref idref="oc-13"/>
            <object_component_ref idref="oc-87"/>
            <object_component_ref idref="oc-8e"/>
            <object_component_ref idref="oc-8f"/>
            <object_component_ref idref="oc-66"/>
            <object_component_ref idref="oc-91"/>
            <object_component_ref idref="oc-62"/>
            <object_component_ref idref="oc-80"/>
            <object_component_ref idref="oc-81"/>
            <object_component_ref idref="oc-82"/>
            <object_component_ref idref="oc-14"/>
            <object_component_ref idref="oc-39"/>
         </contents>
      </logical_group>
      <logical_group id="lg-5" display="no" color="cyan">
         <name>.cinit</name>
         <load_address>0x50</load_address>
         <run_address>0x50</run_address>
         <size>0xb3</size>
         <contents>
            <object_component_ref idref="oc-42"/>
            <object_component_ref idref="oc-7b"/>
            <object_component_ref idref="oc-75"/>
         </contents>
      </logical_group>
      <logical_group id="lg-6" display="no" color="cyan">
         <name>.pinit</name>
         <run_address>0x0</run_address>
         <size>0x0</size>
         <contents>
         </contents>
      </logical_group>
      <logical_group id="lg-7" display="no" color="cyan">
         <name>.switch</name>
         <run_address>0x0</run_address>
         <size>0x0</size>
         <contents>
         </contents>
      </logical_group>
      <logical_group id="lg-8" display="no" color="cyan">
         <name>.reset</name>
         <load_address>0x3fffc0</load_address>
         <run_address>0x3fffc0</run_address>
         <size>0x2</size>
         <contents>
            <object_component_ref idref="oc-6c"/>
         </contents>
      </logical_group>
      <logical_group id="lg-9" display="no" color="cyan">
         <name>.stack</name>
         <run_address>0x400</run_address>
         <size>0x3b0</size>
         <contents>
            <object_component_ref idref="oc-6b"/>
            <object_component_ref idref="oc-ad"/>
         </contents>
      </logical_group>
      <logical_group id="lg-a" display="no" color="cyan">
         <name>.ebss</name>
         <run_address>0x9d76</run_address>
         <size>0x224</size>
         <contents>
            <object_component_ref idref="oc-22"/>
            <object_component_ref idref="oc-2f"/>
            <object_component_ref idref="oc-43"/>
            <object_component_ref idref="oc-76"/>
            <object_component_ref idref="oc-7c"/>
         </contents>
      </logical_group>
      <logical_group id="lg-b" display="no" color="cyan">
         <name>.econst</name>
         <load_address>0x9f9a</load_address>
         <run_address>0x9f9a</run_address>
         <size>0x16</size>
         <contents>
            <object_component_ref idref="oc-44"/>
            <object_component_ref idref="oc-5a"/>
            <object_component_ref idref="oc-30"/>
         </contents>
      </logical_group>
      <logical_group id="lg-c" display="no" color="cyan">
         <name>.esysmem</name>
         <run_address>0x0</run_address>
         <size>0x0</size>
         <contents>
         </contents>
      </logical_group>
      <logical_group id="lg-d" display="no" color="cyan">
         <name>graph_data</name>
         <run_address>0x0</run_address>
         <size>0x0</size>
         <contents>
         </contents>
      </logical_group>
      <logical_group id="lg-e" display="no" color="cyan">
         <name>IQmath</name>
         <load_address>0x9fb0</load_address>
         <run_address>0x9fb0</run_address>
         <size>0x14</size>
         <contents>
            <object_component_ref idref="oc-6a"/>
         </contents>
      </logical_group>
      <logical_group id="lg-f" display="no" color="cyan">
         <name>IQmathTables</name>
         <run_address>0x0</run_address>
         <size>0x0</size>
         <contents>
         </contents>
      </logical_group>
      <logical_group id="lg-10" display="no" color="cyan">
         <name>FPUmathTables</name>
         <run_address>0x0</run_address>
         <size>0x0</size>
         <contents>
         </contents>
      </logical_group>
      <logical_group id="lg-11" display="no" color="cyan">
         <name>Cla1Prog</name>
         <run_address>0x0</run_address>
         <size>0x0</size>
         <contents>
         </contents>
      </logical_group>
      <logical_group id="lg-12" display="no" color="cyan">
         <name>unsecure_data</name>
         <run_address>0x0</run_address>
         <size>0x0</size>
         <contents>
         </contents>
      </logical_group>
      <logical_group id="lg-a4" display="never" color="cyan">
         <name>.debug_info</name>
         <load_address>0x0</load_address>
         <run_address>0x0</run_address>
         <size>0x41d89</size>
         <contents>
            <object_component_ref idref="oc-16"/>
            <object_component_ref idref="oc-19"/>
            <object_component_ref idref="oc-1d"/>
            <object_component_ref idref="oc-21"/>
            <object_component_ref idref="oc-26"/>
            <object_component_ref idref="oc-2a"/>
            <object_component_ref idref="oc-2e"/>
            <object_component_ref idref="oc-34"/>
            <object_component_ref idref="oc-38"/>
            <object_component_ref idref="oc-3d"/>
            <object_component_ref idref="oc-41"/>
            <object_component_ref idref="oc-49"/>
            <object_component_ref idref="oc-4d"/>
            <object_component_ref idref="oc-51"/>
            <object_component_ref idref="oc-56"/>
            <object_component_ref idref="oc-59"/>
            <object_component_ref idref="oc-5e"/>
            <object_component_ref idref="oc-63"/>
            <object_component_ref idref="oc-67"/>
            <object_component_ref idref="oc-6d"/>
            <object_component_ref idref="oc-70"/>
            <object_component_ref idref="oc-74"/>
            <object_component_ref idref="oc-7a"/>
            <object_component_ref idref="oc-ae"/>
         </contents>
      </logical_group>
      <logical_group id="lg-a6" display="never" color="cyan">
         <name>.debug_line</name>
         <load_address>0x0</load_address>
         <run_address>0x0</run_address>
         <size>0x3f7f</size>
         <contents>
            <object_component_ref idref="oc-17"/>
            <object_component_ref idref="oc-1b"/>
            <object_component_ref idref="oc-1f"/>
            <object_component_ref idref="oc-24"/>
            <object_component_ref idref="oc-28"/>
            <object_component_ref idref="oc-2c"/>
            <object_component_ref idref="oc-32"/>
            <object_component_ref idref="oc-36"/>
            <object_component_ref idref="oc-3b"/>
            <object_component_ref idref="oc-3f"/>
            <object_component_ref idref="oc-47"/>
            <object_component_ref idref="oc-4b"/>
            <object_component_ref idref="oc-4f"/>
            <object_component_ref idref="oc-53"/>
            <object_component_ref idref="oc-57"/>
            <object_component_ref idref="oc-5c"/>
            <object_component_ref idref="oc-60"/>
            <object_component_ref idref="oc-64"/>
            <object_component_ref idref="oc-68"/>
            <object_component_ref idref="oc-6e"/>
            <object_component_ref idref="oc-72"/>
            <object_component_ref idref="oc-78"/>
            <object_component_ref idref="oc-7e"/>
         </contents>
      </logical_group>
      <logical_group id="lg-a8" display="never" color="cyan">
         <name>.debug_abbrev</name>
         <load_address>0x0</load_address>
         <run_address>0x0</run_address>
         <size>0x17cd</size>
         <contents>
            <object_component_ref idref="oc-18"/>
            <object_component_ref idref="oc-1c"/>
            <object_component_ref idref="oc-20"/>
            <object_component_ref idref="oc-25"/>
            <object_component_ref idref="oc-29"/>
            <object_component_ref idref="oc-2d"/>
            <object_component_ref idref="oc-33"/>
            <object_component_ref idref="oc-37"/>
            <object_component_ref idref="oc-3c"/>
            <object_component_ref idref="oc-40"/>
            <object_component_ref idref="oc-48"/>
            <object_component_ref idref="oc-4c"/>
            <object_component_ref idref="oc-50"/>
            <object_component_ref idref="oc-54"/>
            <object_component_ref idref="oc-58"/>
            <object_component_ref idref="oc-5d"/>
            <object_component_ref idref="oc-61"/>
            <object_component_ref idref="oc-65"/>
            <object_component_ref idref="oc-69"/>
            <object_component_ref idref="oc-6f"/>
            <object_component_ref idref="oc-73"/>
            <object_component_ref idref="oc-79"/>
            <object_component_ref idref="oc-7f"/>
            <object_component_ref idref="oc-af"/>
         </contents>
      </logical_group>
      <logical_group id="lg-aa" display="never" color="cyan">
         <name>.debug_frame</name>
         <load_address>0x0</load_address>
         <run_address>0x0</run_address>
         <size>0x2ca6</size>
         <contents>
            <object_component_ref idref="oc-1a"/>
            <object_component_ref idref="oc-1e"/>
            <object_component_ref idref="oc-23"/>
            <object_component_ref idref="oc-27"/>
            <object_component_ref idref="oc-2b"/>
            <object_component_ref idref="oc-31"/>
            <object_component_ref idref="oc-35"/>
            <object_component_ref idref="oc-3a"/>
            <object_component_ref idref="oc-3e"/>
            <object_component_ref idref="oc-46"/>
            <object_component_ref idref="oc-4a"/>
            <object_component_ref idref="oc-4e"/>
            <object_component_ref idref="oc-52"/>
            <object_component_ref idref="oc-5b"/>
            <object_component_ref idref="oc-5f"/>
            <object_component_ref idref="oc-71"/>
            <object_component_ref idref="oc-77"/>
            <object_component_ref idref="oc-7d"/>
         </contents>
      </logical_group>
   </logical_group_list>
   <placement_map>
      <memory_area display="no" color="green">
         <name>BEGIN</name>
         <page_id>0x0</page_id>
         <origin>0x0</origin>
         <length>0x2</length>
         <used_space>0x2</used_space>
         <unused_space>0x0</unused_space>
         <attributes>RWIX</attributes>
         <usage_details>
            <allocated_space>
               <start_address>0x0</start_address>
               <size>0x2</size>
               <logical_group_ref idref="lg-2"/>
            </allocated_space>
         </usage_details>
      </memory_area>
      <memory_area display="yes" color="green">
         <name>RAMM0</name>
         <page_id>0x0</page_id>
         <origin>0x50</origin>
         <length>0x3b0</length>
         <used_space>0xe9</used_space>
         <unused_space>0x2c7</unused_space>
         <attributes>RWIX</attributes>
         <usage_details>
            <allocated_space>
               <start_address>0x50</start_address>
               <size>0xb3</size>
               <logical_group_ref idref="lg-5"/>
            </allocated_space>
            <allocated_space>
               <start_address>0x103</start_address>
               <size>0x36</size>
               <logical_group_ref idref="lg-3"/>
            </allocated_space>
            <available_space>
               <start_address>0x139</start_address>
               <size>0x2c7</size>
            </available_space>
         </usage_details>
      </memory_area>
      <memory_area display="yes" color="green">
         <name>RAML0_L8</name>
         <page_id>0x0</page_id>
         <origin>0x8000</origin>
         <length>0xb800</length>
         <used_space>0x1fc4</used_space>
         <unused_space>0x983c</unused_space>
         <attributes>RWIX</attributes>
         <usage_details>
            <allocated_space>
               <start_address>0x8000</start_address>
               <size>0x1d76</size>
               <logical_group_ref idref="lg-4"/>
            </allocated_space>
            <allocated_space>
               <start_address>0x9d76</start_address>
               <size>0x224</size>
               <logical_group_ref idref="lg-a"/>
            </allocated_space>
            <allocated_space>
               <start_address>0x9f9a</start_address>
               <size>0x16</size>
               <logical_group_ref idref="lg-b"/>
            </allocated_space>
            <allocated_space>
               <start_address>0x9fb0</start_address>
               <size>0x14</size>
               <logical_group_ref idref="lg-e"/>
            </allocated_space>
            <available_space>
               <start_address>0x9fc4</start_address>
               <size>0x983c</size>
            </available_space>
         </usage_details>
      </memory_area>
      <memory_area display="yes" color="green">
         <name>FPUTABLES</name>
         <page_id>0x0</page_id>
         <origin>0x3fd590</origin>
         <length>0x6a0</length>
         <used_space>0x0</used_space>
         <unused_space>0x6a0</unused_space>
         <attributes>RWIX</attributes>
         <usage_details>
         </usage_details>
      </memory_area>
      <memory_area display="yes" color="green">
         <name>IQTABLES</name>
         <page_id>0x0</page_id>
         <origin>0x3fdc30</origin>
         <length>0xb50</length>
         <used_space>0x0</used_space>
         <unused_space>0xb50</unused_space>
         <attributes>RWIX</attributes>
         <usage_details>
         </usage_details>
      </memory_area>
      <memory_area display="yes" color="green">
         <name>IQTABLES2</name>
         <page_id>0x0</page_id>
         <origin>0x3fe780</origin>
         <length>0x8c</length>
         <used_space>0x0</used_space>
         <unused_space>0x8c</unused_space>
         <attributes>RWIX</attributes>
         <usage_details>
         </usage_details>
      </memory_area>
      <memory_area display="yes" color="green">
         <name>IQTABLES3</name>
         <page_id>0x0</page_id>
         <origin>0x3fe80c</origin>
         <length>0xaa</length>
         <used_space>0x0</used_space>
         <unused_space>0xaa</unused_space>
         <attributes>RWIX</attributes>
         <usage_details>
         </usage_details>
      </memory_area>
      <memory_area display="yes" color="green">
         <name>BOOTROM</name>
         <page_id>0x0</page_id>
         <origin>0x3ff3b0</origin>
         <length>0xc10</length>
         <used_space>0x0</used_space>
         <unused_space>0xc10</unused_space>
         <attributes>RWIX</attributes>
         <usage_details>
         </usage_details>
      </memory_area>
      <memory_area display="no" color="green">
         <name>RESET</name>
         <page_id>0x0</page_id>
         <origin>0x3fffc0</origin>
         <length>0x2</length>
         <used_space>0x0</used_space>
         <unused_space>0x2</unused_space>
         <attributes>RWIX</attributes>
         <usage_details>
         </usage_details>
      </memory_area>
      <memory_area display="no" color="green">
         <name>BOOT_RSVD</name>
         <page_id>0x1</page_id>
         <origin>0x2</origin>
         <length>0x4e</length>
         <used_space>0x0</used_space>
         <unused_space>0x4e</unused_space>
         <attributes>RWIX</attributes>
         <usage_details>
         </usage_details>
      </memory_area>
      <memory_area display="yes" color="green">
         <name>RAMM1</name>
         <page_id>0x1</page_id>
         <origin>0x400</origin>
         <length>0x400</length>
         <used_space>0x3b0</used_space>
         <unused_space>0x50</unused_space>
         <attributes>RWIX</attributes>
         <usage_details>
            <allocated_space>
               <start_address>0x400</start_address>
               <size>0x3b0</size>
               <logical_group_ref idref="lg-9"/>
            </allocated_space>
            <available_space>
               <start_address>0x7b0</start_address>
               <size>0x50</size>
            </available_space>
         </usage_details>
      </memory_area>
      <memory_area display="yes" color="green">
         <name>USB_RAM</name>
         <page_id>0x1</page_id>
         <origin>0x40000</origin>
         <length>0x800</length>
         <used_space>0x0</used_space>
         <unused_space>0x800</unused_space>
         <attributes>RWIX</attributes>
         <usage_details>
         </usage_details>
      </memory_area>
   </placement_map>
   <symbol_table>
      <symbol id="sm-0">
         <name>_RamfuncsLoadStart</name>
         <value>0x103</value>
      </symbol>
      <symbol id="sm-1">
         <name>_RamfuncsLoadEnd</name>
         <value>0x139</value>
      </symbol>
      <symbol id="sm-2">
         <name>_RamfuncsRunStart</name>
         <value>0x103</value>
      </symbol>
      <symbol id="sm-3">
         <name>_RamfuncsLoadSize</name>
         <value>0x36</value>
      </symbol>
      <symbol id="sm-4">
         <name>cinit</name>
         <value>0x50</value>
      </symbol>
      <symbol id="sm-5">
         <name>___cinit__</name>
         <value>0x50</value>
      </symbol>
      <symbol id="sm-6">
         <name>pinit</name>
         <value>0xffffffff</value>
      </symbol>
      <symbol id="sm-7">
         <name>___pinit__</name>
         <value>0xffffffff</value>
      </symbol>
      <symbol id="sm-8">
         <name>binit</name>
         <value>0xffffffff</value>
      </symbol>
      <symbol id="sm-9">
         <name>___binit__</name>
         <value>0xffffffff</value>
      </symbol>
      <symbol id="sm-a">
         <name>__STACK_SIZE</name>
         <value>0x3b0</value>
      </symbol>
      <symbol id="sm-b">
         <name>__STACK_END</name>
         <value>0x7b0</value>
      </symbol>
      <symbol id="sm-c">
         <name>___c_args__</name>
         <value>0xffffffff</value>
      </symbol>
      <symbol id="sm-d">
         <name>.text</name>
         <value>0x8000</value>
      </symbol>
      <symbol id="sm-e">
         <name>___text__</name>
         <value>0x8000</value>
      </symbol>
      <symbol id="sm-f">
         <name>etext</name>
         <value>0x9d76</value>
      </symbol>
      <symbol id="sm-10">
         <name>___etext__</name>
         <value>0x9d76</value>
      </symbol>
      <symbol id="sm-45">
         <name>code_start</name>
         <value>0x0</value>
         <object_component_ref idref="oc-15"/>
      </symbol>
      <symbol id="sm-56">
         <name>_ADC_reset</name>
         <value>0x9547</value>
         <object_component_ref idref="oc-8d"/>
      </symbol>
      <symbol id="sm-57">
         <name>_ADC_setTempSensorSrc</name>
         <value>0x9459</value>
         <object_component_ref idref="oc-8d"/>
      </symbol>
      <symbol id="sm-58">
         <name>_ADC_setVoltRefSrc</name>
         <value>0x9447</value>
         <object_component_ref idref="oc-8d"/>
      </symbol>
      <symbol id="sm-59">
         <name>_ADC_disableVoltRefLoConv</name>
         <value>0x95c5</value>
         <object_component_ref idref="oc-8d"/>
      </symbol>
      <symbol id="sm-5a">
         <name>_ADC_setSocFrcWord</name>
         <value>0x9491</value>
         <object_component_ref idref="oc-8d"/>
      </symbol>
      <symbol id="sm-5b">
         <name>_ADC_enableBandGap</name>
         <value>0x95af</value>
         <object_component_ref idref="oc-8d"/>
      </symbol>
      <symbol id="sm-5c">
         <name>_ADC_setSampleOverlapMode</name>
         <value>0x94b5</value>
         <object_component_ref idref="oc-8d"/>
      </symbol>
      <symbol id="sm-5d">
         <name>_ADC_disableNoOverlapMode</name>
         <value>0x95db</value>
         <object_component_ref idref="oc-8d"/>
      </symbol>
      <symbol id="sm-5e">
         <name>_ADC_setupSocTrigSrc</name>
         <value>0x941c</value>
         <object_component_ref idref="oc-8d"/>
      </symbol>
      <symbol id="sm-5f">
         <name>_ADC_setSocSampleDelay</name>
         <value>0x947e</value>
         <object_component_ref idref="oc-8d"/>
      </symbol>
      <symbol id="sm-60">
         <name>_ADC_enableRefBuffers</name>
         <value>0x9582</value>
         <object_component_ref idref="oc-8d"/>
      </symbol>
      <symbol id="sm-61">
         <name>_ADC_setIntMode</name>
         <value>0x9518</value>
         <object_component_ref idref="oc-8d"/>
      </symbol>
      <symbol id="sm-62">
         <name>_ADC_setSocChanNumber</name>
         <value>0x94a2</value>
         <object_component_ref idref="oc-8d"/>
      </symbol>
      <symbol id="sm-63">
         <name>_ADC_powerDown</name>
         <value>0x955d</value>
         <object_component_ref idref="oc-8d"/>
      </symbol>
      <symbol id="sm-64">
         <name>_ADC_setSocTrigSrc</name>
         <value>0x946b</value>
         <object_component_ref idref="oc-8d"/>
      </symbol>
      <symbol id="sm-65">
         <name>_ADC_disableRefBuffers</name>
         <value>0x95d0</value>
         <object_component_ref idref="oc-8d"/>
      </symbol>
      <symbol id="sm-66">
         <name>_ADC_powerUp</name>
         <value>0x9552</value>
         <object_component_ref idref="oc-8d"/>
      </symbol>
      <symbol id="sm-67">
         <name>_ADC_setIntPulseGenMode</name>
         <value>0x9506</value>
         <object_component_ref idref="oc-8d"/>
      </symbol>
      <symbol id="sm-68">
         <name>_ADC_setSocFrc</name>
         <value>0x9498</value>
         <object_component_ref idref="oc-8d"/>
      </symbol>
      <symbol id="sm-69">
         <name>_ADC_setSampleMode</name>
         <value>0x94ca</value>
         <object_component_ref idref="oc-8d"/>
      </symbol>
      <symbol id="sm-6a">
         <name>_ADC_setIntSrc</name>
         <value>0x94e9</value>
         <object_component_ref idref="oc-8d"/>
      </symbol>
      <symbol id="sm-6b">
         <name>_ADC_init</name>
         <value>0x9568</value>
         <object_component_ref idref="oc-8d"/>
      </symbol>
      <symbol id="sm-6c">
         <name>_ADC_disableInt</name>
         <value>0x95e6</value>
         <object_component_ref idref="oc-8d"/>
      </symbol>
      <symbol id="sm-6d">
         <name>_ADC_enable</name>
         <value>0x95ba</value>
         <object_component_ref idref="oc-8d"/>
      </symbol>
      <symbol id="sm-6e">
         <name>_ADC_enableInt</name>
         <value>0x9598</value>
         <object_component_ref idref="oc-8d"/>
      </symbol>
      <symbol id="sm-6f">
         <name>_ADC_disable</name>
         <value>0x960c</value>
         <object_component_ref idref="oc-8d"/>
      </symbol>
      <symbol id="sm-70">
         <name>_ADC_enableVoltRefLoConv</name>
         <value>0x9577</value>
         <object_component_ref idref="oc-8d"/>
      </symbol>
      <symbol id="sm-71">
         <name>_ADC_getDivideSelect</name>
         <value>0x956f</value>
         <object_component_ref idref="oc-8d"/>
      </symbol>
      <symbol id="sm-72">
         <name>_ADC_setOffTrim</name>
         <value>0x94e2</value>
         <object_component_ref idref="oc-8d"/>
      </symbol>
      <symbol id="sm-73">
         <name>_ADC_setDivideSelect</name>
         <value>0x9535</value>
         <object_component_ref idref="oc-8d"/>
      </symbol>
      <symbol id="sm-74">
         <name>_ADC_enableNoOverlapMode</name>
         <value>0x958d</value>
         <object_component_ref idref="oc-8d"/>
      </symbol>
      <symbol id="sm-75">
         <name>_ADC_disableBandGap</name>
         <value>0x9601</value>
         <object_component_ref idref="oc-8d"/>
      </symbol>
      <symbol id="sm-80">
         <name>_CLK_enableLinAClock</name>
         <value>0x9832</value>
         <object_component_ref idref="oc-88"/>
      </symbol>
      <symbol id="sm-81">
         <name>_CLK_enablePwmClock</name>
         <value>0x9811</value>
         <object_component_ref idref="oc-88"/>
      </symbol>
      <symbol id="sm-82">
         <name>_CLK_enableSpiaClock</name>
         <value>0x97fc</value>
         <object_component_ref idref="oc-88"/>
      </symbol>
      <symbol id="sm-83">
         <name>_CLK_enableSpibClock</name>
         <value>0x97f5</value>
         <object_component_ref idref="oc-88"/>
      </symbol>
      <symbol id="sm-84">
         <name>_CLK_enableOsc1HaltMode</name>
         <value>0x9826</value>
         <object_component_ref idref="oc-88"/>
      </symbol>
      <symbol id="sm-85">
         <name>_CLK_enableHrPwmClock</name>
         <value>0x9840</value>
         <object_component_ref idref="oc-88"/>
      </symbol>
      <symbol id="sm-86">
         <name>_CLK_enableClaClock</name>
         <value>0x9882</value>
         <object_component_ref idref="oc-88"/>
      </symbol>
      <symbol id="sm-87">
         <name>_CLK_disableCrystalOsc</name>
         <value>0x9910</value>
         <object_component_ref idref="oc-88"/>
      </symbol>
      <symbol id="sm-88">
         <name>_CLK_enableAdcClock</name>
         <value>0x9889</value>
         <object_component_ref idref="oc-88"/>
      </symbol>
[...]
         <object_component_ref idref="oc-89"/>
      </symbol>
      <symbol id="sm-270">
         <name>_PWM_setDigitalCompareBlankingPulse</name>
         <value>0x8f5a</value>
         <object_component_ref idref="oc-89"/>
      </symbol>
      <symbol id="sm-271">
         <name>_PWM_setCounterMode</name>
         <value>0x8fcf</value>
         <object_component_ref idref="oc-89"/>
      </symbol>
      <symbol id="sm-272">
         <name>_PWM_getIntCount</name>
         <value>0x9084</value>
         <object_component_ref idref="oc-89"/>
      </symbol>
      <symbol id="sm-273">
         <name>_PWM_enableChopping</name>
         <value>0x90c9</value>
         <object_component_ref idref="oc-89"/>
      </symbol>
      <symbol id="sm-274">
         <name>_PWM_disableDeadBandHalfCycle</name>
         <value>0x9110</value>
         <object_component_ref idref="oc-89"/>
      </symbol>
      <symbol id="sm-275">
         <name>_PWM_disableAutoConvert</name>
         <value>0x911e</value>
         <object_component_ref idref="oc-89"/>
      </symbol>
      <symbol id="sm-276">
         <name>_PWM_setTripZoneDCEventSelect_DCBEVT2</name>
         <value>0x8e86</value>
         <object_component_ref idref="oc-89"/>
      </symbol>
      <symbol id="sm-277">
         <name>_PWM_setTripZoneDCEventSelect_DCBEVT1</name>
         <value>0x8e92</value>
         <object_component_ref idref="oc-89"/>
      </symbol>
      <symbol id="sm-278">
         <name>_PWM_setDeadBandRisingEdgeDelay</name>
         <value>0x8fb4</value>
         <object_component_ref idref="oc-89"/>
      </symbol>
      <symbol id="sm-279">
         <name>_PWM_setDigitalCompareBEvent2</name>
         <value>0x8f66</value>
         <object_component_ref idref="oc-89"/>
      </symbol>
      <symbol id="sm-27a">
         <name>_PWM_setDigitalCompareBEvent1</name>
         <value>0x8f76</value>
         <object_component_ref idref="oc-89"/>
      </symbol>
      <symbol id="sm-27b">
         <name>_PWM_disableTripZoneSrc</name>
         <value>0x90da</value>
         <object_component_ref idref="oc-89"/>
      </symbol>
      <symbol id="sm-27c">
         <name>_PWM_setChoppingDutyCycle</name>
         <value>0x8fe0</value>
         <object_component_ref idref="oc-89"/>
      </symbol>
      <symbol id="sm-27d">
         <name>_PWM_setChoppingPulseWidth</name>
         <value>0x8fd9</value>
         <object_component_ref idref="oc-89"/>
      </symbol>
      <symbol id="sm-27e">
         <name>_PWM_setSwSync</name>
         <value>0x8eb8</value>
         <object_component_ref idref="oc-89"/>
      </symbol>
      <symbol id="sm-27f">
         <name>_PWM_setSocAPulseSrc</name>
         <value>0x8ecd</value>
         <object_component_ref idref="oc-89"/>
      </symbol>
      <symbol id="sm-280">
         <name>_PWM_setActionQualContSWForce_PwmB</name>
         <value>0x9056</value>
         <object_component_ref idref="oc-89"/>
      </symbol>
      <symbol id="sm-281">
         <name>_PWM_setDigitalCompareFilterWindow</name>
         <value>0x8f4a</value>
         <object_component_ref idref="oc-89"/>
      </symbol>
      <symbol id="sm-282">
         <name>_PWM_setActionQualContSWForce_PwmA</name>
         <value>0x905f</value>
         <object_component_ref idref="oc-89"/>
      </symbol>
      <symbol id="sm-283">
         <name>_PWM_setActionQual_CntDown_CmpA_PwmB</name>
         <value>0x9044</value>
         <object_component_ref idref="oc-89"/>
      </symbol>
      <symbol id="sm-284">
         <name>_PWM_setActionQual_CntDown_CmpA_PwmA</name>
         <value>0x904d</value>
         <object_component_ref idref="oc-89"/>
      </symbol>
      <symbol id="sm-285">
         <name>_PWM_setActionQual_CntDown_CmpB_PwmB</name>
         <value>0x9032</value>
         <object_component_ref idref="oc-89"/>
      </symbol>
      <symbol id="sm-286">
         <name>_PWM_setActionQual_CntDown_CmpB_PwmA</name>
         <value>0x903b</value>
         <object_component_ref idref="oc-89"/>
      </symbol>
      <symbol id="sm-287">
         <name>_PWM_setCount</name>
         <value>0x8fd3</value>
         <object_component_ref idref="oc-89"/>
      </symbol>
      <symbol id="sm-288">
         <name>_PWM_enableTripZoneInt</name>
         <value>0x9094</value>
         <object_component_ref idref="oc-89"/>
      </symbol>
      <symbol id="sm-289">
         <name>_PWM_setTripZoneState_DCBEVT1</name>
         <value>0x8e62</value>
         <object_component_ref idref="oc-89"/>
      </symbol>
      <symbol id="sm-28a">
         <name>_PWM_setTripZoneState_DCBEVT2</name>
         <value>0x8e56</value>
         <object_component_ref idref="oc-89"/>
      </symbol>
      <symbol id="sm-28b">
         <name>_PWM_setActionQual_Period_PwmA</name>
         <value>0x9005</value>
         <object_component_ref idref="oc-89"/>
      </symbol>
      <symbol id="sm-28c">
         <name>_PWM_setActionQual_Period_PwmB</name>
         <value>0x8ffc</value>
         <object_component_ref idref="oc-89"/>
      </symbol>
      <symbol id="sm-297">
         <name>_PWR_init</name>
         <value>0x9b9d</value>
         <object_component_ref idref="oc-92"/>
      </symbol>
      <symbol id="sm-298">
         <name>_PWR_setNumStandByClocks</name>
         <value>0x9b79</value>
         <object_component_ref idref="oc-92"/>
      </symbol>
      <symbol id="sm-299">
         <name>_PWR_disableWatchDogInt</name>
         <value>0x9bb2</value>
         <object_component_ref idref="oc-92"/>
      </symbol>
      <symbol id="sm-29a">
         <name>_PWR_enableWatchDogInt</name>
         <value>0x9ba4</value>
         <object_component_ref idref="oc-92"/>
      </symbol>
      <symbol id="sm-29b">
         <name>_PWR_disableBrownOutReset</name>
         <value>0x9bbd</value>
         <object_component_ref idref="oc-92"/>
      </symbol>
      <symbol id="sm-29c">
         <name>_PWR_enableBrownOutReset</name>
         <value>0x9baf</value>
         <object_component_ref idref="oc-92"/>
      </symbol>
      <symbol id="sm-29d">
         <name>_PWR_setLowPowerMode</name>
         <value>0x9b8b</value>
         <object_component_ref idref="oc-92"/>
      </symbol>
      <symbol id="sm-2a8">
         <name>_TIMER_setEmulationMode</name>
         <value>0x9c58</value>
         <object_component_ref idref="oc-87"/>
      </symbol>
      <symbol id="sm-2a9">
         <name>_TIMER_disableInt</name>
         <value>0x9c76</value>
         <object_component_ref idref="oc-87"/>
      </symbol>
      <symbol id="sm-2aa">
         <name>_TIMER_setPreScaler</name>
         <value>0x9c4a</value>
         <object_component_ref idref="oc-87"/>
      </symbol>
      <symbol id="sm-2ab">
         <name>_TIMER_setDecimationFactor</name>
         <value>0x9c5c</value>
         <object_component_ref idref="oc-87"/>
      </symbol>
      <symbol id="sm-2ac">
         <name>_TIMER_getStatus</name>
         <value>0x9c70</value>
         <object_component_ref idref="oc-87"/>
      </symbol>
      <symbol id="sm-2ad">
         <name>_TIMER_init</name>
         <value>0x9c6a</value>
         <object_component_ref idref="oc-87"/>
      </symbol>
      <symbol id="sm-2ae">
         <name>_TIMER_clearFlag</name>
         <value>0x9c79</value>
         <object_component_ref idref="oc-87"/>
      </symbol>
      <symbol id="sm-2af">
         <name>_TIMER_enableInt</name>
         <value>0x9c73</value>
         <object_component_ref idref="oc-87"/>
      </symbol>
      <symbol id="sm-2b7">
         <name>_usDelay</name>
         <value>0x135</value>
         <object_component_ref idref="oc-55"/>
      </symbol>
      <symbol id="sm-2cf">
         <name>_USER_computeFlux_pu_to_VpHz_sf</name>
         <value>0x8d32</value>
         <object_component_ref idref="oc-85"/>
      </symbol>
      <symbol id="sm-2d0">
         <name>_USER_calcPIgains</name>
         <value>0x8d8f</value>
         <object_component_ref idref="oc-85"/>
      </symbol>
      <symbol id="sm-2d1">
         <name>_USER_computeTorque_Ls_Id_Iq_pu_to_Nm_sf</name>
         <value>0x8c55</value>
         <object_component_ref idref="oc-85"/>
      </symbol>
      <symbol id="sm-2d2">
         <name>_USER_computeTorque_lbin</name>
         <value>0x8bb2</value>
         <object_component_ref idref="oc-85"/>
      </symbol>
      <symbol id="sm-2d3">
         <name>_USER_getErrorCode</name>
         <value>0x8baf</value>
         <object_component_ref idref="oc-85"/>
      </symbol>
      <symbol id="sm-2d4">
         <name>_USER_computeFlux</name>
         <value>0x8d7d</value>
         <object_component_ref idref="oc-85"/>
      </symbol>
      <symbol id="sm-2d5">
         <name>_USER_checkForErrors</name>
         <value>0x8d8b</value>
         <object_component_ref idref="oc-85"/>
      </symbol>
      <symbol id="sm-2d6">
         <name>_USER_computeFlux_pu_to_Wb_sf</name>
         <value>0x8ce7</value>
         <object_component_ref idref="oc-85"/>
      </symbol>
      <symbol id="sm-2d7">
         <name>_USER_computeTorque_Flux_Iq_pu_to_Nm_sf</name>
         <value>0x8c9c</value>
         <object_component_ref idref="oc-85"/>
      </symbol>
      <symbol id="sm-2d8">
         <name>_USER_softwareUpdate1p6</name>
         <value>0x89ea</value>
         <object_component_ref idref="oc-85"/>
      </symbol>
      <symbol id="sm-2d9">
         <name>_USER_setErrorCode</name>
         <value>0x8bac</value>
         <object_component_ref idref="oc-85"/>
      </symbol>
      <symbol id="sm-2da">
         <name>_USER_setParams</name>
         <value>0x8a78</value>
         <object_component_ref idref="oc-85"/>
      </symbol>
      <symbol id="sm-2db">
         <name>_USER_computeTorque_Nm</name>
         <value>0x8c09</value>
         <object_component_ref idref="oc-85"/>
      </symbol>
      <symbol id="sm-2e6">
         <name>_WDOG_disableInt</name>
         <value>0x9bf0</value>
         <object_component_ref idref="oc-90"/>
      </symbol>
      <symbol id="sm-2e7">
         <name>_WDOG_setPreScaler</name>
         <value>0x9bc0</value>
         <object_component_ref idref="oc-90"/>
      </symbol>
      <symbol id="sm-2e8">
         <name>_WDOG_enableInt</name>
         <value>0x9bdb</value>
         <object_component_ref idref="oc-90"/>
      </symbol>
      <symbol id="sm-2e9">
         <name>_WDOG_enable</name>
         <value>0x9be1</value>
         <object_component_ref idref="oc-90"/>
      </symbol>
      <symbol id="sm-2ea">
         <name>_WDOG_setCount</name>
         <value>0x9bca</value>
         <object_component_ref idref="oc-90"/>
      </symbol>
      <symbol id="sm-2eb">
         <name>_WDOG_init</name>
         <value>0x9bcc</value>
         <object_component_ref idref="oc-90"/>
      </symbol>
      <symbol id="sm-2ec">
         <name>_WDOG_getIntStatus</name>
         <value>0x9bd2</value>
         <object_component_ref idref="oc-90"/>
      </symbol>
      <symbol id="sm-2ed">
         <name>_WDOG_disable</name>
         <value>0x9bf6</value>
         <object_component_ref idref="oc-90"/>
      </symbol>
      <symbol id="sm-2ee">
         <name>_WDOG_enableOverRide</name>
         <value>0x9bd5</value>
         <object_component_ref idref="oc-90"/>
      </symbol>
      <symbol id="sm-2ef">
         <name>_WDOG_disableOverRide</name>
         <value>0x9bea</value>
         <object_component_ref idref="oc-90"/>
      </symbol>
      <symbol id="sm-2f0">
         <name>_WDOG_clearCounter</name>
         <value>0x9bfe</value>
         <object_component_ref idref="oc-90"/>
      </symbol>
      <symbol id="sm-2f2">
         <name>FD$$MPY</name>
         <value>0x3f81d6</value>
      </symbol>
      <symbol id="sm-2f4">
         <name>FD$$TOL</name>
         <value>0x3f853d</value>
      </symbol>
      <symbol id="sm-2f6">
         <name>FS$$ADD</name>
         <value>0x3f8364</value>
      </symbol>
      <symbol id="sm-2f8">
         <name>FS$$CMP</name>
         <value>0x3f85c9</value>
      </symbol>
      <symbol id="sm-2fa">
         <name>FS$$DIV</name>
         <value>0x3f8259</value>
      </symbol>
      <symbol id="sm-2fc">
         <name>FS$$MPY</name>
         <value>0x3f83d7</value>
      </symbol>
      <symbol id="sm-2fe">
         <name>FS$$NEG</name>
         <value>0x3f8616</value>
      </symbol>
      <symbol id="sm-300">
         <name>FS$$TOFD</name>
         <value>0x3f8579</value>
      </symbol>
      <symbol id="sm-302">
         <name>FS$$TOI</name>
         <value>0x3f84f6</value>
      </symbol>
      <symbol id="sm-30f">
         <name>FS$$TOU</name>
         <value>0x9d11</value>
         <object_component_ref idref="oc-62"/>
      </symbol>
      <symbol id="sm-31c">
         <name>FS$$TOUL</name>
         <value>0x9cd0</value>
         <object_component_ref idref="oc-66"/>
      </symbol>
      <symbol id="sm-31e">
         <name>I$$TOFS</name>
         <value>0x3f8595</value>
      </symbol>
      <symbol id="sm-320">
         <name>U$$TOFS</name>
         <value>0x3f8606</value>
      </symbol>
      <symbol id="sm-322">
         <name>UL$$TOFS</name>
         <value>0x3f85f3</value>
      </symbol>
      <symbol id="sm-324">
         <name>_CTRL_getVersion</name>
         <value>0x3fa721</value>
      </symbol>
      <symbol id="sm-326">
         <name>_CTRL_initCtrl</name>
         <value>0x3fa6fb</value>
      </symbol>
      <symbol id="sm-328">
         <name>_CTRL_run</name>
         <value>0x3faab6</value>
      </symbol>
      <symbol id="sm-32a">
         <name>_CTRL_setGains</name>
         <value>0x3fa83e</value>
      </symbol>
      <symbol id="sm-32c">
         <name>_CTRL_setParams</name>
         <value>0x3fa866</value>
      </symbol>
      <symbol id="sm-32e">
         <name>_CTRL_setSpd_ref_krpm</name>
         <value>0x3fa82b</value>
      </symbol>
      <symbol id="sm-330">
         <name>_CTRL_setup</name>
         <value>0x3fa80c</value>
      </symbol>
      <symbol id="sm-332">
         <name>_CTRL_updateState</name>
         <value>0x3fa72b</value>
      </symbol>
      <symbol id="sm-334">
         <name>_EST_computeDirection_qFmt</name>
         <value>0x3f86ad</value>
      </symbol>
      <symbol id="sm-336">
         <name>_EST_getFlux_VpHz</name>
         <value>0x3f96be</value>
      </symbol>
      <symbol id="sm-338">
         <name>_EST_getFlux_pu</name>
         <value>0x3f96ab</value>
      </symbol>
      <symbol id="sm-33a">
         <name>_EST_getIdRated</name>
         <value>0x3f9632</value>
      </symbol>
      <symbol id="sm-33c">
         <name>_EST_getLs_coarse_max_pu</name>
         <value>0x3f95ff</value>
      </symbol>
      <symbol id="sm-33e">
         <name>_EST_getLs_d_H</name>
         <value>0x3f95f5</value>
      </symbol>
      <symbol id="sm-340">
         <name>_EST_getLs_d_pu</name>
         <value>0x3f95f0</value>
      </symbol>
      <symbol id="sm-342">
         <name>_EST_getLs_q_H</name>
         <value>0x3f95ce</value>
      </symbol>
      <symbol id="sm-344">
         <name>_EST_getLs_q_pu</name>
         <value>0x3f95c9</value>
      </symbol>
      <symbol id="sm-346">
         <name>_EST_getMaxCurrentSlope_pu</name>
         <value>0x3f95bd</value>
      </symbol>
      <symbol id="sm-348">
         <name>_EST_getRr_Ohm</name>
         <value>0x3f95ad</value>
      </symbol>
      <symbol id="sm-34a">
         <name>_EST_getRs_Ohm</name>
         <value>0x3f9513</value>
      </symbol>
      <symbol id="sm-34c">
         <name>_EST_getSpeed_krpm</name>
         <value>0x3f94c6</value>
      </symbol>
      <symbol id="sm-34e">
         <name>_EST_getState</name>
         <value>0x3f861b</value>
      </symbol>
      <symbol id="sm-350">
         <name>_EST_get_pu_to_krpm_sf</name>
         <value>0x3f9453</value>
      </symbol>
      <symbol id="sm-352">
         <name>_EST_isMotorIdentified</name>
         <value>0x3f8679</value>
      </symbol>
      <symbol id="sm-354">
         <name>_EST_setDir_qFmt</name>
         <value>0x3f8bf5</value>
      </symbol>
      <symbol id="sm-356">
         <name>_EST_setFe_neg_max_pu</name>
         <value>0x3f8be8</value>
      </symbol>
      <symbol id="sm-358">
         <name>_EST_setFe_pos_min_pu</name>
         <value>0x3f8be4</value>
      </symbol>
      <symbol id="sm-35a">
         <name>_EST_setFlag_enableForceAngle</name>
         <value>0x3f8bdb</value>
      </symbol>
      <symbol id="sm-35c">
         <name>_EST_setLs_d_pu</name>
         <value>0x3f8b45</value>
      </symbol>
      <symbol id="sm-35e">
         <name>_EST_setLs_qFmt</name>
         <value>0x3f8af1</value>
      </symbol>
      <symbol id="sm-360">
         <name>_EST_setLs_q_pu</name>
         <value>0x3f8ae7</value>
      </symbol>
      <symbol id="sm-362">
         <name>_EST_setMaxCurrentSlope_pu</name>
         <value>0x3f8adb</value>
      </symbol>
      <symbol id="sm-364">
         <name>_OFFSET_init</name>
         <value>0x3fb4dc</value>
      </symbol>
      <symbol id="sm-366">
         <name>_OFFSET_setBeta</name>
         <value>0x3fb4c6</value>
      </symbol>
      <symbol id="sm-368">
         <name>_OFFSET_setInitCond</name>
         <value>0x3fb4bd</value>
      </symbol>
      <symbol id="sm-36a">
         <name>_OFFSET_setOffset</name>
         <value>0x3fb4bb</value>
      </symbol>
      <symbol id="sm-374">
         <name>__IQ30toF</name>
         <value>0x9fb0</value>
         <object_component_ref idref="oc-6a"/>
      </symbol>
      <symbol id="sm-388">
         <name>_c_int00</name>
         <value>0x9c06</value>
         <object_component_ref idref="oc-13"/>
      </symbol>
      <symbol id="sm-389">
         <name>__stack</name>
         <value>0x400</value>
         <object_component_ref idref="oc-6b"/>
      </symbol>
      <symbol id="sm-395">
         <name>__args_main</name>
         <value>0x9d2e</value>
         <object_component_ref idref="oc-80"/>
      </symbol>
      <symbol id="sm-396">
         <name>__TI_args_main</name>
         <value>0x1</value>
      </symbol>
      <symbol id="sm-3a7">
         <name>C$$EXIT</name>
         <value>0x9d47</value>
         <object_component_ref idref="oc-81"/>
      </symbol>
      <symbol id="sm-3a8">
         <name>_exit</name>
         <value>0x9d49</value>
         <object_component_ref idref="oc-81"/>
      </symbol>
      <symbol id="sm-3a9">
         <name>___TI_cleanup_ptr</name>
         <value>0x9d7a</value>
         <object_component_ref idref="oc-76"/>
      </symbol>
      <symbol id="sm-3aa">
         <name>_abort</name>
         <value>0x9d47</value>
         <object_component_ref idref="oc-81"/>
      </symbol>
      <symbol id="sm-3ab">
         <name>___TI_dtors_ptr</name>
         <value>0x9d7c</value>
         <object_component_ref idref="oc-76"/>
      </symbol>
      <symbol id="sm-3b9">
         <name>__unlock</name>
         <value>0x9d76</value>
         <object_component_ref idref="oc-7c"/>
      </symbol>
      <symbol id="sm-3ba">
         <name>__lock</name>
         <value>0x9d78</value>
         <object_component_ref idref="oc-7c"/>
      </symbol>
      <symbol id="sm-3bb">
         <name>__register_lock</name>
         <value>0x9d64</value>
         <object_component_ref idref="oc-82"/>
      </symbol>
      <symbol id="sm-3bc">
         <name>__nop</name>
         <value>0x9d68</value>
         <object_component_ref idref="oc-82"/>
      </symbol>
      <symbol id="sm-3bd">
         <name>__register_unlock</name>
         <value>0x9d60</value>
         <object_component_ref idref="oc-82"/>
      </symbol>
      <symbol id="sm-3bf">
         <name>_log</name>
         <value>0x3f8000</value>
      </symbol>
      <symbol id="sm-3c1">
         <name>_modf</name>
         <value>0x3f8472</value>
      </symbol>
      <symbol id="sm-3c3">
         <name>_pow</name>
         <value>0x3f82dc</value>
      </symbol>
   </symbol_table>
   <title>Link successful</title>
</link_info>
