******************************************************************************
             TMS320C2000 Linker PC v6.2.5                      
******************************************************************************
>> Linked Tue Nov 21 09:45:01 2017

OUTPUT FILE NAME:   <proj_lab13c.out>
ENTRY POINT SYMBOL: "_c_int00"  address: 003f59f0


MEMORY CONFIGURATION

         name            origin    length      used     unused   attr    fill
----------------------  --------  ---------  --------  --------  ----  --------
PAGE 0:
  RAML0_1               00008000   00000c00  000007a9  00000457  RWIX
  OTP                   003d7800   00000400  00000000  00000400  RWIX
  FLASHH                003d8000   00004000  00000000  00004000  RWIX
  FLASHG                003dc000   00004000  00000000  00004000  RWIX
  FLASHF                003e0000   00004000  00000000  00004000  RWIX
  FLASHE                003e4000   00004000  00000000  00004000  RWIX
  FLASHD                003e8000   00004000  000007a9  00003857  RWIX
  FLASHC                003ec000   00004000  00000000  00004000  RWIX
  FLASHA_B              003f0000   00007f80  0000614d  00001e33  RWIX
  CSM_RSVD              003f7f80   00000076  00000000  00000076  RWIX
  BEGIN                 003f7ff6   00000002  00000002  00000000  RWIX
  CSM_PWL_P0            003f7ff8   00000008  00000000  00000008  RWIX
  FPUTABLES             003fd590   000006a0  00000000  000006a0  RWIX
  IQTABLES              003fdc30   00000b50  00000000  00000b50  RWIX
  IQTABLES2             003fe780   0000008c  00000000  0000008c  RWIX
  IQTABLES3             003fe80c   000000aa  00000000  000000aa  RWIX
  ROM                   003ff3b0   00000c10  00000000  00000c10  RWIX
  RESET                 003fffc0   00000002  00000000  00000002  RWIX
  VECTORS               003fffc2   0000003e  00000000  0000003e  RWIX

PAGE 1:
  BOOT_RSVD             00000000   00000050  00000000  00000050  RWIX
  RAMM0                 00000050   000003b0  000003b0  00000000  RWIX
  RAMM1                 00000400   00000400  00000000  00000400  RWIX
  RAML2_3               00008c00   00001400  0000068b  00000d75  RWIX
  RAML4                 0000a000   00002000  00000000  00002000  RWIX
  RAML5                 0000c000   00002000  00000000  00002000  RWIX
  RAML6                 0000e000   00002000  00000000  00002000  RWIX
  RAML7                 00010000   00002000  00000000  00002000  RWIX
  RAML8                 00012000   00001800  00000000  00001800  RWIX
  USB_RAM               00040000   00000800  00000000  00000800  RWIX


SECTION ALLOCATION MAP

 output                                  attributes/
section   page    origin      length       input sections
--------  ----  ----------  ----------   ----------------
.pinit     0    003f0000    00000000     UNINITIALIZED

ramfuncs   0    003e8000    000007a9     RUN ADDR = 00008000
                  003e8000    0000058d     ctrl.obj (ramfuncs)
                  003e858d    000001c8     proj_bm1000.obj (ramfuncs:retain)
                  003e8755    00000032     flash.obj (ramfuncs)
                  003e8787    0000001e     hal.obj (ramfuncs)
                  003e87a5    00000004     usDelay.obj (ramfuncs)

.text      0    003f0000    00005ca1     
                  003f0000    00000e8f     SpinTAC.lib : spintac_pos_move.obj (.text:_STPOSMOVE_run)
                  003f0e8f    00000bbe     hal.obj (.text)
                  003f1a4d    00000b3a     user.obj (.text)
                  003f2587    000009ac     process_ctrl.obj (.text)
                  003f2f33    00000859     fsm.obj (.text)
                  003f378c    00000423     ctrl.obj (.text)
                  003f3baf    0000039d     SpinTAC.lib : spintac_pos_ctl.obj (.text:_STPOSCTL_run)
                  003f3f4c    00000398     mb.obj (.text)
                  003f42e4    000002f1     pwm.obj (.text)
                  003f45d5    000002c2     proj_bm1000.obj (.text)
                  003f4897    00000273     SpinTAC.lib : spintac_pos_move.obj (.text:_s31_calc)
                  003f4b0a    000001fb     adc.obj (.text)
                  003f4d05    000001f4     motor.obj (.text)
                  003f4ef9    000001f2     SpinTAC.lib : spintac_pos_conv.obj (.text:_STPOSCONV_run)
                  003f50eb    00000194     gpio.obj (.text)
                  003f527f    0000018c     enc.obj (.text)
                  003f540b    0000018a     clk.obj (.text)
                  003f5595    0000010e     pie.obj (.text)
                  003f56a3    000000ef     sci.obj (.text)
                  003f5792    00000075     proj_bm1000.obj (.text:retain)
                  003f5807    0000006a     SpinTAC.lib : spintac_pos_plan.obj (.text:_STPOSPLAN_init)
                  003f5871    0000005b     pll.obj (.text)
                  003f58cc    00000052     SpinTAC.lib : spintac_pos_move.obj (.text:_STPOSMOVE_init)
                  003f591e    00000047     pwr.obj (.text)
                  003f5965    00000046     wdog.obj (.text)
                  003f59ab    00000045     offset.obj (.text)
                  003f59f0    00000044     rts2800_ml.lib : boot.obj (.text)
                  003f5a34    00000043     SpinTAC.lib : spintac_pos_ctl.obj (.text:_STPOSCTL_init)
                  003f5a77    0000003c                 : spintac_pos_roadd.obj (.text:_ST_addPosRollOver)
                  003f5ab3    00000035                 : spintac_pos_conv.obj (.text:_STPOSCONV_init)
                  003f5ae8    00000032     timer.obj (.text)
                  003f5b1a    00000031     SpinTAC.lib : spintac_version.obj (.text:_ST_initVersion)
                  003f5b4b    0000002d     osc.obj (.text)
                  003f5b78    00000027     cpu.obj (.text)
                  003f5b9f    00000021     filter_fo.obj (.text)
                  003f5bc0    00000021     rts2800_ml.lib : fs_toul.obj (.text)
                  003f5be1    00000020     flash.obj (.text)
                  003f5c01    0000001d     rts2800_ml.lib : fs_tou.obj (.text)
                  003f5c1e    00000019                    : args_main.obj (.text)
                  003f5c37    00000019                    : exit.obj (.text)
                  003f5c50    00000019     slip.obj (.text)
                  003f5c69    00000010     memCopy.obj (.text)
                  003f5c79    00000009     rts2800_ml.lib : _lock.obj (.text)
                  003f5c82    00000008     CodeStartBranch.obj (.text)
                  003f5c8a    00000006     brake.obj (.text)
                  003f5c90    00000006     flyingStart.obj (.text)
                  003f5c96    00000006     qep.obj (.text)
                  003f5c9c    00000005     pie.obj (.text:retain)

.econst    0    003f5ca2    000003f0     
                  003f5ca2    00000100     mb.obj (.econst:.string:_aucCRCHi)
                  003f5da2    00000100     mb.obj (.econst:.string:_aucCRCLo)
                  003f5ea2    0000009a     user.obj (.econst:_MOTOR_DATA)
                  003f5f3c    0000005a     fsm.obj (.econst:_JM_FSM_Vars)
                  003f5f96    00000038     user.obj (.econst:_BOARD_Params)
                  003f5fce    00000030     fsm.obj (.econst:_JM_FSM_MotorFunc)
                  003f5ffe    0000001c     ctrl.obj (.econst)
                  003f601a    00000016     fsm.obj (.econst:_FSM_ActionFunc)
                  003f6030    00000016     fsm.obj (.econst:_FSM_CondFunc)
                  003f6046    00000010     fsm.obj (.econst:_FSM_MaxTorque)
                  003f6056    0000000c     process_ctrl.obj (.econst:_DE5_Board_Bias)
                  003f6062    0000000b     fsm.obj (.econst:_FSM_EventTab)
                  003f606d    00000001     --HOLE-- [fill = 0]
                  003f606e    00000008     process_ctrl.obj (.econst)
                  003f6076    00000008     user.obj (.econst)
                  003f607e    00000004     fsm.obj (.econst)
                  003f6082    00000004     hal.obj (.econst)
                  003f6086    00000004     mb.obj (.econst)
                  003f608a    00000004     motor.obj (.econst)
                  003f608e    00000004     proj_bm1000.obj (.econst)

.cinit     0    003f6092    00000052     
                  003f6092    0000002c     process_ctrl.obj (.cinit)
                  003f60be    0000000c     proj_bm1000.obj (.cinit)
                  003f60ca    0000000a     rts2800_ml.lib : _lock.obj (.cinit)
                  003f60d4    0000000a                    : exit.obj (.cinit)
                  003f60de    00000004     fsm.obj (.cinit)
                  003f60e2    00000002     --HOLE-- [fill = 0]

.switch    0    003f60e4    00000042     
                  003f60e4    00000042     mb.obj (.switch:_MB_FuncReadHoldingRegister)

IQmath     0    003f6126    00000028     
                  003f6126    0000000b     IQmath.lib : IQ24frac.obj (IQmath)
                  003f6131    0000000b                : IQ7frac.obj (IQmath)
                  003f613c    00000009                : IQ24int.obj (IQmath)
                  003f6145    00000009                : IQ7int.obj (IQmath)

codestart 
*          0    003f7ff6    00000002     
                  003f7ff6    00000002     CodeStartBranch.obj (codestart)

.reset     0    003fffc0    00000002     DSECT
                  003fffc0    00000002     rts2800_ml.lib : boot.obj (.reset)

vectors    0    003fffc2    00000000     DSECT

.stack     1    00000050    000003b0     UNINITIALIZED
                  00000050    000003b0     --HOLE--

.ebss      1    00008c00    0000068b     UNINITIALIZED
                  00008c00    0000052c     proj_bm1000.obj (.ebss)
                  0000912c    00000012     process_ctrl.obj (.ebss)
                  0000913e    00000001     cpu.obj (.ebss)
                  0000913f    00000001     --HOLE--
                  00009140    000000aa     hal.obj (.ebss)
                  000091ea    00000004     rts2800_ml.lib : _lock.obj (.ebss)
                  000091ee    00000004                    : exit.obj (.ebss)
                  000091f2    0000000e     --HOLE--
                  00009200    0000008b     fsm.obj (.ebss)


GLOBAL DATA SYMBOLS: SORTED BY DATA PAGE

address     data page           name
--------    ----------------    ----
00000050       1 (00000040)     __stack

00008c00     230 (00008c00)     _gLEDcnt
00008c04     230 (00008c00)     _ctrlHandle
00008c06     230 (00008c00)     _controller_obj
00008c08     230 (00008c00)     _halHandle
00008c0a     230 (00008c00)     _proctrlHandle

00008c40     231 (00008c40)     _gUserParams

00008d00     234 (00008d00)     _MyProcessCtrl

0000913e     244 (00009100)     _cpu

00009140     245 (00009140)     _hal

000091ea     247 (000091c0)     __unlock
000091ec     247 (000091c0)     __lock
000091ee     247 (000091c0)     ___TI_cleanup_ptr
000091f0     247 (000091c0)     ___TI_dtors_ptr

00009240     249 (00009240)     _FSM_State_Box

003f5ca2    fd72 (003f5c80)     _aucCRCHi

003f5da2    fd76 (003f5d80)     _aucCRCLo

003f5ea2    fd7a (003f5e80)     _MOTOR_DATA

003f5f3c    fd7c (003f5f00)     _JM_FSM_Vars

003f5f96    fd7e (003f5f80)     _BOARD_Params

003f5fce    fd7f (003f5fc0)     _JM_FSM_MotorFunc

003f601a    fd80 (003f6000)     _FSM_ActionFunc
003f6030    fd80 (003f6000)     _FSM_CondFunc

003f6046    fd81 (003f6040)     _FSM_MaxTorque
003f6056    fd81 (003f6040)     _DE5_Board_Bias
003f6062    fd81 (003f6040)     _FSM_EventTab

003f6126    fd84 (003f6100)     __IQ24frac
003f6131    fd84 (003f6100)     __IQ7frac
003f613c    fd84 (003f6100)     __IQ24int

003f6145    fd85 (003f6140)     __IQ7int


GLOBAL SYMBOLS: SORTED ALPHABETICALLY BY Name 

address    name
--------   ----
003f0000   .text
003f5c37   C$$EXIT
003f81d6   FD$$MPY
003f853d   FD$$TOL
003f8364   FS$$ADD
003f85c9   FS$$CMP
003f8259   FS$$DIV
003f83d7   FS$$MPY
003f8616   FS$$NEG
003f835f   FS$$SUB
003f8579   FS$$TOFD
003f84f6   FS$$TOI
003f84cd   FS$$TOL
003f5c01   FS$$TOU
003f5bc0   FS$$TOUL
003f8595   I$$TOFS
003f84a3   L$$DIV
003f84b2   L$$MOD
003f85af   L$$TOFS
003f8606   U$$TOFS
003f85f3   UL$$TOFS
003f4cfa   _ADC_disable
003f4cef   _ADC_disableBandGap
003f4cd4   _ADC_disableInt
003f4cc9   _ADC_disableNoOverlapMode
003f4cbe   _ADC_disableRefBuffers
003f4cb3   _ADC_disableVoltRefLoConv
003f4ca8   _ADC_enable
003f4c9d   _ADC_enableBandGap
003f4c86   _ADC_enableInt
003f4c7b   _ADC_enableNoOverlapMode
003f4c70   _ADC_enableRefBuffers
003f4c65   _ADC_enableVoltRefLoConv
003f4c5d   _ADC_getDivideSelect
003f4c56   _ADC_init
003f4c4b   _ADC_powerDown
003f4c40   _ADC_powerUp
003f4c35   _ADC_reset
003f4c23   _ADC_setDivideSelect
003f4c06   _ADC_setIntMode
003f4bf4   _ADC_setIntPulseGenMode
003f4bd7   _ADC_setIntSrc
003f4bd0   _ADC_setOffTrim
003f4bb8   _ADC_setSampleMode
003f4ba3   _ADC_setSampleOverlapMode
003f4b90   _ADC_setSocChanNumber
003f4b86   _ADC_setSocFrc
003f4b7f   _ADC_setSocFrcWord
003f4b6c   _ADC_setSocSampleDelay
003f4b59   _ADC_setSocTrigSrc
003f4b47   _ADC_setTempSensorSrc
003f4b35   _ADC_setVoltRefSrc
003f4b0a   _ADC_setupSocTrigSrc
003f5f96   _BOARD_Params
003f5c8a   _Brake_init
003f558e   _CLK_disableAdcClock
003f5587   _CLK_disableClaClock
003f5581   _CLK_disableClkIn
003f557d   _CLK_disableCompClock
003f5576   _CLK_disableCpuTimerClock
003f5570   _CLK_disableCrystalOsc
003f5569   _CLK_disableEcanaClock
003f5562   _CLK_disableEcap1Clock
003f555b   _CLK_disableEqep1Clock
003f5554   _CLK_disableEqep2Clock
003f554d   _CLK_disableGpioInputClock
003f5546   _CLK_disableHrPwmClock
003f553f   _CLK_disableI2cClock
003f5538   _CLK_disableLinAClock
003f5532   _CLK_disableOsc1
003f552c   _CLK_disableOsc1HaltMode
003f5526   _CLK_disableOsc2
003f5520   _CLK_disableOsc2HaltMode
003f5516   _CLK_disablePwmClock
003f550f   _CLK_disableSciaClock
003f5508   _CLK_disableScibClock
003f5501   _CLK_disableSpiaClock
003f54fd   _CLK_disableSpibClock
003f54f6   _CLK_disableTbClockSync
003f54f0   _CLK_disableWatchDogHaltMode
003f54e9   _CLK_enableAdcClock
003f54e2   _CLK_enableClaClock
003f54dc   _CLK_enableClkIn
003f54d6   _CLK_enableCompClock
003f54d0   _CLK_enableCpuTimerClock
003f54ca   _CLK_enableCrystalOsc
003f54c3   _CLK_enableEcanaClock
003f54bc   _CLK_enableEcap1Clock
003f54b5   _CLK_enableEqep1Clock
003f54ae   _CLK_enableEqep2Clock
003f54a7   _CLK_enableGpioInputClock
003f54a0   _CLK_enableHrPwmClock
003f5499   _CLK_enableI2cClock
003f5492   _CLK_enableLinAClock
003f548c   _CLK_enableOsc1
003f5486   _CLK_enableOsc1HaltMode
003f5480   _CLK_enableOsc2
003f547a   _CLK_enableOsc2HaltMode
003f5471   _CLK_enablePwmClock
003f546a   _CLK_enableSciaClock
003f5463   _CLK_enableScibClock
003f545c   _CLK_enableSpiaClock
003f5455   _CLK_enableSpibClock
003f544e   _CLK_enableTbClockSync
003f5448   _CLK_enableWatchDogHaltMode
003f5442   _CLK_init
003f543b   _CLK_setClkOutPreScaler
003f5435   _CLK_setLowSpdPreScaler
003f542e   _CLK_setOsc2Src
003f5427   _CLK_setOscSrc
003f5420   _CLK_setTimer2PreScale
003f5419   _CLK_setTimer2Src
003f5412   _CLK_setWatchDogSrc
003f540b   _CLK_setXClkInSrc
003f5b9c   _CPU_clearIntFlags
003f5b99   _CPU_disableDebugInt
003f5b96   _CPU_disableGlobalInts
003f5b91   _CPU_disableInt
003f5b8e   _CPU_disableInts
003f5b8b   _CPU_disableProtectedRegisterWrite
003f5b88   _CPU_enableDebugInt
003f5b85   _CPU_enableGlobalInts
003f5b81   _CPU_enableInt
003f5b7e   _CPU_enableProtectedRegisterWrite
003f5b78   _CPU_init
003f3b73   _CTRL_getGains
003f3b6b   _CTRL_getIab_filt_pu
003f3b63   _CTRL_getIab_in_pu
003f3b5b   _CTRL_getIdq_in_pu
003f3b53   _CTRL_getIdq_ref_pu
003f3bac   _CTRL_getMagCurrent_pu
003f3ba9   _CTRL_getMaximumSpeed_pu
003f3b4b   _CTRL_getVab_in_pu
003f3b43   _CTRL_getVab_out_pu
003f3b3b   _CTRL_getVdq_out_pu
003fa721   _CTRL_getVersion
003f3b32   _CTRL_getWaitTimes
003fa6fb   _CTRL_initCtrl
0000800a   _CTRL_run
003fa5d1   _CTRL_runTraj
003f388f   _CTRL_setBrake
003f9e64   _CTRL_setEstParams
003f389e   _CTRL_setGains
003f3ba3   _CTRL_setMagCurrent_pu
003f3ba6   _CTRL_setMaximumSpeed_pu
003f38c6   _CTRL_setParams
003f387c   _CTRL_setSpd_ref_krpm
003f3879   _CTRL_setSpd_ref_pu
003f9d31   _CTRL_setUserMotorParams
003f3870   _CTRL_setWaitTimes
00008000   _CTRL_setup
003f3854   _CTRL_setupClarke_I
003f383e   _CTRL_setupClarke_V
003f9b43   _CTRL_setupCtrl
003f99a5   _CTRL_setupEstIdleState
003f996a   _CTRL_setupEstOnLineState
003f9806   _CTRL_setupTraj
003f378c   _CTRL_updateState
003f6056   _DE5_Board_Bias
003f53ea   _ENC_calcElecAngle
003f53de   _ENC_getSpeedRPM
003f53d7   _ENC_init
003f532b   _ENC_run
003f527f   _ENC_setup
003f86ad   _EST_computeDirection_qFmt
003f9760   _EST_doCurrentCtrl
003f9758   _EST_doSpeedCtrl
003f8c0d   _EST_getAngle_pu
003f96be   _EST_getFlux_VpHz
003f96ab   _EST_getFlux_pu
003f968e   _EST_getFm_pu
003f9632   _EST_getIdRated
003f95ff   _EST_getLs_coarse_max_pu
003f95f5   _EST_getLs_d_H
003f95f0   _EST_getLs_d_pu
003f95ce   _EST_getLs_q_H
003f95c9   _EST_getLs_q_pu
003f95bd   _EST_getMaxCurrentSlope_pu
003f95b3   _EST_getOneOverDcBus_pu
003f95ad   _EST_getRr_Ohm
003f9513   _EST_getRs_Ohm
003f861b   _EST_getState
003f9458   _EST_get_krpm_to_pu_sf
003f938d   _EST_isError
003f9386   _EST_isIdle
003f937f   _EST_isLockRotor
003f8679   _EST_isMotorIdentified
003f9378   _EST_isOnLine
003f927b   _EST_run
003f8bf5   _EST_setDir_qFmt
003f8be8   _EST_setFe_neg_max_pu
003f8be4   _EST_setFe_pos_min_pu
003f8bdb   _EST_setFlag_enableForceAngle
003f8bd3   _EST_setFlag_enableRsRecalc
003f8b80   _EST_setId_ref_pu
003f8b7a   _EST_setIdle
003f8b67   _EST_setIdle_all
003f8b63   _EST_setIq_ref_pu
003f8b45   _EST_setLs_d_pu
003f8af1   _EST_setLs_qFmt
003f8ae7   _EST_setLs_q_pu
003f8adb   _EST_setMaxCurrentSlope_pu
003f8a18   _EST_setRs_pu
003f89f5   _EST_updateId_ref_pu
003f8713   _EST_updateState
003f861d   _EST_useZeroIq_ref
003f5bbd   _FILTER_FO_getDenCoeffs
003f5bb6   _FILTER_FO_getInitialConditions
003f5bb0   _FILTER_FO_getNumCoeffs
003f5baa   _FILTER_FO_init
003f5ba8   _FILTER_FO_setDenCoeffs
003f5ba3   _FILTER_FO_setInitialConditions
003f5b9f   _FILTER_FO_setNumCoeffs
003f5bfb   _FLASH_clear3VStatus
00008781   _FLASH_disablePipelineMode
0000877b   _FLASH_enablePipelineMode
003f5bf8   _FLASH_get3VStatus
003f5bf5   _FLASH_getActiveWaitCount
003f5bf1   _FLASH_getActiveWaitStatus
003f5bee   _FLASH_getPowerMode
003f5beb   _FLASH_getStandbyWaitCount
003f5be7   _FLASH_getStandbyWaitStatus
003f5be1   _FLASH_init
00008776   _FLASH_setActiveWaitCount
0000876f   _FLASH_setNumPagedReadWaitStates
00008768   _FLASH_setNumRandomReadWaitStates
00008761   _FLASH_setOtpWaitStates
0000875a   _FLASH_setPowerMode
00008755   _FLASH_setStandbyWaitCount
003f3756   _FSM_485Edit_State_Box
003f3725   _FSM_485Read_State_Box
003f601a   _FSM_ActionFunc
003f3600   _FSM_Check485Start
003f35bb   _FSM_CheckAnalogSensor1
003f359a   _FSM_CheckAnalogSensor2
003f3588   _FSM_CheckContactSensor1
003f3576   _FSM_CheckContactSensor2
003f34f9   _FSM_CheckCoverSensor
003f3359   _FSM_CheckErrors
003f35ee   _FSM_CheckKeySensor1
003f35dc   _FSM_CheckKeySensor2
003f354d   _FSM_CheckMoveStatus
003f3492   _FSM_CheckPosition
003f3609   _FSM_CheckSpeed
003f3540   _FSM_CheckTimes
003f356c   _FSM_CheckZeroSpeed
003f6030   _FSM_CondFunc
003f6062   _FSM_EventTab
003f6046   _FSM_MaxTorque
003f3682   _FSM_ParamInit
003f3667   _FSM_RecordZeroPoint
003f32de   _FSM_ReportResults
003f361b   _FSM_Run
003f3475   _FSM_RunConfig
003f344b   _FSM_RunPolling
003f3432   _FSM_RunRetire
003f33d4   _FSM_RunSpinTAC_Position
003f32fa   _FSM_RunSpinTAC_Velocity
003f33b7   _FSM_RunTrans
003f334e   _FSM_RunVelocityMode
003f32f3   _FSM_Run_IDLE
003f32ed   _FSM_Run_ReleaseDcBrake
003f32e5   _FSM_Run_STOP
003f3055   _FSM_SelectMode
003f32d1   _FSM_SetPosStep
003f32bc   _FSM_SetVelocity
003f328d   _FSM_SetupFsmMode
003f3286   _FSM_ShutDowm
00009240   _FSM_State_Box
003f322c   _FSM_State_Box_Init
003f2ff5   _FSM_VelTransToPos
003f2fc3   _FSM_calcCoordinate
003f2fa8   _FSM_calcRelativePos
003f2f6c   _FSM_calcSensorPos
003f2f4a   _FSM_clrOverCurrentReg
003f2f43   _FSM_getPortStatus
003f2f39   _FSM_init
003f2f37   _FSM_setHalHandle
003f2f35   _FSM_setMotorHandle
003f2f33   _FSM_setStHandle
003f5c90   _FS_init
003f526f   _GPIO_getData
003f5268   _GPIO_getPortData
003f5262   _GPIO_init
003f5258   _GPIO_lpmSelect
003f5232   _GPIO_read
003f5217   _GPIO_setDirection
003f520c   _GPIO_setExtInt
003f51f9   _GPIO_setHigh
003f51e6   _GPIO_setLow
003f51ac   _GPIO_setMode
003f51a0   _GPIO_setPortData
003f5185   _GPIO_setPullup
003f5145   _GPIO_setQualification
003f50fe   _GPIO_setQualificationPeriod
003f50eb   _GPIO_toggle
003f1523   _HAL_AdcCalChanSelect
003f157a   _HAL_AdcCalConversion
003f16d2   _HAL_AdcOffsetSelfCal
003f1705   _HAL_GetBoardNum
003f1802   _HAL_OscTempComp
003f1855   _HAL_cal
003f1a49   _HAL_disableGlobalInts
003f1927   _HAL_disableWdog
003f1a38   _HAL_enableAdcInts
003f1a34   _HAL_enableDebugInt
003f1a30   _HAL_enableGlobalInts
003f1a1f   _HAL_enablePwmInt
003f1a02   _HAL_enableSciaInt
003f19f0   _HAL_enableTimer1Int
003f1770   _HAL_getOscTrimValue
003f192c   _HAL_init
003f1784   _HAL_osc1Comp
003f17c3   _HAL_osc2Comp
003f1912   _HAL_setDacParameters
003f186f   _HAL_setParams
003f14bb   _HAL_setupAdcParams
003f13c0   _HAL_setupAdcs
003f13a4   _HAL_setupClks
003f137b   _HAL_setupFaults
00008787   _HAL_setupFlash
003f1198   _HAL_setupGpios
003f1145   _HAL_setupPeripheralClks
003f1129   _HAL_setupPie
003f10eb   _HAL_setupPll
003f1060   _HAL_setupPwmDacs
003f0f90   _HAL_setupPwms
003f0f21   _HAL_setupQEP
003f0edf   _HAL_setupScia
003f0e8f   _HAL_setupTimers
003f5fce   _JM_FSM_MotorFunc
003f5f3c   _JM_FSM_Vars
003f3fd2   _MB_CRC16
003f41c9   _MB_FloatTransToInt
003f41dd   _MB_FuncReadHoldingRegister
003f4163   _MB_FuncWriteCoilsRegister
003f40a9   _MB_FuncWriteHoldingRegister
003f429a   _MB_Poll
003f409c   _MB_PortEventGet
003f4099   _MB_PortEventInit
003f3f5d   _MB_PortEventPost
003f3f63   _MB_PortSerialEnable
003f4038   _MB_PortSerialGetByte
003f3f90   _MB_PortSerialPutByte
003f3fbd   _MB_PortTimersDisable
003f4046   _MB_PortTimersEnable
003f4086   _MB_RTUReceive
003f4053   _MB_RTUReceiveFSM
003f3ff4   _MB_RTUSend
003f3fc1   _MB_RTUTimerFSM
003f3f96   _MB_RTUTransmitFSM
003f3f57   _MB_init
003f3f55   _MB_setFsmHandle
003f3f53   _MB_setGpioHandle
003f3f51   _MB_setMotorHandle
003f3f4e   _MB_setSciHandle
003f3f4c   _MB_setTimHandle
003f4eef   _MOTOR_CtrlVersion_Init
003f5ea2   _MOTOR_DATA
003f4e65   _MOTOR_MotorVars_Init
003f4dff   _MOTOR_SpinTAC_Vars_Init
003f4dfa   _MOTOR_getMaxCurrent
003f4db9   _MOTOR_getMotorFlag
003f4d0b   _MOTOR_setMotorFlag
003f4d05   _Motor_init
00008d00   _MyProcessCtrl
003f59e3   _OFFSET_getBeta
003f59d2   _OFFSET_init
003f59bc   _OFFSET_setBeta
003f59ad   _OFFSET_setInitCond
003f59ab   _OFFSET_setOffset
003f5b72   _OSC_init
003f5b65   _OSC_setCoarseTrim
003f5b54   _OSC_setFineTrim
003f5b4b   _OSC_setTrim
003f5699   _PIE_clearAllFlags
003f5696   _PIE_clearAllInts
003f5693   _PIE_disable
003f5689   _PIE_disableAllInts
003f5685   _PIE_disableCaptureInt
003f5678   _PIE_disableExtInt
003f566d   _PIE_disableInt
003f566a   _PIE_enable
003f564e   _PIE_enableAdcInt
003f564a   _PIE_enableCaptureInt
003f5627   _PIE_enableExtInt
003f561d   _PIE_enableInt
003f5618   _PIE_enablePwmInt
003f5613   _PIE_enablePwmTzInt
003f5610   _PIE_enableTimer0Int
003f5606   _PIE_forceInt
003f55fe   _PIE_getExtIntCount
003f55f7   _PIE_getIntEnables
003f55f0   _PIE_getIntFlags
003f5c9c   _PIE_illegalIsr
003f55e9   _PIE_init
003f55da   _PIE_registerPieIntHandler
003f55cf   _PIE_registerSystemIntHandler
003f55c3   _PIE_setDefaultIntVectorTable
003f55b3   _PIE_setExtIntPolarity
003f55a2   _PIE_unregisterPieIntHandler
003f5595   _PIE_unregisterSystemIntHandler
003f58c6   _PLL_disable
003f58c0   _PLL_disableClkDetect
003f58ba   _PLL_disableNormRdy
003f58b4   _PLL_disableOsc
003f58ae   _PLL_enable
003f58a8   _PLL_enableClkDetect
003f58a2   _PLL_enableNormRdy
003f589c   _PLL_enableOsc
003f5898   _PLL_getClkFreq
003f5895   _PLL_getClkStatus
003f5892   _PLL_getDivideSelect
003f588f   _PLL_getLockStatus
003f5889   _PLL_init
003f5883   _PLL_resetClkDetect
003f587d   _PLL_setClkFreq
003f5876   _PLL_setDivideSelect
003f5871   _PLL_setLockPeriod
003f2f2c   _PROCTRL_CheckMotorError
003f2ebd   _PROCTRL_MainLoop
003f2e5d   _PROCTRL_UpdateCurrentAmpVar
003f2e19   _PROCTRL_UpdateIqRef
003f2e05   _PROCTRL_UpdateMotorSpeed
003f2df1   _PROCTRL_UpdateMotorTorque
003f2dad   _PROCTRL_UpdateMotorVar
003f2d22   _PROCTRL_UpdateSpinTAC
003f2cf6   _PROCTRL_UpdateVoltageVar
003f2ce3   _PROCTRL_Update_Est_State
003f2c17   _PROCTRL_chkError
003f2b18   _PROCTRL_chkMotorIdentified
003f2ac1   _PROCTRL_getAbsAngle_mech
003f2a96   _PROCTRL_getBoardBias
003f2a5e   _PROCTRL_getChipTemperture
003f2a48   _PROCTRL_getDCbusVoltage
003f2a3f   _PROCTRL_getMotorTurns_mech
003f2a39   _PROCTRL_getPortData
003f2a1a   _PROCTRL_getScaleActors
003f29bb   _PROCTRL_getSensorData
003f2936   _PROCTRL_init
003f28b3   _PROCTRL_setBoardBias
003f28b1   _PROCTRL_setCtrlHandle
003f2631   _PROCTRL_setDcBrakeCurrent
003f28a2   _PROCTRL_setDcBrakeEnable
003f28a0   _PROCTRL_setHalHandle
003f289d   _PROCTRL_setMotorHandle
003f289b   _PROCTRL_setUserParams
003f2882   _PROCTRL_setupFSM
003f285d   _PROCTRL_setupFlyingStart
003f2837   _PROCTRL_setupModbus
003f2832   _PROCTRL_setupMotors
003f27f9   _PROCTRL_setupSpinTAC
003f27ce   _PROCTRL_updateKpKiGains
003f45cf   _PWM_clearTripZone
003f45cc   _PWM_decrementDeadBandFallingEdgeDelay
003f45c9   _PWM_decrementDeadBandRisingEdgeDelay
003f45c2   _PWM_disableAutoConvert
003f45be   _PWM_disableChopping
003f45bb   _PWM_disableCounterLoad
003f45b8   _PWM_disableDeadBand
003f45b4   _PWM_disableDeadBandHalfCycle
003f45ad   _PWM_disableDigitalCompareBlankingWindow
003f45a6   _PWM_disableDigitalCompareBlankingWindowInversion
003f459f   _PWM_disableHrPeriod
003f4598   _PWM_disableHrPhaseSync
003f4594   _PWM_disableInt
003f4590   _PWM_disableSocAPulse
003f458c   _PWM_disableSocBPulse
003f4585   _PWM_disableTripZoneInt
003f457e   _PWM_disableTripZoneSrc
003f4578   _PWM_disableTripZones
003f4571   _PWM_enableAutoConvert
003f456d   _PWM_enableChopping
003f456a   _PWM_enableCounterLoad
003f4566   _PWM_enableDeadBandHalfCycle
003f455f   _PWM_enableDigitalCompareBlankingWindow
003f4558   _PWM_enableDigitalCompareBlankingWindowInversion
003f4551   _PWM_enableHrPeriod
003f454a   _PWM_enableHrPhaseSync
003f4546   _PWM_enableInt
003f4542   _PWM_enableSocAPulse
003f453e   _PWM_enableSocBPulse
003f4538   _PWM_enableTripZoneInt
003f4532   _PWM_enableTripZoneSrc
003f452f   _PWM_getDeadBandFallingEdgeDelay
003f452c   _PWM_getDeadBandRisingEdgeDelay
003f4528   _PWM_getIntCount
003f4524   _PWM_getShadowStatus_CmpA
003f4520   _PWM_getShadowStatus_CmpB
003f451b   _PWM_getSocACount
003f4516   _PWM_getSocBCount
003f4513   _PWM_incrementDeadBandFallingEdgeDelay
003f4510   _PWM_incrementDeadBandRisingEdgeDelay
003f450a   _PWM_init
003f4503   _PWM_setActionQualContSWForce_PwmA
003f44fa   _PWM_setActionQualContSWForce_PwmB
003f44f1   _PWM_setActionQual_CntDown_CmpA_PwmA
003f44e8   _PWM_setActionQual_CntDown_CmpA_PwmB
003f44df   _PWM_setActionQual_CntDown_CmpB_PwmA
003f44d6   _PWM_setActionQual_CntDown_CmpB_PwmB
003f44cd   _PWM_setActionQual_CntUp_CmpA_PwmA
003f44c4   _PWM_setActionQual_CntUp_CmpA_PwmB
003f44bb   _PWM_setActionQual_CntUp_CmpB_PwmA
003f44b2   _PWM_setActionQual_CntUp_CmpB_PwmB
003f44a9   _PWM_setActionQual_Period_PwmA
003f44a0   _PWM_setActionQual_Period_PwmB
003f4499   _PWM_setActionQual_Zero_PwmA
003f4492   _PWM_setActionQual_Zero_PwmB
003f448b   _PWM_setChoppingClkFreq
003f4484   _PWM_setChoppingDutyCycle
003f447d   _PWM_setChoppingPulseWidth
003f4479   _PWM_setClkDiv
003f4477   _PWM_setCount
003f4473   _PWM_setCounterMode
003f4470   _PWM_setDeadBandFallingEdgeDelay
003f4469   _PWM_setDeadBandInputMode
003f4462   _PWM_setDeadBandOutputMode
003f445b   _PWM_setDeadBandPolarity
003f4458   _PWM_setDeadBandRisingEdgeDelay
003f4441   _PWM_setDigitalCompareAEvent1
003f4431   _PWM_setDigitalCompareAEvent2
003f441a   _PWM_setDigitalCompareBEvent1
003f440a   _PWM_setDigitalCompareBEvent2
003f43fe   _PWM_setDigitalCompareBlankingPulse
003f43fb   _PWM_setDigitalCompareFilterOffset
003f43f1   _PWM_setDigitalCompareFilterSource
003f43ee   _PWM_setDigitalCompareFilterWindow
003f43df   _PWM_setDigitalCompareInput
003f43db   _PWM_setHighSpeedClkDiv
003f43d1   _PWM_setHrControlMode
003f43c7   _PWM_setHrEdgeMode
003f43bd   _PWM_setHrShadowMode
003f43b6   _PWM_setIntMode
003f43af   _PWM_setIntPeriod
003f43ab   _PWM_setLoadMode_CmpA
003f43a5   _PWM_setLoadMode_CmpB
003f43a3   _PWM_setPeriod
003f439e   _PWM_setPeriodHr
003f439a   _PWM_setPeriodLoad
003f4398   _PWM_setPhase
003f4394   _PWM_setPhaseDir
003f4390   _PWM_setRunMode
003f438a   _PWM_setShadowMode_CmpA
003f4384   _PWM_setShadowMode_CmpB
003f437b   _PWM_setSocAPeriod
003f4371   _PWM_setSocAPulseSrc
003f4368   _PWM_setSocBPeriod
003f435f   _PWM_setSocBPulseSrc
003f435c   _PWM_setSwSync
003f4358   _PWM_setSyncMode
003f434e   _PWM_setTripZoneDCEventSelect_DCAEVT1
003f4342   _PWM_setTripZoneDCEventSelect_DCAEVT2
003f4336   _PWM_setTripZoneDCEventSelect_DCBEVT1
003f432a   _PWM_setTripZoneDCEventSelect_DCBEVT2
003f431e   _PWM_setTripZoneState_DCAEVT1
003f4312   _PWM_setTripZoneState_DCAEVT2
003f4306   _PWM_setTripZoneState_DCBEVT1
003f42fa   _PWM_setTripZoneState_DCBEVT2
003f42f0   _PWM_setTripZoneState_TZA
003f42e4   _PWM_setTripZoneState_TZB
003f5962   _PWR_disableBrownOutReset
003f5957   _PWR_disableWatchDogInt
003f5954   _PWR_enableBrownOutReset
003f5949   _PWR_enableWatchDogInt
003f5942   _PWR_init
003f5930   _PWR_setLowPowerMode
003f591e   _PWR_setNumStandByClocks
003f5c96   _QEP_init
003e87a9   _RamfuncsLoadEnd
003e8000   _RamfuncsLoadStart
00008000   _RamfuncsRunStart
003f578e   _SCI_clearAutoBaudDetect
003f578a   _SCI_clearRxFifoInt
003f5786   _SCI_clearRxFifoOvf
003f5782   _SCI_clearTxFifoInt
003f577f   _SCI_disable
003f577b   _SCI_disableAutoBaudAlign
003f5778   _SCI_disableLoopBack
003f5775   _SCI_disableParity
003f5772   _SCI_disableRx
003f576f   _SCI_disableRxErrorInt
003f576b   _SCI_disableRxFifoInt
003f5768   _SCI_disableRxInt
003f5765   _SCI_disableSleep
003f5762   _SCI_disableTx
003f575e   _SCI_disableTxFifoEnh
003f575a   _SCI_disableTxFifoInt
003f5757   _SCI_disableTxInt
003f5754   _SCI_disableTxWake
003f5751   _SCI_enable
003f574d   _SCI_enableAutoBaudAlign
003f5749   _SCI_enableChannels
003f5746   _SCI_enableLoopBack
003f5743   _SCI_enableParity
003f5740   _SCI_enableRx
003f573d   _SCI_enableRxErrorInt
003f5739   _SCI_enableRxFifo
003f5735   _SCI_enableRxFifoInt
003f5732   _SCI_enableRxInt
003f572f   _SCI_enableSleep
003f572c   _SCI_enableTx
003f5728   _SCI_enableTxFifo
003f5724   _SCI_enableTxFifoEnh
003f5720   _SCI_enableTxFifoInt
003f571d   _SCI_enableTxInt
003f571a   _SCI_enableTxWake
003f5716   _SCI_getDataBlocking
003f570d   _SCI_getDataNonBlocking
003f5709   _SCI_getRxFifoStatus
003f5705   _SCI_getTxFifoStatus
003f56ff   _SCI_init
003f56fa   _SCI_putDataBlocking
003f56f2   _SCI_putDataNonBlocking
003f56ef   _SCI_reset
003f56e5   _SCI_resetChannels
003f56db   _SCI_resetRxFifo
003f56d1   _SCI_resetTxFifo
003f56cb   _SCI_setBaudRate
003f56c7   _SCI_setCharLength
003f56c3   _SCI_setMode
003f56bf   _SCI_setNumStopBits
003f56bb   _SCI_setParity
003f56b8   _SCI_setPriority
003f56b1   _SCI_setRxFifoIntLevel
003f56aa   _SCI_setTxDelay
003f56a3   _SCI_setTxFifoIntLevel
003f5c63   _SLIP_init
003f5c58   _SLIP_run
003f5c50   _SLIP_setup
003f5ab3   _STPOSCONV_init
003f4ef9   _STPOSCONV_run
003f5a34   _STPOSCTL_init
003f3baf   _STPOSCTL_run
003f58cc   _STPOSMOVE_init
003f0000   _STPOSMOVE_run
003f5807   _STPOSPLAN_init
003f5a77   _ST_addPosRollOver
003f5b1a   _ST_initVersion
003f2792   _ST_runPosConv
003f2757   _ST_runPosCtl
003f274e   _ST_runPosMove
003f5b17   _TIMER_clearFlag
003f5b14   _TIMER_disableInt
003f5b11   _TIMER_enableInt
003f5b0e   _TIMER_getStatus
003f5b08   _TIMER_init
003f5afa   _TIMER_setDecimationFactor
003f5af6   _TIMER_setEmulationMode
003f5ae8   _TIMER_setPreScaler
003f57e7   _Timer1ISR
003f57b9   _UART_RxISR
003f5792   _UART_TxReadyISR
003f24de   _USER_calcPIgains
003f24b7   _USER_checkDefErrors
003f1f1f   _USER_checkForErrors
003f1f11   _USER_computeFlux
003f1eb2   _USER_computeFlux_pu_to_VpHz_sf
003f1e53   _USER_computeFlux_pu_to_Wb_sf
003f1dd8   _USER_computeTorque_Flux_Iq_pu_to_Nm_sf
003f1d5e   _USER_computeTorque_Ls_Id_Iq_pu_to_Nm_sf
003f1d12   _USER_computeTorque_Nm
003f1cbb   _USER_computeTorque_lbin
003f1cb8   _USER_getErrorCode
003f1c52   _USER_setBoardParams
003f1c4f   _USER_setErrorCode
003f1c4c   _USER_setMotorIDs
003f1be1   _USER_setMotorParams
003f1b79   _USER_setParams
003f1b62   _USER_setSysParams
003f1add   _USER_setWaitTimeParams
003f1a4d   _USER_softwareUpdate1p6
003f59a3   _WDOG_clearCounter
003f599b   _WDOG_disable
003f5995   _WDOG_disableInt
003f598f   _WDOG_disableOverRide
003f5986   _WDOG_enable
003f5980   _WDOG_enableInt
003f597a   _WDOG_enableOverRide
003f5977   _WDOG_getIntStatus
003f5971   _WDOG_init
003f596f   _WDOG_setCount
003f5965   _WDOG_setPreScaler
003fec6c   __IQ20div
003fef5e   __IQ20exp
003ff209   __IQ20log
003fee98   __IQ20sqrt
003ff183   __IQ24cosPU
003fecb3   __IQ24div
003fef9b   __IQ24exp
003f6126   __IQ24frac
003f613c   __IQ24int
003ff2a6   __IQ24log
003ff15a   __IQ24sinPU
003feeda   __IQ24sqrt
003ff1e8   __IQ30toF
003f6131   __IQ7frac
003f6145   __IQ7int
00000400   __STACK_END
000003b0   __STACK_SIZE
00000001   __TI_args_main
000091ee   ___TI_cleanup_ptr
000091f0   ___TI_dtors_ptr
ffffffff   ___binit__
ffffffff   ___c_args__
003f6092   ___cinit__
003f5ca1   ___etext__
ffffffff   ___pinit__
003f0000   ___text__
003f5c1e   __args_main
000091ec   __lock
003f5c81   __nop
003f5c7d   __register_lock
003f5c79   __register_unlock
00000050   __stack
000091ea   __unlock
003f5c37   _abort
003f2738   _acim_Dir_qFmtCalc
003f5ca2   _aucCRCHi
003f5da2   _aucCRCLo
003f59f0   _c_int00
00008c06   _controller_obj
0000913e   _cpu
00008c04   _ctrlHandle
003f5c39   _exit
00008c00   _gLEDcnt
00008c40   _gUserParams
00009140   _hal
00008c08   _halHandle
003f8000   _log
003f45d5   _main
0000858d   _mainISR
003f5c69   _memCopy
003f8472   _modf
003f265c   _motor_RunCtrl
003f261e   _motor_StopCtrl
003f82dc   _pow
00008c0a   _proctrlHandle
003f25ad   _recalcKpKi
003fb9dd   _s0_calc
003fb9ad   _s0_conf
003fb65f   _s1_calc
003fbae7   _s2_calc
003fbb85   _s4_calc
003fbc34   _s4_conf
003fbc58   _s4_reset
003f2587   _setFeLimitZero
003fbc6d   _spintac_rom_ver
000087a5   _usDelay
ffffffff   binit
003f6092   cinit
003f7ff6   code_start
003f5ca1   etext
ffffffff   pinit


GLOBAL SYMBOLS: SORTED BY Symbol Address 

address    name
--------   ----
00000001   __TI_args_main
00000050   __stack
000003b0   __STACK_SIZE
00000400   __STACK_END
00008000   _CTRL_setup
00008000   _RamfuncsRunStart
0000800a   _CTRL_run
0000858d   _mainISR
00008755   _FLASH_setStandbyWaitCount
0000875a   _FLASH_setPowerMode
00008761   _FLASH_setOtpWaitStates
00008768   _FLASH_setNumRandomReadWaitStates
0000876f   _FLASH_setNumPagedReadWaitStates
00008776   _FLASH_setActiveWaitCount
0000877b   _FLASH_enablePipelineMode
00008781   _FLASH_disablePipelineMode
00008787   _HAL_setupFlash
000087a5   _usDelay
00008c00   _gLEDcnt
00008c04   _ctrlHandle
00008c06   _controller_obj
00008c08   _halHandle
00008c0a   _proctrlHandle
00008c40   _gUserParams
00008d00   _MyProcessCtrl
0000913e   _cpu
00009140   _hal
000091ea   __unlock
000091ec   __lock
000091ee   ___TI_cleanup_ptr
000091f0   ___TI_dtors_ptr
00009240   _FSM_State_Box
003e8000   _RamfuncsLoadStart
003e87a9   _RamfuncsLoadEnd
003f0000   .text
003f0000   _STPOSMOVE_run
003f0000   ___text__
003f0e8f   _HAL_setupTimers
003f0edf   _HAL_setupScia
003f0f21   _HAL_setupQEP
003f0f90   _HAL_setupPwms
003f1060   _HAL_setupPwmDacs
003f10eb   _HAL_setupPll
003f1129   _HAL_setupPie
003f1145   _HAL_setupPeripheralClks
003f1198   _HAL_setupGpios
003f137b   _HAL_setupFaults
003f13a4   _HAL_setupClks
003f13c0   _HAL_setupAdcs
003f14bb   _HAL_setupAdcParams
003f1523   _HAL_AdcCalChanSelect
003f157a   _HAL_AdcCalConversion
003f16d2   _HAL_AdcOffsetSelfCal
003f1705   _HAL_GetBoardNum
003f1770   _HAL_getOscTrimValue
003f1784   _HAL_osc1Comp
003f17c3   _HAL_osc2Comp
003f1802   _HAL_OscTempComp
003f1855   _HAL_cal
003f186f   _HAL_setParams
003f1912   _HAL_setDacParameters
003f1927   _HAL_disableWdog
003f192c   _HAL_init
003f19f0   _HAL_enableTimer1Int
003f1a02   _HAL_enableSciaInt
003f1a1f   _HAL_enablePwmInt
003f1a30   _HAL_enableGlobalInts
003f1a34   _HAL_enableDebugInt
003f1a38   _HAL_enableAdcInts
003f1a49   _HAL_disableGlobalInts
003f1a4d   _USER_softwareUpdate1p6
003f1add   _USER_setWaitTimeParams
003f1b62   _USER_setSysParams
003f1b79   _USER_setParams
003f1be1   _USER_setMotorParams
003f1c4c   _USER_setMotorIDs
003f1c4f   _USER_setErrorCode
003f1c52   _USER_setBoardParams
003f1cb8   _USER_getErrorCode
003f1cbb   _USER_computeTorque_lbin
003f1d12   _USER_computeTorque_Nm
003f1d5e   _USER_computeTorque_Ls_Id_Iq_pu_to_Nm_sf
003f1dd8   _USER_computeTorque_Flux_Iq_pu_to_Nm_sf
003f1e53   _USER_computeFlux_pu_to_Wb_sf
003f1eb2   _USER_computeFlux_pu_to_VpHz_sf
003f1f11   _USER_computeFlux
003f1f1f   _USER_checkForErrors
003f24b7   _USER_checkDefErrors
003f24de   _USER_calcPIgains
003f2587   _setFeLimitZero
003f25ad   _recalcKpKi
003f261e   _motor_StopCtrl
003f2631   _PROCTRL_setDcBrakeCurrent
003f265c   _motor_RunCtrl
003f2738   _acim_Dir_qFmtCalc
003f274e   _ST_runPosMove
003f2757   _ST_runPosCtl
003f2792   _ST_runPosConv
003f27ce   _PROCTRL_updateKpKiGains
003f27f9   _PROCTRL_setupSpinTAC
003f2832   _PROCTRL_setupMotors
003f2837   _PROCTRL_setupModbus
003f285d   _PROCTRL_setupFlyingStart
003f2882   _PROCTRL_setupFSM
003f289b   _PROCTRL_setUserParams
003f289d   _PROCTRL_setMotorHandle
003f28a0   _PROCTRL_setHalHandle
003f28a2   _PROCTRL_setDcBrakeEnable
003f28b1   _PROCTRL_setCtrlHandle
003f28b3   _PROCTRL_setBoardBias
003f2936   _PROCTRL_init
003f29bb   _PROCTRL_getSensorData
003f2a1a   _PROCTRL_getScaleActors
003f2a39   _PROCTRL_getPortData
003f2a3f   _PROCTRL_getMotorTurns_mech
003f2a48   _PROCTRL_getDCbusVoltage
003f2a5e   _PROCTRL_getChipTemperture
003f2a96   _PROCTRL_getBoardBias
003f2ac1   _PROCTRL_getAbsAngle_mech
003f2b18   _PROCTRL_chkMotorIdentified
003f2c17   _PROCTRL_chkError
003f2ce3   _PROCTRL_Update_Est_State
003f2cf6   _PROCTRL_UpdateVoltageVar
003f2d22   _PROCTRL_UpdateSpinTAC
003f2dad   _PROCTRL_UpdateMotorVar
003f2df1   _PROCTRL_UpdateMotorTorque
003f2e05   _PROCTRL_UpdateMotorSpeed
003f2e19   _PROCTRL_UpdateIqRef
003f2e5d   _PROCTRL_UpdateCurrentAmpVar
003f2ebd   _PROCTRL_MainLoop
003f2f2c   _PROCTRL_CheckMotorError
003f2f33   _FSM_setStHandle
003f2f35   _FSM_setMotorHandle
003f2f37   _FSM_setHalHandle
003f2f39   _FSM_init
003f2f43   _FSM_getPortStatus
003f2f4a   _FSM_clrOverCurrentReg
003f2f6c   _FSM_calcSensorPos
003f2fa8   _FSM_calcRelativePos
003f2fc3   _FSM_calcCoordinate
003f2ff5   _FSM_VelTransToPos
003f3055   _FSM_SelectMode
003f322c   _FSM_State_Box_Init
003f3286   _FSM_ShutDowm
003f328d   _FSM_SetupFsmMode
003f32bc   _FSM_SetVelocity
003f32d1   _FSM_SetPosStep
003f32de   _FSM_ReportResults
003f32e5   _FSM_Run_STOP
003f32ed   _FSM_Run_ReleaseDcBrake
003f32f3   _FSM_Run_IDLE
003f32fa   _FSM_RunSpinTAC_Velocity
003f334e   _FSM_RunVelocityMode
003f3359   _FSM_CheckErrors
003f33b7   _FSM_RunTrans
003f33d4   _FSM_RunSpinTAC_Position
003f3432   _FSM_RunRetire
003f344b   _FSM_RunPolling
003f3475   _FSM_RunConfig
003f3492   _FSM_CheckPosition
003f34f9   _FSM_CheckCoverSensor
003f3540   _FSM_CheckTimes
003f354d   _FSM_CheckMoveStatus
003f356c   _FSM_CheckZeroSpeed
003f3576   _FSM_CheckContactSensor2
003f3588   _FSM_CheckContactSensor1
003f359a   _FSM_CheckAnalogSensor2
003f35bb   _FSM_CheckAnalogSensor1
003f35dc   _FSM_CheckKeySensor2
003f35ee   _FSM_CheckKeySensor1
003f3600   _FSM_Check485Start
003f3609   _FSM_CheckSpeed
003f361b   _FSM_Run
003f3667   _FSM_RecordZeroPoint
003f3682   _FSM_ParamInit
003f3725   _FSM_485Read_State_Box
003f3756   _FSM_485Edit_State_Box
003f378c   _CTRL_updateState
003f383e   _CTRL_setupClarke_V
003f3854   _CTRL_setupClarke_I
003f3870   _CTRL_setWaitTimes
003f3879   _CTRL_setSpd_ref_pu
003f387c   _CTRL_setSpd_ref_krpm
003f388f   _CTRL_setBrake
003f389e   _CTRL_setGains
003f38c6   _CTRL_setParams
003f3b32   _CTRL_getWaitTimes
003f3b3b   _CTRL_getVdq_out_pu
003f3b43   _CTRL_getVab_out_pu
003f3b4b   _CTRL_getVab_in_pu
003f3b53   _CTRL_getIdq_ref_pu
003f3b5b   _CTRL_getIdq_in_pu
003f3b63   _CTRL_getIab_in_pu
003f3b6b   _CTRL_getIab_filt_pu
003f3b73   _CTRL_getGains
003f3ba3   _CTRL_setMagCurrent_pu
003f3ba6   _CTRL_setMaximumSpeed_pu
003f3ba9   _CTRL_getMaximumSpeed_pu
003f3bac   _CTRL_getMagCurrent_pu
003f3baf   _STPOSCTL_run
003f3f4c   _MB_setTimHandle
003f3f4e   _MB_setSciHandle
003f3f51   _MB_setMotorHandle
003f3f53   _MB_setGpioHandle
003f3f55   _MB_setFsmHandle
003f3f57   _MB_init
003f3f5d   _MB_PortEventPost
003f3f63   _MB_PortSerialEnable
003f3f90   _MB_PortSerialPutByte
003f3f96   _MB_RTUTransmitFSM
003f3fbd   _MB_PortTimersDisable
003f3fc1   _MB_RTUTimerFSM
003f3fd2   _MB_CRC16
003f3ff4   _MB_RTUSend
003f4038   _MB_PortSerialGetByte
003f4046   _MB_PortTimersEnable
003f4053   _MB_RTUReceiveFSM
003f4086   _MB_RTUReceive
003f4099   _MB_PortEventInit
003f409c   _MB_PortEventGet
003f40a9   _MB_FuncWriteHoldingRegister
003f4163   _MB_FuncWriteCoilsRegister
003f41c9   _MB_FloatTransToInt
003f41dd   _MB_FuncReadHoldingRegister
003f429a   _MB_Poll
003f42e4   _PWM_setTripZoneState_TZB
003f42f0   _PWM_setTripZoneState_TZA
003f42fa   _PWM_setTripZoneState_DCBEVT2
003f4306   _PWM_setTripZoneState_DCBEVT1
003f4312   _PWM_setTripZoneState_DCAEVT2
003f431e   _PWM_setTripZoneState_DCAEVT1
003f432a   _PWM_setTripZoneDCEventSelect_DCBEVT2
003f4336   _PWM_setTripZoneDCEventSelect_DCBEVT1
003f4342   _PWM_setTripZoneDCEventSelect_DCAEVT2
003f434e   _PWM_setTripZoneDCEventSelect_DCAEVT1
003f4358   _PWM_setSyncMode
003f435c   _PWM_setSwSync
003f435f   _PWM_setSocBPulseSrc
003f4368   _PWM_setSocBPeriod
003f4371   _PWM_setSocAPulseSrc
003f437b   _PWM_setSocAPeriod
003f4384   _PWM_setShadowMode_CmpB
003f438a   _PWM_setShadowMode_CmpA
003f4390   _PWM_setRunMode
003f4394   _PWM_setPhaseDir
003f4398   _PWM_setPhase
003f439a   _PWM_setPeriodLoad
003f439e   _PWM_setPeriodHr
003f43a3   _PWM_setPeriod
003f43a5   _PWM_setLoadMode_CmpB
003f43ab   _PWM_setLoadMode_CmpA
003f43af   _PWM_setIntPeriod
003f43b6   _PWM_setIntMode
003f43bd   _PWM_setHrShadowMode
003f43c7   _PWM_setHrEdgeMode
003f43d1   _PWM_setHrControlMode
003f43db   _PWM_setHighSpeedClkDiv
003f43df   _PWM_setDigitalCompareInput
003f43ee   _PWM_setDigitalCompareFilterWindow
003f43f1   _PWM_setDigitalCompareFilterSource
003f43fb   _PWM_setDigitalCompareFilterOffset
003f43fe   _PWM_setDigitalCompareBlankingPulse
003f440a   _PWM_setDigitalCompareBEvent2
003f441a   _PWM_setDigitalCompareBEvent1
003f4431   _PWM_setDigitalCompareAEvent2
003f4441   _PWM_setDigitalCompareAEvent1
003f4458   _PWM_setDeadBandRisingEdgeDelay
003f445b   _PWM_setDeadBandPolarity
003f4462   _PWM_setDeadBandOutputMode
003f4469   _PWM_setDeadBandInputMode
003f4470   _PWM_setDeadBandFallingEdgeDelay
003f4473   _PWM_setCounterMode
003f4477   _PWM_setCount
003f4479   _PWM_setClkDiv
003f447d   _PWM_setChoppingPulseWidth
003f4484   _PWM_setChoppingDutyCycle
003f448b   _PWM_setChoppingClkFreq
003f4492   _PWM_setActionQual_Zero_PwmB
003f4499   _PWM_setActionQual_Zero_PwmA
003f44a0   _PWM_setActionQual_Period_PwmB
003f44a9   _PWM_setActionQual_Period_PwmA
003f44b2   _PWM_setActionQual_CntUp_CmpB_PwmB
003f44bb   _PWM_setActionQual_CntUp_CmpB_PwmA
003f44c4   _PWM_setActionQual_CntUp_CmpA_PwmB
003f44cd   _PWM_setActionQual_CntUp_CmpA_PwmA
003f44d6   _PWM_setActionQual_CntDown_CmpB_PwmB
003f44df   _PWM_setActionQual_CntDown_CmpB_PwmA
003f44e8   _PWM_setActionQual_CntDown_CmpA_PwmB
003f44f1   _PWM_setActionQual_CntDown_CmpA_PwmA
003f44fa   _PWM_setActionQualContSWForce_PwmB
003f4503   _PWM_setActionQualContSWForce_PwmA
003f450a   _PWM_init
003f4510   _PWM_incrementDeadBandRisingEdgeDelay
003f4513   _PWM_incrementDeadBandFallingEdgeDelay
003f4516   _PWM_getSocBCount
003f451b   _PWM_getSocACount
003f4520   _PWM_getShadowStatus_CmpB
003f4524   _PWM_getShadowStatus_CmpA
003f4528   _PWM_getIntCount
003f452c   _PWM_getDeadBandRisingEdgeDelay
003f452f   _PWM_getDeadBandFallingEdgeDelay
003f4532   _PWM_enableTripZoneSrc
003f4538   _PWM_enableTripZoneInt
003f453e   _PWM_enableSocBPulse
003f4542   _PWM_enableSocAPulse
003f4546   _PWM_enableInt
003f454a   _PWM_enableHrPhaseSync
003f4551   _PWM_enableHrPeriod
003f4558   _PWM_enableDigitalCompareBlankingWindowInversion
003f455f   _PWM_enableDigitalCompareBlankingWindow
003f4566   _PWM_enableDeadBandHalfCycle
003f456a   _PWM_enableCounterLoad
003f456d   _PWM_enableChopping
003f4571   _PWM_enableAutoConvert
003f4578   _PWM_disableTripZones
003f457e   _PWM_disableTripZoneSrc
003f4585   _PWM_disableTripZoneInt
003f458c   _PWM_disableSocBPulse
003f4590   _PWM_disableSocAPulse
003f4594   _PWM_disableInt
003f4598   _PWM_disableHrPhaseSync
003f459f   _PWM_disableHrPeriod
003f45a6   _PWM_disableDigitalCompareBlankingWindowInversion
003f45ad   _PWM_disableDigitalCompareBlankingWindow
003f45b4   _PWM_disableDeadBandHalfCycle
003f45b8   _PWM_disableDeadBand
003f45bb   _PWM_disableCounterLoad
003f45be   _PWM_disableChopping
003f45c2   _PWM_disableAutoConvert
003f45c9   _PWM_decrementDeadBandRisingEdgeDelay
003f45cc   _PWM_decrementDeadBandFallingEdgeDelay
003f45cf   _PWM_clearTripZone
003f45d5   _main
003f4b0a   _ADC_setupSocTrigSrc
003f4b35   _ADC_setVoltRefSrc
003f4b47   _ADC_setTempSensorSrc
003f4b59   _ADC_setSocTrigSrc
003f4b6c   _ADC_setSocSampleDelay
003f4b7f   _ADC_setSocFrcWord
003f4b86   _ADC_setSocFrc
003f4b90   _ADC_setSocChanNumber
003f4ba3   _ADC_setSampleOverlapMode
003f4bb8   _ADC_setSampleMode
003f4bd0   _ADC_setOffTrim
003f4bd7   _ADC_setIntSrc
003f4bf4   _ADC_setIntPulseGenMode
003f4c06   _ADC_setIntMode
003f4c23   _ADC_setDivideSelect
003f4c35   _ADC_reset
003f4c40   _ADC_powerUp
003f4c4b   _ADC_powerDown
003f4c56   _ADC_init
003f4c5d   _ADC_getDivideSelect
003f4c65   _ADC_enableVoltRefLoConv
003f4c70   _ADC_enableRefBuffers
003f4c7b   _ADC_enableNoOverlapMode
003f4c86   _ADC_enableInt
003f4c9d   _ADC_enableBandGap
003f4ca8   _ADC_enable
003f4cb3   _ADC_disableVoltRefLoConv
003f4cbe   _ADC_disableRefBuffers
003f4cc9   _ADC_disableNoOverlapMode
003f4cd4   _ADC_disableInt
003f4cef   _ADC_disableBandGap
003f4cfa   _ADC_disable
003f4d05   _Motor_init
003f4d0b   _MOTOR_setMotorFlag
003f4db9   _MOTOR_getMotorFlag
003f4dfa   _MOTOR_getMaxCurrent
003f4dff   _MOTOR_SpinTAC_Vars_Init
003f4e65   _MOTOR_MotorVars_Init
003f4eef   _MOTOR_CtrlVersion_Init
003f4ef9   _STPOSCONV_run
003f50eb   _GPIO_toggle
003f50fe   _GPIO_setQualificationPeriod
003f5145   _GPIO_setQualification
003f5185   _GPIO_setPullup
003f51a0   _GPIO_setPortData
003f51ac   _GPIO_setMode
003f51e6   _GPIO_setLow
003f51f9   _GPIO_setHigh
003f520c   _GPIO_setExtInt
003f5217   _GPIO_setDirection
003f5232   _GPIO_read
003f5258   _GPIO_lpmSelect
003f5262   _GPIO_init
003f5268   _GPIO_getPortData
003f526f   _GPIO_getData
003f527f   _ENC_setup
003f532b   _ENC_run
003f53d7   _ENC_init
003f53de   _ENC_getSpeedRPM
003f53ea   _ENC_calcElecAngle
003f540b   _CLK_setXClkInSrc
003f5412   _CLK_setWatchDogSrc
003f5419   _CLK_setTimer2Src
003f5420   _CLK_setTimer2PreScale
003f5427   _CLK_setOscSrc
003f542e   _CLK_setOsc2Src
003f5435   _CLK_setLowSpdPreScaler
003f543b   _CLK_setClkOutPreScaler
003f5442   _CLK_init
003f5448   _CLK_enableWatchDogHaltMode
003f544e   _CLK_enableTbClockSync
003f5455   _CLK_enableSpibClock
003f545c   _CLK_enableSpiaClock
003f5463   _CLK_enableScibClock
003f546a   _CLK_enableSciaClock
003f5471   _CLK_enablePwmClock
003f547a   _CLK_enableOsc2HaltMode
003f5480   _CLK_enableOsc2
003f5486   _CLK_enableOsc1HaltMode
003f548c   _CLK_enableOsc1
003f5492   _CLK_enableLinAClock
003f5499   _CLK_enableI2cClock
003f54a0   _CLK_enableHrPwmClock
003f54a7   _CLK_enableGpioInputClock
003f54ae   _CLK_enableEqep2Clock
003f54b5   _CLK_enableEqep1Clock
003f54bc   _CLK_enableEcap1Clock
003f54c3   _CLK_enableEcanaClock
003f54ca   _CLK_enableCrystalOsc
003f54d0   _CLK_enableCpuTimerClock
003f54d6   _CLK_enableCompClock
003f54dc   _CLK_enableClkIn
003f54e2   _CLK_enableClaClock
003f54e9   _CLK_enableAdcClock
003f54f0   _CLK_disableWatchDogHaltMode
003f54f6   _CLK_disableTbClockSync
003f54fd   _CLK_disableSpibClock
003f5501   _CLK_disableSpiaClock
003f5508   _CLK_disableScibClock
003f550f   _CLK_disableSciaClock
003f5516   _CLK_disablePwmClock
003f5520   _CLK_disableOsc2HaltMode
003f5526   _CLK_disableOsc2
003f552c   _CLK_disableOsc1HaltMode
003f5532   _CLK_disableOsc1
003f5538   _CLK_disableLinAClock
003f553f   _CLK_disableI2cClock
003f5546   _CLK_disableHrPwmClock
003f554d   _CLK_disableGpioInputClock
003f5554   _CLK_disableEqep2Clock
003f555b   _CLK_disableEqep1Clock
003f5562   _CLK_disableEcap1Clock
003f5569   _CLK_disableEcanaClock
003f5570   _CLK_disableCrystalOsc
003f5576   _CLK_disableCpuTimerClock
003f557d   _CLK_disableCompClock
003f5581   _CLK_disableClkIn
003f5587   _CLK_disableClaClock
003f558e   _CLK_disableAdcClock
003f5595   _PIE_unregisterSystemIntHandler
003f55a2   _PIE_unregisterPieIntHandler
003f55b3   _PIE_setExtIntPolarity
003f55c3   _PIE_setDefaultIntVectorTable
003f55cf   _PIE_registerSystemIntHandler
003f55da   _PIE_registerPieIntHandler
003f55e9   _PIE_init
003f55f0   _PIE_getIntFlags
003f55f7   _PIE_getIntEnables
003f55fe   _PIE_getExtIntCount
003f5606   _PIE_forceInt
003f5610   _PIE_enableTimer0Int
003f5613   _PIE_enablePwmTzInt
003f5618   _PIE_enablePwmInt
003f561d   _PIE_enableInt
003f5627   _PIE_enableExtInt
003f564a   _PIE_enableCaptureInt
003f564e   _PIE_enableAdcInt
003f566a   _PIE_enable
003f566d   _PIE_disableInt
003f5678   _PIE_disableExtInt
003f5685   _PIE_disableCaptureInt
003f5689   _PIE_disableAllInts
003f5693   _PIE_disable
003f5696   _PIE_clearAllInts
003f5699   _PIE_clearAllFlags
003f56a3   _SCI_setTxFifoIntLevel
003f56aa   _SCI_setTxDelay
003f56b1   _SCI_setRxFifoIntLevel
003f56b8   _SCI_setPriority
003f56bb   _SCI_setParity
003f56bf   _SCI_setNumStopBits
003f56c3   _SCI_setMode
003f56c7   _SCI_setCharLength
003f56cb   _SCI_setBaudRate
003f56d1   _SCI_resetTxFifo
003f56db   _SCI_resetRxFifo
003f56e5   _SCI_resetChannels
003f56ef   _SCI_reset
003f56f2   _SCI_putDataNonBlocking
003f56fa   _SCI_putDataBlocking
003f56ff   _SCI_init
003f5705   _SCI_getTxFifoStatus
003f5709   _SCI_getRxFifoStatus
003f570d   _SCI_getDataNonBlocking
003f5716   _SCI_getDataBlocking
003f571a   _SCI_enableTxWake
003f571d   _SCI_enableTxInt
003f5720   _SCI_enableTxFifoInt
003f5724   _SCI_enableTxFifoEnh
003f5728   _SCI_enableTxFifo
003f572c   _SCI_enableTx
003f572f   _SCI_enableSleep
003f5732   _SCI_enableRxInt
003f5735   _SCI_enableRxFifoInt
003f5739   _SCI_enableRxFifo
003f573d   _SCI_enableRxErrorInt
003f5740   _SCI_enableRx
003f5743   _SCI_enableParity
003f5746   _SCI_enableLoopBack
003f5749   _SCI_enableChannels
003f574d   _SCI_enableAutoBaudAlign
003f5751   _SCI_enable
003f5754   _SCI_disableTxWake
003f5757   _SCI_disableTxInt
003f575a   _SCI_disableTxFifoInt
003f575e   _SCI_disableTxFifoEnh
003f5762   _SCI_disableTx
003f5765   _SCI_disableSleep
003f5768   _SCI_disableRxInt
003f576b   _SCI_disableRxFifoInt
003f576f   _SCI_disableRxErrorInt
003f5772   _SCI_disableRx
003f5775   _SCI_disableParity
003f5778   _SCI_disableLoopBack
003f577b   _SCI_disableAutoBaudAlign
003f577f   _SCI_disable
003f5782   _SCI_clearTxFifoInt
003f5786   _SCI_clearRxFifoOvf
003f578a   _SCI_clearRxFifoInt
003f578e   _SCI_clearAutoBaudDetect
003f5792   _UART_TxReadyISR
003f57b9   _UART_RxISR
003f57e7   _Timer1ISR
003f5807   _STPOSPLAN_init
003f5871   _PLL_setLockPeriod
003f5876   _PLL_setDivideSelect
003f587d   _PLL_setClkFreq
003f5883   _PLL_resetClkDetect
003f5889   _PLL_init
003f588f   _PLL_getLockStatus
003f5892   _PLL_getDivideSelect
003f5895   _PLL_getClkStatus
003f5898   _PLL_getClkFreq
003f589c   _PLL_enableOsc
003f58a2   _PLL_enableNormRdy
003f58a8   _PLL_enableClkDetect
003f58ae   _PLL_enable
003f58b4   _PLL_disableOsc
003f58ba   _PLL_disableNormRdy
003f58c0   _PLL_disableClkDetect
003f58c6   _PLL_disable
003f58cc   _STPOSMOVE_init
003f591e   _PWR_setNumStandByClocks
003f5930   _PWR_setLowPowerMode
003f5942   _PWR_init
003f5949   _PWR_enableWatchDogInt
003f5954   _PWR_enableBrownOutReset
003f5957   _PWR_disableWatchDogInt
003f5962   _PWR_disableBrownOutReset
003f5965   _WDOG_setPreScaler
003f596f   _WDOG_setCount
003f5971   _WDOG_init
003f5977   _WDOG_getIntStatus
003f597a   _WDOG_enableOverRide
003f5980   _WDOG_enableInt
003f5986   _WDOG_enable
003f598f   _WDOG_disableOverRide
003f5995   _WDOG_disableInt
003f599b   _WDOG_disable
003f59a3   _WDOG_clearCounter
003f59ab   _OFFSET_setOffset
003f59ad   _OFFSET_setInitCond
003f59bc   _OFFSET_setBeta
003f59d2   _OFFSET_init
003f59e3   _OFFSET_getBeta
003f59f0   _c_int00
003f5a34   _STPOSCTL_init
003f5a77   _ST_addPosRollOver
003f5ab3   _STPOSCONV_init
003f5ae8   _TIMER_setPreScaler
003f5af6   _TIMER_setEmulationMode
003f5afa   _TIMER_setDecimationFactor
003f5b08   _TIMER_init
003f5b0e   _TIMER_getStatus
003f5b11   _TIMER_enableInt
003f5b14   _TIMER_disableInt
003f5b17   _TIMER_clearFlag
003f5b1a   _ST_initVersion
003f5b4b   _OSC_setTrim
003f5b54   _OSC_setFineTrim
003f5b65   _OSC_setCoarseTrim
003f5b72   _OSC_init
003f5b78   _CPU_init
003f5b7e   _CPU_enableProtectedRegisterWrite
003f5b81   _CPU_enableInt
003f5b85   _CPU_enableGlobalInts
003f5b88   _CPU_enableDebugInt
003f5b8b   _CPU_disableProtectedRegisterWrite
003f5b8e   _CPU_disableInts
003f5b91   _CPU_disableInt
003f5b96   _CPU_disableGlobalInts
003f5b99   _CPU_disableDebugInt
003f5b9c   _CPU_clearIntFlags
003f5b9f   _FILTER_FO_setNumCoeffs
003f5ba3   _FILTER_FO_setInitialConditions
003f5ba8   _FILTER_FO_setDenCoeffs
003f5baa   _FILTER_FO_init
003f5bb0   _FILTER_FO_getNumCoeffs
003f5bb6   _FILTER_FO_getInitialConditions
003f5bbd   _FILTER_FO_getDenCoeffs
003f5bc0   FS$$TOUL
003f5be1   _FLASH_init
003f5be7   _FLASH_getStandbyWaitStatus
003f5beb   _FLASH_getStandbyWaitCount
003f5bee   _FLASH_getPowerMode
003f5bf1   _FLASH_getActiveWaitStatus
003f5bf5   _FLASH_getActiveWaitCount
003f5bf8   _FLASH_get3VStatus
003f5bfb   _FLASH_clear3VStatus
003f5c01   FS$$TOU
003f5c1e   __args_main
003f5c37   C$$EXIT
003f5c37   _abort
003f5c39   _exit
003f5c50   _SLIP_setup
003f5c58   _SLIP_run
003f5c63   _SLIP_init
003f5c69   _memCopy
003f5c79   __register_unlock
003f5c7d   __register_lock
003f5c81   __nop
003f5c8a   _Brake_init
003f5c90   _FS_init
003f5c96   _QEP_init
003f5c9c   _PIE_illegalIsr
003f5ca1   ___etext__
003f5ca1   etext
003f5ca2   _aucCRCHi
003f5da2   _aucCRCLo
003f5ea2   _MOTOR_DATA
003f5f3c   _JM_FSM_Vars
003f5f96   _BOARD_Params
003f5fce   _JM_FSM_MotorFunc
003f601a   _FSM_ActionFunc
003f6030   _FSM_CondFunc
003f6046   _FSM_MaxTorque
003f6056   _DE5_Board_Bias
003f6062   _FSM_EventTab
003f6092   ___cinit__
003f6092   cinit
003f6126   __IQ24frac
003f6131   __IQ7frac
003f613c   __IQ24int
003f6145   __IQ7int
003f7ff6   code_start
003f8000   _log
003f81d6   FD$$MPY
003f8259   FS$$DIV
003f82dc   _pow
003f835f   FS$$SUB
003f8364   FS$$ADD
003f83d7   FS$$MPY
003f8472   _modf
003f84a3   L$$DIV
003f84b2   L$$MOD
003f84cd   FS$$TOL
003f84f6   FS$$TOI
003f853d   FD$$TOL
003f8579   FS$$TOFD
003f8595   I$$TOFS
003f85af   L$$TOFS
003f85c9   FS$$CMP
003f85f3   UL$$TOFS
003f8606   U$$TOFS
003f8616   FS$$NEG
003f861b   _EST_getState
003f861d   _EST_useZeroIq_ref
003f8679   _EST_isMotorIdentified
003f86ad   _EST_computeDirection_qFmt
003f8713   _EST_updateState
003f89f5   _EST_updateId_ref_pu
003f8a18   _EST_setRs_pu
003f8adb   _EST_setMaxCurrentSlope_pu
003f8ae7   _EST_setLs_q_pu
003f8af1   _EST_setLs_qFmt
003f8b45   _EST_setLs_d_pu
003f8b63   _EST_setIq_ref_pu
003f8b67   _EST_setIdle_all
003f8b7a   _EST_setIdle
003f8b80   _EST_setId_ref_pu
003f8bd3   _EST_setFlag_enableRsRecalc
003f8bdb   _EST_setFlag_enableForceAngle
003f8be4   _EST_setFe_pos_min_pu
003f8be8   _EST_setFe_neg_max_pu
003f8bf5   _EST_setDir_qFmt
003f8c0d   _EST_getAngle_pu
003f927b   _EST_run
003f9378   _EST_isOnLine
003f937f   _EST_isLockRotor
003f9386   _EST_isIdle
003f938d   _EST_isError
003f9458   _EST_get_krpm_to_pu_sf
003f9513   _EST_getRs_Ohm
003f95ad   _EST_getRr_Ohm
003f95b3   _EST_getOneOverDcBus_pu
003f95bd   _EST_getMaxCurrentSlope_pu
003f95c9   _EST_getLs_q_pu
003f95ce   _EST_getLs_q_H
003f95f0   _EST_getLs_d_pu
003f95f5   _EST_getLs_d_H
003f95ff   _EST_getLs_coarse_max_pu
003f9632   _EST_getIdRated
003f968e   _EST_getFm_pu
003f96ab   _EST_getFlux_pu
003f96be   _EST_getFlux_VpHz
003f9758   _EST_doSpeedCtrl
003f9760   _EST_doCurrentCtrl
003f9806   _CTRL_setupTraj
003f996a   _CTRL_setupEstOnLineState
003f99a5   _CTRL_setupEstIdleState
003f9b43   _CTRL_setupCtrl
003f9d31   _CTRL_setUserMotorParams
003f9e64   _CTRL_setEstParams
003fa5d1   _CTRL_runTraj
003fa6fb   _CTRL_initCtrl
003fa721   _CTRL_getVersion
003fb65f   _s1_calc
003fb9ad   _s0_conf
003fb9dd   _s0_calc
003fbae7   _s2_calc
003fbb85   _s4_calc
003fbc34   _s4_conf
003fbc58   _s4_reset
003fbc6d   _spintac_rom_ver
003fec6c   __IQ20div
003fecb3   __IQ24div
003fee98   __IQ20sqrt
003feeda   __IQ24sqrt
003fef5e   __IQ20exp
003fef9b   __IQ24exp
003ff15a   __IQ24sinPU
003ff183   __IQ24cosPU
003ff1e8   __IQ30toF
003ff209   __IQ20log
003ff2a6   __IQ24log
ffffffff   ___binit__
ffffffff   ___c_args__
ffffffff   ___pinit__
ffffffff   binit
ffffffff   pinit

[753 symbols]
