******************************************************************************
             TMS320C2000 Linker PC v6.2.5                      
******************************************************************************
>> Linked Fri Aug 18 16:03:38 2017

OUTPUT FILE NAME:   <proj_lab12a.out>
ENTRY POINT SYMBOL: "_c_int00"  address: 0000af46


MEMORY CONFIGURATION

         name            origin    length      used     unused   attr    fill
----------------------  --------  ---------  --------  --------  ----  --------
PAGE 0:
  BEGIN                 00000000   00000002  00000002  00000000  RWIX
  RAMM0                 00000050   000003b0  000000ec  000002c4  RWIX
  RAML0_L8              00008000   0000b800  00003884  00007f7c  RWIX
  FPUTABLES             003fd590   000006a0  00000000  000006a0  RWIX
  IQTABLES              003fdc30   00000b50  00000b50  00000000  RWIX
  IQTABLES2             003fe780   0000008c  00000000  0000008c  RWIX
  IQTABLES3             003fe80c   000000aa  00000000  000000aa  RWIX
  BOOTROM               003ff3b0   00000c10  00000000  00000c10  RWIX
  RESET                 003fffc0   00000002  00000000  00000002  RWIX

PAGE 1:
  BOOT_RSVD             00000002   0000004e  00000000  0000004e  RWIX
  RAMM1                 00000400   00000400  000003b0  00000050  RWIX
  USB_RAM               00040000   00000800  00000000  00000800  RWIX


SECTION ALLOCATION MAP

 output                                  attributes/
section   page    origin      length       input sections
--------  ----  ----------  ----------   ----------------
codestart 
*          0    00000000    00000002     
                  00000000    00000002     CodeStartBranch.obj (codestart)

.pinit     0    00000050    00000000     UNINITIALIZED

.cinit     0    00000050    000000b6     
                  00000050    000000a0     proj_lab12a.obj (.cinit)
                  000000f0    0000000a     rts2800_ml.lib : _lock.obj (.cinit)
                  000000fa    0000000a                    : exit.obj (.cinit)
                  00000104    00000002     --HOLE-- [fill = 0]

ramfuncs   0    00000106    00000036     
                  00000106    00000032     flash.obj (ramfuncs)
                  00000138    00000004     usDelay.obj (ramfuncs)

.text      0    00008000    0000323e     
                  00008000    00000aa5     hal.obj (.text)
                  00008aa5    0000090d     ctrlQEP.obj (.text)
                  000093b2    0000054d     proj_lab12a.obj (.text)
                  000098ff    00000466     user.obj (.text)
                  00009d65    00000327     SpinTAC.lib : spintac_vel_id.obj (.text:_STVELID_run)
                  0000a08c    000002f1     pwm.obj (.text)
                  0000a37d    000001fb     adc.obj (.text)
                  0000a578    000001f2     SpinTAC.lib : spintac_pos_conv.obj (.text:_STPOSCONV_run)
                  0000a76a    00000194     gpio.obj (.text)
                  0000a8fe    0000018c     enc.obj (.text)
                  0000aa8a    0000018a     clk.obj (.text)
                  0000ac14    0000010e     pie.obj (.text)
                  0000ad22    000000f7     proj_lab12a.obj (.text:retain)
                  0000ae19    0000005b     pll.obj (.text)
                  0000ae74    00000047     pwr.obj (.text)
                  0000aebb    00000046     wdog.obj (.text)
                  0000af01    00000045     offset.obj (.text)
                  0000af46    00000044     rts2800_ml.lib : boot.obj (.text)
                  0000af8a    0000003c     SpinTAC.lib : spintac_pos_roadd.obj (.text:_ST_addPosRollOver)
                  0000afc6    00000035                 : spintac_pos_conv.obj (.text:_STPOSCONV_init)
                  0000affb    00000032     timer.obj (.text)
                  0000b02d    00000031     SpinTAC.lib : spintac_version.obj (.text:_ST_initVersion)
                  0000b05e    0000002d     osc.obj (.text)
                  0000b08b    0000002b     SpinTAC.lib : spintac_vel_id.obj (.text:_STVELID_init)
                  0000b0b6    0000002b                 : spintac_vel_move.obj (.text:_STVELMOVE_init)
                  0000b0e1    0000002a                 : spintac_vel_ctl.obj (.text:_STVELCTL_init)
                  0000b10b    00000027     cpu.obj (.text)
                  0000b132    00000026     SpinTAC.lib : spintac_vel_plan.obj (.text:_STVELPLAN_init)
                  0000b158    00000021     filter_fo.obj (.text)
                  0000b179    00000021     rts2800_ml.lib : fs_toul.obj (.text)
                  0000b19a    00000020     flash.obj (.text)
                  0000b1ba    0000001d     rts2800_ml.lib : fs_tou.obj (.text)
                  0000b1d7    00000019                    : args_main.obj (.text)
                  0000b1f0    00000019                    : exit.obj (.text)
                  0000b209    00000019     slip.obj (.text)
                  0000b222    00000009     rts2800_ml.lib : _lock.obj (.text)
                  0000b22b    00000008     CodeStartBranch.obj (.text)
                  0000b233    00000006     qep.obj (.text)
                  0000b239    00000005     pie.obj (.text:retain)

.ebss      0    0000b23e    000004e6     UNINITIALIZED
                  0000b23e    00000001     cpu.obj (.ebss)
                  0000b23f    00000001     --HOLE--
                  0000b240    0000041a     proj_lab12a.obj (.ebss)
                  0000b65a    00000004     rts2800_ml.lib : _lock.obj (.ebss)
                  0000b65e    00000004                    : exit.obj (.ebss)
                  0000b662    0000001e     --HOLE--
                  0000b680    000000a4     hal.obj (.ebss)

IQmath     0    0000b724    00000134     
                  0000b724    00000047     IQmath.lib : IQ20div.obj (IQmath)
                  0000b76b    00000047                : IQ24div.obj (IQmath)
                  0000b7b2    00000042                : IQ24sqrt.obj (IQmath)
                  0000b7f4    00000029                : IQ24sinPU.obj (IQmath)
                  0000b81d    00000027                : IQ24cosPU.obj (IQmath)
                  0000b844    00000014                : IQ30toF.obj (IQmath)

.econst    0    0000b858    0000002c     
                  0000b858    0000001c     ctrlQEP.obj (.econst)
                  0000b874    00000008     user.obj (.econst)
                  0000b87c    00000004     hal.obj (.econst)
                  0000b880    00000004     proj_lab12a.obj (.econst)

IQmathTables 
*          0    003fdc30    00000b50     NOLOAD SECTION
                  003fdc30    00000b50     IQmath.lib : IQmathTables.obj (IQmathTables)

.reset     0    003fffc0    00000002     DSECT
                  003fffc0    00000002     rts2800_ml.lib : boot.obj (.reset)

.stack     1    00000400    000003b0     UNINITIALIZED
                  00000400    000003b0     --HOLE--


GLOBAL DATA SYMBOLS: SORTED BY DATA PAGE

address     data page           name
--------    ----------------    ----
00000400      10 (00000400)     __stack

0000b23e     2c8 (0000b200)     _cpu

0000b240     2c9 (0000b240)     _gLEDcnt
0000b242     2c9 (0000b240)     _gCounter_updateGlobals
0000b243     2c9 (0000b240)     _Flag_Latch_softwareUpdate
0000b244     2c9 (0000b240)     _gFlux_pu_to_Wb_sf
0000b246     2c9 (0000b240)     _slipHandle
0000b248     2c9 (0000b240)     _stHandle
0000b24a     2c9 (0000b240)     _gTorque_Flux_Iq_pu_to_Nm_sf
0000b24c     2c9 (0000b240)     _gFlux_pu_to_VpHz_sf
0000b24e     2c9 (0000b240)     _gTorque_Ls_Id_Iq_pu_to_Nm_sf
0000b250     2c9 (0000b240)     _encHandle
0000b252     2c9 (0000b240)     _gMaxCurrentSlope
0000b254     2c9 (0000b240)     _controller_obj
0000b256     2c9 (0000b240)     _ctrlHandle
0000b258     2c9 (0000b240)     _halHandle
0000b25a     2c9 (0000b240)     _gPwmData
0000b260     2c9 (0000b240)     _slip
0000b26a     2c9 (0000b240)     _gAdcData

0000b280     2ca (0000b280)     _gMotorVars

0000b300     2cc (0000b300)     _gUserParams

0000b3c0     2cf (0000b3c0)     _enc

0000b500     2d4 (0000b500)     _st_obj

0000b65a     2d9 (0000b640)     __unlock
0000b65c     2d9 (0000b640)     __lock
0000b65e     2d9 (0000b640)     ___TI_cleanup_ptr
0000b660     2d9 (0000b640)     ___TI_dtors_ptr

0000b680     2da (0000b680)     _hal

0000b724     2dc (0000b700)     __IQ20div

0000b76b     2dd (0000b740)     __IQ24div

0000b7b2     2de (0000b780)     __IQ24sqrt

0000b7f4     2df (0000b7c0)     __IQ24sinPU

0000b81d     2e0 (0000b800)     __IQ24cosPU

0000b844     2e1 (0000b840)     __IQ30toF

003fdc30    ff70 (003fdc00)     _IQsinTable

003fdd30    ff74 (003fdd00)     _IQcosTable

003fe030    ff80 (003fe000)     _IQsinTableEnd

003fe132    ff84 (003fe100)     _IQcosTableEnd
003fe132    ff84 (003fe100)     _IQdivRoundSatTable

003fe140    ff85 (003fe140)     _IQdivTable

003fe342    ff8d (003fe340)     _IQdivTableEnd
003fe342    ff8d (003fe340)     _IQisqrtRoundSatTable
003fe342    ff8d (003fe340)     _IQsqrtRoundSatTable
003fe352    ff8d (003fe340)     _IQisqrtTable
003fe352    ff8d (003fe340)     _IQsqrtTable

003fe454    ff91 (003fe440)     _IQatan2HalfPITable
003fe454    ff91 (003fe440)     _IQisqrtTableEnd
003fe454    ff91 (003fe440)     _IQsqrtTableEnd

003fe492    ff92 (003fe480)     _IQatan2Table

003fe618    ff98 (003fe600)     _IQ30mpyRndSatTable
003fe618    ff98 (003fe600)     _IQatan2TableEnd
003fe618    ff98 (003fe600)     _IQmpyRndSatTable
003fe624    ff98 (003fe600)     _IQ29mpyRndSatTable
003fe630    ff98 (003fe600)     _IQ28mpyRndSatTable
003fe63c    ff98 (003fe600)     _IQ27mpyRndSatTable

003fe648    ff99 (003fe640)     _IQ26mpyRndSatTable
003fe654    ff99 (003fe640)     _IQ25mpyRndSatTable
003fe660    ff99 (003fe640)     _IQ24mpyRndSatTable
003fe66c    ff99 (003fe640)     _IQ23mpyRndSatTable
003fe678    ff99 (003fe640)     _IQ22mpyRndSatTable

003fe684    ff9a (003fe680)     _IQ21mpyRndSatTable
003fe690    ff9a (003fe680)     _IQ20mpyRndSatTable
003fe69c    ff9a (003fe680)     _IQ19mpyRndSatTable
003fe6a8    ff9a (003fe680)     _IQ18mpyRndSatTable
003fe6b4    ff9a (003fe680)     _IQ17mpyRndSatTable

003fe6c0    ff9b (003fe6c0)     _IQ16mpyRndSatTable
003fe6cc    ff9b (003fe6c0)     _IQ15mpyRndSatTable
003fe6d8    ff9b (003fe6c0)     _IQ14mpyRndSatTable
003fe6e4    ff9b (003fe6c0)     _IQ13mpyRndSatTable
003fe6f0    ff9b (003fe6c0)     _IQ12mpyRndSatTable
003fe6fc    ff9b (003fe6c0)     _IQ11mpyRndSatTable

003fe708    ff9c (003fe700)     _IQ10mpyRndSatTable
003fe714    ff9c (003fe700)     _IQ9mpyRndSatTable
003fe720    ff9c (003fe700)     _IQ8mpyRndSatTable
003fe72c    ff9c (003fe700)     _IQ7mpyRndSatTable
003fe738    ff9c (003fe700)     _IQ6mpyRndSatTable

003fe744    ff9d (003fe740)     _IQ5mpyRndSatTable
003fe750    ff9d (003fe740)     _IQ4mpyRndSatTable
003fe75c    ff9d (003fe740)     _IQ3mpyRndSatTable
003fe768    ff9d (003fe740)     _IQ2mpyRndSatTable
003fe774    ff9d (003fe740)     _IQ1mpyRndSatTable

003fe780    ff9e (003fe780)     _IQmpyRndSatTableEnd


GLOBAL SYMBOLS: SORTED ALPHABETICALLY BY Name 

address    name
--------   ----
00008000   .text
0000b1f0   C$$EXIT
003f81d6   FD$$MPY
003f853d   FD$$TOL
003f8364   FS$$ADD
003f85c9   FS$$CMP
003f8259   FS$$DIV
003f83d7   FS$$MPY
003f8616   FS$$NEG
003f8579   FS$$TOFD
003f84f6   FS$$TOI
003f84cd   FS$$TOL
0000b1ba   FS$$TOU
0000b179   FS$$TOUL
003f8595   I$$TOFS
003f84a3   L$$DIV
003f8606   U$$TOFS
003f85f3   UL$$TOFS
0000a56d   _ADC_disable
0000a562   _ADC_disableBandGap
0000a547   _ADC_disableInt
0000a53c   _ADC_disableNoOverlapMode
0000a531   _ADC_disableRefBuffers
0000a526   _ADC_disableVoltRefLoConv
0000a51b   _ADC_enable
0000a510   _ADC_enableBandGap
0000a4f9   _ADC_enableInt
0000a4ee   _ADC_enableNoOverlapMode
0000a4e3   _ADC_enableRefBuffers
0000a4d8   _ADC_enableVoltRefLoConv
0000a4d0   _ADC_getDivideSelect
0000a4c9   _ADC_init
0000a4be   _ADC_powerDown
0000a4b3   _ADC_powerUp
0000a4a8   _ADC_reset
0000a496   _ADC_setDivideSelect
0000a479   _ADC_setIntMode
0000a467   _ADC_setIntPulseGenMode
0000a44a   _ADC_setIntSrc
0000a443   _ADC_setOffTrim
0000a42b   _ADC_setSampleMode
0000a416   _ADC_setSampleOverlapMode
0000a403   _ADC_setSocChanNumber
0000a3f9   _ADC_setSocFrc
0000a3f2   _ADC_setSocFrcWord
0000a3df   _ADC_setSocSampleDelay
0000a3cc   _ADC_setSocTrigSrc
0000a3ba   _ADC_setTempSensorSrc
0000a3a8   _ADC_setVoltRefSrc
0000a37d   _ADC_setupSocTrigSrc
0000ac0d   _CLK_disableAdcClock
0000ac06   _CLK_disableClaClock
0000ac00   _CLK_disableClkIn
0000abfc   _CLK_disableCompClock
0000abf5   _CLK_disableCpuTimerClock
0000abef   _CLK_disableCrystalOsc
0000abe8   _CLK_disableEcanaClock
0000abe1   _CLK_disableEcap1Clock
0000abda   _CLK_disableEqep1Clock
0000abd3   _CLK_disableEqep2Clock
0000abcc   _CLK_disableGpioInputClock
0000abc5   _CLK_disableHrPwmClock
0000abbe   _CLK_disableI2cClock
0000abb7   _CLK_disableLinAClock
0000abb1   _CLK_disableOsc1
0000abab   _CLK_disableOsc1HaltMode
0000aba5   _CLK_disableOsc2
0000ab9f   _CLK_disableOsc2HaltMode
0000ab95   _CLK_disablePwmClock
0000ab8e   _CLK_disableSciaClock
0000ab87   _CLK_disableScibClock
0000ab80   _CLK_disableSpiaClock
0000ab7c   _CLK_disableSpibClock
0000ab75   _CLK_disableTbClockSync
0000ab6f   _CLK_disableWatchDogHaltMode
0000ab68   _CLK_enableAdcClock
0000ab61   _CLK_enableClaClock
0000ab5b   _CLK_enableClkIn
0000ab55   _CLK_enableCompClock
0000ab4f   _CLK_enableCpuTimerClock
0000ab49   _CLK_enableCrystalOsc
0000ab42   _CLK_enableEcanaClock
0000ab3b   _CLK_enableEcap1Clock
0000ab34   _CLK_enableEqep1Clock
0000ab2d   _CLK_enableEqep2Clock
0000ab26   _CLK_enableGpioInputClock
0000ab1f   _CLK_enableHrPwmClock
0000ab18   _CLK_enableI2cClock
0000ab11   _CLK_enableLinAClock
0000ab0b   _CLK_enableOsc1
0000ab05   _CLK_enableOsc1HaltMode
0000aaff   _CLK_enableOsc2
0000aaf9   _CLK_enableOsc2HaltMode
0000aaf0   _CLK_enablePwmClock
0000aae9   _CLK_enableSciaClock
0000aae2   _CLK_enableScibClock
0000aadb   _CLK_enableSpiaClock
0000aad4   _CLK_enableSpibClock
0000aacd   _CLK_enableTbClockSync
0000aac7   _CLK_enableWatchDogHaltMode
0000aac1   _CLK_init
0000aaba   _CLK_setClkOutPreScaler
0000aab4   _CLK_setLowSpdPreScaler
0000aaad   _CLK_setOsc2Src
0000aaa6   _CLK_setOscSrc
0000aa9f   _CLK_setTimer2PreScale
0000aa98   _CLK_setTimer2Src
0000aa91   _CLK_setWatchDogSrc
0000aa8a   _CLK_setXClkInSrc
0000b12f   _CPU_clearIntFlags
0000b12c   _CPU_disableDebugInt
0000b129   _CPU_disableGlobalInts
0000b124   _CPU_disableInt
0000b121   _CPU_disableInts
0000b11e   _CPU_disableProtectedRegisterWrite
0000b11b   _CPU_enableDebugInt
0000b118   _CPU_enableGlobalInts
0000b114   _CPU_enableInt
0000b111   _CPU_enableProtectedRegisterWrite
0000b10b   _CPU_init
00009376   _CTRL_getGains
0000936e   _CTRL_getIab_filt_pu
00009366   _CTRL_getIab_in_pu
0000935e   _CTRL_getIdq_in_pu
00009356   _CTRL_getIdq_ref_pu
000093af   _CTRL_getMagCurrent_pu
000093ac   _CTRL_getMaximumSpeed_pu
0000934e   _CTRL_getVab_in_pu
00009346   _CTRL_getVab_out_pu
0000933e   _CTRL_getVdq_out_pu
003fa721   _CTRL_getVersion
00009335   _CTRL_getWaitTimes
003fa6fb   _CTRL_initCtrl
00008e16   _CTRL_run
003fa5d1   _CTRL_runTraj
003f9e64   _CTRL_setEstParams
00008bb2   _CTRL_setGains
000093a6   _CTRL_setMagCurrent_pu
000093a9   _CTRL_setMaximumSpeed_pu
00008bda   _CTRL_setParams
00008b9f   _CTRL_setSpd_ref_krpm
00008b9c   _CTRL_setSpd_ref_pu
003f9d31   _CTRL_setUserMotorParams
00008b93   _CTRL_setWaitTimes
00008b89   _CTRL_setup
00008b6d   _CTRL_setupClarke_I
00008b57   _CTRL_setupClarke_V
003f9b43   _CTRL_setupCtrl
003f99a5   _CTRL_setupEstIdleState
003f996a   _CTRL_setupEstOnLineState
003f9806   _CTRL_setupTraj
00008aa5   _CTRL_updateState
0000aa69   _ENC_calcElecAngle
0000aa5d   _ENC_getSpeedRPM
0000aa56   _ENC_init
0000a9aa   _ENC_run
0000a8fe   _ENC_setup
003f9760   _EST_doCurrentCtrl
003f9758   _EST_doSpeedCtrl
003f8c0d   _EST_getAngle_pu
003f96be   _EST_getFlux_VpHz
003f96ab   _EST_getFlux_pu
003f968e   _EST_getFm_pu
003f9632   _EST_getIdRated
003f95ff   _EST_getLs_coarse_max_pu
003f95f5   _EST_getLs_d_H
003f95f0   _EST_getLs_d_pu
003f95ce   _EST_getLs_q_H
003f95c9   _EST_getLs_q_pu
003f95bd   _EST_getMaxCurrentSlope_pu
003f95b3   _EST_getOneOverDcBus_pu
003f95ad   _EST_getRr_Ohm
003f9513   _EST_getRs_Ohm
003f94c6   _EST_getSpeed_krpm
003f861b   _EST_getState
003f9458   _EST_get_krpm_to_pu_sf
003f9453   _EST_get_pu_to_krpm_sf
003f938d   _EST_isError
003f9386   _EST_isIdle
003f937f   _EST_isLockRotor
003f8679   _EST_isMotorIdentified
003f9378   _EST_isOnLine
003f927b   _EST_run
003f8bdb   _EST_setFlag_enableForceAngle
003f8bd3   _EST_setFlag_enableRsRecalc
003f8b80   _EST_setId_ref_pu
003f8b7a   _EST_setIdle
003f8b67   _EST_setIdle_all
003f8b63   _EST_setIq_ref_pu
003f8b45   _EST_setLs_d_pu
003f8af1   _EST_setLs_qFmt
003f8ae7   _EST_setLs_q_pu
003f8adb   _EST_setMaxCurrentSlope_pu
003f8a18   _EST_setRs_pu
003f89f5   _EST_updateId_ref_pu
003f8713   _EST_updateState
003f861d   _EST_useZeroIq_ref
0000b176   _FILTER_FO_getDenCoeffs
0000b16f   _FILTER_FO_getInitialConditions
0000b169   _FILTER_FO_getNumCoeffs
0000b163   _FILTER_FO_init
0000b161   _FILTER_FO_setDenCoeffs
0000b15c   _FILTER_FO_setInitialConditions
0000b158   _FILTER_FO_setNumCoeffs
0000b1b4   _FLASH_clear3VStatus
00000132   _FLASH_disablePipelineMode
0000012c   _FLASH_enablePipelineMode
0000b1b1   _FLASH_get3VStatus
0000b1ae   _FLASH_getActiveWaitCount
0000b1aa   _FLASH_getActiveWaitStatus
0000b1a7   _FLASH_getPowerMode
0000b1a4   _FLASH_getStandbyWaitCount
0000b1a0   _FLASH_getStandbyWaitStatus
0000b19a   _FLASH_init
00000127   _FLASH_setActiveWaitCount
00000120   _FLASH_setNumPagedReadWaitStates
00000119   _FLASH_setNumRandomReadWaitStates
00000112   _FLASH_setOtpWaitStates
0000010b   _FLASH_setPowerMode
00000106   _FLASH_setStandbyWaitCount
0000b243   _Flag_Latch_softwareUpdate
0000a8ee   _GPIO_getData
0000a8e7   _GPIO_getPortData
0000a8e1   _GPIO_init
0000a8d7   _GPIO_lpmSelect
0000a8b1   _GPIO_read
0000a896   _GPIO_setDirection
0000a88b   _GPIO_setExtInt
0000a878   _GPIO_setHigh
0000a865   _GPIO_setLow
0000a82b   _GPIO_setMode
0000a81f   _GPIO_setPortData
0000a804   _GPIO_setPullup
0000a7c4   _GPIO_setQualification
0000a77d   _GPIO_setQualificationPeriod
0000a76a   _GPIO_toggle
000085c0   _HAL_AdcCalChanSelect
00008617   _HAL_AdcCalConversion
0000876f   _HAL_AdcOffsetSelfCal
00008834   _HAL_OscTempComp
00008887   _HAL_cal
00008aa1   _HAL_disableGlobalInts
000089b4   _HAL_disableWdog
00008a8f   _HAL_enableAdcInts
00008a8b   _HAL_enableDebugInt
00008a87   _HAL_enableGlobalInts
00008a76   _HAL_enablePwmInt
000087a2   _HAL_getOscTrimValue
000089b9   _HAL_init
000087b6   _HAL_osc1Comp
000087f5   _HAL_osc2Comp
0000899f   _HAL_setDacParameters
0000889e   _HAL_setParams
000084c5   _HAL_setupAdcs
000084a9   _HAL_setupClks
00008480   _HAL_setupFaults
00008462   _HAL_setupFlash
000082bf   _HAL_setupGpios
0000826c   _HAL_setupPeripheralClks
00008250   _HAL_setupPie
00008212   _HAL_setupPll
00008187   _HAL_setupPwmDacs
000080bf   _HAL_setupPwms
00008050   _HAL_setupQEP
00008000   _HAL_setupTimers
003fe708   _IQ10mpyRndSatTable
003fe6fc   _IQ11mpyRndSatTable
003fe6f0   _IQ12mpyRndSatTable
003fe6e4   _IQ13mpyRndSatTable
003fe6d8   _IQ14mpyRndSatTable
003fe6cc   _IQ15mpyRndSatTable
003fe6c0   _IQ16mpyRndSatTable
003fe6b4   _IQ17mpyRndSatTable
003fe6a8   _IQ18mpyRndSatTable
003fe69c   _IQ19mpyRndSatTable
003fe774   _IQ1mpyRndSatTable
003fe690   _IQ20mpyRndSatTable
003fe684   _IQ21mpyRndSatTable
003fe678   _IQ22mpyRndSatTable
003fe66c   _IQ23mpyRndSatTable
003fe660   _IQ24mpyRndSatTable
003fe654   _IQ25mpyRndSatTable
003fe648   _IQ26mpyRndSatTable
003fe63c   _IQ27mpyRndSatTable
003fe630   _IQ28mpyRndSatTable
003fe624   _IQ29mpyRndSatTable
003fe768   _IQ2mpyRndSatTable
003fe618   _IQ30mpyRndSatTable
003fe75c   _IQ3mpyRndSatTable
003fe750   _IQ4mpyRndSatTable
003fe744   _IQ5mpyRndSatTable
003fe738   _IQ6mpyRndSatTable
003fe72c   _IQ7mpyRndSatTable
003fe720   _IQ8mpyRndSatTable
003fe714   _IQ9mpyRndSatTable
003fe454   _IQatan2HalfPITable
003fe492   _IQatan2Table
003fe618   _IQatan2TableEnd
003fdd30   _IQcosTable
003fe132   _IQcosTableEnd
003fe132   _IQdivRoundSatTable
003fe140   _IQdivTable
003fe342   _IQdivTableEnd
003fe342   _IQisqrtRoundSatTable
003fe352   _IQisqrtTable
003fe454   _IQisqrtTableEnd
003fe618   _IQmpyRndSatTable
003fe780   _IQmpyRndSatTableEnd
003fdc30   _IQsinTable
003fe030   _IQsinTableEnd
003fe342   _IQsqrtRoundSatTable
003fe352   _IQsqrtTable
003fe454   _IQsqrtTableEnd
0000af39   _OFFSET_getBeta
0000af28   _OFFSET_init
0000af12   _OFFSET_setBeta
0000af03   _OFFSET_setInitCond
0000af01   _OFFSET_setOffset
0000b085   _OSC_init
0000b078   _OSC_setCoarseTrim
0000b067   _OSC_setFineTrim
0000b05e   _OSC_setTrim
0000ad18   _PIE_clearAllFlags
0000ad15   _PIE_clearAllInts
0000ad12   _PIE_disable
0000ad08   _PIE_disableAllInts
0000ad04   _PIE_disableCaptureInt
0000acf7   _PIE_disableExtInt
0000acec   _PIE_disableInt
0000ace9   _PIE_enable
0000accd   _PIE_enableAdcInt
0000acc9   _PIE_enableCaptureInt
0000aca6   _PIE_enableExtInt
0000ac9c   _PIE_enableInt
0000ac97   _PIE_enablePwmInt
0000ac92   _PIE_enablePwmTzInt
0000ac8f   _PIE_enableTimer0Int
0000ac85   _PIE_forceInt
0000ac7d   _PIE_getExtIntCount
0000ac76   _PIE_getIntEnables
0000ac6f   _PIE_getIntFlags
0000b239   _PIE_illegalIsr
0000ac68   _PIE_init
0000ac59   _PIE_registerPieIntHandler
0000ac4e   _PIE_registerSystemIntHandler
0000ac42   _PIE_setDefaultIntVectorTable
0000ac32   _PIE_setExtIntPolarity
0000ac21   _PIE_unregisterPieIntHandler
0000ac14   _PIE_unregisterSystemIntHandler
0000ae6e   _PLL_disable
0000ae68   _PLL_disableClkDetect
0000ae62   _PLL_disableNormRdy
0000ae5c   _PLL_disableOsc
0000ae56   _PLL_enable
0000ae50   _PLL_enableClkDetect
0000ae4a   _PLL_enableNormRdy
0000ae44   _PLL_enableOsc
0000ae40   _PLL_getClkFreq
0000ae3d   _PLL_getClkStatus
0000ae3a   _PLL_getDivideSelect
0000ae37   _PLL_getLockStatus
0000ae31   _PLL_init
0000ae2b   _PLL_resetClkDetect
0000ae25   _PLL_setClkFreq
0000ae1e   _PLL_setDivideSelect
0000ae19   _PLL_setLockPeriod
0000a377   _PWM_clearTripZone
0000a374   _PWM_decrementDeadBandFallingEdgeDelay
0000a371   _PWM_decrementDeadBandRisingEdgeDelay
0000a36a   _PWM_disableAutoConvert
0000a366   _PWM_disableChopping
0000a363   _PWM_disableCounterLoad
0000a360   _PWM_disableDeadBand
0000a35c   _PWM_disableDeadBandHalfCycle
0000a355   _PWM_disableDigitalCompareBlankingWindow
0000a34e   _PWM_disableDigitalCompareBlankingWindowInversion
0000a347   _PWM_disableHrPeriod
0000a340   _PWM_disableHrPhaseSync
0000a33c   _PWM_disableInt
0000a338   _PWM_disableSocAPulse
0000a334   _PWM_disableSocBPulse
0000a32d   _PWM_disableTripZoneInt
0000a326   _PWM_disableTripZoneSrc
0000a320   _PWM_disableTripZones
0000a319   _PWM_enableAutoConvert
0000a315   _PWM_enableChopping
0000a312   _PWM_enableCounterLoad
0000a30e   _PWM_enableDeadBandHalfCycle
0000a307   _PWM_enableDigitalCompareBlankingWindow
0000a300   _PWM_enableDigitalCompareBlankingWindowInversion
0000a2f9   _PWM_enableHrPeriod
0000a2f2   _PWM_enableHrPhaseSync
0000a2ee   _PWM_enableInt
0000a2ea   _PWM_enableSocAPulse
0000a2e6   _PWM_enableSocBPulse
0000a2e0   _PWM_enableTripZoneInt
0000a2da   _PWM_enableTripZoneSrc
0000a2d7   _PWM_getDeadBandFallingEdgeDelay
0000a2d4   _PWM_getDeadBandRisingEdgeDelay
0000a2d0   _PWM_getIntCount
0000a2cc   _PWM_getShadowStatus_CmpA
0000a2c8   _PWM_getShadowStatus_CmpB
0000a2c3   _PWM_getSocACount
0000a2be   _PWM_getSocBCount
0000a2bb   _PWM_incrementDeadBandFallingEdgeDelay
0000a2b8   _PWM_incrementDeadBandRisingEdgeDelay
0000a2b2   _PWM_init
0000a2ab   _PWM_setActionQualContSWForce_PwmA
0000a2a2   _PWM_setActionQualContSWForce_PwmB
0000a299   _PWM_setActionQual_CntDown_CmpA_PwmA
0000a290   _PWM_setActionQual_CntDown_CmpA_PwmB
0000a287   _PWM_setActionQual_CntDown_CmpB_PwmA
0000a27e   _PWM_setActionQual_CntDown_CmpB_PwmB
0000a275   _PWM_setActionQual_CntUp_CmpA_PwmA
0000a26c   _PWM_setActionQual_CntUp_CmpA_PwmB
0000a263   _PWM_setActionQual_CntUp_CmpB_PwmA
0000a25a   _PWM_setActionQual_CntUp_CmpB_PwmB
0000a251   _PWM_setActionQual_Period_PwmA
0000a248   _PWM_setActionQual_Period_PwmB
0000a241   _PWM_setActionQual_Zero_PwmA
0000a23a   _PWM_setActionQual_Zero_PwmB
0000a233   _PWM_setChoppingClkFreq
0000a22c   _PWM_setChoppingDutyCycle
0000a225   _PWM_setChoppingPulseWidth
0000a221   _PWM_setClkDiv
0000a21f   _PWM_setCount
0000a21b   _PWM_setCounterMode
0000a218   _PWM_setDeadBandFallingEdgeDelay
0000a211   _PWM_setDeadBandInputMode
0000a20a   _PWM_setDeadBandOutputMode
0000a203   _PWM_setDeadBandPolarity
0000a200   _PWM_setDeadBandRisingEdgeDelay
0000a1e9   _PWM_setDigitalCompareAEvent1
0000a1d9   _PWM_setDigitalCompareAEvent2
0000a1c2   _PWM_setDigitalCompareBEvent1
0000a1b2   _PWM_setDigitalCompareBEvent2
0000a1a6   _PWM_setDigitalCompareBlankingPulse
0000a1a3   _PWM_setDigitalCompareFilterOffset
0000a199   _PWM_setDigitalCompareFilterSource
0000a196   _PWM_setDigitalCompareFilterWindow
0000a187   _PWM_setDigitalCompareInput
0000a183   _PWM_setHighSpeedClkDiv
0000a179   _PWM_setHrControlMode
0000a16f   _PWM_setHrEdgeMode
0000a165   _PWM_setHrShadowMode
0000a15e   _PWM_setIntMode
0000a157   _PWM_setIntPeriod
0000a153   _PWM_setLoadMode_CmpA
0000a14d   _PWM_setLoadMode_CmpB
0000a14b   _PWM_setPeriod
0000a146   _PWM_setPeriodHr
0000a142   _PWM_setPeriodLoad
0000a140   _PWM_setPhase
0000a13c   _PWM_setPhaseDir
0000a138   _PWM_setRunMode
0000a132   _PWM_setShadowMode_CmpA
0000a12c   _PWM_setShadowMode_CmpB
0000a123   _PWM_setSocAPeriod
0000a119   _PWM_setSocAPulseSrc
0000a110   _PWM_setSocBPeriod
0000a107   _PWM_setSocBPulseSrc
0000a104   _PWM_setSwSync
0000a100   _PWM_setSyncMode
0000a0f6   _PWM_setTripZoneDCEventSelect_DCAEVT1
0000a0ea   _PWM_setTripZoneDCEventSelect_DCAEVT2
0000a0de   _PWM_setTripZoneDCEventSelect_DCBEVT1
0000a0d2   _PWM_setTripZoneDCEventSelect_DCBEVT2
0000a0c6   _PWM_setTripZoneState_DCAEVT1
0000a0ba   _PWM_setTripZoneState_DCAEVT2
0000a0ae   _PWM_setTripZoneState_DCBEVT1
0000a0a2   _PWM_setTripZoneState_DCBEVT2
0000a098   _PWM_setTripZoneState_TZA
0000a08c   _PWM_setTripZoneState_TZB
0000aeb8   _PWR_disableBrownOutReset
0000aead   _PWR_disableWatchDogInt
0000aeaa   _PWR_enableBrownOutReset
0000ae9f   _PWR_enableWatchDogInt
0000ae98   _PWR_init
0000ae86   _PWR_setLowPowerMode
0000ae74   _PWR_setNumStandByClocks
0000b233   _QEP_init
0000013c   _RamfuncsLoadEnd
00000036   _RamfuncsLoadSize
00000106   _RamfuncsLoadStart
00000106   _RamfuncsRunStart
0000b21c   _SLIP_init
0000b211   _SLIP_run
0000b209   _SLIP_setup
0000afc6   _STPOSCONV_init
0000a578   _STPOSCONV_run
0000b0e1   _STVELCTL_init
0000b08b   _STVELID_init
00009d65   _STVELID_run
0000b0b6   _STVELMOVE_init
0000b132   _STVELPLAN_init
0000af8a   _ST_addPosRollOver
0000b02d   _ST_initVersion
0000949c   _ST_runPosConv
000094c7   _ST_runVelId
0000b02a   _TIMER_clearFlag
0000b027   _TIMER_disableInt
0000b024   _TIMER_enableInt
0000b021   _TIMER_getStatus
0000b01b   _TIMER_init
0000b00d   _TIMER_setDecimationFactor
0000b009   _TIMER_setEmulationMode
0000affb   _TIMER_setPreScaler
00009cb4   _USER_calcPIgains
00009cb0   _USER_checkForErrors
00009ca2   _USER_computeFlux
00009c57   _USER_computeFlux_pu_to_VpHz_sf
00009c0c   _USER_computeFlux_pu_to_Wb_sf
00009bc1   _USER_computeTorque_Flux_Iq_pu_to_Nm_sf
00009b78   _USER_computeTorque_Ls_Id_Iq_pu_to_Nm_sf
00009b2c   _USER_computeTorque_Nm
00009ad5   _USER_computeTorque_lbin
00009ad2   _USER_getErrorCode
00009acf   _USER_setErrorCode
0000998d   _USER_setParams
000098ff   _USER_softwareUpdate1p6
0000aef9   _WDOG_clearCounter
0000aef1   _WDOG_disable
0000aeeb   _WDOG_disableInt
0000aee5   _WDOG_disableOverRide
0000aedc   _WDOG_enable
0000aed6   _WDOG_enableInt
0000aed0   _WDOG_enableOverRide
0000aecd   _WDOG_getIntStatus
0000aec7   _WDOG_init
0000aec5   _WDOG_setCount
0000aebb   _WDOG_setPreScaler
0000b724   __IQ20div
0000b81d   __IQ24cosPU
0000b76b   __IQ24div
0000b7f4   __IQ24sinPU
0000b7b2   __IQ24sqrt
0000b844   __IQ30toF
000007b0   __STACK_END
000003b0   __STACK_SIZE
00000001   __TI_args_main
0000b65e   ___TI_cleanup_ptr
0000b660   ___TI_dtors_ptr
ffffffff   ___binit__
ffffffff   ___c_args__
00000050   ___cinit__
0000b23e   ___etext__
ffffffff   ___pinit__
00008000   ___text__
0000b1d7   __args_main
0000b65c   __lock
0000b22a   __nop
0000b226   __register_lock
0000b222   __register_unlock
00000400   __stack
0000b65a   __unlock
0000b1f0   _abort
0000af46   _c_int00
0000b254   _controller_obj
0000b23e   _cpu
0000b256   _ctrlHandle
0000b3c0   _enc
0000b250   _encHandle
0000b1f2   _exit
0000b26a   _gAdcData
0000b242   _gCounter_updateGlobals
0000b24c   _gFlux_pu_to_VpHz_sf
0000b244   _gFlux_pu_to_Wb_sf
0000b240   _gLEDcnt
0000b252   _gMaxCurrentSlope
0000b280   _gMotorVars
0000b25a   _gPwmData
0000b24a   _gTorque_Flux_Iq_pu_to_Nm_sf
0000b24e   _gTorque_Ls_Id_Iq_pu_to_Nm_sf
0000b300   _gUserParams
0000b680   _hal
0000b258   _halHandle
003f8000   _log
00009547   _main
0000ad22   _mainISR
003f8472   _modf
003f82dc   _pow
003fb9dd   _s0_calc
003fb9ad   _s0_conf
003fbae7   _s2_calc
003fbb85   _s4_calc
003fbc34   _s4_conf
003fbc58   _s4_reset
003fbc9b   _s8_calc
003fbc7d   _s8_cfg
003fbd37   _s8_get
003fbc72   _s8_reset
0000b260   _slip
0000b246   _slipHandle
003fbc6d   _spintac_rom_ver
0000b248   _stHandle
0000b500   _st_obj
000093d9   _updateGlobalVariables_motor
000093b2   _updateKpKiGains
00000138   _usDelay
ffffffff   binit
00000050   cinit
00000000   code_start
0000b23e   etext
ffffffff   pinit


GLOBAL SYMBOLS: SORTED BY Symbol Address 

address    name
--------   ----
00000000   code_start
00000001   __TI_args_main
00000036   _RamfuncsLoadSize
00000050   ___cinit__
00000050   cinit
00000106   _FLASH_setStandbyWaitCount
00000106   _RamfuncsLoadStart
00000106   _RamfuncsRunStart
0000010b   _FLASH_setPowerMode
00000112   _FLASH_setOtpWaitStates
00000119   _FLASH_setNumRandomReadWaitStates
00000120   _FLASH_setNumPagedReadWaitStates
00000127   _FLASH_setActiveWaitCount
0000012c   _FLASH_enablePipelineMode
00000132   _FLASH_disablePipelineMode
00000138   _usDelay
0000013c   _RamfuncsLoadEnd
000003b0   __STACK_SIZE
00000400   __stack
000007b0   __STACK_END
00008000   .text
00008000   _HAL_setupTimers
00008000   ___text__
00008050   _HAL_setupQEP
000080bf   _HAL_setupPwms
00008187   _HAL_setupPwmDacs
00008212   _HAL_setupPll
00008250   _HAL_setupPie
0000826c   _HAL_setupPeripheralClks
000082bf   _HAL_setupGpios
00008462   _HAL_setupFlash
00008480   _HAL_setupFaults
000084a9   _HAL_setupClks
000084c5   _HAL_setupAdcs
000085c0   _HAL_AdcCalChanSelect
00008617   _HAL_AdcCalConversion
0000876f   _HAL_AdcOffsetSelfCal
000087a2   _HAL_getOscTrimValue
000087b6   _HAL_osc1Comp
000087f5   _HAL_osc2Comp
00008834   _HAL_OscTempComp
00008887   _HAL_cal
0000889e   _HAL_setParams
0000899f   _HAL_setDacParameters
000089b4   _HAL_disableWdog
000089b9   _HAL_init
00008a76   _HAL_enablePwmInt
00008a87   _HAL_enableGlobalInts
00008a8b   _HAL_enableDebugInt
00008a8f   _HAL_enableAdcInts
00008aa1   _HAL_disableGlobalInts
00008aa5   _CTRL_updateState
00008b57   _CTRL_setupClarke_V
00008b6d   _CTRL_setupClarke_I
00008b89   _CTRL_setup
00008b93   _CTRL_setWaitTimes
00008b9c   _CTRL_setSpd_ref_pu
00008b9f   _CTRL_setSpd_ref_krpm
00008bb2   _CTRL_setGains
00008bda   _CTRL_setParams
00008e16   _CTRL_run
00009335   _CTRL_getWaitTimes
0000933e   _CTRL_getVdq_out_pu
00009346   _CTRL_getVab_out_pu
0000934e   _CTRL_getVab_in_pu
00009356   _CTRL_getIdq_ref_pu
0000935e   _CTRL_getIdq_in_pu
00009366   _CTRL_getIab_in_pu
0000936e   _CTRL_getIab_filt_pu
00009376   _CTRL_getGains
000093a6   _CTRL_setMagCurrent_pu
000093a9   _CTRL_setMaximumSpeed_pu
000093ac   _CTRL_getMaximumSpeed_pu
000093af   _CTRL_getMagCurrent_pu
000093b2   _updateKpKiGains
000093d9   _updateGlobalVariables_motor
0000949c   _ST_runPosConv
000094c7   _ST_runVelId
00009547   _main
000098ff   _USER_softwareUpdate1p6
0000998d   _USER_setParams
00009acf   _USER_setErrorCode
00009ad2   _USER_getErrorCode
00009ad5   _USER_computeTorque_lbin
00009b2c   _USER_computeTorque_Nm
00009b78   _USER_computeTorque_Ls_Id_Iq_pu_to_Nm_sf
00009bc1   _USER_computeTorque_Flux_Iq_pu_to_Nm_sf
00009c0c   _USER_computeFlux_pu_to_Wb_sf
00009c57   _USER_computeFlux_pu_to_VpHz_sf
00009ca2   _USER_computeFlux
00009cb0   _USER_checkForErrors
00009cb4   _USER_calcPIgains
00009d65   _STVELID_run
0000a08c   _PWM_setTripZoneState_TZB
0000a098   _PWM_setTripZoneState_TZA
0000a0a2   _PWM_setTripZoneState_DCBEVT2
0000a0ae   _PWM_setTripZoneState_DCBEVT1
0000a0ba   _PWM_setTripZoneState_DCAEVT2
0000a0c6   _PWM_setTripZoneState_DCAEVT1
0000a0d2   _PWM_setTripZoneDCEventSelect_DCBEVT2
0000a0de   _PWM_setTripZoneDCEventSelect_DCBEVT1
0000a0ea   _PWM_setTripZoneDCEventSelect_DCAEVT2
0000a0f6   _PWM_setTripZoneDCEventSelect_DCAEVT1
0000a100   _PWM_setSyncMode
0000a104   _PWM_setSwSync
0000a107   _PWM_setSocBPulseSrc
0000a110   _PWM_setSocBPeriod
0000a119   _PWM_setSocAPulseSrc
0000a123   _PWM_setSocAPeriod
0000a12c   _PWM_setShadowMode_CmpB
0000a132   _PWM_setShadowMode_CmpA
0000a138   _PWM_setRunMode
0000a13c   _PWM_setPhaseDir
0000a140   _PWM_setPhase
0000a142   _PWM_setPeriodLoad
0000a146   _PWM_setPeriodHr
0000a14b   _PWM_setPeriod
0000a14d   _PWM_setLoadMode_CmpB
0000a153   _PWM_setLoadMode_CmpA
0000a157   _PWM_setIntPeriod
0000a15e   _PWM_setIntMode
0000a165   _PWM_setHrShadowMode
0000a16f   _PWM_setHrEdgeMode
0000a179   _PWM_setHrControlMode
0000a183   _PWM_setHighSpeedClkDiv
0000a187   _PWM_setDigitalCompareInput
0000a196   _PWM_setDigitalCompareFilterWindow
0000a199   _PWM_setDigitalCompareFilterSource
0000a1a3   _PWM_setDigitalCompareFilterOffset
0000a1a6   _PWM_setDigitalCompareBlankingPulse
0000a1b2   _PWM_setDigitalCompareBEvent2
0000a1c2   _PWM_setDigitalCompareBEvent1
0000a1d9   _PWM_setDigitalCompareAEvent2
0000a1e9   _PWM_setDigitalCompareAEvent1
0000a200   _PWM_setDeadBandRisingEdgeDelay
0000a203   _PWM_setDeadBandPolarity
0000a20a   _PWM_setDeadBandOutputMode
0000a211   _PWM_setDeadBandInputMode
0000a218   _PWM_setDeadBandFallingEdgeDelay
0000a21b   _PWM_setCounterMode
0000a21f   _PWM_setCount
0000a221   _PWM_setClkDiv
0000a225   _PWM_setChoppingPulseWidth
0000a22c   _PWM_setChoppingDutyCycle
0000a233   _PWM_setChoppingClkFreq
0000a23a   _PWM_setActionQual_Zero_PwmB
0000a241   _PWM_setActionQual_Zero_PwmA
0000a248   _PWM_setActionQual_Period_PwmB
0000a251   _PWM_setActionQual_Period_PwmA
0000a25a   _PWM_setActionQual_CntUp_CmpB_PwmB
0000a263   _PWM_setActionQual_CntUp_CmpB_PwmA
0000a26c   _PWM_setActionQual_CntUp_CmpA_PwmB
0000a275   _PWM_setActionQual_CntUp_CmpA_PwmA
0000a27e   _PWM_setActionQual_CntDown_CmpB_PwmB
0000a287   _PWM_setActionQual_CntDown_CmpB_PwmA
0000a290   _PWM_setActionQual_CntDown_CmpA_PwmB
0000a299   _PWM_setActionQual_CntDown_CmpA_PwmA
0000a2a2   _PWM_setActionQualContSWForce_PwmB
0000a2ab   _PWM_setActionQualContSWForce_PwmA
0000a2b2   _PWM_init
0000a2b8   _PWM_incrementDeadBandRisingEdgeDelay
0000a2bb   _PWM_incrementDeadBandFallingEdgeDelay
0000a2be   _PWM_getSocBCount
0000a2c3   _PWM_getSocACount
0000a2c8   _PWM_getShadowStatus_CmpB
0000a2cc   _PWM_getShadowStatus_CmpA
0000a2d0   _PWM_getIntCount
0000a2d4   _PWM_getDeadBandRisingEdgeDelay
0000a2d7   _PWM_getDeadBandFallingEdgeDelay
0000a2da   _PWM_enableTripZoneSrc
0000a2e0   _PWM_enableTripZoneInt
0000a2e6   _PWM_enableSocBPulse
0000a2ea   _PWM_enableSocAPulse
0000a2ee   _PWM_enableInt
0000a2f2   _PWM_enableHrPhaseSync
0000a2f9   _PWM_enableHrPeriod
0000a300   _PWM_enableDigitalCompareBlankingWindowInversion
0000a307   _PWM_enableDigitalCompareBlankingWindow
0000a30e   _PWM_enableDeadBandHalfCycle
0000a312   _PWM_enableCounterLoad
0000a315   _PWM_enableChopping
0000a319   _PWM_enableAutoConvert
0000a320   _PWM_disableTripZones
0000a326   _PWM_disableTripZoneSrc
0000a32d   _PWM_disableTripZoneInt
0000a334   _PWM_disableSocBPulse
0000a338   _PWM_disableSocAPulse
0000a33c   _PWM_disableInt
0000a340   _PWM_disableHrPhaseSync
0000a347   _PWM_disableHrPeriod
0000a34e   _PWM_disableDigitalCompareBlankingWindowInversion
0000a355   _PWM_disableDigitalCompareBlankingWindow
0000a35c   _PWM_disableDeadBandHalfCycle
0000a360   _PWM_disableDeadBand
0000a363   _PWM_disableCounterLoad
0000a366   _PWM_disableChopping
0000a36a   _PWM_disableAutoConvert
0000a371   _PWM_decrementDeadBandRisingEdgeDelay
0000a374   _PWM_decrementDeadBandFallingEdgeDelay
0000a377   _PWM_clearTripZone
0000a37d   _ADC_setupSocTrigSrc
0000a3a8   _ADC_setVoltRefSrc
0000a3ba   _ADC_setTempSensorSrc
0000a3cc   _ADC_setSocTrigSrc
0000a3df   _ADC_setSocSampleDelay
0000a3f2   _ADC_setSocFrcWord
0000a3f9   _ADC_setSocFrc
0000a403   _ADC_setSocChanNumber
0000a416   _ADC_setSampleOverlapMode
0000a42b   _ADC_setSampleMode
0000a443   _ADC_setOffTrim
0000a44a   _ADC_setIntSrc
0000a467   _ADC_setIntPulseGenMode
0000a479   _ADC_setIntMode
0000a496   _ADC_setDivideSelect
0000a4a8   _ADC_reset
0000a4b3   _ADC_powerUp
0000a4be   _ADC_powerDown
0000a4c9   _ADC_init
0000a4d0   _ADC_getDivideSelect
0000a4d8   _ADC_enableVoltRefLoConv
0000a4e3   _ADC_enableRefBuffers
0000a4ee   _ADC_enableNoOverlapMode
0000a4f9   _ADC_enableInt
0000a510   _ADC_enableBandGap
0000a51b   _ADC_enable
0000a526   _ADC_disableVoltRefLoConv
0000a531   _ADC_disableRefBuffers
0000a53c   _ADC_disableNoOverlapMode
0000a547   _ADC_disableInt
0000a562   _ADC_disableBandGap
0000a56d   _ADC_disable
0000a578   _STPOSCONV_run
0000a76a   _GPIO_toggle
0000a77d   _GPIO_setQualificationPeriod
0000a7c4   _GPIO_setQualification
0000a804   _GPIO_setPullup
0000a81f   _GPIO_setPortData
0000a82b   _GPIO_setMode
0000a865   _GPIO_setLow
0000a878   _GPIO_setHigh
0000a88b   _GPIO_setExtInt
0000a896   _GPIO_setDirection
0000a8b1   _GPIO_read
0000a8d7   _GPIO_lpmSelect
0000a8e1   _GPIO_init
0000a8e7   _GPIO_getPortData
0000a8ee   _GPIO_getData
0000a8fe   _ENC_setup
0000a9aa   _ENC_run
0000aa56   _ENC_init
0000aa5d   _ENC_getSpeedRPM
0000aa69   _ENC_calcElecAngle
0000aa8a   _CLK_setXClkInSrc
0000aa91   _CLK_setWatchDogSrc
0000aa98   _CLK_setTimer2Src
0000aa9f   _CLK_setTimer2PreScale
0000aaa6   _CLK_setOscSrc
0000aaad   _CLK_setOsc2Src
0000aab4   _CLK_setLowSpdPreScaler
0000aaba   _CLK_setClkOutPreScaler
0000aac1   _CLK_init
0000aac7   _CLK_enableWatchDogHaltMode
0000aacd   _CLK_enableTbClockSync
0000aad4   _CLK_enableSpibClock
0000aadb   _CLK_enableSpiaClock
0000aae2   _CLK_enableScibClock
0000aae9   _CLK_enableSciaClock
0000aaf0   _CLK_enablePwmClock
0000aaf9   _CLK_enableOsc2HaltMode
0000aaff   _CLK_enableOsc2
0000ab05   _CLK_enableOsc1HaltMode
0000ab0b   _CLK_enableOsc1
0000ab11   _CLK_enableLinAClock
0000ab18   _CLK_enableI2cClock
0000ab1f   _CLK_enableHrPwmClock
0000ab26   _CLK_enableGpioInputClock
0000ab2d   _CLK_enableEqep2Clock
0000ab34   _CLK_enableEqep1Clock
0000ab3b   _CLK_enableEcap1Clock
0000ab42   _CLK_enableEcanaClock
0000ab49   _CLK_enableCrystalOsc
0000ab4f   _CLK_enableCpuTimerClock
0000ab55   _CLK_enableCompClock
0000ab5b   _CLK_enableClkIn
0000ab61   _CLK_enableClaClock
0000ab68   _CLK_enableAdcClock
0000ab6f   _CLK_disableWatchDogHaltMode
0000ab75   _CLK_disableTbClockSync
0000ab7c   _CLK_disableSpibClock
0000ab80   _CLK_disableSpiaClock
0000ab87   _CLK_disableScibClock
0000ab8e   _CLK_disableSciaClock
0000ab95   _CLK_disablePwmClock
0000ab9f   _CLK_disableOsc2HaltMode
0000aba5   _CLK_disableOsc2
0000abab   _CLK_disableOsc1HaltMode
0000abb1   _CLK_disableOsc1
0000abb7   _CLK_disableLinAClock
0000abbe   _CLK_disableI2cClock
0000abc5   _CLK_disableHrPwmClock
0000abcc   _CLK_disableGpioInputClock
0000abd3   _CLK_disableEqep2Clock
0000abda   _CLK_disableEqep1Clock
0000abe1   _CLK_disableEcap1Clock
0000abe8   _CLK_disableEcanaClock
0000abef   _CLK_disableCrystalOsc
0000abf5   _CLK_disableCpuTimerClock
0000abfc   _CLK_disableCompClock
0000ac00   _CLK_disableClkIn
0000ac06   _CLK_disableClaClock
0000ac0d   _CLK_disableAdcClock
0000ac14   _PIE_unregisterSystemIntHandler
0000ac21   _PIE_unregisterPieIntHandler
0000ac32   _PIE_setExtIntPolarity
0000ac42   _PIE_setDefaultIntVectorTable
0000ac4e   _PIE_registerSystemIntHandler
0000ac59   _PIE_registerPieIntHandler
0000ac68   _PIE_init
0000ac6f   _PIE_getIntFlags
0000ac76   _PIE_getIntEnables
0000ac7d   _PIE_getExtIntCount
0000ac85   _PIE_forceInt
0000ac8f   _PIE_enableTimer0Int
0000ac92   _PIE_enablePwmTzInt
0000ac97   _PIE_enablePwmInt
0000ac9c   _PIE_enableInt
0000aca6   _PIE_enableExtInt
0000acc9   _PIE_enableCaptureInt
0000accd   _PIE_enableAdcInt
0000ace9   _PIE_enable
0000acec   _PIE_disableInt
0000acf7   _PIE_disableExtInt
0000ad04   _PIE_disableCaptureInt
0000ad08   _PIE_disableAllInts
0000ad12   _PIE_disable
0000ad15   _PIE_clearAllInts
0000ad18   _PIE_clearAllFlags
0000ad22   _mainISR
0000ae19   _PLL_setLockPeriod
0000ae1e   _PLL_setDivideSelect
0000ae25   _PLL_setClkFreq
0000ae2b   _PLL_resetClkDetect
0000ae31   _PLL_init
0000ae37   _PLL_getLockStatus
0000ae3a   _PLL_getDivideSelect
0000ae3d   _PLL_getClkStatus
0000ae40   _PLL_getClkFreq
0000ae44   _PLL_enableOsc
0000ae4a   _PLL_enableNormRdy
0000ae50   _PLL_enableClkDetect
0000ae56   _PLL_enable
0000ae5c   _PLL_disableOsc
0000ae62   _PLL_disableNormRdy
0000ae68   _PLL_disableClkDetect
0000ae6e   _PLL_disable
0000ae74   _PWR_setNumStandByClocks
0000ae86   _PWR_setLowPowerMode
0000ae98   _PWR_init
0000ae9f   _PWR_enableWatchDogInt
0000aeaa   _PWR_enableBrownOutReset
0000aead   _PWR_disableWatchDogInt
0000aeb8   _PWR_disableBrownOutReset
0000aebb   _WDOG_setPreScaler
0000aec5   _WDOG_setCount
0000aec7   _WDOG_init
0000aecd   _WDOG_getIntStatus
0000aed0   _WDOG_enableOverRide
0000aed6   _WDOG_enableInt
0000aedc   _WDOG_enable
0000aee5   _WDOG_disableOverRide
0000aeeb   _WDOG_disableInt
0000aef1   _WDOG_disable
0000aef9   _WDOG_clearCounter
0000af01   _OFFSET_setOffset
0000af03   _OFFSET_setInitCond
0000af12   _OFFSET_setBeta
0000af28   _OFFSET_init
0000af39   _OFFSET_getBeta
0000af46   _c_int00
0000af8a   _ST_addPosRollOver
0000afc6   _STPOSCONV_init
0000affb   _TIMER_setPreScaler
0000b009   _TIMER_setEmulationMode
0000b00d   _TIMER_setDecimationFactor
0000b01b   _TIMER_init
0000b021   _TIMER_getStatus
0000b024   _TIMER_enableInt
0000b027   _TIMER_disableInt
0000b02a   _TIMER_clearFlag
0000b02d   _ST_initVersion
0000b05e   _OSC_setTrim
0000b067   _OSC_setFineTrim
0000b078   _OSC_setCoarseTrim
0000b085   _OSC_init
0000b08b   _STVELID_init
0000b0b6   _STVELMOVE_init
0000b0e1   _STVELCTL_init
0000b10b   _CPU_init
0000b111   _CPU_enableProtectedRegisterWrite
0000b114   _CPU_enableInt
0000b118   _CPU_enableGlobalInts
0000b11b   _CPU_enableDebugInt
0000b11e   _CPU_disableProtectedRegisterWrite
0000b121   _CPU_disableInts
0000b124   _CPU_disableInt
0000b129   _CPU_disableGlobalInts
0000b12c   _CPU_disableDebugInt
0000b12f   _CPU_clearIntFlags
0000b132   _STVELPLAN_init
0000b158   _FILTER_FO_setNumCoeffs
0000b15c   _FILTER_FO_setInitialConditions
0000b161   _FILTER_FO_setDenCoeffs
0000b163   _FILTER_FO_init
0000b169   _FILTER_FO_getNumCoeffs
0000b16f   _FILTER_FO_getInitialConditions
0000b176   _FILTER_FO_getDenCoeffs
0000b179   FS$$TOUL
0000b19a   _FLASH_init
0000b1a0   _FLASH_getStandbyWaitStatus
0000b1a4   _FLASH_getStandbyWaitCount
0000b1a7   _FLASH_getPowerMode
0000b1aa   _FLASH_getActiveWaitStatus
0000b1ae   _FLASH_getActiveWaitCount
0000b1b1   _FLASH_get3VStatus
0000b1b4   _FLASH_clear3VStatus
0000b1ba   FS$$TOU
0000b1d7   __args_main
0000b1f0   C$$EXIT
0000b1f0   _abort
0000b1f2   _exit
0000b209   _SLIP_setup
0000b211   _SLIP_run
0000b21c   _SLIP_init
0000b222   __register_unlock
0000b226   __register_lock
0000b22a   __nop
0000b233   _QEP_init
0000b239   _PIE_illegalIsr
0000b23e   ___etext__
0000b23e   _cpu
0000b23e   etext
0000b240   _gLEDcnt
0000b242   _gCounter_updateGlobals
0000b243   _Flag_Latch_softwareUpdate
0000b244   _gFlux_pu_to_Wb_sf
0000b246   _slipHandle
0000b248   _stHandle
0000b24a   _gTorque_Flux_Iq_pu_to_Nm_sf
0000b24c   _gFlux_pu_to_VpHz_sf
0000b24e   _gTorque_Ls_Id_Iq_pu_to_Nm_sf
0000b250   _encHandle
0000b252   _gMaxCurrentSlope
0000b254   _controller_obj
0000b256   _ctrlHandle
0000b258   _halHandle
0000b25a   _gPwmData
0000b260   _slip
0000b26a   _gAdcData
0000b280   _gMotorVars
0000b300   _gUserParams
0000b3c0   _enc
0000b500   _st_obj
0000b65a   __unlock
0000b65c   __lock
0000b65e   ___TI_cleanup_ptr
0000b660   ___TI_dtors_ptr
0000b680   _hal
0000b724   __IQ20div
0000b76b   __IQ24div
0000b7b2   __IQ24sqrt
0000b7f4   __IQ24sinPU
0000b81d   __IQ24cosPU
0000b844   __IQ30toF
003f8000   _log
003f81d6   FD$$MPY
003f8259   FS$$DIV
003f82dc   _pow
003f8364   FS$$ADD
003f83d7   FS$$MPY
003f8472   _modf
003f84a3   L$$DIV
003f84cd   FS$$TOL
003f84f6   FS$$TOI
003f853d   FD$$TOL
003f8579   FS$$TOFD
003f8595   I$$TOFS
003f85c9   FS$$CMP
003f85f3   UL$$TOFS
003f8606   U$$TOFS
003f8616   FS$$NEG
003f861b   _EST_getState
003f861d   _EST_useZeroIq_ref
003f8679   _EST_isMotorIdentified
003f8713   _EST_updateState
003f89f5   _EST_updateId_ref_pu
003f8a18   _EST_setRs_pu
003f8adb   _EST_setMaxCurrentSlope_pu
003f8ae7   _EST_setLs_q_pu
003f8af1   _EST_setLs_qFmt
003f8b45   _EST_setLs_d_pu
003f8b63   _EST_setIq_ref_pu
003f8b67   _EST_setIdle_all
003f8b7a   _EST_setIdle
003f8b80   _EST_setId_ref_pu
003f8bd3   _EST_setFlag_enableRsRecalc
003f8bdb   _EST_setFlag_enableForceAngle
003f8c0d   _EST_getAngle_pu
003f927b   _EST_run
003f9378   _EST_isOnLine
003f937f   _EST_isLockRotor
003f9386   _EST_isIdle
003f938d   _EST_isError
003f9453   _EST_get_pu_to_krpm_sf
003f9458   _EST_get_krpm_to_pu_sf
003f94c6   _EST_getSpeed_krpm
003f9513   _EST_getRs_Ohm
003f95ad   _EST_getRr_Ohm
003f95b3   _EST_getOneOverDcBus_pu
003f95bd   _EST_getMaxCurrentSlope_pu
003f95c9   _EST_getLs_q_pu
003f95ce   _EST_getLs_q_H
003f95f0   _EST_getLs_d_pu
003f95f5   _EST_getLs_d_H
003f95ff   _EST_getLs_coarse_max_pu
003f9632   _EST_getIdRated
003f968e   _EST_getFm_pu
003f96ab   _EST_getFlux_pu
003f96be   _EST_getFlux_VpHz
003f9758   _EST_doSpeedCtrl
003f9760   _EST_doCurrentCtrl
003f9806   _CTRL_setupTraj
003f996a   _CTRL_setupEstOnLineState
003f99a5   _CTRL_setupEstIdleState
003f9b43   _CTRL_setupCtrl
003f9d31   _CTRL_setUserMotorParams
003f9e64   _CTRL_setEstParams
003fa5d1   _CTRL_runTraj
003fa6fb   _CTRL_initCtrl
003fa721   _CTRL_getVersion
003fb9ad   _s0_conf
003fb9dd   _s0_calc
003fbae7   _s2_calc
003fbb85   _s4_calc
003fbc34   _s4_conf
003fbc58   _s4_reset
003fbc6d   _spintac_rom_ver
003fbc72   _s8_reset
003fbc7d   _s8_cfg
003fbc9b   _s8_calc
003fbd37   _s8_get
003fdc30   _IQsinTable
003fdd30   _IQcosTable
003fe030   _IQsinTableEnd
003fe132   _IQcosTableEnd
003fe132   _IQdivRoundSatTable
003fe140   _IQdivTable
003fe342   _IQdivTableEnd
003fe342   _IQisqrtRoundSatTable
003fe342   _IQsqrtRoundSatTable
003fe352   _IQisqrtTable
003fe352   _IQsqrtTable
003fe454   _IQatan2HalfPITable
003fe454   _IQisqrtTableEnd
003fe454   _IQsqrtTableEnd
003fe492   _IQatan2Table
003fe618   _IQ30mpyRndSatTable
003fe618   _IQatan2TableEnd
003fe618   _IQmpyRndSatTable
003fe624   _IQ29mpyRndSatTable
003fe630   _IQ28mpyRndSatTable
003fe63c   _IQ27mpyRndSatTable
003fe648   _IQ26mpyRndSatTable
003fe654   _IQ25mpyRndSatTable
003fe660   _IQ24mpyRndSatTable
003fe66c   _IQ23mpyRndSatTable
003fe678   _IQ22mpyRndSatTable
003fe684   _IQ21mpyRndSatTable
003fe690   _IQ20mpyRndSatTable
003fe69c   _IQ19mpyRndSatTable
003fe6a8   _IQ18mpyRndSatTable
003fe6b4   _IQ17mpyRndSatTable
003fe6c0   _IQ16mpyRndSatTable
003fe6cc   _IQ15mpyRndSatTable
003fe6d8   _IQ14mpyRndSatTable
003fe6e4   _IQ13mpyRndSatTable
003fe6f0   _IQ12mpyRndSatTable
003fe6fc   _IQ11mpyRndSatTable
003fe708   _IQ10mpyRndSatTable
003fe714   _IQ9mpyRndSatTable
003fe720   _IQ8mpyRndSatTable
003fe72c   _IQ7mpyRndSatTable
003fe738   _IQ6mpyRndSatTable
003fe744   _IQ5mpyRndSatTable
003fe750   _IQ4mpyRndSatTable
003fe75c   _IQ3mpyRndSatTable
003fe768   _IQ2mpyRndSatTable
003fe774   _IQ1mpyRndSatTable
003fe780   _IQmpyRndSatTableEnd
ffffffff   ___binit__
ffffffff   ___c_args__
ffffffff   ___pinit__
ffffffff   binit
ffffffff   pinit

[604 symbols]
