******************************************************************************
             TMS320C2000 Linker PC v6.2.5                      
******************************************************************************
>> Linked Thu Jun 22 10:43:15 2017

OUTPUT FILE NAME:   <proj_lab11b.out>
ENTRY POINT SYMBOL: "_c_int00"  address: 003f2cb1


MEMORY CONFIGURATION

         name            origin    length      used     unused   attr    fill
----------------------  --------  ---------  --------  --------  ----  --------
PAGE 0:
  P_RAML0               00008000   00000980  0000088a  000000f6  RWIX
  OTP                   003d7800   00000400  00000000  00000400  RWIX
  FLASHB_D              003f0000   00006000  0000301a  00002fe6  RWIX
  D_FLASHA              003f6000   00001f80  00000078  00001f08  RWIX
  CSM_RSVD              003f7f80   00000076  00000000  00000076  RWIX
  BEGIN                 003f7ff6   00000002  00000002  00000000  RWIX
  CSM_PWL_P0            003f7ff8   00000008  00000000  00000008  RWIX
  IQTABLES              003fe000   00000b50  00000000  00000b50  RWIX
  IQTABLES2             003feb50   0000008c  00000000  0000008c  RWIX
  IQTABLES3             003febdc   000000aa  00000000  000000aa  RWIX
  ROM                   003ff27c   00000d44  00000000  00000d44  RWIX
  RESET                 003fffc0   00000002  00000000  00000002  RWIX
  VECTORS               003fffc2   0000003e  00000000  0000003e  RWIX

PAGE 1:
  RAMM0_M1              00000000   00000600  0000035d  000002a3  RWIX
  D_RAML0               00008980   00000680  00000520  00000160  RWIX


SECTION ALLOCATION MAP

 output                                  attributes/
section   page    origin      length       input sections
--------  ----  ----------  ----------   ----------------
.pinit     0    003f0000    00000000     UNINITIALIZED

ebss_extension 
*          0    000085c0    000002d0     UNINITIALIZED
                  000085c0    000002d0     proj_lab11b.obj (ebss_extension)

ramfuncs   0    003f0000    000005ba     RUN ADDR = 00008000
                  003f0000    000003fe     proj_lab11b.obj (ramfuncs:retain)
                  003f03fe    00000168     proj_lab11b.obj (ramfuncs)
                  003f0566    00000032     flash.obj (ramfuncs)
                  003f0598    0000001e     hal.obj (ramfuncs)
                  003f05b6    00000004     usDelay.obj (ramfuncs)

.text      0    003f05ba    000028fa     
                  003f05ba    000008a0     hal.obj (.text)
                  003f0e5a    000007dc     EST_setEstParams.lib : EST_setEstParams.obj (.text)
                  003f1636    0000063e     proj_lab11b.obj (.text)
                  003f1c74    000003b0     user.obj (.text)
                  003f2024    000002f1     pwm.obj (.text)
                  003f2315    000001f8     adc.obj (.text)
                  003f250d    00000168     gpio.obj (.text)
                  003f2675    00000154     EST_setupEstIdleState.lib : EST_setupEstIdleState.obj (.text)
                  003f27c9    0000012b     clk.obj (.text)
                  003f28f4    0000010e     pie.obj (.text)
                  003f2a02    000000f0     vib_comp.lib : vib_comp_priv.obj (.text)
                  003f2af2    000000d7     i2c.obj (.text)
                  003f2bc9    0000005b     pll.obj (.text)
                  003f2c24    00000047     pwr.obj (.text)
                  003f2c6b    00000046     wdog.obj (.text)
                  003f2cb1    00000044     rts2800_ml.lib : boot.obj (.text)
                  003f2cf5    00000032     timer.obj (.text)
                  003f2d27    0000002d     osc.obj (.text)
                  003f2d54    00000027     cpu.obj (.text)
                  003f2d7b    00000021     filter_fo.obj (.text)
                  003f2d9c    00000021     rts2800_ml.lib : fs_toul.obj (.text)
                  003f2dbd    00000020     flash.obj (.text)
                  003f2ddd    0000001d     rts2800_ml.lib : fs_tou.obj (.text)
                  003f2dfa    0000001c     cpu_usage.obj (.text)
                  003f2e16    00000019     rts2800_ml.lib : args_main.obj (.text)
                  003f2e2f    00000019                    : exit.obj (.text)
                  003f2e48    00000010     memCopy.obj (.text)
                  003f2e58    0000000e     EST_getIdq_pu.lib : EST_getIdq_pu.obj (.text)
                  003f2e66    0000000d     pid.obj (.text)
                  003f2e73    0000000c     EST_runPowerWarp.lib : EST_runPowerWarp.obj (.text)
                  003f2e7f    00000009     rts2800_ml.lib : _lock.obj (.text)
                  003f2e88    00000008     CodeStartBranch.obj (.text)
                  003f2e90    00000007     svgen.obj (.text)
                  003f2e97    00000006     clarke.obj (.text)
                  003f2e9d    00000006     ipark.obj (.text)
                  003f2ea3    00000006     svgen_current.obj (.text)
                  003f2ea9    00000006     traj.obj (.text)
                  003f2eaf    00000005     pie.obj (.text:retain)

.cinit     0    003f2eb4    0000015d     
                  003f2eb4    00000147     proj_lab11b.obj (.cinit)
                  003f2ffb    0000000a     rts2800_ml.lib : _lock.obj (.cinit)
                  003f3005    0000000a                    : exit.obj (.cinit)
                  003f300f    00000002     --HOLE-- [fill = 0]

IQmath     0    003f3011    00000009     
                  003f3011    00000009     IQmath.lib : IQ20int.obj (IQmath)

.econst    0    003f6000    00000078     
                  003f6000    0000005c     EST_setEstParams.lib : EST_setEstParams.obj (.econst)
                  003f605c    00000008     EST_setupEstIdleState.lib : EST_setupEstIdleState.obj (.econst)
                  003f6064    00000008     proj_lab11b.obj (.econst)
                  003f606c    00000008     user.obj (.econst)
                  003f6074    00000004     hal.obj (.econst)

codestart 
*          0    003f7ff6    00000002     
                  003f7ff6    00000002     CodeStartBranch.obj (codestart)

.reset     0    003fffc0    00000002     DSECT
                  003fffc0    00000002     rts2800_ml.lib : boot.obj (.reset)

vectors    0    003fffc2    00000000     DSECT

.ebss      1    00000000    000002b5     UNINITIALIZED
                  00000000    000002ac     proj_lab11b.obj (.ebss)
                  000002ac    00000004     rts2800_ml.lib : _lock.obj (.ebss)
                  000002b0    00000004                    : exit.obj (.ebss)
                  000002b4    00000001     cpu.obj (.ebss)

rom_accessed_data 
*          1    000002c0    000000a8     UNINITIALIZED
                  000002c0    000000a8     hal.obj (rom_accessed_data)

vib_buf_data 
*          1    00008980    00000320     UNINITIALIZED
                  00008980    00000320     proj_lab11b.obj (vib_buf_data)

.stack     1    00008ca0    00000200     UNINITIALIZED
                  00008ca0    00000200     --HOLE--


GLOBAL DATA SYMBOLS: SORTED BY DATA PAGE

address     data page           name
--------    ----------------    ----
00000000       0 (00000000)     _gIavg_shift
00000001       0 (00000000)     _gFlag_speedStatsReset
00000002       0 (00000000)     _gSpeed_array_index
00000003       0 (00000000)     _pidCntSpeed
00000004       0 (00000000)     _gAdvIndexDelta
00000005       0 (00000000)     _gFlag_enableRsOnLine
00000006       0 (00000000)     _gTrjCnt
00000007       0 (00000000)     _gFlag_updateRs
00000008       0 (00000000)     _gFlag_enableOutput
00000009       0 (00000000)     _gFlag_resetVibComp
0000000a       0 (00000000)     _gFlag_enableUpdates
0000000c       0 (00000000)     _estHandle
0000000e       0 (00000000)     _fwHandle
00000010       0 (00000000)     _trajHandle_Id
00000012       0 (00000000)     _trajHandle_spd
00000014       0 (00000000)     _svgen
00000016       0 (00000000)     _svgencurrentHandle
00000018       0 (00000000)     _svgenHandle
0000001a       0 (00000000)     _iparkHandle
0000001c       0 (00000000)     _clarkeHandle_I
0000001e       0 (00000000)     _cpu_usageHandle
00000020       0 (00000000)     _clarkeHandle_V
00000022       0 (00000000)     _gCpuUsagePercentageMin
00000024       0 (00000000)     _gIs_Max_squared_pu
00000026       0 (00000000)     _gCpuUsagePercentageMax
00000028       0 (00000000)     _gSpeed_krpm_to_pu_sf
0000002a       0 (00000000)     _gSpeed_delta_krpm
0000002c       0 (00000000)     _gCpuUsagePercentageAvg
0000002e       0 (00000000)     _gSpeed_hz_to_krpm_sf
00000030       0 (00000000)     _gRsOnLineId_mag_A
00000032       0 (00000000)     _gRsOnLineFreq_Hz
00000034       0 (00000000)     _vib_compHandle
00000036       0 (00000000)     _gSpeed_min_pu
00000038       0 (00000000)     _gOffsetCalcCount
0000003a       0 (00000000)     _gRsOnLinePole_Hz
0000003c       0 (00000000)     _gSpeed_max_pu
0000003e       0 (00000000)     _gAlpha

00000040       1 (00000040)     _halHandle
00000042       1 (00000040)     _gFlux_pu_to_Wb_sf
00000044       1 (00000040)     _gAbsAngle_mech_pu
00000046       1 (00000040)     _gAngle_mech_poles
00000048       1 (00000040)     _gTorque_Flux_Iq_pu_to_Nm_sf
0000004a       1 (00000040)     _gTorque_Ls_Id_Iq_pu_to_Nm_sf
0000004c       1 (00000040)     _gFlux_pu_to_VpHz_sf
0000004e       1 (00000040)     _gAbsAngle_elec_pu
00000050       1 (00000040)     _gAngle_z1_pu
00000052       1 (00000040)     _gVdq_out_pu
00000056       1 (00000040)     _gIdq_ref_pu
0000005a       1 (00000040)     _gIdq_pu
0000005e       1 (00000040)     _ipark
00000062       1 (00000040)     _gPwmData
00000068       1 (00000040)     _gOffsets_I_pu
0000006e       1 (00000040)     _pidHandle
00000074       1 (00000040)     _svgencurrent
0000007a       1 (00000040)     _gIavg

00000080       2 (00000080)     _gPwmData_prev
00000086       2 (00000080)     _clarke_V
0000008c       2 (00000080)     _clarke_I
00000092       2 (00000080)     _gOffsets_V_pu
00000098       2 (00000080)     _traj_Id
000000a2       2 (00000080)     _traj_spd
000000ac       2 (00000080)     _filterHandle

000000c0       3 (000000c0)     _gAdcData
000000ce       3 (000000c0)     _fw
000000e2       3 (000000c0)     _cpu_usage

00000100       4 (00000100)     _pid

00000140       5 (00000140)     _filter

00000180       6 (00000180)     _gMotorVars

00000200       8 (00000200)     _gUserParams

000002ac       a (00000280)     __unlock
000002ae       a (00000280)     __lock
000002b0       a (00000280)     ___TI_cleanup_ptr
000002b2       a (00000280)     ___TI_dtors_ptr
000002b4       a (00000280)     _cpu

000002c0       b (000002c0)     _hal

000085c0     217 (000085c0)     _gSpeed_fbk_out

00008980     226 (00008980)     _vib_comp_reserved

00008ca0     232 (00008c80)     __stack

003f3011    fcc0 (003f3000)     __IQ20int


GLOBAL SYMBOLS: SORTED ALPHABETICALLY BY Name 

address    name
--------   ----
003f05ba   .text
003f2e2f   C$$EXIT
003fdc5e   FD$$MPY
003fdf7b   FD$$TOL
003fdeb8   FS$$ADD
003fdf2b   FS$$CMP
003fdce1   FS$$DIV
003fdde7   FS$$MPY
003fff4d   FS$$NEG
003fdfb7   FS$$TOFD
003fff0e   FS$$TOI
003f2ddd   FS$$TOU
003f2d9c   FS$$TOUL
003fff33   I$$TOFS
003ff8bd   U$$TOFS
003ff8aa   UL$$TOFS
003f2502   _ADC_disable
003f24f7   _ADC_disableBandGap
003f24dc   _ADC_disableInt
003f24d1   _ADC_disableNoOverlapMode
003f24c6   _ADC_disableRefBuffers
003f24bb   _ADC_disableVoltRefLoConv
003f24b0   _ADC_enable
003f24a5   _ADC_enableBandGap
003f248e   _ADC_enableInt
003f2483   _ADC_enableNoOverlapMode
003f2478   _ADC_enableRefBuffers
003f246d   _ADC_enableVoltRefLoConv
003f2468   _ADC_getDivideSelect
003f2461   _ADC_init
003f2456   _ADC_powerDown
003f244b   _ADC_powerUp
003f2440   _ADC_reset
003f242e   _ADC_setDivideSelect
003f2411   _ADC_setIntMode
003f23ff   _ADC_setIntPulseGenMode
003f23e2   _ADC_setIntSrc
003f23db   _ADC_setOffTrim
003f23c3   _ADC_setSampleMode
003f23ae   _ADC_setSampleOverlapMode
003f239b   _ADC_setSocChanNumber
003f2391   _ADC_setSocFrc
003f238a   _ADC_setSocFrcWord
003f2377   _ADC_setSocSampleDelay
003f2364   _ADC_setSocTrigSrc
003f2352   _ADC_setTempSensorSrc
003f2340   _ADC_setVoltRefSrc
003f2315   _ADC_setupSocTrigSrc
003f2e97   _CLARKE_init
003f28ed   _CLK_disableAdcClock
003f28e7   _CLK_disableClkIn
003f28e3   _CLK_disableCompClock
003f28dc   _CLK_disableCpuTimerClock
003f28d6   _CLK_disableCrystalOsc
003f28cf   _CLK_disableEcap1Clock
003f28c8   _CLK_disableGpioInputClock
003f28c1   _CLK_disableHrPwmClock
003f28ba   _CLK_disableI2cClock
003f28b4   _CLK_disableOsc1
003f28ae   _CLK_disableOsc1HaltMode
003f28a8   _CLK_disableOsc2
003f28a2   _CLK_disableOsc2HaltMode
003f2898   _CLK_disablePwmClock
003f2891   _CLK_disableSciaClock
003f288a   _CLK_disableSpiaClock
003f2883   _CLK_disableTbClockSync
003f287d   _CLK_disableWatchDogHaltMode
003f2876   _CLK_enableAdcClock
003f2870   _CLK_enableClkIn
003f286a   _CLK_enableCompClock
003f2864   _CLK_enableCpuTimerClock
003f285e   _CLK_enableCrystalOsc
003f2857   _CLK_enableEcap1Clock
003f2850   _CLK_enableGpioInputClock
003f2849   _CLK_enableHrPwmClock
003f2842   _CLK_enableI2cClock
003f283c   _CLK_enableOsc1
003f2836   _CLK_enableOsc1HaltMode
003f2830   _CLK_enableOsc2
003f282a   _CLK_enableOsc2HaltMode
003f2821   _CLK_enablePwmClock
003f281a   _CLK_enableSciaClock
003f2813   _CLK_enableSpiaClock
003f280c   _CLK_enableTbClockSync
003f2806   _CLK_enableWatchDogHaltMode
003f2800   _CLK_init
003f27f9   _CLK_setClkOutPreScaler
003f27f3   _CLK_setLowSpdPreScaler
003f27ec   _CLK_setOsc2Src
003f27e5   _CLK_setOscSrc
003f27de   _CLK_setTimer2PreScale
003f27d7   _CLK_setTimer2Src
003f27d0   _CLK_setWatchDogSrc
003f27c9   _CLK_setXClkInSrc
003f2e10   _CPU_USAGE_init
003f2dfa   _CPU_USAGE_setParams
003f2d78   _CPU_clearIntFlags
003f2d75   _CPU_disableDebugInt
003f2d72   _CPU_disableGlobalInts
003f2d6d   _CPU_disableInt
003f2d6a   _CPU_disableInts
003f2d67   _CPU_disableProtectedRegisterWrite
003f2d64   _CPU_enableDebugInt
003f2d61   _CPU_enableGlobalInts
003f2d5d   _CPU_enableInt
003f2d5a   _CPU_enableProtectedRegisterWrite
003f2d54   _CPU_init
003fd9e5   _EST_Angle_setParams
003fd922   _EST_Dir_setParams
003fd1e8   _EST_EPL_setParams
003fd9b0   _EST_Flux_ab_setParams
003fd514   _EST_Flux_computeOneOverFlux_qFmt
003fda3b   _EST_Flux_dq_setParams
003fd49c   _EST_Flux_getRatedFlux_pu
003fd42e   _EST_Flux_setParams
003fd41e   _EST_Flux_setWaitTimes
003fd95c   _EST_Freq_setParams
003fd1be   _EST_I_setParams
003fd9cc   _EST_Iab_setParams
003fda1e   _EST_Idq_setParams
003fd2b6   _EST_Ls_setLs_d
003fd284   _EST_Ls_setLs_q
003fd247   _EST_Ls_setParams
003fd237   _EST_Ls_setWaitTimes
003fda0d   _EST_OneOverDcBus_setParams
003fd7e9   _EST_Rr_setParams
003fd788   _EST_Rr_setRr
003fd57d   _EST_RsOnLine_setFilterParams
003fd54d   _EST_RsOnLine_setParams
003fd725   _EST_Rs_setParams
003fd6c3   _EST_Rs_setRs
003fd6b3   _EST_Rs_setWaitTimes
003fd1af   _EST_TRAJ_setParams
003fda53   _EST_Vab_setParams
003fda47   _EST_Vback_ab_setParams
003fda5e   _EST_Vback_dq_setParams
003fd9fb   _EST_Vdq_setParams
003fc092   _EST_computeDirection_qFmt
003fc5f2   _EST_getAngle_pu
003fd0f5   _EST_getDcBus_pu
003fd0a3   _EST_getFlux_VpHz
003fd090   _EST_getFlux_pu
003fd073   _EST_getFm_pu
003fc062   _EST_getFullScaleCurrent
003fd043   _EST_getFullScaleFlux
003fc4d1   _EST_getFullScaleInductance
003fd017   _EST_getIdRated
003f2e58   _EST_getIdq_pu
003fcfe4   _EST_getLs_coarse_max_pu
003fcfda   _EST_getLs_d_H
003fcfd5   _EST_getLs_d_pu
003fcfb3   _EST_getLs_q_H
003fcfae   _EST_getLs_q_pu
003fcf98   _EST_getOneOverDcBus_pu
003fcf92   _EST_getRr_Ohm
003fcf2e   _EST_getRsOnLineId_pu
003fcf22   _EST_getRsOnLine_Ohm
003fcef8   _EST_getRs_Ohm
003fceab   _EST_getSpeed_krpm
003fc000   _EST_getState
003fcd78   _EST_init
003fc5ed   _EST_resetCounter_ctrl
003fc05a   _EST_resetCounter_state
003fcc60   _EST_run
003f2e73   _EST_runPowerWarp
003fc5e9   _EST_setAngle_pu
003f0e5a   _EST_setEstParams
003fc5c5   _EST_setFlag_enableFluxControl
003fc5c0   _EST_setFlag_enableForceAngle
003fc5bc   _EST_setFlag_enableRsOnLine
003fc5b8   _EST_setFlag_enableRsRecalc
003fc5b4   _EST_setFlag_estComplete
003fc5b0   _EST_setFlag_updateRs
003fc594   _EST_setFullScaleCurrent
003fc58b   _EST_setFullScaleFreq
003fc573   _EST_setFullScaleResistance
003fc56f   _EST_setFullScaleVoltage
003fc55f   _EST_setIdle
003fc52a   _EST_setLs_d_pu
003fc4d6   _EST_setLs_qFmt
003fc4cc   _EST_setLs_q_pu
003fc4bb   _EST_setMotorParams
003fc48a   _EST_setRsOnLineAngleDelta_pu
003fc469   _EST_setRsOnLineFilterParams
003fc45d   _EST_setRsOnLineId_mag_pu
003fc457   _EST_setRsOnLineId_pu
003fc3e2   _EST_setWaitTimes
003f2675   _EST_setupEstIdleState
003fc0f8   _EST_updateState
003f2d99   _FILTER_FO_getDenCoeffs
003f2d92   _FILTER_FO_getInitialConditions
003f2d8c   _FILTER_FO_getNumCoeffs
003f2d86   _FILTER_FO_init
003f2d84   _FILTER_FO_setDenCoeffs
003f2d7f   _FILTER_FO_setInitialConditions
003f2d7b   _FILTER_FO_setNumCoeffs
003f2dd7   _FLASH_clear3VStatus
00008592   _FLASH_disablePipelineMode
0000858c   _FLASH_enablePipelineMode
003f2dd4   _FLASH_get3VStatus
003f2dd1   _FLASH_getActiveWaitCount
003f2dcd   _FLASH_getActiveWaitStatus
003f2dca   _FLASH_getPowerMode
003f2dc7   _FLASH_getStandbyWaitCount
003f2dc3   _FLASH_getStandbyWaitStatus
003f2dbd   _FLASH_init
00008587   _FLASH_setActiveWaitCount
00008580   _FLASH_setNumPagedReadWaitStates
00008579   _FLASH_setNumRandomReadWaitStates
00008572   _FLASH_setOtpWaitStates
0000856b   _FLASH_setPowerMode
00008566   _FLASH_setStandbyWaitCount
003f2665   _GPIO_getData
003f265e   _GPIO_getPortData
003f2658   _GPIO_init
003f264e   _GPIO_lpmSelect
003f2628   _GPIO_read
003f260d   _GPIO_setDirection
003f2602   _GPIO_setExtInt
003f25ef   _GPIO_setHigh
003f25dc   _GPIO_setLow
003f25ab   _GPIO_setMode
003f259f   _GPIO_setPortData
003f2584   _GPIO_setPullUp
003f254b   _GPIO_setQualification
003f2520   _GPIO_setQualificationPeriod
003f250d   _GPIO_toggle
003f08fb   _HAL_AdcCalChanSelect
003f0952   _HAL_AdcCalConversion
003f0aaa   _HAL_AdcOffsetSelfCal
003f0e05   _HAL_I2c_Pca9555_RdData
003f0dc5   _HAL_I2c_Pca9555_WrData
003f0b6b   _HAL_OscTempComp
003f0bbe   _HAL_cal
003f0dc1   _HAL_disableGlobalInts
003f0ce7   _HAL_disableWdog
003f0daf   _HAL_enableAdcInts
003f0dab   _HAL_enableDebugInt
003f0da7   _HAL_enableGlobalInts
003f0d96   _HAL_enablePwmInt
003f0ad9   _HAL_getOscTrimValue
003f0cec   _HAL_init
003f0aed   _HAL_osc1Comp
003f0b2c   _HAL_osc2Comp
003f0cd2   _HAL_setDacParameters
003f0bd5   _HAL_setParams
003f0849   _HAL_setupAdcs
003f082d   _HAL_setupClks
003f0811   _HAL_setupFaults
00008598   _HAL_setupFlash
003f077e   _HAL_setupGpios
003f0762   _HAL_setupI2cs
003f072d   _HAL_setupPeripheralClks
003f0711   _HAL_setupPie
003f06d3   _HAL_setupPll
003f060b   _HAL_setupPwms
003f05ba   _HAL_setupTimers
003f2b41   _I2C_MasterControl
003f2b83   _I2C_RdData
003f2b75   _I2C_SendData
003f2b46   _I2C_WrData
003f2b3d   _I2C_clearRxFifoInt
003f2b39   _I2C_clearTxFifoInt
003f2b35   _I2C_disable
003f2b31   _I2C_disableFifo
003f2b2e   _I2C_disableInt
003f2b2a   _I2C_enable
003f2b26   _I2C_enableFifo
003f2b24   _I2C_enableInt
003f2b22   _I2C_getData
003f2b1f   _I2C_getIntSource
003f2b1d   _I2C_getStatus
003f2b17   _I2C_init
003f2b13   _I2C_isMasterBusy
003f2b10   _I2C_putData
003f2b0c   _I2C_resetRxFifo
003f2b08   _I2C_resetTxFifo
003f2b04   _I2C_setMaster
003f2b02   _I2C_setMasterSlaveAddr
003f2af9   _I2C_setSlave
003f2afd   _I2C_setSlaveAddress
003f2af2   _I2C_setupClock
003f2e9d   _IPARK_init
003fd8c3   _OFFSET_init
003fd8ad   _OFFSET_setBeta
003fd89c   _OFFSET_setInitCond
003fd89a   _OFFSET_setOffset
003f2d4e   _OSC_init
003f2d41   _OSC_setCoarseTrim
003f2d30   _OSC_setFineTrim
003f2d27   _OSC_setTrim
003f2e66   _PID_init
003f29f8   _PIE_clearAllFlags
003f29f5   _PIE_clearAllInts
003f29f2   _PIE_disable
003f29e8   _PIE_disableAllInts
003f29e4   _PIE_disableCaptureInt
003f29d7   _PIE_disableExtInt
003f29cc   _PIE_disableInt
003f29c9   _PIE_enable
003f29ad   _PIE_enableAdcInt
003f29a9   _PIE_enableCaptureInt
003f2986   _PIE_enableExtInt
003f297c   _PIE_enableInt
003f2977   _PIE_enablePwmInt
003f2972   _PIE_enablePwmTzInt
003f296f   _PIE_enableTimer0Int
003f2965   _PIE_forceInt
003f295d   _PIE_getExtIntCount
003f2956   _PIE_getIntEnables
003f294f   _PIE_getIntFlags
003f2eaf   _PIE_illegalIsr
003f2948   _PIE_init
003f2939   _PIE_registerPieIntHandler
003f292e   _PIE_registerSystemIntHandler
003f2922   _PIE_setDefaultIntVectorTable
003f2912   _PIE_setExtIntPolarity
003f2901   _PIE_unregisterPieIntHandler
003f28f4   _PIE_unregisterSystemIntHandler
003f2c1e   _PLL_disable
003f2c18   _PLL_disableClkDetect
003f2c12   _PLL_disableNormRdy
003f2c0c   _PLL_disableOsc
003f2c06   _PLL_enable
003f2c00   _PLL_enableClkDetect
003f2bfa   _PLL_enableNormRdy
003f2bf4   _PLL_enableOsc
003f2bf0   _PLL_getClkFreq
003f2bed   _PLL_getClkStatus
003f2bea   _PLL_getDivideSelect
003f2be7   _PLL_getLockStatus
003f2be1   _PLL_init
003f2bdb   _PLL_resetClkDetect
003f2bd5   _PLL_setClkFreq
003f2bce   _PLL_setDivideSelect
003f2bc9   _PLL_setLockPeriod
003f230f   _PWM_clearTripZone
003f230c   _PWM_decrementDeadBandFallingEdgeDelay
003f2309   _PWM_decrementDeadBandRisingEdgeDelay
003f2302   _PWM_disableAutoConvert
003f22fe   _PWM_disableChopping
003f22fb   _PWM_disableCounterLoad
003f22f8   _PWM_disableDeadBand
003f22f4   _PWM_disableDeadBandHalfCycle
003f22ed   _PWM_disableDigitalCompareBlankingWindow
003f22e6   _PWM_disableDigitalCompareBlankingWindowInversion
003f22df   _PWM_disableHrPeriod
003f22d8   _PWM_disableHrPhaseSync
003f22d4   _PWM_disableInt
003f22d0   _PWM_disableSocAPulse
003f22cc   _PWM_disableSocBPulse
003f22c5   _PWM_disableTripZoneInt
003f22be   _PWM_disableTripZoneSrc
003f22b8   _PWM_disableTripZones
003f22b1   _PWM_enableAutoConvert
003f22ad   _PWM_enableChopping
003f22aa   _PWM_enableCounterLoad
003f22a6   _PWM_enableDeadBandHalfCycle
003f229f   _PWM_enableDigitalCompareBlankingWindow
003f2298   _PWM_enableDigitalCompareBlankingWindowInversion
003f2291   _PWM_enableHrPeriod
003f228a   _PWM_enableHrPhaseSync
003f2286   _PWM_enableInt
003f2282   _PWM_enableSocAPulse
003f227e   _PWM_enableSocBPulse
003f2278   _PWM_enableTripZoneInt
003f2272   _PWM_enableTripZoneSrc
003f226f   _PWM_getDeadBandFallingEdgeDelay
003f226c   _PWM_getDeadBandRisingEdgeDelay
003f2268   _PWM_getIntCount
003f2264   _PWM_getShadowStatus_CmpA
003f2260   _PWM_getShadowStatus_CmpB
003f225b   _PWM_getSocACount
003f2256   _PWM_getSocBCount
003f2253   _PWM_incrementDeadBandFallingEdgeDelay
003f2250   _PWM_incrementDeadBandRisingEdgeDelay
003f224a   _PWM_init
003f2243   _PWM_setActionQualContSWForce_PwmA
003f223a   _PWM_setActionQualContSWForce_PwmB
003f2231   _PWM_setActionQual_CntDown_CmpA_PwmA
003f2228   _PWM_setActionQual_CntDown_CmpA_PwmB
003f221f   _PWM_setActionQual_CntDown_CmpB_PwmA
003f2216   _PWM_setActionQual_CntDown_CmpB_PwmB
003f220d   _PWM_setActionQual_CntUp_CmpA_PwmA
003f2204   _PWM_setActionQual_CntUp_CmpA_PwmB
003f21fb   _PWM_setActionQual_CntUp_CmpB_PwmA
003f21f2   _PWM_setActionQual_CntUp_CmpB_PwmB
003f21e9   _PWM_setActionQual_Period_PwmA
003f21e0   _PWM_setActionQual_Period_PwmB
003f21d9   _PWM_setActionQual_Zero_PwmA
003f21d2   _PWM_setActionQual_Zero_PwmB
003f21cb   _PWM_setChoppingClkFreq
003f21c4   _PWM_setChoppingDutyCycle
003f21bd   _PWM_setChoppingPulseWidth
003f21b9   _PWM_setClkDiv
003f21b7   _PWM_setCount
003f21b3   _PWM_setCounterMode
003f21b0   _PWM_setDeadBandFallingEdgeDelay
003f21a9   _PWM_setDeadBandInputMode
003f21a2   _PWM_setDeadBandOutputMode
003f219b   _PWM_setDeadBandPolarity
003f2198   _PWM_setDeadBandRisingEdgeDelay
003f2181   _PWM_setDigitalCompareAEvent1
003f2171   _PWM_setDigitalCompareAEvent2
003f215a   _PWM_setDigitalCompareBEvent1
003f214a   _PWM_setDigitalCompareBEvent2
003f213e   _PWM_setDigitalCompareBlankingPulse
003f213b   _PWM_setDigitalCompareFilterOffset
003f2131   _PWM_setDigitalCompareFilterSource
003f212e   _PWM_setDigitalCompareFilterWindow
003f211f   _PWM_setDigitalCompareInput
003f211b   _PWM_setHighSpeedClkDiv
003f2111   _PWM_setHrControlMode
003f2107   _PWM_setHrEdgeMode
003f20fd   _PWM_setHrShadowMode
003f20f6   _PWM_setIntMode
003f20ef   _PWM_setIntPeriod
003f20eb   _PWM_setLoadMode_CmpA
003f20e5   _PWM_setLoadMode_CmpB
003f20e3   _PWM_setPeriod
003f20de   _PWM_setPeriodHr
003f20da   _PWM_setPeriodLoad
003f20d8   _PWM_setPhase
003f20d4   _PWM_setPhaseDir
003f20d0   _PWM_setRunMode
003f20ca   _PWM_setShadowMode_CmpA
003f20c4   _PWM_setShadowMode_CmpB
003f20bb   _PWM_setSocAPeriod
003f20b1   _PWM_setSocAPulseSrc
003f20a8   _PWM_setSocBPeriod
003f209f   _PWM_setSocBPulseSrc
003f209c   _PWM_setSwSync
003f2098   _PWM_setSyncMode
003f208e   _PWM_setTripZoneDCEventSelect_DCAEVT1
003f2082   _PWM_setTripZoneDCEventSelect_DCAEVT2
003f2076   _PWM_setTripZoneDCEventSelect_DCBEVT1
003f206a   _PWM_setTripZoneDCEventSelect_DCBEVT2
003f205e   _PWM_setTripZoneState_DCAEVT1
003f2052   _PWM_setTripZoneState_DCAEVT2
003f2046   _PWM_setTripZoneState_DCBEVT1
003f203a   _PWM_setTripZoneState_DCBEVT2
003f2030   _PWM_setTripZoneState_TZA
003f2024   _PWM_setTripZoneState_TZB
003f2c68   _PWR_disableBrownOutReset
003f2c5d   _PWR_disableWatchDogInt
003f2c5a   _PWR_enableBrownOutReset
003f2c4f   _PWR_enableWatchDogInt
003f2c48   _PWR_init
003f2c36   _PWR_setLowPowerMode
003f2c24   _PWR_setNumStandByClocks
003f05ba   _RamfuncsLoadEnd
003f0000   _RamfuncsLoadStart
00008000   _RamfuncsRunStart
003f2ea3   _SVGENCURRENT_init
003f2e91   _SVGEN_init
003f2e90   _SVGEN_setup
003f2d24   _TIMER_clearFlag
003f2d21   _TIMER_disableInt
003f2d1e   _TIMER_enableInt
003f2d1b   _TIMER_getStatus
003f2d15   _TIMER_init
003f2d07   _TIMER_setDecimationFactor
003f2d03   _TIMER_setEmulationMode
003f2cf5   _TIMER_setPreScaler
003f2ea9   _TRAJ_init
003f2020   _USER_checkForErrors
003f2012   _USER_computeFlux
003f1fc7   _USER_computeFlux_pu_to_VpHz_sf
003f1f7c   _USER_computeFlux_pu_to_Wb_sf
003f1f31   _USER_computeTorque_Flux_Iq_pu_to_Nm_sf
003f1ee8   _USER_computeTorque_Ls_Id_Iq_pu_to_Nm_sf
003f1e9c   _USER_computeTorque_Nm
003f1e45   _USER_computeTorque_lbin
003f1e42   _USER_getErrorCode
003f1e3f   _USER_setErrorCode
003f1d02   _USER_setParams
003f1c74   _USER_softwareUpdate1p6
003f2aec   _VIB_COMP_getAdvIndexDelta
003f2ae6   _VIB_COMP_getAlpha
003f2ae0   _VIB_COMP_getFlag_enableOutput
003f2ada   _VIB_COMP_getFlag_enableUpdates
003f2ad4   _VIB_COMP_getIndex
003f2ad0   _VIB_COMP_getSizeOfObject
003f2ac7   _VIB_COMP_init
003f2aaf   _VIB_COMP_reset
003f2a31   _VIB_COMP_run
003f2a2a   _VIB_COMP_setAdvIndexDelta
003f2a23   _VIB_COMP_setAlpha
003f2a1c   _VIB_COMP_setFlag_enableOutput
003f2a15   _VIB_COMP_setFlag_enableUpdates
003f2a0e   _VIB_COMP_setIndex
003f2a02   _VIB_COMP_setParams
003f2ca9   _WDOG_clearCounter
003f2ca1   _WDOG_disable
003f2c9b   _WDOG_disableInt
003f2c95   _WDOG_disableOverRide
003f2c8c   _WDOG_enable
003f2c86   _WDOG_enableInt
003f2c80   _WDOG_enableOverRide
003f2c7d   _WDOG_getIntStatus
003f2c77   _WDOG_init
003f2c75   _WDOG_setCount
003f2c6b   _WDOG_setPreScaler
003f3011   __IQ20int
003ff854   __IQ24cosPU
003ff82b   __IQ24sinPU
003ff2aa   __IQ24sqrt
003fff7b   __IQ30toF
00008ea0   __STACK_END
00000200   __STACK_SIZE
00000001   __TI_args_main
000002b0   ___TI_cleanup_ptr
000002b2   ___TI_dtors_ptr
ffffffff   ___binit__
ffffffff   ___c_args__
003f2eb4   ___cinit__
003f2eb4   ___etext__
ffffffff   ___pinit__
003f05ba   ___text__
003f2e16   __args_main
000002ae   __lock
003f2e87   __nop
003f2e83   __register_lock
003f2e7f   __register_unlock
00008ca0   __stack
000002ac   __unlock
003f2e2f   _abort
00008549   _angleDelayComp
003f2cb1   _c_int00
0000001c   _clarkeHandle_I
00000020   _clarkeHandle_V
0000008c   _clarke_I
00000086   _clarke_V
000002b4   _cpu
000000e2   _cpu_usage
0000001e   _cpu_usageHandle
0000000c   _estHandle
003f2e31   _exit
00000140   _filter
000000ac   _filterHandle
000000ce   _fw
0000000e   _fwHandle
0000004e   _gAbsAngle_elec_pu
00000044   _gAbsAngle_mech_pu
000000c0   _gAdcData
00000004   _gAdvIndexDelta
0000003e   _gAlpha
00000046   _gAngle_mech_poles
00000050   _gAngle_z1_pu
0000002c   _gCpuUsagePercentageAvg
00000026   _gCpuUsagePercentageMax
00000022   _gCpuUsagePercentageMin
00000008   _gFlag_enableOutput
00000005   _gFlag_enableRsOnLine
0000000a   _gFlag_enableUpdates
00000009   _gFlag_resetVibComp
00000001   _gFlag_speedStatsReset
00000007   _gFlag_updateRs
0000004c   _gFlux_pu_to_VpHz_sf
00000042   _gFlux_pu_to_Wb_sf
0000007a   _gIavg
00000000   _gIavg_shift
0000005a   _gIdq_pu
00000056   _gIdq_ref_pu
00000024   _gIs_Max_squared_pu
00000180   _gMotorVars
00000038   _gOffsetCalcCount
00000068   _gOffsets_I_pu
00000092   _gOffsets_V_pu
00000062   _gPwmData
00000080   _gPwmData_prev
00000032   _gRsOnLineFreq_Hz
00000030   _gRsOnLineId_mag_A
0000003a   _gRsOnLinePole_Hz
00000002   _gSpeed_array_index
0000002a   _gSpeed_delta_krpm
000085c0   _gSpeed_fbk_out
0000002e   _gSpeed_hz_to_krpm_sf
00000028   _gSpeed_krpm_to_pu_sf
0000003c   _gSpeed_max_pu
00000036   _gSpeed_min_pu
00000048   _gTorque_Flux_Iq_pu_to_Nm_sf
0000004a   _gTorque_Ls_Id_Iq_pu_to_Nm_sf
00000006   _gTrjCnt
00000200   _gUserParams
00000052   _gVdq_out_pu
0000850a   _getAbsElecAngle
00008515   _getAbsMechAngle
000002c0   _hal
00000040   _halHandle
0000005e   _ipark
0000001a   _iparkHandle
003fda88   _log
003f18c6   _main
00008000   _mainISR
003f2e48   _memCopy
003fde82   _modf
00000100   _pid
00000003   _pidCntSpeed
0000006e   _pidHandle
003fdd64   _pow
000084ca   _runCurrentReconstruction
00008469   _runFieldWeakening
003f1811   _runOffsetsCalculation
000083fe   _runSetTrigger
003f17f8   _setupClarke_I
003f17e5   _setupClarke_V
003f176e   _softwareUpdate1p6
00000014   _svgen
00000018   _svgenHandle
00000074   _svgencurrent
00000016   _svgencurrentHandle
00000010   _trajHandle_Id
00000012   _trajHandle_spd
00000098   _traj_Id
000000a2   _traj_spd
003f171d   _updateCPUusage
003f1636   _updateGlobalVariables
000085b6   _usDelay
00000034   _vib_compHandle
00008980   _vib_comp_reserved
ffffffff   binit
003f2eb4   cinit
003f7ff6   code_start
003f2eb4   etext
ffffffff   pinit


GLOBAL SYMBOLS: SORTED BY Symbol Address 

address    name
--------   ----
00000000   _gIavg_shift
00000001   __TI_args_main
00000001   _gFlag_speedStatsReset
00000002   _gSpeed_array_index
00000003   _pidCntSpeed
00000004   _gAdvIndexDelta
00000005   _gFlag_enableRsOnLine
00000006   _gTrjCnt
00000007   _gFlag_updateRs
00000008   _gFlag_enableOutput
00000009   _gFlag_resetVibComp
0000000a   _gFlag_enableUpdates
0000000c   _estHandle
0000000e   _fwHandle
00000010   _trajHandle_Id
00000012   _trajHandle_spd
00000014   _svgen
00000016   _svgencurrentHandle
00000018   _svgenHandle
0000001a   _iparkHandle
0000001c   _clarkeHandle_I
0000001e   _cpu_usageHandle
00000020   _clarkeHandle_V
00000022   _gCpuUsagePercentageMin
00000024   _gIs_Max_squared_pu
00000026   _gCpuUsagePercentageMax
00000028   _gSpeed_krpm_to_pu_sf
0000002a   _gSpeed_delta_krpm
0000002c   _gCpuUsagePercentageAvg
0000002e   _gSpeed_hz_to_krpm_sf
00000030   _gRsOnLineId_mag_A
00000032   _gRsOnLineFreq_Hz
00000034   _vib_compHandle
00000036   _gSpeed_min_pu
00000038   _gOffsetCalcCount
0000003a   _gRsOnLinePole_Hz
0000003c   _gSpeed_max_pu
0000003e   _gAlpha
00000040   _halHandle
00000042   _gFlux_pu_to_Wb_sf
00000044   _gAbsAngle_mech_pu
00000046   _gAngle_mech_poles
00000048   _gTorque_Flux_Iq_pu_to_Nm_sf
0000004a   _gTorque_Ls_Id_Iq_pu_to_Nm_sf
0000004c   _gFlux_pu_to_VpHz_sf
0000004e   _gAbsAngle_elec_pu
00000050   _gAngle_z1_pu
00000052   _gVdq_out_pu
00000056   _gIdq_ref_pu
0000005a   _gIdq_pu
0000005e   _ipark
00000062   _gPwmData
00000068   _gOffsets_I_pu
0000006e   _pidHandle
00000074   _svgencurrent
0000007a   _gIavg
00000080   _gPwmData_prev
00000086   _clarke_V
0000008c   _clarke_I
00000092   _gOffsets_V_pu
00000098   _traj_Id
000000a2   _traj_spd
000000ac   _filterHandle
000000c0   _gAdcData
000000ce   _fw
000000e2   _cpu_usage
00000100   _pid
00000140   _filter
00000180   _gMotorVars
00000200   __STACK_SIZE
00000200   _gUserParams
000002ac   __unlock
000002ae   __lock
000002b0   ___TI_cleanup_ptr
000002b2   ___TI_dtors_ptr
000002b4   _cpu
000002c0   _hal
00008000   _RamfuncsRunStart
00008000   _mainISR
000083fe   _runSetTrigger
00008469   _runFieldWeakening
000084ca   _runCurrentReconstruction
0000850a   _getAbsElecAngle
00008515   _getAbsMechAngle
00008549   _angleDelayComp
00008566   _FLASH_setStandbyWaitCount
0000856b   _FLASH_setPowerMode
00008572   _FLASH_setOtpWaitStates
00008579   _FLASH_setNumRandomReadWaitStates
00008580   _FLASH_setNumPagedReadWaitStates
00008587   _FLASH_setActiveWaitCount
0000858c   _FLASH_enablePipelineMode
00008592   _FLASH_disablePipelineMode
00008598   _HAL_setupFlash
000085b6   _usDelay
000085c0   _gSpeed_fbk_out
00008980   _vib_comp_reserved
00008ca0   __stack
00008ea0   __STACK_END
003f0000   _RamfuncsLoadStart
003f05ba   .text
003f05ba   _HAL_setupTimers
003f05ba   _RamfuncsLoadEnd
003f05ba   ___text__
003f060b   _HAL_setupPwms
003f06d3   _HAL_setupPll
003f0711   _HAL_setupPie
003f072d   _HAL_setupPeripheralClks
003f0762   _HAL_setupI2cs
003f077e   _HAL_setupGpios
003f0811   _HAL_setupFaults
003f082d   _HAL_setupClks
003f0849   _HAL_setupAdcs
003f08fb   _HAL_AdcCalChanSelect
003f0952   _HAL_AdcCalConversion
003f0aaa   _HAL_AdcOffsetSelfCal
003f0ad9   _HAL_getOscTrimValue
003f0aed   _HAL_osc1Comp
003f0b2c   _HAL_osc2Comp
003f0b6b   _HAL_OscTempComp
003f0bbe   _HAL_cal
003f0bd5   _HAL_setParams
003f0cd2   _HAL_setDacParameters
003f0ce7   _HAL_disableWdog
003f0cec   _HAL_init
003f0d96   _HAL_enablePwmInt
003f0da7   _HAL_enableGlobalInts
003f0dab   _HAL_enableDebugInt
003f0daf   _HAL_enableAdcInts
003f0dc1   _HAL_disableGlobalInts
003f0dc5   _HAL_I2c_Pca9555_WrData
003f0e05   _HAL_I2c_Pca9555_RdData
003f0e5a   _EST_setEstParams
003f1636   _updateGlobalVariables
003f171d   _updateCPUusage
003f176e   _softwareUpdate1p6
003f17e5   _setupClarke_V
003f17f8   _setupClarke_I
003f1811   _runOffsetsCalculation
003f18c6   _main
003f1c74   _USER_softwareUpdate1p6
003f1d02   _USER_setParams
003f1e3f   _USER_setErrorCode
003f1e42   _USER_getErrorCode
003f1e45   _USER_computeTorque_lbin
003f1e9c   _USER_computeTorque_Nm
003f1ee8   _USER_computeTorque_Ls_Id_Iq_pu_to_Nm_sf
003f1f31   _USER_computeTorque_Flux_Iq_pu_to_Nm_sf
003f1f7c   _USER_computeFlux_pu_to_Wb_sf
003f1fc7   _USER_computeFlux_pu_to_VpHz_sf
003f2012   _USER_computeFlux
003f2020   _USER_checkForErrors
003f2024   _PWM_setTripZoneState_TZB
003f2030   _PWM_setTripZoneState_TZA
003f203a   _PWM_setTripZoneState_DCBEVT2
003f2046   _PWM_setTripZoneState_DCBEVT1
003f2052   _PWM_setTripZoneState_DCAEVT2
003f205e   _PWM_setTripZoneState_DCAEVT1
003f206a   _PWM_setTripZoneDCEventSelect_DCBEVT2
003f2076   _PWM_setTripZoneDCEventSelect_DCBEVT1
003f2082   _PWM_setTripZoneDCEventSelect_DCAEVT2
003f208e   _PWM_setTripZoneDCEventSelect_DCAEVT1
003f2098   _PWM_setSyncMode
003f209c   _PWM_setSwSync
003f209f   _PWM_setSocBPulseSrc
003f20a8   _PWM_setSocBPeriod
003f20b1   _PWM_setSocAPulseSrc
003f20bb   _PWM_setSocAPeriod
003f20c4   _PWM_setShadowMode_CmpB
003f20ca   _PWM_setShadowMode_CmpA
003f20d0   _PWM_setRunMode
003f20d4   _PWM_setPhaseDir
003f20d8   _PWM_setPhase
003f20da   _PWM_setPeriodLoad
003f20de   _PWM_setPeriodHr
003f20e3   _PWM_setPeriod
003f20e5   _PWM_setLoadMode_CmpB
003f20eb   _PWM_setLoadMode_CmpA
003f20ef   _PWM_setIntPeriod
003f20f6   _PWM_setIntMode
003f20fd   _PWM_setHrShadowMode
003f2107   _PWM_setHrEdgeMode
003f2111   _PWM_setHrControlMode
003f211b   _PWM_setHighSpeedClkDiv
003f211f   _PWM_setDigitalCompareInput
003f212e   _PWM_setDigitalCompareFilterWindow
003f2131   _PWM_setDigitalCompareFilterSource
003f213b   _PWM_setDigitalCompareFilterOffset
003f213e   _PWM_setDigitalCompareBlankingPulse
003f214a   _PWM_setDigitalCompareBEvent2
003f215a   _PWM_setDigitalCompareBEvent1
003f2171   _PWM_setDigitalCompareAEvent2
003f2181   _PWM_setDigitalCompareAEvent1
003f2198   _PWM_setDeadBandRisingEdgeDelay
003f219b   _PWM_setDeadBandPolarity
003f21a2   _PWM_setDeadBandOutputMode
003f21a9   _PWM_setDeadBandInputMode
003f21b0   _PWM_setDeadBandFallingEdgeDelay
003f21b3   _PWM_setCounterMode
003f21b7   _PWM_setCount
003f21b9   _PWM_setClkDiv
003f21bd   _PWM_setChoppingPulseWidth
003f21c4   _PWM_setChoppingDutyCycle
003f21cb   _PWM_setChoppingClkFreq
003f21d2   _PWM_setActionQual_Zero_PwmB
003f21d9   _PWM_setActionQual_Zero_PwmA
003f21e0   _PWM_setActionQual_Period_PwmB
003f21e9   _PWM_setActionQual_Period_PwmA
003f21f2   _PWM_setActionQual_CntUp_CmpB_PwmB
003f21fb   _PWM_setActionQual_CntUp_CmpB_PwmA
003f2204   _PWM_setActionQual_CntUp_CmpA_PwmB
003f220d   _PWM_setActionQual_CntUp_CmpA_PwmA
003f2216   _PWM_setActionQual_CntDown_CmpB_PwmB
003f221f   _PWM_setActionQual_CntDown_CmpB_PwmA
003f2228   _PWM_setActionQual_CntDown_CmpA_PwmB
003f2231   _PWM_setActionQual_CntDown_CmpA_PwmA
003f223a   _PWM_setActionQualContSWForce_PwmB
003f2243   _PWM_setActionQualContSWForce_PwmA
003f224a   _PWM_init
003f2250   _PWM_incrementDeadBandRisingEdgeDelay
003f2253   _PWM_incrementDeadBandFallingEdgeDelay
003f2256   _PWM_getSocBCount
003f225b   _PWM_getSocACount
003f2260   _PWM_getShadowStatus_CmpB
003f2264   _PWM_getShadowStatus_CmpA
003f2268   _PWM_getIntCount
003f226c   _PWM_getDeadBandRisingEdgeDelay
003f226f   _PWM_getDeadBandFallingEdgeDelay
003f2272   _PWM_enableTripZoneSrc
003f2278   _PWM_enableTripZoneInt
003f227e   _PWM_enableSocBPulse
003f2282   _PWM_enableSocAPulse
003f2286   _PWM_enableInt
003f228a   _PWM_enableHrPhaseSync
003f2291   _PWM_enableHrPeriod
003f2298   _PWM_enableDigitalCompareBlankingWindowInversion
003f229f   _PWM_enableDigitalCompareBlankingWindow
003f22a6   _PWM_enableDeadBandHalfCycle
003f22aa   _PWM_enableCounterLoad
003f22ad   _PWM_enableChopping
003f22b1   _PWM_enableAutoConvert
003f22b8   _PWM_disableTripZones
003f22be   _PWM_disableTripZoneSrc
003f22c5   _PWM_disableTripZoneInt
003f22cc   _PWM_disableSocBPulse
003f22d0   _PWM_disableSocAPulse
003f22d4   _PWM_disableInt
003f22d8   _PWM_disableHrPhaseSync
003f22df   _PWM_disableHrPeriod
003f22e6   _PWM_disableDigitalCompareBlankingWindowInversion
003f22ed   _PWM_disableDigitalCompareBlankingWindow
003f22f4   _PWM_disableDeadBandHalfCycle
003f22f8   _PWM_disableDeadBand
003f22fb   _PWM_disableCounterLoad
003f22fe   _PWM_disableChopping
003f2302   _PWM_disableAutoConvert
003f2309   _PWM_decrementDeadBandRisingEdgeDelay
003f230c   _PWM_decrementDeadBandFallingEdgeDelay
003f230f   _PWM_clearTripZone
003f2315   _ADC_setupSocTrigSrc
003f2340   _ADC_setVoltRefSrc
003f2352   _ADC_setTempSensorSrc
003f2364   _ADC_setSocTrigSrc
003f2377   _ADC_setSocSampleDelay
003f238a   _ADC_setSocFrcWord
003f2391   _ADC_setSocFrc
003f239b   _ADC_setSocChanNumber
003f23ae   _ADC_setSampleOverlapMode
003f23c3   _ADC_setSampleMode
003f23db   _ADC_setOffTrim
003f23e2   _ADC_setIntSrc
003f23ff   _ADC_setIntPulseGenMode
003f2411   _ADC_setIntMode
003f242e   _ADC_setDivideSelect
003f2440   _ADC_reset
003f244b   _ADC_powerUp
003f2456   _ADC_powerDown
003f2461   _ADC_init
003f2468   _ADC_getDivideSelect
003f246d   _ADC_enableVoltRefLoConv
003f2478   _ADC_enableRefBuffers
003f2483   _ADC_enableNoOverlapMode
003f248e   _ADC_enableInt
003f24a5   _ADC_enableBandGap
003f24b0   _ADC_enable
003f24bb   _ADC_disableVoltRefLoConv
003f24c6   _ADC_disableRefBuffers
003f24d1   _ADC_disableNoOverlapMode
003f24dc   _ADC_disableInt
003f24f7   _ADC_disableBandGap
003f2502   _ADC_disable
003f250d   _GPIO_toggle
003f2520   _GPIO_setQualificationPeriod
003f254b   _GPIO_setQualification
003f2584   _GPIO_setPullUp
003f259f   _GPIO_setPortData
003f25ab   _GPIO_setMode
003f25dc   _GPIO_setLow
003f25ef   _GPIO_setHigh
003f2602   _GPIO_setExtInt
003f260d   _GPIO_setDirection
003f2628   _GPIO_read
003f264e   _GPIO_lpmSelect
003f2658   _GPIO_init
003f265e   _GPIO_getPortData
003f2665   _GPIO_getData
003f2675   _EST_setupEstIdleState
003f27c9   _CLK_setXClkInSrc
003f27d0   _CLK_setWatchDogSrc
003f27d7   _CLK_setTimer2Src
003f27de   _CLK_setTimer2PreScale
003f27e5   _CLK_setOscSrc
003f27ec   _CLK_setOsc2Src
003f27f3   _CLK_setLowSpdPreScaler
003f27f9   _CLK_setClkOutPreScaler
003f2800   _CLK_init
003f2806   _CLK_enableWatchDogHaltMode
003f280c   _CLK_enableTbClockSync
003f2813   _CLK_enableSpiaClock
003f281a   _CLK_enableSciaClock
003f2821   _CLK_enablePwmClock
003f282a   _CLK_enableOsc2HaltMode
003f2830   _CLK_enableOsc2
003f2836   _CLK_enableOsc1HaltMode
003f283c   _CLK_enableOsc1
003f2842   _CLK_enableI2cClock
003f2849   _CLK_enableHrPwmClock
003f2850   _CLK_enableGpioInputClock
003f2857   _CLK_enableEcap1Clock
003f285e   _CLK_enableCrystalOsc
003f2864   _CLK_enableCpuTimerClock
003f286a   _CLK_enableCompClock
003f2870   _CLK_enableClkIn
003f2876   _CLK_enableAdcClock
003f287d   _CLK_disableWatchDogHaltMode
003f2883   _CLK_disableTbClockSync
003f288a   _CLK_disableSpiaClock
003f2891   _CLK_disableSciaClock
003f2898   _CLK_disablePwmClock
003f28a2   _CLK_disableOsc2HaltMode
003f28a8   _CLK_disableOsc2
003f28ae   _CLK_disableOsc1HaltMode
003f28b4   _CLK_disableOsc1
003f28ba   _CLK_disableI2cClock
003f28c1   _CLK_disableHrPwmClock
003f28c8   _CLK_disableGpioInputClock
003f28cf   _CLK_disableEcap1Clock
003f28d6   _CLK_disableCrystalOsc
003f28dc   _CLK_disableCpuTimerClock
003f28e3   _CLK_disableCompClock
003f28e7   _CLK_disableClkIn
003f28ed   _CLK_disableAdcClock
003f28f4   _PIE_unregisterSystemIntHandler
003f2901   _PIE_unregisterPieIntHandler
003f2912   _PIE_setExtIntPolarity
003f2922   _PIE_setDefaultIntVectorTable
003f292e   _PIE_registerSystemIntHandler
003f2939   _PIE_registerPieIntHandler
003f2948   _PIE_init
003f294f   _PIE_getIntFlags
003f2956   _PIE_getIntEnables
003f295d   _PIE_getExtIntCount
003f2965   _PIE_forceInt
003f296f   _PIE_enableTimer0Int
003f2972   _PIE_enablePwmTzInt
003f2977   _PIE_enablePwmInt
003f297c   _PIE_enableInt
003f2986   _PIE_enableExtInt
003f29a9   _PIE_enableCaptureInt
003f29ad   _PIE_enableAdcInt
003f29c9   _PIE_enable
003f29cc   _PIE_disableInt
003f29d7   _PIE_disableExtInt
003f29e4   _PIE_disableCaptureInt
003f29e8   _PIE_disableAllInts
003f29f2   _PIE_disable
003f29f5   _PIE_clearAllInts
003f29f8   _PIE_clearAllFlags
003f2a02   _VIB_COMP_setParams
003f2a0e   _VIB_COMP_setIndex
003f2a15   _VIB_COMP_setFlag_enableUpdates
003f2a1c   _VIB_COMP_setFlag_enableOutput
003f2a23   _VIB_COMP_setAlpha
003f2a2a   _VIB_COMP_setAdvIndexDelta
003f2a31   _VIB_COMP_run
003f2aaf   _VIB_COMP_reset
003f2ac7   _VIB_COMP_init
003f2ad0   _VIB_COMP_getSizeOfObject
003f2ad4   _VIB_COMP_getIndex
003f2ada   _VIB_COMP_getFlag_enableUpdates
003f2ae0   _VIB_COMP_getFlag_enableOutput
003f2ae6   _VIB_COMP_getAlpha
003f2aec   _VIB_COMP_getAdvIndexDelta
003f2af2   _I2C_setupClock
003f2af9   _I2C_setSlave
003f2afd   _I2C_setSlaveAddress
003f2b02   _I2C_setMasterSlaveAddr
003f2b04   _I2C_setMaster
003f2b08   _I2C_resetTxFifo
003f2b0c   _I2C_resetRxFifo
003f2b10   _I2C_putData
003f2b13   _I2C_isMasterBusy
003f2b17   _I2C_init
003f2b1d   _I2C_getStatus
003f2b1f   _I2C_getIntSource
003f2b22   _I2C_getData
003f2b24   _I2C_enableInt
003f2b26   _I2C_enableFifo
003f2b2a   _I2C_enable
003f2b2e   _I2C_disableInt
003f2b31   _I2C_disableFifo
003f2b35   _I2C_disable
003f2b39   _I2C_clearTxFifoInt
003f2b3d   _I2C_clearRxFifoInt
003f2b41   _I2C_MasterControl
003f2b46   _I2C_WrData
003f2b75   _I2C_SendData
003f2b83   _I2C_RdData
003f2bc9   _PLL_setLockPeriod
003f2bce   _PLL_setDivideSelect
003f2bd5   _PLL_setClkFreq
003f2bdb   _PLL_resetClkDetect
003f2be1   _PLL_init
003f2be7   _PLL_getLockStatus
003f2bea   _PLL_getDivideSelect
003f2bed   _PLL_getClkStatus
003f2bf0   _PLL_getClkFreq
003f2bf4   _PLL_enableOsc
003f2bfa   _PLL_enableNormRdy
003f2c00   _PLL_enableClkDetect
003f2c06   _PLL_enable
003f2c0c   _PLL_disableOsc
003f2c12   _PLL_disableNormRdy
003f2c18   _PLL_disableClkDetect
003f2c1e   _PLL_disable
003f2c24   _PWR_setNumStandByClocks
003f2c36   _PWR_setLowPowerMode
003f2c48   _PWR_init
003f2c4f   _PWR_enableWatchDogInt
003f2c5a   _PWR_enableBrownOutReset
003f2c5d   _PWR_disableWatchDogInt
003f2c68   _PWR_disableBrownOutReset
003f2c6b   _WDOG_setPreScaler
003f2c75   _WDOG_setCount
003f2c77   _WDOG_init
003f2c7d   _WDOG_getIntStatus
003f2c80   _WDOG_enableOverRide
003f2c86   _WDOG_enableInt
003f2c8c   _WDOG_enable
003f2c95   _WDOG_disableOverRide
003f2c9b   _WDOG_disableInt
003f2ca1   _WDOG_disable
003f2ca9   _WDOG_clearCounter
003f2cb1   _c_int00
003f2cf5   _TIMER_setPreScaler
003f2d03   _TIMER_setEmulationMode
003f2d07   _TIMER_setDecimationFactor
003f2d15   _TIMER_init
003f2d1b   _TIMER_getStatus
003f2d1e   _TIMER_enableInt
003f2d21   _TIMER_disableInt
003f2d24   _TIMER_clearFlag
003f2d27   _OSC_setTrim
003f2d30   _OSC_setFineTrim
003f2d41   _OSC_setCoarseTrim
003f2d4e   _OSC_init
003f2d54   _CPU_init
003f2d5a   _CPU_enableProtectedRegisterWrite
003f2d5d   _CPU_enableInt
003f2d61   _CPU_enableGlobalInts
003f2d64   _CPU_enableDebugInt
003f2d67   _CPU_disableProtectedRegisterWrite
003f2d6a   _CPU_disableInts
003f2d6d   _CPU_disableInt
003f2d72   _CPU_disableGlobalInts
003f2d75   _CPU_disableDebugInt
003f2d78   _CPU_clearIntFlags
003f2d7b   _FILTER_FO_setNumCoeffs
003f2d7f   _FILTER_FO_setInitialConditions
003f2d84   _FILTER_FO_setDenCoeffs
003f2d86   _FILTER_FO_init
003f2d8c   _FILTER_FO_getNumCoeffs
003f2d92   _FILTER_FO_getInitialConditions
003f2d99   _FILTER_FO_getDenCoeffs
003f2d9c   FS$$TOUL
003f2dbd   _FLASH_init
003f2dc3   _FLASH_getStandbyWaitStatus
003f2dc7   _FLASH_getStandbyWaitCount
003f2dca   _FLASH_getPowerMode
003f2dcd   _FLASH_getActiveWaitStatus
003f2dd1   _FLASH_getActiveWaitCount
003f2dd4   _FLASH_get3VStatus
003f2dd7   _FLASH_clear3VStatus
003f2ddd   FS$$TOU
003f2dfa   _CPU_USAGE_setParams
003f2e10   _CPU_USAGE_init
003f2e16   __args_main
003f2e2f   C$$EXIT
003f2e2f   _abort
003f2e31   _exit
003f2e48   _memCopy
003f2e58   _EST_getIdq_pu
003f2e66   _PID_init
003f2e73   _EST_runPowerWarp
003f2e7f   __register_unlock
003f2e83   __register_lock
003f2e87   __nop
003f2e90   _SVGEN_setup
003f2e91   _SVGEN_init
003f2e97   _CLARKE_init
003f2e9d   _IPARK_init
003f2ea3   _SVGENCURRENT_init
003f2ea9   _TRAJ_init
003f2eaf   _PIE_illegalIsr
003f2eb4   ___cinit__
003f2eb4   ___etext__
003f2eb4   cinit
003f2eb4   etext
003f3011   __IQ20int
003f7ff6   code_start
003fc000   _EST_getState
003fc05a   _EST_resetCounter_state
003fc062   _EST_getFullScaleCurrent
003fc092   _EST_computeDirection_qFmt
003fc0f8   _EST_updateState
003fc3e2   _EST_setWaitTimes
003fc457   _EST_setRsOnLineId_pu
003fc45d   _EST_setRsOnLineId_mag_pu
003fc469   _EST_setRsOnLineFilterParams
003fc48a   _EST_setRsOnLineAngleDelta_pu
003fc4bb   _EST_setMotorParams
003fc4cc   _EST_setLs_q_pu
003fc4d1   _EST_getFullScaleInductance
003fc4d6   _EST_setLs_qFmt
003fc52a   _EST_setLs_d_pu
003fc55f   _EST_setIdle
003fc56f   _EST_setFullScaleVoltage
003fc573   _EST_setFullScaleResistance
003fc58b   _EST_setFullScaleFreq
003fc594   _EST_setFullScaleCurrent
003fc5b0   _EST_setFlag_updateRs
003fc5b4   _EST_setFlag_estComplete
003fc5b8   _EST_setFlag_enableRsRecalc
003fc5bc   _EST_setFlag_enableRsOnLine
003fc5c0   _EST_setFlag_enableForceAngle
003fc5c5   _EST_setFlag_enableFluxControl
003fc5e9   _EST_setAngle_pu
003fc5ed   _EST_resetCounter_ctrl
003fc5f2   _EST_getAngle_pu
003fcc60   _EST_run
003fcd78   _EST_init
003fceab   _EST_getSpeed_krpm
003fcef8   _EST_getRs_Ohm
003fcf22   _EST_getRsOnLine_Ohm
003fcf2e   _EST_getRsOnLineId_pu
003fcf92   _EST_getRr_Ohm
003fcf98   _EST_getOneOverDcBus_pu
003fcfae   _EST_getLs_q_pu
003fcfb3   _EST_getLs_q_H
003fcfd5   _EST_getLs_d_pu
003fcfda   _EST_getLs_d_H
003fcfe4   _EST_getLs_coarse_max_pu
003fd017   _EST_getIdRated
003fd043   _EST_getFullScaleFlux
003fd073   _EST_getFm_pu
003fd090   _EST_getFlux_pu
003fd0a3   _EST_getFlux_VpHz
003fd0f5   _EST_getDcBus_pu
003fd1af   _EST_TRAJ_setParams
003fd1be   _EST_I_setParams
003fd1e8   _EST_EPL_setParams
003fd237   _EST_Ls_setWaitTimes
003fd247   _EST_Ls_setParams
003fd284   _EST_Ls_setLs_q
003fd2b6   _EST_Ls_setLs_d
003fd41e   _EST_Flux_setWaitTimes
003fd42e   _EST_Flux_setParams
003fd49c   _EST_Flux_getRatedFlux_pu
003fd514   _EST_Flux_computeOneOverFlux_qFmt
003fd54d   _EST_RsOnLine_setParams
003fd57d   _EST_RsOnLine_setFilterParams
003fd6b3   _EST_Rs_setWaitTimes
003fd6c3   _EST_Rs_setRs
003fd725   _EST_Rs_setParams
003fd788   _EST_Rr_setRr
003fd7e9   _EST_Rr_setParams
003fd89a   _OFFSET_setOffset
003fd89c   _OFFSET_setInitCond
003fd8ad   _OFFSET_setBeta
003fd8c3   _OFFSET_init
003fd922   _EST_Dir_setParams
003fd95c   _EST_Freq_setParams
003fd9b0   _EST_Flux_ab_setParams
003fd9cc   _EST_Iab_setParams
003fd9e5   _EST_Angle_setParams
003fd9fb   _EST_Vdq_setParams
003fda0d   _EST_OneOverDcBus_setParams
003fda1e   _EST_Idq_setParams
003fda3b   _EST_Flux_dq_setParams
003fda47   _EST_Vback_ab_setParams
003fda53   _EST_Vab_setParams
003fda5e   _EST_Vback_dq_setParams
003fda88   _log
003fdc5e   FD$$MPY
003fdce1   FS$$DIV
003fdd64   _pow
003fdde7   FS$$MPY
003fde82   _modf
003fdeb8   FS$$ADD
003fdf2b   FS$$CMP
003fdf7b   FD$$TOL
003fdfb7   FS$$TOFD
003ff2aa   __IQ24sqrt
003ff82b   __IQ24sinPU
003ff854   __IQ24cosPU
003ff8aa   UL$$TOFS
003ff8bd   U$$TOFS
003fff0e   FS$$TOI
003fff33   I$$TOFS
003fff4d   FS$$NEG
003fff7b   __IQ30toF
ffffffff   ___binit__
ffffffff   ___c_args__
ffffffff   ___pinit__
ffffffff   binit
ffffffff   pinit

[626 symbols]
